<!doctype html public "-//w3c//dtd html 4.0 transitional//en">
<html><head>
<title>Static Call Graph - [.\Objects\output.axf]</title></head>
<body><HR>
<H1>Static Call Graph for image .\Objects\output.axf</H1><HR>
<BR><P>#&#060CALLGRAPH&#062# ARM Linker, 6220000: Last Updated: Mon Aug 12 17:58:47 2024
<BR><P>
<H3>Maximum Stack Usage =       1004 bytes + Unknown(Functions without stacksize, Cycles, Untraceable Function Pointers)</H3><H3>
Call chain for Maximum Stack Depth:</H3>
_gx_display_driver_565rgb_png_draw &rArr; _gx_image_reader_start &rArr; _gx_image_reader_image_decode &rArr; _gx_image_reader_jpeg_decode &rArr; _gx_image_reader_jpeg_decode_blocks &rArr; _gx_image_reader_jpeg_one_block_decode &rArr; _gx_image_reader_jpeg_1d_idct
<P>
<H3>
Functions with no stack information
</H3><UL>
 <LI><a href="#[45f]">_tx_initialize_low_level</a>
 <LI><a href="#[149]">__tx_BadHandler</a>
 <LI><a href="#[14a]">__tx_HardfaultHandler</a>
 <LI><a href="#[14b]">__tx_SVCallHandler</a>
 <LI><a href="#[4a4]">__tx_IntHandler</a>
 <LI><a href="#[9]">SysTick_Handler</a>
 <LI><a href="#[4a5]">__tx_SysTickHandler</a>
 <LI><a href="#[14d]">__tx_NMIHandler</a>
 <LI><a href="#[14e]">__tx_DBGHandler</a>
 <LI><a href="#[461]">_tx_thread_schedule</a>
 <LI><a href="#[8]">PendSV_Handler</a>
 <LI><a href="#[4a6]">__tx_PendSVHandler</a>
 <LI><a href="#[4a7]">tx_thread_fpu_enable</a>
 <LI><a href="#[4a8]">tx_thread_fpu_disable</a>
 <LI><a href="#[467]">_tx_thread_stack_build</a>
 <LI><a href="#[14c]">_tx_timer_interrupt</a>
 <LI><a href="#[2]">HardFault_Handler</a>
</UL>
</UL>
<P>
<H3>
Mutually Recursive functions
</H3> <LI><a href="#[81]">ADC3_IRQHandler</a>&nbsp;&nbsp;&nbsp;&rArr;&nbsp;&nbsp;&nbsp;<a href="#[81]">ADC3_IRQHandler</a><BR>
 <LI><a href="#[4]">BusFault_Handler</a>&nbsp;&nbsp;&nbsp;&rArr;&nbsp;&nbsp;&nbsp;<a href="#[4]">BusFault_Handler</a><BR>
 <LI><a href="#[3]">MemManage_Handler</a>&nbsp;&nbsp;&nbsp;&rArr;&nbsp;&nbsp;&nbsp;<a href="#[3]">MemManage_Handler</a><BR>
 <LI><a href="#[5]">UsageFault_Handler</a>&nbsp;&nbsp;&nbsp;&rArr;&nbsp;&nbsp;&nbsp;<a href="#[5]">UsageFault_Handler</a><BR>
 <LI><a href="#[39c]">_gx_window_root_find</a>&nbsp;&nbsp;&nbsp;&rArr;&nbsp;&nbsp;&nbsp;<a href="#[39c]">_gx_window_root_find</a><BR>
 <LI><a href="#[37c]">_gx_system_view_split</a>&nbsp;&nbsp;&nbsp;&rArr;&nbsp;&nbsp;&nbsp;<a href="#[37a]">_gx_system_root_view_add</a><BR>
 <LI><a href="#[98]">AppTaskMsgPro</a>&nbsp;&nbsp;&nbsp;&rArr;&nbsp;&nbsp;&nbsp;<a href="#[98]">AppTaskMsgPro</a><BR>
 <LI><a href="#[487]">gx_studio_nested_widget_create</a>&nbsp;&nbsp;&nbsp;&rArr;&nbsp;&nbsp;&nbsp;<a href="#[487]">gx_studio_nested_widget_create</a><BR>
</UL>
<P>
<H3>
Function Pointers
</H3><UL>
 <LI><a href="#[81]">ADC3_IRQHandler</a> from startup_stm32h743xx.o(.text) referenced from startup_stm32h743xx.o(RESET)
 <LI><a href="#[1c]">ADC_IRQHandler</a> from startup_stm32h743xx.o(.text) referenced from startup_stm32h743xx.o(RESET)
 <LI><a href="#[9b]">AppTaskGUI</a> from main.o(.text.AppTaskGUI) referenced from main.o(.text.AppTaskStart)
 <LI><a href="#[141]">AppTaskIDLE</a> from main.o(.text.AppTaskIDLE) referenced from main.o(.text.tx_application_define)
 <LI><a href="#[98]">AppTaskMsgPro</a> from main.o(.text.AppTaskMsgPro) referenced from main.o(.text.AppTaskStart)
 <LI><a href="#[9c]">AppTaskNetXPro</a> from main.o(.text.AppTaskNetXPro) referenced from main.o(.text.AppTaskStart)
 <LI><a href="#[13f]">AppTaskStart</a> from main.o(.text.AppTaskStart) referenced from main.o(.text.tx_application_define)
 <LI><a href="#[140]">AppTaskStat</a> from main.o(.text.AppTaskStat) referenced from main.o(.text.tx_application_define)
 <LI><a href="#[9a]">AppTaskUserIF</a> from main.o(.text.AppTaskUserIF) referenced from main.o(.text.AppTaskStart)
 <LI><a href="#[9d]">App_Printf</a> from main.o(.text.App_Printf) referenced from main.o(.text.AppTaskUserIF)
 <LI><a href="#[83]">BDMA_Channel0_IRQHandler</a> from startup_stm32h743xx.o(.text) referenced from startup_stm32h743xx.o(RESET)
 <LI><a href="#[84]">BDMA_Channel1_IRQHandler</a> from startup_stm32h743xx.o(.text) referenced from startup_stm32h743xx.o(RESET)
 <LI><a href="#[85]">BDMA_Channel2_IRQHandler</a> from startup_stm32h743xx.o(.text) referenced from startup_stm32h743xx.o(RESET)
 <LI><a href="#[86]">BDMA_Channel3_IRQHandler</a> from startup_stm32h743xx.o(.text) referenced from startup_stm32h743xx.o(RESET)
 <LI><a href="#[87]">BDMA_Channel4_IRQHandler</a> from startup_stm32h743xx.o(.text) referenced from startup_stm32h743xx.o(RESET)
 <LI><a href="#[88]">BDMA_Channel5_IRQHandler</a> from startup_stm32h743xx.o(.text) referenced from startup_stm32h743xx.o(RESET)
 <LI><a href="#[89]">BDMA_Channel6_IRQHandler</a> from startup_stm32h743xx.o(.text) referenced from startup_stm32h743xx.o(RESET)
 <LI><a href="#[8a]">BDMA_Channel7_IRQHandler</a> from startup_stm32h743xx.o(.text) referenced from startup_stm32h743xx.o(RESET)
 <LI><a href="#[4]">BusFault_Handler</a> from stm32h7xx_it.o(.text.BusFault_Handler) referenced from startup_stm32h743xx.o(RESET)
 <LI><a href="#[62]">CEC_IRQHandler</a> from startup_stm32h743xx.o(.text) referenced from startup_stm32h743xx.o(RESET)
 <LI><a href="#[8b]">COMP1_IRQHandler</a> from startup_stm32h743xx.o(.text) referenced from startup_stm32h743xx.o(RESET)
 <LI><a href="#[91]">CRS_IRQHandler</a> from startup_stm32h743xx.o(.text) referenced from startup_stm32h743xx.o(RESET)
 <LI><a href="#[53]">DCMI_IRQHandler</a> from startup_stm32h743xx.o(.text) referenced from startup_stm32h743xx.o(RESET)
 <LI><a href="#[72]">DFSDM1_FLT0_IRQHandler</a> from startup_stm32h743xx.o(.text) referenced from startup_stm32h743xx.o(RESET)
 <LI><a href="#[73]">DFSDM1_FLT1_IRQHandler</a> from startup_stm32h743xx.o(.text) referenced from startup_stm32h743xx.o(RESET)
 <LI><a href="#[74]">DFSDM1_FLT2_IRQHandler</a> from startup_stm32h743xx.o(.text) referenced from startup_stm32h743xx.o(RESET)
 <LI><a href="#[75]">DFSDM1_FLT3_IRQHandler</a> from startup_stm32h743xx.o(.text) referenced from startup_stm32h743xx.o(RESET)
 <LI><a href="#[15]">DMA1_Stream0_IRQHandler</a> from startup_stm32h743xx.o(.text) referenced from startup_stm32h743xx.o(RESET)
 <LI><a href="#[16]">DMA1_Stream1_IRQHandler</a> from startup_stm32h743xx.o(.text) referenced from startup_stm32h743xx.o(RESET)
 <LI><a href="#[17]">DMA1_Stream2_IRQHandler</a> from startup_stm32h743xx.o(.text) referenced from startup_stm32h743xx.o(RESET)
 <LI><a href="#[18]">DMA1_Stream3_IRQHandler</a> from startup_stm32h743xx.o(.text) referenced from startup_stm32h743xx.o(RESET)
 <LI><a href="#[19]">DMA1_Stream4_IRQHandler</a> from startup_stm32h743xx.o(.text) referenced from startup_stm32h743xx.o(RESET)
 <LI><a href="#[1a]">DMA1_Stream5_IRQHandler</a> from startup_stm32h743xx.o(.text) referenced from startup_stm32h743xx.o(RESET)
 <LI><a href="#[1b]">DMA1_Stream6_IRQHandler</a> from startup_stm32h743xx.o(.text) referenced from startup_stm32h743xx.o(RESET)
 <LI><a href="#[38]">DMA1_Stream7_IRQHandler</a> from startup_stm32h743xx.o(.text) referenced from startup_stm32h743xx.o(RESET)
 <LI><a href="#[5e]">DMA2D_IRQHandler</a> from startup_stm32h743xx.o(.text) referenced from startup_stm32h743xx.o(RESET)
 <LI><a href="#[41]">DMA2_Stream0_IRQHandler</a> from startup_stm32h743xx.o(.text) referenced from startup_stm32h743xx.o(RESET)
 <LI><a href="#[42]">DMA2_Stream1_IRQHandler</a> from startup_stm32h743xx.o(.text) referenced from startup_stm32h743xx.o(RESET)
 <LI><a href="#[43]">DMA2_Stream2_IRQHandler</a> from startup_stm32h743xx.o(.text) referenced from startup_stm32h743xx.o(RESET)
 <LI><a href="#[44]">DMA2_Stream3_IRQHandler</a> from startup_stm32h743xx.o(.text) referenced from startup_stm32h743xx.o(RESET)
 <LI><a href="#[45]">DMA2_Stream4_IRQHandler</a> from startup_stm32h743xx.o(.text) referenced from startup_stm32h743xx.o(RESET)
 <LI><a href="#[49]">DMA2_Stream5_IRQHandler</a> from startup_stm32h743xx.o(.text) referenced from startup_stm32h743xx.o(RESET)
 <LI><a href="#[4a]">DMA2_Stream6_IRQHandler</a> from startup_stm32h743xx.o(.text) referenced from startup_stm32h743xx.o(RESET)
 <LI><a href="#[4b]">DMA2_Stream7_IRQHandler</a> from startup_stm32h743xx.o(.text) referenced from startup_stm32h743xx.o(RESET)
 <LI><a href="#[6a]">DMAMUX1_OVR_IRQHandler</a> from startup_stm32h743xx.o(.text) referenced from startup_stm32h743xx.o(RESET)
 <LI><a href="#[82]">DMAMUX2_OVR_IRQHandler</a> from startup_stm32h743xx.o(.text) referenced from startup_stm32h743xx.o(RESET)
 <LI><a href="#[7]">DebugMon_Handler</a> from stm32h7xx_it.o(.text.DebugMon_Handler) referenced from startup_stm32h743xx.o(RESET)
 <LI><a href="#[92]">ECC_IRQHandler</a> from startup_stm32h743xx.o(.text) referenced from startup_stm32h743xx.o(RESET)
 <LI><a href="#[46]">ETH_IRQHandler</a> from nx_stm32_eth_driver.o(.text.ETH_IRQHandler) referenced from startup_stm32h743xx.o(RESET)
 <LI><a href="#[47]">ETH_WKUP_IRQHandler</a> from startup_stm32h743xx.o(.text) referenced from startup_stm32h743xx.o(RESET)
 <LI><a href="#[10]">EXTI0_IRQHandler</a> from startup_stm32h743xx.o(.text) referenced from startup_stm32h743xx.o(RESET)
 <LI><a href="#[32]">EXTI15_10_IRQHandler</a> from startup_stm32h743xx.o(.text) referenced from startup_stm32h743xx.o(RESET)
 <LI><a href="#[11]">EXTI1_IRQHandler</a> from startup_stm32h743xx.o(.text) referenced from startup_stm32h743xx.o(RESET)
 <LI><a href="#[12]">EXTI2_IRQHandler</a> from startup_stm32h743xx.o(.text) referenced from startup_stm32h743xx.o(RESET)
 <LI><a href="#[13]">EXTI3_IRQHandler</a> from startup_stm32h743xx.o(.text) referenced from startup_stm32h743xx.o(RESET)
 <LI><a href="#[14]">EXTI4_IRQHandler</a> from startup_stm32h743xx.o(.text) referenced from startup_stm32h743xx.o(RESET)
 <LI><a href="#[21]">EXTI9_5_IRQHandler</a> from startup_stm32h743xx.o(.text) referenced from startup_stm32h743xx.o(RESET)
 <LI><a href="#[1d]">FDCAN1_IT0_IRQHandler</a> from startup_stm32h743xx.o(.text) referenced from startup_stm32h743xx.o(RESET)
 <LI><a href="#[1f]">FDCAN1_IT1_IRQHandler</a> from startup_stm32h743xx.o(.text) referenced from startup_stm32h743xx.o(RESET)
 <LI><a href="#[1e]">FDCAN2_IT0_IRQHandler</a> from startup_stm32h743xx.o(.text) referenced from startup_stm32h743xx.o(RESET)
 <LI><a href="#[20]">FDCAN2_IT1_IRQHandler</a> from startup_stm32h743xx.o(.text) referenced from startup_stm32h743xx.o(RESET)
 <LI><a href="#[48]">FDCAN_CAL_IRQHandler</a> from startup_stm32h743xx.o(.text) referenced from startup_stm32h743xx.o(RESET)
 <LI><a href="#[e]">FLASH_IRQHandler</a> from startup_stm32h743xx.o(.text) referenced from startup_stm32h743xx.o(RESET)
 <LI><a href="#[39]">FMC_IRQHandler</a> from startup_stm32h743xx.o(.text) referenced from startup_stm32h743xx.o(RESET)
 <LI><a href="#[55]">FPU_IRQHandler</a> from startup_stm32h743xx.o(.text) referenced from startup_stm32h743xx.o(RESET)
 <LI><a href="#[9e]">HAL_GPIO_Init</a> from stm32h7xx_hal_gpio.o(.text.HAL_GPIO_Init) referenced from lan8720a.o(.text.ETH_GPIO_Config)
 <LI><a href="#[9e]">HAL_GPIO_Init</a> from stm32h7xx_hal_gpio.o(.text.HAL_GPIO_Init) referenced from bsp_led.o(.text.bsp_InitLed)
 <LI><a href="#[9e]">HAL_GPIO_Init</a> from stm32h7xx_hal_gpio.o(.text.HAL_GPIO_Init) referenced from bsp_uart_fifo.o(.text.bsp_InitUart)
 <LI><a href="#[9e]">HAL_GPIO_Init</a> from stm32h7xx_hal_gpio.o(.text.HAL_GPIO_Init) referenced from gx_display_driver_stm32h7_565rgb.o(.text.stm32h7_graphics_driver_setup_565rgb)
 <LI><a href="#[a5]">HAL_MPU_ConfigRegion</a> from stm32h7xx_hal_cortex.o(.text.HAL_MPU_ConfigRegion) referenced from bsp.o(.text.System_init)
 <LI><a href="#[130]">HAL_SDRAM_SendCommand</a> from stm32h7xx_hal_sdram.o(.text.HAL_SDRAM_SendCommand) referenced from bsp_fmc_sdram.o(.text.bsp_InitExtSDRAM)
 <LI><a href="#[71]">HRTIM1_FLT_IRQHandler</a> from startup_stm32h743xx.o(.text) referenced from startup_stm32h743xx.o(RESET)
 <LI><a href="#[6b]">HRTIM1_Master_IRQHandler</a> from startup_stm32h743xx.o(.text) referenced from startup_stm32h743xx.o(RESET)
 <LI><a href="#[6c]">HRTIM1_TIMA_IRQHandler</a> from startup_stm32h743xx.o(.text) referenced from startup_stm32h743xx.o(RESET)
 <LI><a href="#[6d]">HRTIM1_TIMB_IRQHandler</a> from startup_stm32h743xx.o(.text) referenced from startup_stm32h743xx.o(RESET)
 <LI><a href="#[6e]">HRTIM1_TIMC_IRQHandler</a> from startup_stm32h743xx.o(.text) referenced from startup_stm32h743xx.o(RESET)
 <LI><a href="#[6f]">HRTIM1_TIMD_IRQHandler</a> from startup_stm32h743xx.o(.text) referenced from startup_stm32h743xx.o(RESET)
 <LI><a href="#[70]">HRTIM1_TIME_IRQHandler</a> from startup_stm32h743xx.o(.text) referenced from startup_stm32h743xx.o(RESET)
 <LI><a href="#[80]">HSEM1_IRQHandler</a> from startup_stm32h743xx.o(.text) referenced from startup_stm32h743xx.o(RESET)
 <LI><a href="#[2]">HardFault_Handler</a> from hardfaulthandler.o(OSKERNEL) referenced from startup_stm32h743xx.o(RESET)
 <LI><a href="#[2a]">I2C1_ER_IRQHandler</a> from startup_stm32h743xx.o(.text) referenced from startup_stm32h743xx.o(RESET)
 <LI><a href="#[29]">I2C1_EV_IRQHandler</a> from startup_stm32h743xx.o(.text) referenced from startup_stm32h743xx.o(RESET)
 <LI><a href="#[2c]">I2C2_ER_IRQHandler</a> from startup_stm32h743xx.o(.text) referenced from startup_stm32h743xx.o(RESET)
 <LI><a href="#[2b]">I2C2_EV_IRQHandler</a> from startup_stm32h743xx.o(.text) referenced from startup_stm32h743xx.o(RESET)
 <LI><a href="#[4e]">I2C3_ER_IRQHandler</a> from startup_stm32h743xx.o(.text) referenced from startup_stm32h743xx.o(RESET)
 <LI><a href="#[4d]">I2C3_EV_IRQHandler</a> from startup_stm32h743xx.o(.text) referenced from startup_stm32h743xx.o(RESET)
 <LI><a href="#[64]">I2C4_ER_IRQHandler</a> from startup_stm32h743xx.o(.text) referenced from startup_stm32h743xx.o(RESET)
 <LI><a href="#[63]">I2C4_EV_IRQHandler</a> from startup_stm32h743xx.o(.text) referenced from startup_stm32h743xx.o(RESET)
 <LI><a href="#[7d]">JPEG_IRQHandler</a> from startup_stm32h743xx.o(.text) referenced from startup_stm32h743xx.o(RESET)
 <LI><a href="#[61]">LPTIM1_IRQHandler</a> from startup_stm32h743xx.o(.text) referenced from startup_stm32h743xx.o(RESET)
 <LI><a href="#[8c]">LPTIM2_IRQHandler</a> from startup_stm32h743xx.o(.text) referenced from startup_stm32h743xx.o(RESET)
 <LI><a href="#[8d]">LPTIM3_IRQHandler</a> from startup_stm32h743xx.o(.text) referenced from startup_stm32h743xx.o(RESET)
 <LI><a href="#[8e]">LPTIM4_IRQHandler</a> from startup_stm32h743xx.o(.text) referenced from startup_stm32h743xx.o(RESET)
 <LI><a href="#[8f]">LPTIM5_IRQHandler</a> from startup_stm32h743xx.o(.text) referenced from startup_stm32h743xx.o(RESET)
 <LI><a href="#[90]">LPUART1_IRQHandler</a> from startup_stm32h743xx.o(.text) referenced from startup_stm32h743xx.o(RESET)
 <LI><a href="#[5d]">LTDC_ER_IRQHandler</a> from startup_stm32h743xx.o(.text) referenced from startup_stm32h743xx.o(RESET)
 <LI><a href="#[5c]">LTDC_IRQHandler</a> from bsp_tft_h7.o(.text.LTDC_IRQHandler) referenced from startup_stm32h743xx.o(RESET)
 <LI><a href="#[7c]">MDIOS_IRQHandler</a> from startup_stm32h743xx.o(.text) referenced from startup_stm32h743xx.o(RESET)
 <LI><a href="#[7b]">MDIOS_WKUP_IRQHandler</a> from startup_stm32h743xx.o(.text) referenced from startup_stm32h743xx.o(RESET)
 <LI><a href="#[7e]">MDMA_IRQHandler</a> from startup_stm32h743xx.o(.text) referenced from startup_stm32h743xx.o(RESET)
 <LI><a href="#[3]">MemManage_Handler</a> from stm32h7xx_it.o(.text.MemManage_Handler) referenced from startup_stm32h743xx.o(RESET)
 <LI><a href="#[1]">NMI_Handler</a> from stm32h7xx_it.o(.text.NMI_Handler) referenced from startup_stm32h743xx.o(RESET)
 <LI><a href="#[67]">OTG_FS_EP1_IN_IRQHandler</a> from startup_stm32h743xx.o(.text) referenced from startup_stm32h743xx.o(RESET)
 <LI><a href="#[66]">OTG_FS_EP1_OUT_IRQHandler</a> from startup_stm32h743xx.o(.text) referenced from startup_stm32h743xx.o(RESET)
 <LI><a href="#[69]">OTG_FS_IRQHandler</a> from startup_stm32h743xx.o(.text) referenced from startup_stm32h743xx.o(RESET)
 <LI><a href="#[68]">OTG_FS_WKUP_IRQHandler</a> from startup_stm32h743xx.o(.text) referenced from startup_stm32h743xx.o(RESET)
 <LI><a href="#[50]">OTG_HS_EP1_IN_IRQHandler</a> from startup_stm32h743xx.o(.text) referenced from startup_stm32h743xx.o(RESET)
 <LI><a href="#[4f]">OTG_HS_EP1_OUT_IRQHandler</a> from startup_stm32h743xx.o(.text) referenced from startup_stm32h743xx.o(RESET)
 <LI><a href="#[52]">OTG_HS_IRQHandler</a> from startup_stm32h743xx.o(.text) referenced from startup_stm32h743xx.o(RESET)
 <LI><a href="#[51]">OTG_HS_WKUP_IRQHandler</a> from startup_stm32h743xx.o(.text) referenced from startup_stm32h743xx.o(RESET)
 <LI><a href="#[b]">PVD_AVD_IRQHandler</a> from startup_stm32h743xx.o(.text) referenced from startup_stm32h743xx.o(RESET)
 <LI><a href="#[8]">PendSV_Handler</a> from tx_thread_schedule.o(.text) referenced from startup_stm32h743xx.o(RESET)
 <LI><a href="#[60]">QUADSPI_IRQHandler</a> from startup_stm32h743xx.o(.text) referenced from startup_stm32h743xx.o(RESET)
 <LI><a href="#[f]">RCC_IRQHandler</a> from startup_stm32h743xx.o(.text) referenced from startup_stm32h743xx.o(RESET)
 <LI><a href="#[54]">RNG_IRQHandler</a> from startup_stm32h743xx.o(.text) referenced from startup_stm32h743xx.o(RESET)
 <LI><a href="#[132]">RS485_ReciveNew</a> from bsp_uart_fifo.o(.text.RS485_ReciveNew) referenced from bsp_uart_fifo.o(.text.bsp_InitUart)
 <LI><a href="#[134]">RS485_SendBefor</a> from bsp_uart_fifo.o(.text.RS485_SendBefor) referenced from bsp_uart_fifo.o(.text.bsp_InitUart)
 <LI><a href="#[133]">RS485_SendOver</a> from bsp_uart_fifo.o(.text.RS485_SendOver) referenced from bsp_uart_fifo.o(.text.bsp_InitUart)
 <LI><a href="#[33]">RTC_Alarm_IRQHandler</a> from startup_stm32h743xx.o(.text) referenced from startup_stm32h743xx.o(RESET)
 <LI><a href="#[d]">RTC_WKUP_IRQHandler</a> from startup_stm32h743xx.o(.text) referenced from startup_stm32h743xx.o(RESET)
 <LI><a href="#[0]">Reset_Handler</a> from startup_stm32h743xx.o(.text) referenced from startup_stm32h743xx.o(RESET)
 <LI><a href="#[5b]">SAI1_IRQHandler</a> from startup_stm32h743xx.o(.text) referenced from startup_stm32h743xx.o(RESET)
 <LI><a href="#[5f]">SAI2_IRQHandler</a> from startup_stm32h743xx.o(.text) referenced from startup_stm32h743xx.o(RESET)
 <LI><a href="#[76]">SAI3_IRQHandler</a> from startup_stm32h743xx.o(.text) referenced from startup_stm32h743xx.o(RESET)
 <LI><a href="#[93]">SAI4_IRQHandler</a> from startup_stm32h743xx.o(.text) referenced from startup_stm32h743xx.o(RESET)
 <LI><a href="#[3a]">SDMMC1_IRQHandler</a> from startup_stm32h743xx.o(.text) referenced from startup_stm32h743xx.o(RESET)
 <LI><a href="#[7f]">SDMMC2_IRQHandler</a> from startup_stm32h743xx.o(.text) referenced from startup_stm32h743xx.o(RESET)
 <LI><a href="#[65]">SPDIF_RX_IRQHandler</a> from startup_stm32h743xx.o(.text) referenced from startup_stm32h743xx.o(RESET)
 <LI><a href="#[2d]">SPI1_IRQHandler</a> from startup_stm32h743xx.o(.text) referenced from startup_stm32h743xx.o(RESET)
 <LI><a href="#[2e]">SPI2_IRQHandler</a> from startup_stm32h743xx.o(.text) referenced from startup_stm32h743xx.o(RESET)
 <LI><a href="#[3c]">SPI3_IRQHandler</a> from startup_stm32h743xx.o(.text) referenced from startup_stm32h743xx.o(RESET)
 <LI><a href="#[58]">SPI4_IRQHandler</a> from startup_stm32h743xx.o(.text) referenced from startup_stm32h743xx.o(RESET)
 <LI><a href="#[59]">SPI5_IRQHandler</a> from startup_stm32h743xx.o(.text) referenced from startup_stm32h743xx.o(RESET)
 <LI><a href="#[5a]">SPI6_IRQHandler</a> from startup_stm32h743xx.o(.text) referenced from startup_stm32h743xx.o(RESET)
 <LI><a href="#[a4]">STMPE811_WriteReg1</a> from bsp_ts_stmpe811.o(.text.STMPE811_WriteReg1) referenced from bsp_ts_stmpe811.o(.text.STMPE811_InitHard)
 <LI><a href="#[6]">SVC_Handler</a> from stm32h7xx_it.o(.text.SVC_Handler) referenced from startup_stm32h743xx.o(RESET)
 <LI><a href="#[77]">SWPMI1_IRQHandler</a> from startup_stm32h743xx.o(.text) referenced from startup_stm32h743xx.o(RESET)
 <LI><a href="#[9]">SysTick_Handler</a> from tx_initialize_low_level.o(.text) referenced from startup_stm32h743xx.o(RESET)
 <LI><a href="#[96]">SystemInit</a> from system_stm32h7xx.o(.text.SystemInit) referenced from startup_stm32h743xx.o(.text)
 <LI><a href="#[c]">TAMP_STAMP_IRQHandler</a> from startup_stm32h743xx.o(.text) referenced from startup_stm32h743xx.o(RESET)
 <LI><a href="#[78]">TIM15_IRQHandler</a> from startup_stm32h743xx.o(.text) referenced from startup_stm32h743xx.o(RESET)
 <LI><a href="#[79]">TIM16_IRQHandler</a> from startup_stm32h743xx.o(.text) referenced from startup_stm32h743xx.o(RESET)
 <LI><a href="#[7a]">TIM17_IRQHandler</a> from startup_stm32h743xx.o(.text) referenced from startup_stm32h743xx.o(RESET)
 <LI><a href="#[22]">TIM1_BRK_IRQHandler</a> from startup_stm32h743xx.o(.text) referenced from startup_stm32h743xx.o(RESET)
 <LI><a href="#[25]">TIM1_CC_IRQHandler</a> from startup_stm32h743xx.o(.text) referenced from startup_stm32h743xx.o(RESET)
 <LI><a href="#[24]">TIM1_TRG_COM_IRQHandler</a> from startup_stm32h743xx.o(.text) referenced from startup_stm32h743xx.o(RESET)
 <LI><a href="#[23]">TIM1_UP_IRQHandler</a> from startup_stm32h743xx.o(.text) referenced from startup_stm32h743xx.o(RESET)
 <LI><a href="#[26]">TIM2_IRQHandler</a> from startup_stm32h743xx.o(.text) referenced from startup_stm32h743xx.o(RESET)
 <LI><a href="#[27]">TIM3_IRQHandler</a> from startup_stm32h743xx.o(.text) referenced from startup_stm32h743xx.o(RESET)
 <LI><a href="#[28]">TIM4_IRQHandler</a> from startup_stm32h743xx.o(.text) referenced from startup_stm32h743xx.o(RESET)
 <LI><a href="#[3b]">TIM5_IRQHandler</a> from startup_stm32h743xx.o(.text) referenced from startup_stm32h743xx.o(RESET)
 <LI><a href="#[3f]">TIM6_DAC_IRQHandler</a> from startup_stm32h743xx.o(.text) referenced from startup_stm32h743xx.o(RESET)
 <LI><a href="#[40]">TIM7_IRQHandler</a> from startup_stm32h743xx.o(.text) referenced from startup_stm32h743xx.o(RESET)
 <LI><a href="#[34]">TIM8_BRK_TIM12_IRQHandler</a> from startup_stm32h743xx.o(.text) referenced from startup_stm32h743xx.o(RESET)
 <LI><a href="#[37]">TIM8_CC_IRQHandler</a> from startup_stm32h743xx.o(.text) referenced from startup_stm32h743xx.o(RESET)
 <LI><a href="#[36]">TIM8_TRG_COM_TIM14_IRQHandler</a> from startup_stm32h743xx.o(.text) referenced from startup_stm32h743xx.o(RESET)
 <LI><a href="#[35]">TIM8_UP_TIM13_IRQHandler</a> from startup_stm32h743xx.o(.text) referenced from startup_stm32h743xx.o(RESET)
 <LI><a href="#[3d]">UART4_IRQHandler</a> from startup_stm32h743xx.o(.text) referenced from startup_stm32h743xx.o(RESET)
 <LI><a href="#[3e]">UART5_IRQHandler</a> from startup_stm32h743xx.o(.text) referenced from startup_stm32h743xx.o(RESET)
 <LI><a href="#[56]">UART7_IRQHandler</a> from startup_stm32h743xx.o(.text) referenced from startup_stm32h743xx.o(RESET)
 <LI><a href="#[57]">UART8_IRQHandler</a> from startup_stm32h743xx.o(.text) referenced from startup_stm32h743xx.o(RESET)
 <LI><a href="#[2f]">USART1_IRQHandler</a> from bsp_uart_fifo.o(.text.USART1_IRQHandler) referenced from startup_stm32h743xx.o(RESET)
 <LI><a href="#[30]">USART2_IRQHandler</a> from startup_stm32h743xx.o(.text) referenced from startup_stm32h743xx.o(RESET)
 <LI><a href="#[31]">USART3_IRQHandler</a> from bsp_uart_fifo.o(.text.USART3_IRQHandler) referenced from startup_stm32h743xx.o(RESET)
 <LI><a href="#[4c]">USART6_IRQHandler</a> from startup_stm32h743xx.o(.text) referenced from startup_stm32h743xx.o(RESET)
 <LI><a href="#[5]">UsageFault_Handler</a> from stm32h7xx_it.o(.text.UsageFault_Handler) referenced from startup_stm32h743xx.o(RESET)
 <LI><a href="#[94]">WAKEUP_PIN_IRQHandler</a> from startup_stm32h743xx.o(.text) referenced from startup_stm32h743xx.o(RESET)
 <LI><a href="#[a]">WWDG_IRQHandler</a> from startup_stm32h743xx.o(.text) referenced from startup_stm32h743xx.o(RESET)
 <LI><a href="#[97]">__main</a> from entry.o(.ARM.Collect$$$$00000000) referenced from startup_stm32h743xx.o(.text)
 <LI><a href="#[a7]">_gx_button_deselect</a> from gx_button_deselect.o(.text._gx_button_deselect) referenced from gx_button_create.o(.text._gx_button_create)
 <LI><a href="#[a9]">_gx_button_draw</a> from gx_button_draw.o(.text._gx_button_draw) referenced from gx_button_create.o(.text._gx_button_create)
 <LI><a href="#[aa]">_gx_button_event_process</a> from gx_button_event_process.o(.text._gx_button_event_process) referenced from gx_button_create.o(.text._gx_button_create)
 <LI><a href="#[a8]">_gx_button_select</a> from gx_button_select.o(.text._gx_button_select) referenced from gx_button_create.o(.text._gx_button_create)
 <LI><a href="#[ab]">_gx_canvas_line_draw</a> from gx_canvas_line_draw.o(.text._gx_canvas_line_draw) referenced from gx_canvas_rectangle_draw.o(.text._gx_canvas_rectangle_draw)
 <LI><a href="#[ab]">_gx_canvas_line_draw</a> from gx_canvas_line_draw.o(.text._gx_canvas_line_draw) referenced from gx_widget_border_draw.o(.text._gx_widget_border_draw)
 <LI><a href="#[106]">_gx_canvas_pixel_draw</a> from gx_canvas_pixel_draw.o(.text._gx_canvas_pixel_draw) referenced from gx_widget_border_draw.o(.text._gx_widget_border_draw)
 <LI><a href="#[ac]">_gx_canvas_rectangle_fill</a> from gx_canvas_rectangle_draw.o(.text._gx_canvas_rectangle_fill) referenced from gx_canvas_rectangle_draw.o(.text._gx_canvas_rectangle_draw)
 <LI><a href="#[b5]">_gx_display_driver_16bpp_block_move</a> from gx_display_driver_16bpp_block_move.o(.text._gx_display_driver_16bpp_block_move) referenced from gx_display_driver_565rgb_setup.o(.text._gx_display_driver_565rgb_setup)
 <LI><a href="#[ae]">_gx_display_driver_16bpp_canvas_copy</a> from gx_display_driver_16bpp_canvas_copy.o(.text._gx_display_driver_16bpp_canvas_copy) referenced from gx_display_driver_565rgb_setup.o(.text._gx_display_driver_565rgb_setup)
 <LI><a href="#[d6]">_gx_display_driver_16bpp_glyph_1bit_draw</a> from gx_display_driver_565rgb_glyph_1bit_draw.o(.text._gx_display_driver_16bpp_glyph_1bit_draw) referenced from gx_display_driver_565rgb_setup.o(.text._gx_display_driver_565rgb_setup)
 <LI><a href="#[b1]">_gx_display_driver_16bpp_horizontal_line_draw</a> from gx_display_driver_16bpp_horizontal_line_draw.o(.text._gx_display_driver_16bpp_horizontal_line_draw) referenced from gx_display_driver_565rgb_setup.o(.text._gx_display_driver_565rgb_setup)
 <LI><a href="#[af]">_gx_display_driver_16bpp_horizontal_pattern_line_draw</a> from gx_display_driver_16bpp_horizontal_pattern_line_draw.o(.text._gx_display_driver_16bpp_horizontal_pattern_line_draw) referenced from gx_display_driver_565rgb_setup.o(.text._gx_display_driver_565rgb_setup)
 <LI><a href="#[b6]">_gx_display_driver_16bpp_pixel_write</a> from gx_display_driver_16bpp_pixel_write.o(.text._gx_display_driver_16bpp_pixel_write) referenced from gx_display_driver_565rgb_setup.o(.text._gx_display_driver_565rgb_setup)
 <LI><a href="#[b9]">_gx_display_driver_16bpp_pixelmap_rotate</a> from gx_display_driver_16bpp_pixelmap_rotate.o(.text._gx_display_driver_16bpp_pixelmap_rotate) referenced from gx_display_driver_565rgb_setup.o(.text._gx_display_driver_565rgb_setup)
 <LI><a href="#[b3]">_gx_display_driver_16bpp_row_pitch_get</a> from gx_display_driver_16bpp_row_pitch_get.o(.text._gx_display_driver_16bpp_row_pitch_get) referenced from gx_display_driver_565rgb_setup.o(.text._gx_display_driver_565rgb_setup)
 <LI><a href="#[b2]">_gx_display_driver_16bpp_simple_line_draw</a> from gx_display_driver_16bpp_simple_line_draw.o(.text._gx_display_driver_16bpp_simple_line_draw) referenced from gx_display_driver_565rgb_setup.o(.text._gx_display_driver_565rgb_setup)
 <LI><a href="#[b0]">_gx_display_driver_16bpp_vertical_line_draw</a> from gx_display_driver_16bpp_vertical_line_draw.o(.text._gx_display_driver_16bpp_vertical_line_draw) referenced from gx_display_driver_565rgb_setup.o(.text._gx_display_driver_565rgb_setup)
 <LI><a href="#[b7]">_gx_display_driver_16bpp_vertical_pattern_line_draw</a> from gx_display_driver_16bpp_vertical_pattern_line_draw.o(.text._gx_display_driver_16bpp_vertical_pattern_line_draw) referenced from gx_display_driver_565rgb_setup.o(.text._gx_display_driver_565rgb_setup)
 <LI><a href="#[d1]">_gx_display_driver_565rgb_canvas_blend</a> from gx_display_driver_565rgb_canvas_blend.o(.text._gx_display_driver_565rgb_canvas_blend) referenced from gx_display_driver_565rgb_setup.o(.text._gx_display_driver_565rgb_setup)
 <LI><a href="#[b8]">_gx_display_driver_565rgb_horizontal_pixelmap_line_draw</a> from gx_display_driver_565rgb_horizontal_pixelmap_line_draw.o(.text._gx_display_driver_565rgb_horizontal_pixelmap_line_draw) referenced from gx_display_driver_565rgb_setup.o(.text._gx_display_driver_565rgb_setup)
 <LI><a href="#[d7]">_gx_display_driver_565rgb_jpeg_draw</a> from gx_display_driver_565rgb_jpeg_draw.o(.text._gx_display_driver_565rgb_jpeg_draw) referenced from gx_display_driver_565rgb_setup.o(.text._gx_display_driver_565rgb_setup)
 <LI><a href="#[ad]">_gx_display_driver_565rgb_mcu_draw</a> from gx_display_driver_565rgb_jpeg_draw.o(.text._gx_display_driver_565rgb_mcu_draw) referenced from gx_display_driver_565rgb_jpeg_draw.o(.text._gx_display_driver_565rgb_jpeg_draw)
 <LI><a href="#[b4]">_gx_display_driver_565rgb_native_color_get</a> from gx_display_driver_565rgb_native_color_get.o(.text._gx_display_driver_565rgb_native_color_get) referenced from gx_display_driver_565rgb_setup.o(.text._gx_display_driver_565rgb_setup)
 <LI><a href="#[d2]">_gx_display_driver_565rgb_pixel_blend</a> from gx_display_driver_565rgb_pixel_blend.o(.text._gx_display_driver_565rgb_pixel_blend) referenced from gx_display_driver_565rgb_setup.o(.text._gx_display_driver_565rgb_setup)
 <LI><a href="#[d3]">_gx_display_driver_565rgb_pixelmap_blend</a> from gx_display_driver_16bpp_pixelmap_blend.o(.text._gx_display_driver_565rgb_pixelmap_blend) referenced from gx_display_driver_565rgb_setup.o(.text._gx_display_driver_565rgb_setup)
 <LI><a href="#[ba]">_gx_display_driver_565rgb_pixelmap_draw</a> from gx_display_driver_16bpp_pixelmap_draw.o(.text._gx_display_driver_565rgb_pixelmap_draw) referenced from gx_display_driver_565rgb_setup.o(.text._gx_display_driver_565rgb_setup)
 <LI><a href="#[d8]">_gx_display_driver_565rgb_png_draw</a> from gx_display_driver_565rgb_png_draw.o(.text._gx_display_driver_565rgb_png_draw) referenced from gx_display_driver_565rgb_setup.o(.text._gx_display_driver_565rgb_setup)
 <LI><a href="#[c6]">_gx_display_driver_generic_aliased_arc_draw</a> from gx_display_driver_generic_aliased_arc_draw.o(.text._gx_display_driver_generic_aliased_arc_draw) referenced from gx_display_driver_565rgb_setup.o(.text._gx_display_driver_565rgb_setup)
 <LI><a href="#[c1]">_gx_display_driver_generic_aliased_circle_draw</a> from gx_display_driver_generic_aliased_circle_draw.o(.text._gx_display_driver_generic_aliased_circle_draw) referenced from gx_display_driver_565rgb_setup.o(.text._gx_display_driver_565rgb_setup)
 <LI><a href="#[c2]">_gx_display_driver_generic_aliased_ellipse_draw</a> from gx_display_driver_generic_aliased_ellipse_draw.o(.text._gx_display_driver_generic_aliased_ellipse_draw) referenced from gx_display_driver_565rgb_setup.o(.text._gx_display_driver_565rgb_setup)
 <LI><a href="#[db]">_gx_display_driver_generic_aliased_fixed_point_line_draw</a> from gx_display_driver_generic_aliased_fixed_point_line_draw.o(.text._gx_display_driver_generic_aliased_fixed_point_line_draw) referenced from gx_display_driver_generic_wide_line_points_calculate.o(.text._gx_display_driver_generic_wide_line_points_calculate)
 <LI><a href="#[bf]">_gx_display_driver_generic_aliased_line_draw</a> from gx_display_driver_generic_aliased_line_draw.o(.text._gx_display_driver_generic_aliased_line_draw) referenced from gx_display_driver_565rgb_setup.o(.text._gx_display_driver_565rgb_setup)
 <LI><a href="#[ce]">_gx_display_driver_generic_aliased_wide_arc_draw</a> from gx_display_driver_generic_aliased_wide_arc_draw.o(.text._gx_display_driver_generic_aliased_wide_arc_draw) referenced from gx_display_driver_565rgb_setup.o(.text._gx_display_driver_565rgb_setup)
 <LI><a href="#[cb]">_gx_display_driver_generic_aliased_wide_circle_draw</a> from gx_display_driver_generic_aliased_wide_circle_draw.o(.text._gx_display_driver_generic_aliased_wide_circle_draw) referenced from gx_display_driver_565rgb_setup.o(.text._gx_display_driver_565rgb_setup)
 <LI><a href="#[cc]">_gx_display_driver_generic_aliased_wide_ellipse_draw</a> from gx_display_driver_generic_aliased_wide_ellipse_draw.o(.text._gx_display_driver_generic_aliased_wide_ellipse_draw) referenced from gx_display_driver_565rgb_setup.o(.text._gx_display_driver_565rgb_setup)
 <LI><a href="#[c0]">_gx_display_driver_generic_aliased_wide_line_draw</a> from gx_display_driver_generic_aliased_wide_line_draw.o(.text._gx_display_driver_generic_aliased_wide_line_draw) referenced from gx_display_driver_565rgb_setup.o(.text._gx_display_driver_565rgb_setup)
 <LI><a href="#[bc]">_gx_display_driver_generic_alphamap_draw</a> from gx_display_driver_generic_alphamap_draw.o(.text._gx_display_driver_generic_alphamap_draw) referenced from gx_display_driver_565rgb_setup.o(.text._gx_display_driver_565rgb_setup)
 <LI><a href="#[c7]">_gx_display_driver_generic_arc_draw</a> from gx_display_driver_generic_arc_draw.o(.text._gx_display_driver_generic_arc_draw) referenced from gx_display_driver_565rgb_setup.o(.text._gx_display_driver_565rgb_setup)
 <LI><a href="#[c8]">_gx_display_driver_generic_arc_fill</a> from gx_display_driver_generic_arc_fill.o(.text._gx_display_driver_generic_arc_fill) referenced from gx_display_driver_565rgb_setup.o(.text._gx_display_driver_565rgb_setup)
 <LI><a href="#[c3]">_gx_display_driver_generic_circle_draw</a> from gx_display_driver_generic_circle_draw.o(.text._gx_display_driver_generic_circle_draw) referenced from gx_display_driver_565rgb_setup.o(.text._gx_display_driver_565rgb_setup)
 <LI><a href="#[c4]">_gx_display_driver_generic_circle_fill</a> from gx_display_driver_generic_circle_fill.o(.text._gx_display_driver_generic_circle_fill) referenced from gx_display_driver_565rgb_setup.o(.text._gx_display_driver_565rgb_setup)
 <LI><a href="#[c9]">_gx_display_driver_generic_ellipse_draw</a> from gx_display_driver_generic_ellipse_draw.o(.text._gx_display_driver_generic_ellipse_draw) referenced from gx_display_driver_565rgb_setup.o(.text._gx_display_driver_565rgb_setup)
 <LI><a href="#[ca]">_gx_display_driver_generic_ellipse_fill</a> from gx_display_driver_generic_ellipse_fill.o(.text._gx_display_driver_generic_ellipse_fill) referenced from gx_display_driver_565rgb_setup.o(.text._gx_display_driver_565rgb_setup)
 <LI><a href="#[d5]">_gx_display_driver_generic_glyph_4bit_draw</a> from gx_display_driver_generic_glyph_4bpp_draw.o(.text._gx_display_driver_generic_glyph_4bit_draw) referenced from gx_display_driver_565rgb_setup.o(.text._gx_display_driver_565rgb_setup)
 <LI><a href="#[d4]">_gx_display_driver_generic_glyph_8bit_draw</a> from gx_display_driver_generic_glyph_8bpp_draw.o(.text._gx_display_driver_generic_glyph_8bit_draw) referenced from gx_display_driver_565rgb_setup.o(.text._gx_display_driver_565rgb_setup)
 <LI><a href="#[c5]">_gx_display_driver_generic_pie_fill</a> from gx_display_driver_generic_pie_fill.o(.text._gx_display_driver_generic_pie_fill) referenced from gx_display_driver_565rgb_setup.o(.text._gx_display_driver_565rgb_setup)
 <LI><a href="#[bd]">_gx_display_driver_generic_polygon_draw</a> from gx_display_driver_generic_polygon_draw.o(.text._gx_display_driver_generic_polygon_draw) referenced from gx_display_driver_565rgb_setup.o(.text._gx_display_driver_565rgb_setup)
 <LI><a href="#[be]">_gx_display_driver_generic_polygon_fill</a> from gx_display_driver_generic_polygon_fill.o(.text._gx_display_driver_generic_polygon_fill) referenced from gx_display_driver_565rgb_setup.o(.text._gx_display_driver_565rgb_setup)
 <LI><a href="#[bb]">_gx_display_driver_generic_simple_wide_line_draw</a> from gx_display_driver_generic_simple_wide_line_draw.o(.text._gx_display_driver_generic_simple_wide_line_draw) referenced from gx_display_driver_565rgb_setup.o(.text._gx_display_driver_565rgb_setup)
 <LI><a href="#[d0]">_gx_display_driver_generic_wide_arc_draw</a> from gx_display_driver_generic_wide_arc_draw.o(.text._gx_display_driver_generic_wide_arc_draw) referenced from gx_display_driver_565rgb_setup.o(.text._gx_display_driver_565rgb_setup)
 <LI><a href="#[cd]">_gx_display_driver_generic_wide_circle_draw</a> from gx_display_driver_generic_wide_circle_draw.o(.text._gx_display_driver_generic_wide_circle_draw) referenced from gx_display_driver_565rgb_setup.o(.text._gx_display_driver_565rgb_setup)
 <LI><a href="#[cf]">_gx_display_driver_generic_wide_ellipse_draw</a> from gx_display_driver_generic_wide_ellipse_draw.o(.text._gx_display_driver_generic_wide_ellipse_draw) referenced from gx_display_driver_565rgb_setup.o(.text._gx_display_driver_565rgb_setup)
 <LI><a href="#[e5]">_gx_image_reader_1555xrgb_pixel_read</a> from gx_image_reader_pixel_read_callback_set.o(.text._gx_image_reader_1555xrgb_pixel_read) referenced from gx_image_reader_pixel_read_callback_set.o(.text._gx_image_reader_pixel_read_callback_set)
 <LI><a href="#[fe]">_gx_image_reader_1555xrgb_pixel_write</a> from gx_image_reader_pixel_write_callback_set.o(.text._gx_image_reader_1555xrgb_pixel_write) referenced from gx_image_reader_pixel_write_callback_set.o(.text._gx_image_reader_pixel_write_callback_set)
 <LI><a href="#[fd]">_gx_image_reader_1555xrgb_rle_pixel_write</a> from gx_image_reader_pixel_write_callback_set.o(.text._gx_image_reader_1555xrgb_rle_pixel_write) referenced from gx_image_reader_pixel_write_callback_set.o(.text._gx_image_reader_pixel_write_callback_set)
 <LI><a href="#[ed]">_gx_image_reader_16bit_gray_alpha_read</a> from gx_image_reader_pixel_read_callback_set.o(.text._gx_image_reader_16bit_gray_alpha_read) referenced from gx_image_reader_pixel_read_callback_set.o(.text._gx_image_reader_pixel_read_callback_set)
 <LI><a href="#[ee]">_gx_image_reader_16bit_gray_read</a> from gx_image_reader_pixel_read_callback_set.o(.text._gx_image_reader_16bit_gray_read) referenced from gx_image_reader_pixel_read_callback_set.o(.text._gx_image_reader_pixel_read_callback_set)
 <LI><a href="#[f2]">_gx_image_reader_1bit_pixel_read</a> from gx_image_reader_pixel_read_callback_set.o(.text._gx_image_reader_1bit_pixel_read) referenced from gx_image_reader_pixel_read_callback_set.o(.text._gx_image_reader_pixel_read_callback_set)
 <LI><a href="#[df]">_gx_image_reader_1bpp_pixel_read</a> from gx_image_reader_pixel_read_callback_set.o(.text._gx_image_reader_1bpp_pixel_read) referenced from gx_image_reader_pixel_read_callback_set.o(.text._gx_image_reader_pixel_read_callback_set)
 <LI><a href="#[de]">_gx_image_reader_1bpp_transparent_read</a> from gx_image_reader_pixel_read_callback_set.o(.text._gx_image_reader_1bpp_transparent_read) referenced from gx_image_reader_pixel_read_callback_set.o(.text._gx_image_reader_pixel_read_callback_set)
 <LI><a href="#[eb]">_gx_image_reader_24bit_pixel_read</a> from gx_image_reader_pixel_read_callback_set.o(.text._gx_image_reader_24bit_pixel_read) referenced from gx_image_reader_pixel_read_callback_set.o(.text._gx_image_reader_pixel_read_callback_set)
 <LI><a href="#[fa]">_gx_image_reader_24xrgb_pixel_write</a> from gx_image_reader_pixel_write_callback_set.o(.text._gx_image_reader_24xrgb_pixel_write) referenced from gx_image_reader_pixel_write_callback_set.o(.text._gx_image_reader_pixel_write_callback_set)
 <LI><a href="#[f1]">_gx_image_reader_2bit_pixel_read</a> from gx_image_reader_pixel_read_callback_set.o(.text._gx_image_reader_2bit_pixel_read) referenced from gx_image_reader_pixel_read_callback_set.o(.text._gx_image_reader_pixel_read_callback_set)
 <LI><a href="#[e7]">_gx_image_reader_32argb_pixel_read</a> from gx_image_reader_pixel_read_callback_set.o(.text._gx_image_reader_32argb_pixel_read) referenced from gx_image_reader_pixel_read_callback_set.o(.text._gx_image_reader_pixel_read_callback_set)
 <LI><a href="#[f9]">_gx_image_reader_32argb_pixel_write</a> from gx_image_reader_pixel_write_callback_set.o(.text._gx_image_reader_32argb_pixel_write) referenced from gx_image_reader_pixel_write_callback_set.o(.text._gx_image_reader_pixel_write_callback_set)
 <LI><a href="#[ec]">_gx_image_reader_32bit_gray_alpha_read</a> from gx_image_reader_pixel_read_callback_set.o(.text._gx_image_reader_32bit_gray_alpha_read) referenced from gx_image_reader_pixel_read_callback_set.o(.text._gx_image_reader_pixel_read_callback_set)
 <LI><a href="#[ea]">_gx_image_reader_32bit_pixel_read</a> from gx_image_reader_pixel_read_callback_set.o(.text._gx_image_reader_32bit_pixel_read) referenced from gx_image_reader_pixel_read_callback_set.o(.text._gx_image_reader_pixel_read_callback_set)
 <LI><a href="#[e2]">_gx_image_reader_4444argb_pixel_read</a> from gx_image_reader_pixel_read_callback_set.o(.text._gx_image_reader_4444argb_pixel_read) referenced from gx_image_reader_pixel_read_callback_set.o(.text._gx_image_reader_pixel_read_callback_set)
 <LI><a href="#[fc]">_gx_image_reader_4444argb_pixel_write</a> from gx_image_reader_pixel_write_callback_set.o(.text._gx_image_reader_4444argb_pixel_write) referenced from gx_image_reader_pixel_write_callback_set.o(.text._gx_image_reader_pixel_write_callback_set)
 <LI><a href="#[fb]">_gx_image_reader_4444argb_transparent_write</a> from gx_image_reader_pixel_write_callback_set.o(.text._gx_image_reader_4444argb_transparent_write) referenced from gx_image_reader_pixel_write_callback_set.o(.text._gx_image_reader_pixel_write_callback_set)
 <LI><a href="#[e9]">_gx_image_reader_48bit_pixel_read</a> from gx_image_reader_pixel_read_callback_set.o(.text._gx_image_reader_48bit_pixel_read) referenced from gx_image_reader_pixel_read_callback_set.o(.text._gx_image_reader_pixel_read_callback_set)
 <LI><a href="#[e0]">_gx_image_reader_4bit_grayscale_pixel_read</a> from gx_image_reader_pixel_read_callback_set.o(.text._gx_image_reader_4bit_grayscale_pixel_read) referenced from gx_image_reader_pixel_read_callback_set.o(.text._gx_image_reader_pixel_read_callback_set)
 <LI><a href="#[f5]">_gx_image_reader_4bit_grayscale_pixel_write</a> from gx_image_reader_pixel_write_callback_set.o(.text._gx_image_reader_4bit_grayscale_pixel_write) referenced from gx_image_reader_pixel_write_callback_set.o(.text._gx_image_reader_pixel_write_callback_set)
 <LI><a href="#[e1]">_gx_image_reader_4bit_grayscale_transparent_read</a> from gx_image_reader_pixel_read_callback_set.o(.text._gx_image_reader_4bit_grayscale_transparent_read) referenced from gx_image_reader_pixel_read_callback_set.o(.text._gx_image_reader_pixel_read_callback_set)
 <LI><a href="#[f6]">_gx_image_reader_4bit_grayscale_transparent_write</a> from gx_image_reader_pixel_write_callback_set.o(.text._gx_image_reader_4bit_grayscale_transparent_write) referenced from gx_image_reader_pixel_write_callback_set.o(.text._gx_image_reader_pixel_write_callback_set)
 <LI><a href="#[f0]">_gx_image_reader_4bit_pixel_read</a> from gx_image_reader_pixel_read_callback_set.o(.text._gx_image_reader_4bit_pixel_read) referenced from gx_image_reader_pixel_read_callback_set.o(.text._gx_image_reader_pixel_read_callback_set)
 <LI><a href="#[e6]">_gx_image_reader_565rgb_pixel_read</a> from gx_image_reader_pixel_read_callback_set.o(.text._gx_image_reader_565rgb_pixel_read) referenced from gx_image_reader_pixel_read_callback_set.o(.text._gx_image_reader_pixel_read_callback_set)
 <LI><a href="#[100]">_gx_image_reader_565rgb_pixel_write</a> from gx_image_reader_pixel_write_callback_set.o(.text._gx_image_reader_565rgb_pixel_write) referenced from gx_image_reader_pixel_write_callback_set.o(.text._gx_image_reader_pixel_write_callback_set)
 <LI><a href="#[ff]">_gx_image_reader_565rgb_rle_pixel_write</a> from gx_image_reader_pixel_write_callback_set.o(.text._gx_image_reader_565rgb_rle_pixel_write) referenced from gx_image_reader_pixel_write_callback_set.o(.text._gx_image_reader_pixel_write_callback_set)
 <LI><a href="#[e8]">_gx_image_reader_64bit_pixel_read</a> from gx_image_reader_pixel_read_callback_set.o(.text._gx_image_reader_64bit_pixel_read) referenced from gx_image_reader_pixel_read_callback_set.o(.text._gx_image_reader_pixel_read_callback_set)
 <LI><a href="#[e3]">_gx_image_reader_8bit_alpha_read</a> from gx_image_reader_pixel_read_callback_set.o(.text._gx_image_reader_8bit_alpha_read) referenced from gx_image_reader_pixel_read_callback_set.o(.text._gx_image_reader_pixel_read_callback_set)
 <LI><a href="#[f8]">_gx_image_reader_8bit_alpha_write</a> from gx_image_reader_pixel_write_callback_set.o(.text._gx_image_reader_8bit_alpha_write) referenced from gx_image_reader_pixel_write_callback_set.o(.text._gx_image_reader_pixel_write_callback_set)
 <LI><a href="#[e4]">_gx_image_reader_8bit_palette_pixel_read</a> from gx_image_reader_pixel_read_callback_set.o(.text._gx_image_reader_8bit_palette_pixel_read) referenced from gx_image_reader_pixel_read_callback_set.o(.text._gx_image_reader_pixel_read_callback_set)
 <LI><a href="#[f7]">_gx_image_reader_8bit_palette_write</a> from gx_image_reader_pixel_write_callback_set.o(.text._gx_image_reader_8bit_palette_write) referenced from gx_image_reader_pixel_write_callback_set.o(.text._gx_image_reader_pixel_write_callback_set)
 <LI><a href="#[ef]">_gx_image_reader_8bit_pixel_read</a> from gx_image_reader_pixel_read_callback_set.o(.text._gx_image_reader_8bit_pixel_read) referenced from gx_image_reader_pixel_read_callback_set.o(.text._gx_image_reader_pixel_read_callback_set)
 <LI><a href="#[f3]">_gx_image_reader_monochrome_pixel_write</a> from gx_image_reader_pixel_write_callback_set.o(.text._gx_image_reader_monochrome_pixel_write) referenced from gx_image_reader_pixel_write_callback_set.o(.text._gx_image_reader_pixel_write_callback_set)
 <LI><a href="#[f4]">_gx_image_reader_monochrome_transparent_write</a> from gx_image_reader_pixel_write_callback_set.o(.text._gx_image_reader_monochrome_transparent_write) referenced from gx_image_reader_pixel_write_callback_set.o(.text._gx_image_reader_pixel_write_callback_set)
 <LI><a href="#[dc]">_gx_image_reader_one_row_convert</a> from gx_image_reader_colorspace_convert.o(.text._gx_image_reader_one_row_convert) referenced from gx_image_reader_colorspace_convert.o(.text._gx_image_reader_colorspace_convert)
 <LI><a href="#[dd]">_gx_image_reader_one_row_dither</a> from gx_image_reader_colorspace_convert.o(.text._gx_image_reader_one_row_dither) referenced from gx_image_reader_colorspace_convert.o(.text._gx_image_reader_colorspace_convert)
 <LI><a href="#[102]">_gx_prompt_draw</a> from gx_prompt_draw.o(.text._gx_prompt_draw) referenced from gx_prompt_create.o(.text._gx_prompt_create)
 <LI><a href="#[101]">_gx_prompt_text_get_ext</a> from gx_prompt_text_get.o(.text._gx_prompt_text_get_ext) referenced from gx_prompt_create.o(.text._gx_prompt_create)
 <LI><a href="#[104]">_gx_system_thread_entry</a> from gx_system_thread_entry.o(.text._gx_system_thread_entry) referenced from gx_system_initialize.o(.text._gx_system_initialize)
 <LI><a href="#[103]">_gx_system_timer_expiration</a> from gx_system_timer_expiration.o(.text._gx_system_timer_expiration) referenced from gx_system_initialize.o(.text._gx_system_initialize)
 <LI><a href="#[105]">_gx_text_button_draw</a> from gx_text_button_draw.o(.text._gx_text_button_draw) referenced from gx_text_button_create.o(.text._gx_text_button_create)
 <LI><a href="#[da]">_gx_utility_circle_point_get</a> from gx_utility_circle_point_get.o(.text._gx_utility_circle_point_get) referenced from gx_display_driver_generic_aliased_wide_arc_draw.o(.text._gx_display_driver_generic_simple_aliased_wide_arc_draw)
 <LI><a href="#[da]">_gx_utility_circle_point_get</a> from gx_utility_circle_point_get.o(.text._gx_utility_circle_point_get) referenced from gx_display_driver_generic_wide_arc_draw.o(.text._gx_display_driver_generic_simple_wide_arc_draw)
 <LI><a href="#[d9]">_gx_utility_rectangle_overlap_detect</a> from gx_utility_rectangle_overlap_detect.o(.text._gx_utility_rectangle_overlap_detect) referenced from gx_display_driver_generic_aliased_arc_draw.o(.text._gx_display_driver_generic_aliased_arc_draw)
 <LI><a href="#[d9]">_gx_utility_rectangle_overlap_detect</a> from gx_utility_rectangle_overlap_detect.o(.text._gx_utility_rectangle_overlap_detect) referenced from gx_display_driver_generic_arc_draw.o(.text._gx_display_driver_generic_arc_draw)
 <LI><a href="#[107]">_gx_widget_draw</a> from gx_widget_draw.o(.text._gx_widget_draw) referenced from gx_widget_create.o(.text._gx_widget_create)
 <LI><a href="#[108]">_gx_widget_event_process</a> from gx_widget_event_process.o(.text._gx_widget_event_process) referenced from gx_widget_create.o(.text._gx_widget_create)
 <LI><a href="#[109]">_gx_window_draw</a> from gx_window_draw.o(.text._gx_window_draw) referenced from gx_window_create.o(.text._gx_window_create)
 <LI><a href="#[10b]">_gx_window_event_process</a> from gx_window_event_process.o(.text._gx_window_event_process) referenced from gx_window_create.o(.text._gx_window_create)
 <LI><a href="#[10c]">_gx_window_root_event_process</a> from gx_window_root_event_process.o(.text._gx_window_root_event_process) referenced from gx_window_root_create.o(.text._gx_window_root_create)
 <LI><a href="#[10a]">_gx_window_scroll_info_get</a> from gx_window_scroll_info_get.o(.text._gx_window_scroll_info_get) referenced from gx_window_create.o(.text._gx_window_create)
 <LI><a href="#[110]">_nx_arp_entry_allocate</a> from nx_arp_entry_allocate.o(.text._nx_arp_entry_allocate) referenced from nx_arp_enable.o(.text._nx_arp_enable)
 <LI><a href="#[10d]">_nx_arp_packet_send</a> from nx_arp_packet_send.o(.text._nx_arp_packet_send) referenced from nx_arp_enable.o(.text._nx_arp_enable)
 <LI><a href="#[10f]">_nx_arp_periodic_update</a> from nx_arp_periodic_update.o(.text._nx_arp_periodic_update) referenced from nx_arp_enable.o(.text._nx_arp_enable)
 <LI><a href="#[10e]">_nx_arp_queue_process</a> from nx_arp_queue_process.o(.text._nx_arp_queue_process) referenced from nx_arp_enable.o(.text._nx_arp_enable)
 <LI><a href="#[112]">_nx_icmp_packet_receive</a> from nx_icmp_packet_receive.o(.text._nx_icmp_packet_receive) referenced from nx_icmp_enable.o(.text._nx_icmp_enable)
 <LI><a href="#[113]">_nx_icmp_queue_process</a> from nx_icmp_queue_process.o(.text._nx_icmp_queue_process) referenced from nx_icmp_enable.o(.text._nx_icmp_enable)
 <LI><a href="#[111]">_nx_icmpv4_packet_process</a> from nx_icmpv4_packet_process.o(.text._nx_icmpv4_packet_process) referenced from nx_icmp_enable.o(.text._nx_icmp_enable)
 <LI><a href="#[117]">_nx_ip_fast_periodic_timer_entry</a> from nx_ip_fast_periodic_timer_entry.o(.text._nx_ip_fast_periodic_timer_entry) referenced from nx_ip_fast_periodic_timer_entry.o(.text._nx_ip_fast_periodic_timer_create)
 <LI><a href="#[119]">_nx_ip_fragment_assembly</a> from nx_ip_fragment_assembly.o(.text._nx_ip_fragment_assembly) referenced from nx_ip_fragment_enable.o(.text._nx_ip_fragment_enable)
 <LI><a href="#[11a]">_nx_ip_fragment_packet</a> from nx_ip_fragment_packet.o(.text._nx_ip_fragment_packet) referenced from nx_ip_fragment_enable.o(.text._nx_ip_fragment_enable)
 <LI><a href="#[118]">_nx_ip_fragment_timeout_check</a> from nx_ip_fragment_timeout_check.o(.text._nx_ip_fragment_timeout_check) referenced from nx_ip_fragment_enable.o(.text._nx_ip_fragment_enable)
 <LI><a href="#[115]">_nx_ip_periodic_timer_entry</a> from nx_ip_periodic_timer_entry.o(.text._nx_ip_periodic_timer_entry) referenced from nx_ip_create.o(.text._nx_ip_create)
 <LI><a href="#[114]">_nx_ip_thread_entry</a> from nx_ip_thread_entry.o(.text._nx_ip_thread_entry) referenced from nx_ip_create.o(.text._nx_ip_create)
 <LI><a href="#[116]">_nx_ipv4_packet_receive</a> from nx_ipv4_packet_receive.o(.text._nx_ipv4_packet_receive) referenced from nx_ip_create.o(.text._nx_ip_create)
 <LI><a href="#[11b]">_nx_packet_pool_cleanup</a> from nx_packet_pool_cleanup.o(.text._nx_packet_pool_cleanup) referenced from nx_packet_allocate.o(.text._nx_packet_allocate)
 <LI><a href="#[11c]">_nx_tcp_cleanup_deferred</a> from nx_tcp_cleanup_deferred.o(.text._nx_tcp_cleanup_deferred) referenced from nx_tcp_disconnect_cleanup.o(.text._nx_tcp_disconnect_cleanup)
 <LI><a href="#[11c]">_nx_tcp_cleanup_deferred</a> from nx_tcp_cleanup_deferred.o(.text._nx_tcp_cleanup_deferred) referenced from nx_tcp_receive_cleanup.o(.text._nx_tcp_receive_cleanup)
 <LI><a href="#[11c]">_nx_tcp_cleanup_deferred</a> from nx_tcp_cleanup_deferred.o(.text._nx_tcp_cleanup_deferred) referenced from nx_tcp_transmit_cleanup.o(.text._nx_tcp_transmit_cleanup)
 <LI><a href="#[122]">_nx_tcp_connect_cleanup</a> from nx_tcp_connect_cleanup.o(.text._nx_tcp_connect_cleanup) referenced from nx_tcp_server_socket_accept.o(.text._nx_tcp_server_socket_accept)
 <LI><a href="#[11e]">_nx_tcp_deferred_cleanup_check</a> from nx_tcp_deferred_cleanup_check.o(.text._nx_tcp_deferred_cleanup_check) referenced from nx_tcp_enable.o(.text._nx_tcp_enable)
 <LI><a href="#[123]">_nx_tcp_disconnect_cleanup</a> from nx_tcp_disconnect_cleanup.o(.text._nx_tcp_disconnect_cleanup) referenced from nx_tcp_socket_disconnect.o(.text._nx_tcp_socket_disconnect)
 <LI><a href="#[11f]">_nx_tcp_fast_periodic_processing</a> from nx_tcp_fast_periodic_processing.o(.text._nx_tcp_fast_periodic_processing) referenced from nx_tcp_enable.o(.text._nx_tcp_enable)
 <LI><a href="#[121]">_nx_tcp_packet_receive</a> from nx_tcp_packet_receive.o(.text._nx_tcp_packet_receive) referenced from nx_tcp_enable.o(.text._nx_tcp_enable)
 <LI><a href="#[120]">_nx_tcp_periodic_processing</a> from nx_tcp_periodic_processing.o(.text._nx_tcp_periodic_processing) referenced from nx_tcp_enable.o(.text._nx_tcp_enable)
 <LI><a href="#[11d]">_nx_tcp_queue_process</a> from nx_tcp_queue_process.o(.text._nx_tcp_queue_process) referenced from nx_tcp_enable.o(.text._nx_tcp_enable)
 <LI><a href="#[124]">_nx_tcp_receive_cleanup</a> from nx_tcp_receive_cleanup.o(.text._nx_tcp_receive_cleanup) referenced from nx_tcp_socket_receive.o(.text._nx_tcp_socket_receive)
 <LI><a href="#[125]">_nx_tcp_transmit_cleanup</a> from nx_tcp_transmit_cleanup.o(.text._nx_tcp_transmit_cleanup) referenced from nx_tcp_socket_send_internal.o(.text._nx_tcp_socket_send_internal)
 <LI><a href="#[126]">_nx_udp_packet_receive</a> from nx_udp_packet_receive.o(.text._nx_udp_packet_receive) referenced from nx_udp_enable.o(.text._nx_udp_enable)
 <LI><a href="#[143]">_snputc</a> from printfa.o(i._snputc) referenced from printfa.o(i.__0vsnprintf)
 <LI><a href="#[127]">_tx_byte_pool_cleanup</a> from tx_byte_pool_cleanup.o(.text._tx_byte_pool_cleanup) referenced from tx_byte_pool_cleanup.o(.text._tx_byte_pool_cleanup)
 <LI><a href="#[128]">_tx_event_flags_cleanup</a> from tx_event_flags_cleanup.o(.text._tx_event_flags_cleanup) referenced from tx_event_flags_get.o(.text._tx_event_flags_get)
 <LI><a href="#[12a]">_tx_mutex_cleanup</a> from tx_mutex_cleanup.o(.text._tx_mutex_cleanup) referenced from tx_mutex_get.o(.text._tx_mutex_get)
 <LI><a href="#[129]">_tx_mutex_thread_release</a> from tx_mutex_cleanup.o(.text._tx_mutex_thread_release) referenced from tx_mutex_create.o(.text._tx_mutex_create)
 <LI><a href="#[12b]">_tx_queue_cleanup</a> from tx_queue_cleanup.o(.text._tx_queue_cleanup) referenced from tx_queue_send.o(.text._tx_queue_send)
 <LI><a href="#[12c]">_tx_semaphore_cleanup</a> from tx_semaphore_cleanup.o(.text._tx_semaphore_cleanup) referenced from tx_semaphore_get.o(.text._tx_semaphore_get)
 <LI><a href="#[12e]">_tx_thread_shell_entry</a> from tx_thread_shell_entry.o(.text._tx_thread_shell_entry) referenced from tx_thread_create.o(.text._tx_thread_create)
 <LI><a href="#[12d]">_tx_thread_timeout</a> from tx_thread_timeout.o(.text._tx_thread_timeout) referenced from tx_thread_create.o(.text._tx_thread_create)
 <LI><a href="#[12f]">_tx_timer_thread_entry</a> from tx_timer_thread_entry.o(.text._tx_timer_thread_entry) referenced from tx_timer_initialize.o(.text._tx_timer_initialize)
 <LI><a href="#[99]">_txe_thread_create</a> from txe_thread_create.o(.text._txe_thread_create) referenced from main.o(.text.AppTaskStart)
 <LI><a href="#[99]">_txe_thread_create</a> from txe_thread_create.o(.text._txe_thread_create) referenced from main.o(.text.tx_application_define)
 <LI><a href="#[a6]">bsp_DelayUS</a> from bsp_dwt.o(.text.bsp_DelayUS) referenced from bsp_ts_touch.o(.text.TOUCH_IntWakeUpForGT)
 <LI><a href="#[131]">bsp_LedOff</a> from bsp_led.o(.text.bsp_LedOff) referenced from bsp_led.o(.text.bsp_InitLed)
 <LI><a href="#[142]">fputc</a> from bsp_uart_fifo.o(.text.fputc) referenced from printfa.o(i.__0printf)
 <LI><a href="#[13b]">gx_chromeart_canvas_copy</a> from gx_display_driver_stm32h7_565rgb.o(.text.gx_chromeart_canvas_copy) referenced from gx_display_driver_stm32h7_565rgb.o(.text.stm32h7_graphics_driver_setup_565rgb)
 <LI><a href="#[13c]">gx_chromeart_glyph_8bit_draw</a> from gx_display_driver_stm32h7_565rgb.o(.text.gx_chromeart_glyph_8bit_draw) referenced from gx_display_driver_stm32h7_565rgb.o(.text.stm32h7_graphics_driver_setup_565rgb)
 <LI><a href="#[13e]">gx_chromeart_horizontal_line_draw</a> from gx_display_driver_stm32h7_565rgb.o(.text.gx_chromeart_horizontal_line_draw) referenced from gx_display_driver_stm32h7_565rgb.o(.text.stm32h7_graphics_driver_setup_565rgb)
 <LI><a href="#[13a]">gx_chromeart_pixelmap_blend</a> from gx_display_driver_stm32h7_565rgb.o(.text.gx_chromeart_pixelmap_blend) referenced from gx_display_driver_stm32h7_565rgb.o(.text.stm32h7_graphics_driver_setup_565rgb)
 <LI><a href="#[139]">gx_chromeart_pixelmap_draw</a> from gx_display_driver_stm32h7_565rgb.o(.text.gx_chromeart_pixelmap_draw) referenced from gx_display_driver_stm32h7_565rgb.o(.text.stm32h7_graphics_driver_setup_565rgb)
 <LI><a href="#[13d]">gx_chromeart_vertical_line_draw</a> from gx_display_driver_stm32h7_565rgb.o(.text.gx_chromeart_vertical_line_draw) referenced from gx_display_driver_stm32h7_565rgb.o(.text.stm32h7_graphics_driver_setup_565rgb)
 <LI><a href="#[146]">gx_studio_prompt_create</a> from guiapp_specifications.o(.text.gx_studio_prompt_create) referenced from guiapp_specifications.o(.rodata.window_prompt_define)
 <LI><a href="#[144]">gx_studio_text_button_create</a> from guiapp_specifications.o(.text.gx_studio_text_button_create) referenced from guiapp_specifications.o(.rodata.window_button_define)
 <LI><a href="#[145]">gx_studio_window_create</a> from guiapp_specifications.o(.text.gx_studio_window_create) referenced from guiapp_specifications.o(.rodata.window_define)
 <LI><a href="#[137]">i2c_Delay</a> from bsp_i2c_gpio.o(.text.i2c_Delay) referenced from bsp_i2c_gpio.o(.text.i2c_WaitAck)
 <LI><a href="#[9f]">i2c_SendByte</a> from bsp_i2c_gpio.o(.text.i2c_SendByte) referenced from bsp_ts_gt811.o(.text.GT811_WriteReg)
 <LI><a href="#[9f]">i2c_SendByte</a> from bsp_i2c_gpio.o(.text.i2c_SendByte) referenced from bsp_ts_gt911.o(.text.GT911_Scan)
 <LI><a href="#[a0]">i2c_WaitAck</a> from bsp_i2c_gpio.o(.text.i2c_WaitAck) referenced from bsp_ts_gt811.o(.text.GT811_WriteReg)
 <LI><a href="#[a0]">i2c_WaitAck</a> from bsp_i2c_gpio.o(.text.i2c_WaitAck) referenced from bsp_ts_gt911.o(.text.GT911_Scan)
 <LI><a href="#[95]">main</a> from main.o(.text.main) referenced from entry9a.o(.ARM.Collect$$$$0000000B)
 <LI><a href="#[135]">memory_allocate</a> from app_sysfunction.o(.text.memory_allocate) referenced from app_sysfunction.o(.text.gx_initconfig)
 <LI><a href="#[136]">memory_free</a> from app_sysfunction.o(.text.memory_free) referenced from app_sysfunction.o(.text.gx_initconfig)
 <LI><a href="#[a2]">nx_driver_stm32h7xx</a> from nx_stm32_eth_driver.o(.text.nx_driver_stm32h7xx) referenced from demo_lan8720a_netx.o(.text.NetXTest)
 <LI><a href="#[138]">stm32h7_565rgb_buffer_toggle</a> from gx_display_driver_stm32h7_565rgb.o(.text.stm32h7_565rgb_buffer_toggle) referenced from gx_display_driver_stm32h7_565rgb.o(.text.stm32h7_graphics_driver_setup_565rgb)
 <LI><a href="#[a1]">stm32h7_graphics_driver_setup_565rgb</a> from gx_display_driver_stm32h7_565rgb.o(.text.stm32h7_graphics_driver_setup_565rgb) referenced from maintask.o(.text.MainTask)
 <LI><a href="#[a3]">tcp_listen_callback</a> from demo_lan8720a_netx.o(.text.tcp_listen_callback) referenced from demo_lan8720a_netx.o(.text.NetXTest)
</UL>
<P>
<H3>
Global Symbols
</H3>
<P><STRONG><a name="[97]"></a>__main</STRONG> (Thumb, 0 bytes, Stack size unknown bytes, entry.o(.ARM.Collect$$$$00000000))
<BR>[Address Reference Count : 1]<UL><LI> startup_stm32h743xx.o(.text)
</UL>
<P><STRONG><a name="[49e]"></a>_main_stk</STRONG> (Thumb, 0 bytes, Stack size unknown bytes, entry2.o(.ARM.Collect$$$$00000001))

<P><STRONG><a name="[147]"></a>_main_scatterload</STRONG> (Thumb, 0 bytes, Stack size unknown bytes, entry5.o(.ARM.Collect$$$$00000004))
<BR><BR>[Calls]<UL><LI><a href="#[148]">&gt;&gt;</a>&nbsp;&nbsp;&nbsp;__scatterload
</UL>

<P><STRONG><a name="[160]"></a>__main_after_scatterload</STRONG> (Thumb, 0 bytes, Stack size unknown bytes, entry5.o(.ARM.Collect$$$$00000004))
<BR><BR>[Called By]<UL><LI><a href="#[148]">&gt;&gt;</a>&nbsp;&nbsp;&nbsp;__scatterload
</UL>

<P><STRONG><a name="[49f]"></a>_main_clock</STRONG> (Thumb, 0 bytes, Stack size unknown bytes, entry7b.o(.ARM.Collect$$$$00000008))

<P><STRONG><a name="[4a0]"></a>_main_cpp_init</STRONG> (Thumb, 0 bytes, Stack size unknown bytes, entry8b.o(.ARM.Collect$$$$0000000A))

<P><STRONG><a name="[4a1]"></a>_main_init</STRONG> (Thumb, 0 bytes, Stack size unknown bytes, entry9a.o(.ARM.Collect$$$$0000000B))

<P><STRONG><a name="[4a2]"></a>__rt_final_cpp</STRONG> (Thumb, 0 bytes, Stack size unknown bytes, entry10a.o(.ARM.Collect$$$$0000000D))

<P><STRONG><a name="[4a3]"></a>__rt_final_exit</STRONG> (Thumb, 0 bytes, Stack size unknown bytes, entry11a.o(.ARM.Collect$$$$0000000F))

<P><STRONG><a name="[0]"></a>Reset_Handler</STRONG> (Thumb, 8 bytes, Stack size 0 bytes, startup_stm32h743xx.o(.text))
<BR>[Address Reference Count : 1]<UL><LI> startup_stm32h743xx.o(RESET)
</UL>
<P><STRONG><a name="[81]"></a>ADC3_IRQHandler</STRONG> (Thumb, 0 bytes, Stack size 0 bytes, startup_stm32h743xx.o(.text))
<BR><BR>[Calls]<UL><LI><a href="#[81]">&gt;&gt;</a>&nbsp;&nbsp;&nbsp;ADC3_IRQHandler
</UL>
<BR>[Called By]<UL><LI><a href="#[81]">&gt;&gt;</a>&nbsp;&nbsp;&nbsp;ADC3_IRQHandler
</UL>
<BR>[Address Reference Count : 1]<UL><LI> startup_stm32h743xx.o(RESET)
</UL>
<P><STRONG><a name="[1c]"></a>ADC_IRQHandler</STRONG> (Thumb, 0 bytes, Stack size 0 bytes, startup_stm32h743xx.o(.text))
<BR>[Address Reference Count : 1]<UL><LI> startup_stm32h743xx.o(RESET)
</UL>
<P><STRONG><a name="[83]"></a>BDMA_Channel0_IRQHandler</STRONG> (Thumb, 0 bytes, Stack size 0 bytes, startup_stm32h743xx.o(.text))
<BR>[Address Reference Count : 1]<UL><LI> startup_stm32h743xx.o(RESET)
</UL>
<P><STRONG><a name="[84]"></a>BDMA_Channel1_IRQHandler</STRONG> (Thumb, 0 bytes, Stack size 0 bytes, startup_stm32h743xx.o(.text))
<BR>[Address Reference Count : 1]<UL><LI> startup_stm32h743xx.o(RESET)
</UL>
<P><STRONG><a name="[85]"></a>BDMA_Channel2_IRQHandler</STRONG> (Thumb, 0 bytes, Stack size 0 bytes, startup_stm32h743xx.o(.text))
<BR>[Address Reference Count : 1]<UL><LI> startup_stm32h743xx.o(RESET)
</UL>
<P><STRONG><a name="[86]"></a>BDMA_Channel3_IRQHandler</STRONG> (Thumb, 0 bytes, Stack size 0 bytes, startup_stm32h743xx.o(.text))
<BR>[Address Reference Count : 1]<UL><LI> startup_stm32h743xx.o(RESET)
</UL>
<P><STRONG><a name="[87]"></a>BDMA_Channel4_IRQHandler</STRONG> (Thumb, 0 bytes, Stack size 0 bytes, startup_stm32h743xx.o(.text))
<BR>[Address Reference Count : 1]<UL><LI> startup_stm32h743xx.o(RESET)
</UL>
<P><STRONG><a name="[88]"></a>BDMA_Channel5_IRQHandler</STRONG> (Thumb, 0 bytes, Stack size 0 bytes, startup_stm32h743xx.o(.text))
<BR>[Address Reference Count : 1]<UL><LI> startup_stm32h743xx.o(RESET)
</UL>
<P><STRONG><a name="[89]"></a>BDMA_Channel6_IRQHandler</STRONG> (Thumb, 0 bytes, Stack size 0 bytes, startup_stm32h743xx.o(.text))
<BR>[Address Reference Count : 1]<UL><LI> startup_stm32h743xx.o(RESET)
</UL>
<P><STRONG><a name="[8a]"></a>BDMA_Channel7_IRQHandler</STRONG> (Thumb, 0 bytes, Stack size 0 bytes, startup_stm32h743xx.o(.text))
<BR>[Address Reference Count : 1]<UL><LI> startup_stm32h743xx.o(RESET)
</UL>
<P><STRONG><a name="[62]"></a>CEC_IRQHandler</STRONG> (Thumb, 0 bytes, Stack size 0 bytes, startup_stm32h743xx.o(.text))
<BR>[Address Reference Count : 1]<UL><LI> startup_stm32h743xx.o(RESET)
</UL>
<P><STRONG><a name="[8b]"></a>COMP1_IRQHandler</STRONG> (Thumb, 0 bytes, Stack size 0 bytes, startup_stm32h743xx.o(.text))
<BR>[Address Reference Count : 1]<UL><LI> startup_stm32h743xx.o(RESET)
</UL>
<P><STRONG><a name="[91]"></a>CRS_IRQHandler</STRONG> (Thumb, 0 bytes, Stack size 0 bytes, startup_stm32h743xx.o(.text))
<BR>[Address Reference Count : 1]<UL><LI> startup_stm32h743xx.o(RESET)
</UL>
<P><STRONG><a name="[53]"></a>DCMI_IRQHandler</STRONG> (Thumb, 0 bytes, Stack size 0 bytes, startup_stm32h743xx.o(.text))
<BR>[Address Reference Count : 1]<UL><LI> startup_stm32h743xx.o(RESET)
</UL>
<P><STRONG><a name="[72]"></a>DFSDM1_FLT0_IRQHandler</STRONG> (Thumb, 0 bytes, Stack size 0 bytes, startup_stm32h743xx.o(.text))
<BR>[Address Reference Count : 1]<UL><LI> startup_stm32h743xx.o(RESET)
</UL>
<P><STRONG><a name="[73]"></a>DFSDM1_FLT1_IRQHandler</STRONG> (Thumb, 0 bytes, Stack size 0 bytes, startup_stm32h743xx.o(.text))
<BR>[Address Reference Count : 1]<UL><LI> startup_stm32h743xx.o(RESET)
</UL>
<P><STRONG><a name="[74]"></a>DFSDM1_FLT2_IRQHandler</STRONG> (Thumb, 0 bytes, Stack size 0 bytes, startup_stm32h743xx.o(.text))
<BR>[Address Reference Count : 1]<UL><LI> startup_stm32h743xx.o(RESET)
</UL>
<P><STRONG><a name="[75]"></a>DFSDM1_FLT3_IRQHandler</STRONG> (Thumb, 0 bytes, Stack size 0 bytes, startup_stm32h743xx.o(.text))
<BR>[Address Reference Count : 1]<UL><LI> startup_stm32h743xx.o(RESET)
</UL>
<P><STRONG><a name="[15]"></a>DMA1_Stream0_IRQHandler</STRONG> (Thumb, 0 bytes, Stack size 0 bytes, startup_stm32h743xx.o(.text))
<BR>[Address Reference Count : 1]<UL><LI> startup_stm32h743xx.o(RESET)
</UL>
<P><STRONG><a name="[16]"></a>DMA1_Stream1_IRQHandler</STRONG> (Thumb, 0 bytes, Stack size 0 bytes, startup_stm32h743xx.o(.text))
<BR>[Address Reference Count : 1]<UL><LI> startup_stm32h743xx.o(RESET)
</UL>
<P><STRONG><a name="[17]"></a>DMA1_Stream2_IRQHandler</STRONG> (Thumb, 0 bytes, Stack size 0 bytes, startup_stm32h743xx.o(.text))
<BR>[Address Reference Count : 1]<UL><LI> startup_stm32h743xx.o(RESET)
</UL>
<P><STRONG><a name="[18]"></a>DMA1_Stream3_IRQHandler</STRONG> (Thumb, 0 bytes, Stack size 0 bytes, startup_stm32h743xx.o(.text))
<BR>[Address Reference Count : 1]<UL><LI> startup_stm32h743xx.o(RESET)
</UL>
<P><STRONG><a name="[19]"></a>DMA1_Stream4_IRQHandler</STRONG> (Thumb, 0 bytes, Stack size 0 bytes, startup_stm32h743xx.o(.text))
<BR>[Address Reference Count : 1]<UL><LI> startup_stm32h743xx.o(RESET)
</UL>
<P><STRONG><a name="[1a]"></a>DMA1_Stream5_IRQHandler</STRONG> (Thumb, 0 bytes, Stack size 0 bytes, startup_stm32h743xx.o(.text))
<BR>[Address Reference Count : 1]<UL><LI> startup_stm32h743xx.o(RESET)
</UL>
<P><STRONG><a name="[1b]"></a>DMA1_Stream6_IRQHandler</STRONG> (Thumb, 0 bytes, Stack size 0 bytes, startup_stm32h743xx.o(.text))
<BR>[Address Reference Count : 1]<UL><LI> startup_stm32h743xx.o(RESET)
</UL>
<P><STRONG><a name="[38]"></a>DMA1_Stream7_IRQHandler</STRONG> (Thumb, 0 bytes, Stack size 0 bytes, startup_stm32h743xx.o(.text))
<BR>[Address Reference Count : 1]<UL><LI> startup_stm32h743xx.o(RESET)
</UL>
<P><STRONG><a name="[5e]"></a>DMA2D_IRQHandler</STRONG> (Thumb, 0 bytes, Stack size 0 bytes, startup_stm32h743xx.o(.text))
<BR>[Address Reference Count : 1]<UL><LI> startup_stm32h743xx.o(RESET)
</UL>
<P><STRONG><a name="[41]"></a>DMA2_Stream0_IRQHandler</STRONG> (Thumb, 0 bytes, Stack size 0 bytes, startup_stm32h743xx.o(.text))
<BR>[Address Reference Count : 1]<UL><LI> startup_stm32h743xx.o(RESET)
</UL>
<P><STRONG><a name="[42]"></a>DMA2_Stream1_IRQHandler</STRONG> (Thumb, 0 bytes, Stack size 0 bytes, startup_stm32h743xx.o(.text))
<BR>[Address Reference Count : 1]<UL><LI> startup_stm32h743xx.o(RESET)
</UL>
<P><STRONG><a name="[43]"></a>DMA2_Stream2_IRQHandler</STRONG> (Thumb, 0 bytes, Stack size 0 bytes, startup_stm32h743xx.o(.text))
<BR>[Address Reference Count : 1]<UL><LI> startup_stm32h743xx.o(RESET)
</UL>
<P><STRONG><a name="[44]"></a>DMA2_Stream3_IRQHandler</STRONG> (Thumb, 0 bytes, Stack size 0 bytes, startup_stm32h743xx.o(.text))
<BR>[Address Reference Count : 1]<UL><LI> startup_stm32h743xx.o(RESET)
</UL>
<P><STRONG><a name="[45]"></a>DMA2_Stream4_IRQHandler</STRONG> (Thumb, 0 bytes, Stack size 0 bytes, startup_stm32h743xx.o(.text))
<BR>[Address Reference Count : 1]<UL><LI> startup_stm32h743xx.o(RESET)
</UL>
<P><STRONG><a name="[49]"></a>DMA2_Stream5_IRQHandler</STRONG> (Thumb, 0 bytes, Stack size 0 bytes, startup_stm32h743xx.o(.text))
<BR>[Address Reference Count : 1]<UL><LI> startup_stm32h743xx.o(RESET)
</UL>
<P><STRONG><a name="[4a]"></a>DMA2_Stream6_IRQHandler</STRONG> (Thumb, 0 bytes, Stack size 0 bytes, startup_stm32h743xx.o(.text))
<BR>[Address Reference Count : 1]<UL><LI> startup_stm32h743xx.o(RESET)
</UL>
<P><STRONG><a name="[4b]"></a>DMA2_Stream7_IRQHandler</STRONG> (Thumb, 0 bytes, Stack size 0 bytes, startup_stm32h743xx.o(.text))
<BR>[Address Reference Count : 1]<UL><LI> startup_stm32h743xx.o(RESET)
</UL>
<P><STRONG><a name="[6a]"></a>DMAMUX1_OVR_IRQHandler</STRONG> (Thumb, 0 bytes, Stack size 0 bytes, startup_stm32h743xx.o(.text))
<BR>[Address Reference Count : 1]<UL><LI> startup_stm32h743xx.o(RESET)
</UL>
<P><STRONG><a name="[82]"></a>DMAMUX2_OVR_IRQHandler</STRONG> (Thumb, 0 bytes, Stack size 0 bytes, startup_stm32h743xx.o(.text))
<BR>[Address Reference Count : 1]<UL><LI> startup_stm32h743xx.o(RESET)
</UL>
<P><STRONG><a name="[92]"></a>ECC_IRQHandler</STRONG> (Thumb, 0 bytes, Stack size 0 bytes, startup_stm32h743xx.o(.text))
<BR>[Address Reference Count : 1]<UL><LI> startup_stm32h743xx.o(RESET)
</UL>
<P><STRONG><a name="[47]"></a>ETH_WKUP_IRQHandler</STRONG> (Thumb, 0 bytes, Stack size 0 bytes, startup_stm32h743xx.o(.text))
<BR>[Address Reference Count : 1]<UL><LI> startup_stm32h743xx.o(RESET)
</UL>
<P><STRONG><a name="[10]"></a>EXTI0_IRQHandler</STRONG> (Thumb, 0 bytes, Stack size 0 bytes, startup_stm32h743xx.o(.text))
<BR>[Address Reference Count : 1]<UL><LI> startup_stm32h743xx.o(RESET)
</UL>
<P><STRONG><a name="[32]"></a>EXTI15_10_IRQHandler</STRONG> (Thumb, 0 bytes, Stack size 0 bytes, startup_stm32h743xx.o(.text))
<BR>[Address Reference Count : 1]<UL><LI> startup_stm32h743xx.o(RESET)
</UL>
<P><STRONG><a name="[11]"></a>EXTI1_IRQHandler</STRONG> (Thumb, 0 bytes, Stack size 0 bytes, startup_stm32h743xx.o(.text))
<BR>[Address Reference Count : 1]<UL><LI> startup_stm32h743xx.o(RESET)
</UL>
<P><STRONG><a name="[12]"></a>EXTI2_IRQHandler</STRONG> (Thumb, 0 bytes, Stack size 0 bytes, startup_stm32h743xx.o(.text))
<BR>[Address Reference Count : 1]<UL><LI> startup_stm32h743xx.o(RESET)
</UL>
<P><STRONG><a name="[13]"></a>EXTI3_IRQHandler</STRONG> (Thumb, 0 bytes, Stack size 0 bytes, startup_stm32h743xx.o(.text))
<BR>[Address Reference Count : 1]<UL><LI> startup_stm32h743xx.o(RESET)
</UL>
<P><STRONG><a name="[14]"></a>EXTI4_IRQHandler</STRONG> (Thumb, 0 bytes, Stack size 0 bytes, startup_stm32h743xx.o(.text))
<BR>[Address Reference Count : 1]<UL><LI> startup_stm32h743xx.o(RESET)
</UL>
<P><STRONG><a name="[21]"></a>EXTI9_5_IRQHandler</STRONG> (Thumb, 0 bytes, Stack size 0 bytes, startup_stm32h743xx.o(.text))
<BR>[Address Reference Count : 1]<UL><LI> startup_stm32h743xx.o(RESET)
</UL>
<P><STRONG><a name="[1d]"></a>FDCAN1_IT0_IRQHandler</STRONG> (Thumb, 0 bytes, Stack size 0 bytes, startup_stm32h743xx.o(.text))
<BR>[Address Reference Count : 1]<UL><LI> startup_stm32h743xx.o(RESET)
</UL>
<P><STRONG><a name="[1f]"></a>FDCAN1_IT1_IRQHandler</STRONG> (Thumb, 0 bytes, Stack size 0 bytes, startup_stm32h743xx.o(.text))
<BR>[Address Reference Count : 1]<UL><LI> startup_stm32h743xx.o(RESET)
</UL>
<P><STRONG><a name="[1e]"></a>FDCAN2_IT0_IRQHandler</STRONG> (Thumb, 0 bytes, Stack size 0 bytes, startup_stm32h743xx.o(.text))
<BR>[Address Reference Count : 1]<UL><LI> startup_stm32h743xx.o(RESET)
</UL>
<P><STRONG><a name="[20]"></a>FDCAN2_IT1_IRQHandler</STRONG> (Thumb, 0 bytes, Stack size 0 bytes, startup_stm32h743xx.o(.text))
<BR>[Address Reference Count : 1]<UL><LI> startup_stm32h743xx.o(RESET)
</UL>
<P><STRONG><a name="[48]"></a>FDCAN_CAL_IRQHandler</STRONG> (Thumb, 0 bytes, Stack size 0 bytes, startup_stm32h743xx.o(.text))
<BR>[Address Reference Count : 1]<UL><LI> startup_stm32h743xx.o(RESET)
</UL>
<P><STRONG><a name="[e]"></a>FLASH_IRQHandler</STRONG> (Thumb, 0 bytes, Stack size 0 bytes, startup_stm32h743xx.o(.text))
<BR>[Address Reference Count : 1]<UL><LI> startup_stm32h743xx.o(RESET)
</UL>
<P><STRONG><a name="[39]"></a>FMC_IRQHandler</STRONG> (Thumb, 0 bytes, Stack size 0 bytes, startup_stm32h743xx.o(.text))
<BR>[Address Reference Count : 1]<UL><LI> startup_stm32h743xx.o(RESET)
</UL>
<P><STRONG><a name="[55]"></a>FPU_IRQHandler</STRONG> (Thumb, 0 bytes, Stack size 0 bytes, startup_stm32h743xx.o(.text))
<BR>[Address Reference Count : 1]<UL><LI> startup_stm32h743xx.o(RESET)
</UL>
<P><STRONG><a name="[71]"></a>HRTIM1_FLT_IRQHandler</STRONG> (Thumb, 0 bytes, Stack size 0 bytes, startup_stm32h743xx.o(.text))
<BR>[Address Reference Count : 1]<UL><LI> startup_stm32h743xx.o(RESET)
</UL>
<P><STRONG><a name="[6b]"></a>HRTIM1_Master_IRQHandler</STRONG> (Thumb, 0 bytes, Stack size 0 bytes, startup_stm32h743xx.o(.text))
<BR>[Address Reference Count : 1]<UL><LI> startup_stm32h743xx.o(RESET)
</UL>
<P><STRONG><a name="[6c]"></a>HRTIM1_TIMA_IRQHandler</STRONG> (Thumb, 0 bytes, Stack size 0 bytes, startup_stm32h743xx.o(.text))
<BR>[Address Reference Count : 1]<UL><LI> startup_stm32h743xx.o(RESET)
</UL>
<P><STRONG><a name="[6d]"></a>HRTIM1_TIMB_IRQHandler</STRONG> (Thumb, 0 bytes, Stack size 0 bytes, startup_stm32h743xx.o(.text))
<BR>[Address Reference Count : 1]<UL><LI> startup_stm32h743xx.o(RESET)
</UL>
<P><STRONG><a name="[6e]"></a>HRTIM1_TIMC_IRQHandler</STRONG> (Thumb, 0 bytes, Stack size 0 bytes, startup_stm32h743xx.o(.text))
<BR>[Address Reference Count : 1]<UL><LI> startup_stm32h743xx.o(RESET)
</UL>
<P><STRONG><a name="[6f]"></a>HRTIM1_TIMD_IRQHandler</STRONG> (Thumb, 0 bytes, Stack size 0 bytes, startup_stm32h743xx.o(.text))
<BR>[Address Reference Count : 1]<UL><LI> startup_stm32h743xx.o(RESET)
</UL>
<P><STRONG><a name="[70]"></a>HRTIM1_TIME_IRQHandler</STRONG> (Thumb, 0 bytes, Stack size 0 bytes, startup_stm32h743xx.o(.text))
<BR>[Address Reference Count : 1]<UL><LI> startup_stm32h743xx.o(RESET)
</UL>
<P><STRONG><a name="[80]"></a>HSEM1_IRQHandler</STRONG> (Thumb, 0 bytes, Stack size 0 bytes, startup_stm32h743xx.o(.text))
<BR>[Address Reference Count : 1]<UL><LI> startup_stm32h743xx.o(RESET)
</UL>
<P><STRONG><a name="[2a]"></a>I2C1_ER_IRQHandler</STRONG> (Thumb, 0 bytes, Stack size 0 bytes, startup_stm32h743xx.o(.text))
<BR>[Address Reference Count : 1]<UL><LI> startup_stm32h743xx.o(RESET)
</UL>
<P><STRONG><a name="[29]"></a>I2C1_EV_IRQHandler</STRONG> (Thumb, 0 bytes, Stack size 0 bytes, startup_stm32h743xx.o(.text))
<BR>[Address Reference Count : 1]<UL><LI> startup_stm32h743xx.o(RESET)
</UL>
<P><STRONG><a name="[2c]"></a>I2C2_ER_IRQHandler</STRONG> (Thumb, 0 bytes, Stack size 0 bytes, startup_stm32h743xx.o(.text))
<BR>[Address Reference Count : 1]<UL><LI> startup_stm32h743xx.o(RESET)
</UL>
<P><STRONG><a name="[2b]"></a>I2C2_EV_IRQHandler</STRONG> (Thumb, 0 bytes, Stack size 0 bytes, startup_stm32h743xx.o(.text))
<BR>[Address Reference Count : 1]<UL><LI> startup_stm32h743xx.o(RESET)
</UL>
<P><STRONG><a name="[4e]"></a>I2C3_ER_IRQHandler</STRONG> (Thumb, 0 bytes, Stack size 0 bytes, startup_stm32h743xx.o(.text))
<BR>[Address Reference Count : 1]<UL><LI> startup_stm32h743xx.o(RESET)
</UL>
<P><STRONG><a name="[4d]"></a>I2C3_EV_IRQHandler</STRONG> (Thumb, 0 bytes, Stack size 0 bytes, startup_stm32h743xx.o(.text))
<BR>[Address Reference Count : 1]<UL><LI> startup_stm32h743xx.o(RESET)
</UL>
<P><STRONG><a name="[64]"></a>I2C4_ER_IRQHandler</STRONG> (Thumb, 0 bytes, Stack size 0 bytes, startup_stm32h743xx.o(.text))
<BR>[Address Reference Count : 1]<UL><LI> startup_stm32h743xx.o(RESET)
</UL>
<P><STRONG><a name="[63]"></a>I2C4_EV_IRQHandler</STRONG> (Thumb, 0 bytes, Stack size 0 bytes, startup_stm32h743xx.o(.text))
<BR>[Address Reference Count : 1]<UL><LI> startup_stm32h743xx.o(RESET)
</UL>
<P><STRONG><a name="[7d]"></a>JPEG_IRQHandler</STRONG> (Thumb, 0 bytes, Stack size 0 bytes, startup_stm32h743xx.o(.text))
<BR>[Address Reference Count : 1]<UL><LI> startup_stm32h743xx.o(RESET)
</UL>
<P><STRONG><a name="[61]"></a>LPTIM1_IRQHandler</STRONG> (Thumb, 0 bytes, Stack size 0 bytes, startup_stm32h743xx.o(.text))
<BR>[Address Reference Count : 1]<UL><LI> startup_stm32h743xx.o(RESET)
</UL>
<P><STRONG><a name="[8c]"></a>LPTIM2_IRQHandler</STRONG> (Thumb, 0 bytes, Stack size 0 bytes, startup_stm32h743xx.o(.text))
<BR>[Address Reference Count : 1]<UL><LI> startup_stm32h743xx.o(RESET)
</UL>
<P><STRONG><a name="[8d]"></a>LPTIM3_IRQHandler</STRONG> (Thumb, 0 bytes, Stack size 0 bytes, startup_stm32h743xx.o(.text))
<BR>[Address Reference Count : 1]<UL><LI> startup_stm32h743xx.o(RESET)
</UL>
<P><STRONG><a name="[8e]"></a>LPTIM4_IRQHandler</STRONG> (Thumb, 0 bytes, Stack size 0 bytes, startup_stm32h743xx.o(.text))
<BR>[Address Reference Count : 1]<UL><LI> startup_stm32h743xx.o(RESET)
</UL>
<P><STRONG><a name="[8f]"></a>LPTIM5_IRQHandler</STRONG> (Thumb, 0 bytes, Stack size 0 bytes, startup_stm32h743xx.o(.text))
<BR>[Address Reference Count : 1]<UL><LI> startup_stm32h743xx.o(RESET)
</UL>
<P><STRONG><a name="[90]"></a>LPUART1_IRQHandler</STRONG> (Thumb, 0 bytes, Stack size 0 bytes, startup_stm32h743xx.o(.text))
<BR>[Address Reference Count : 1]<UL><LI> startup_stm32h743xx.o(RESET)
</UL>
<P><STRONG><a name="[5d]"></a>LTDC_ER_IRQHandler</STRONG> (Thumb, 0 bytes, Stack size 0 bytes, startup_stm32h743xx.o(.text))
<BR>[Address Reference Count : 1]<UL><LI> startup_stm32h743xx.o(RESET)
</UL>
<P><STRONG><a name="[7c]"></a>MDIOS_IRQHandler</STRONG> (Thumb, 0 bytes, Stack size 0 bytes, startup_stm32h743xx.o(.text))
<BR>[Address Reference Count : 1]<UL><LI> startup_stm32h743xx.o(RESET)
</UL>
<P><STRONG><a name="[7b]"></a>MDIOS_WKUP_IRQHandler</STRONG> (Thumb, 0 bytes, Stack size 0 bytes, startup_stm32h743xx.o(.text))
<BR>[Address Reference Count : 1]<UL><LI> startup_stm32h743xx.o(RESET)
</UL>
<P><STRONG><a name="[7e]"></a>MDMA_IRQHandler</STRONG> (Thumb, 0 bytes, Stack size 0 bytes, startup_stm32h743xx.o(.text))
<BR>[Address Reference Count : 1]<UL><LI> startup_stm32h743xx.o(RESET)
</UL>
<P><STRONG><a name="[67]"></a>OTG_FS_EP1_IN_IRQHandler</STRONG> (Thumb, 0 bytes, Stack size 0 bytes, startup_stm32h743xx.o(.text))
<BR>[Address Reference Count : 1]<UL><LI> startup_stm32h743xx.o(RESET)
</UL>
<P><STRONG><a name="[66]"></a>OTG_FS_EP1_OUT_IRQHandler</STRONG> (Thumb, 0 bytes, Stack size 0 bytes, startup_stm32h743xx.o(.text))
<BR>[Address Reference Count : 1]<UL><LI> startup_stm32h743xx.o(RESET)
</UL>
<P><STRONG><a name="[69]"></a>OTG_FS_IRQHandler</STRONG> (Thumb, 0 bytes, Stack size 0 bytes, startup_stm32h743xx.o(.text))
<BR>[Address Reference Count : 1]<UL><LI> startup_stm32h743xx.o(RESET)
</UL>
<P><STRONG><a name="[68]"></a>OTG_FS_WKUP_IRQHandler</STRONG> (Thumb, 0 bytes, Stack size 0 bytes, startup_stm32h743xx.o(.text))
<BR>[Address Reference Count : 1]<UL><LI> startup_stm32h743xx.o(RESET)
</UL>
<P><STRONG><a name="[50]"></a>OTG_HS_EP1_IN_IRQHandler</STRONG> (Thumb, 0 bytes, Stack size 0 bytes, startup_stm32h743xx.o(.text))
<BR>[Address Reference Count : 1]<UL><LI> startup_stm32h743xx.o(RESET)
</UL>
<P><STRONG><a name="[4f]"></a>OTG_HS_EP1_OUT_IRQHandler</STRONG> (Thumb, 0 bytes, Stack size 0 bytes, startup_stm32h743xx.o(.text))
<BR>[Address Reference Count : 1]<UL><LI> startup_stm32h743xx.o(RESET)
</UL>
<P><STRONG><a name="[52]"></a>OTG_HS_IRQHandler</STRONG> (Thumb, 0 bytes, Stack size 0 bytes, startup_stm32h743xx.o(.text))
<BR>[Address Reference Count : 1]<UL><LI> startup_stm32h743xx.o(RESET)
</UL>
<P><STRONG><a name="[51]"></a>OTG_HS_WKUP_IRQHandler</STRONG> (Thumb, 0 bytes, Stack size 0 bytes, startup_stm32h743xx.o(.text))
[...]
<BR><BR>[Called By]<UL><LI><a href="#[2bc]">&gt;&gt;</a>&nbsp;&nbsp;&nbsp;_gx_widget_border_draw
</UL>

<P><STRONG><a name="[395]"></a>OUTLINED_FUNCTION_5</STRONG> (Thumb, 14 bytes, Stack size 0 bytes, gx_widget_border_draw.o(.text.OUTLINED_FUNCTION_5))
<BR><BR>[Called By]<UL><LI><a href="#[2bc]">&gt;&gt;</a>&nbsp;&nbsp;&nbsp;_gx_widget_border_draw
</UL>

<P><STRONG><a name="[397]"></a>OUTLINED_FUNCTION_6</STRONG> (Thumb, 6 bytes, Stack size 0 bytes, gx_widget_border_draw.o(.text.OUTLINED_FUNCTION_6))
<BR><BR>[Called By]<UL><LI><a href="#[2bc]">&gt;&gt;</a>&nbsp;&nbsp;&nbsp;_gx_widget_border_draw
</UL>

<P><STRONG><a name="[398]"></a>OUTLINED_FUNCTION_8</STRONG> (Thumb, 10 bytes, Stack size 0 bytes, gx_widget_border_draw.o(.text.OUTLINED_FUNCTION_8))
<BR><BR>[Called By]<UL><LI><a href="#[2bc]">&gt;&gt;</a>&nbsp;&nbsp;&nbsp;_gx_widget_border_draw
</UL>

<P><STRONG><a name="[399]"></a>OUTLINED_FUNCTION_7</STRONG> (Thumb, 10 bytes, Stack size 0 bytes, gx_widget_border_draw.o(.text.OUTLINED_FUNCTION_7))
<BR><BR>[Called By]<UL><LI><a href="#[2bc]">&gt;&gt;</a>&nbsp;&nbsp;&nbsp;_gx_widget_border_draw
</UL>

<P><STRONG><a name="[39a]"></a>OUTLINED_FUNCTION_9</STRONG> (Thumb, 10 bytes, Stack size 0 bytes, gx_widget_border_draw.o(.text.OUTLINED_FUNCTION_9))
<BR><BR>[Called By]<UL><LI><a href="#[2bc]">&gt;&gt;</a>&nbsp;&nbsp;&nbsp;_gx_widget_border_draw
</UL>

<P><STRONG><a name="[39b]"></a>OUTLINED_FUNCTION_10</STRONG> (Thumb, 10 bytes, Stack size 0 bytes, gx_widget_border_draw.o(.text.OUTLINED_FUNCTION_10))
<BR><BR>[Called By]<UL><LI><a href="#[2bc]">&gt;&gt;</a>&nbsp;&nbsp;&nbsp;_gx_widget_border_draw
</UL>

<P><STRONG><a name="[267]"></a>OUTLINED_FUNCTION_2</STRONG> (Thumb, 16 bytes, Stack size 0 bytes, gx_widget_border_draw.o(.text.OUTLINED_FUNCTION_2))
<BR><BR>[Stack]<UL><LI>Max Depth = 100<LI>Call Chain = OUTLINED_FUNCTION_2 &rArr; _gx_canvas_line_draw &rArr; _gx_utility_rectangle_overlap_detect
</UL>
<BR>[Calls]<UL><LI><a href="#[ab]">&gt;&gt;</a>&nbsp;&nbsp;&nbsp;_gx_canvas_line_draw
</UL>
<BR>[Called By]<UL><LI><a href="#[2bc]">&gt;&gt;</a>&nbsp;&nbsp;&nbsp;_gx_widget_border_draw
</UL>

<P><STRONG><a name="[255]"></a>OUTLINED_FUNCTION_1</STRONG> (Thumb, 8 bytes, Stack size 0 bytes, gx_widget_border_draw.o(.text.OUTLINED_FUNCTION_1))
<BR><BR>[Stack]<UL><LI>Max Depth = 32<LI>Call Chain = OUTLINED_FUNCTION_1 &rArr; _gx_canvas_pixel_draw
</UL>
<BR>[Calls]<UL><LI><a href="#[106]">&gt;&gt;</a>&nbsp;&nbsp;&nbsp;_gx_canvas_pixel_draw
</UL>
<BR>[Called By]<UL><LI><a href="#[2bc]">&gt;&gt;</a>&nbsp;&nbsp;&nbsp;_gx_widget_border_draw
</UL>

<P><STRONG><a name="[257]"></a>OUTLINED_FUNCTION_11</STRONG> (Thumb, 10 bytes, Stack size 0 bytes, gx_widget_border_draw.o(.text.OUTLINED_FUNCTION_11))
<BR><BR>[Stack]<UL><LI>Max Depth = 100<LI>Call Chain = OUTLINED_FUNCTION_11 &rArr; _gx_canvas_line_draw &rArr; _gx_utility_rectangle_overlap_detect
</UL>
<BR>[Calls]<UL><LI><a href="#[ab]">&gt;&gt;</a>&nbsp;&nbsp;&nbsp;_gx_canvas_line_draw
</UL>
<BR>[Called By]<UL><LI><a href="#[2bc]">&gt;&gt;</a>&nbsp;&nbsp;&nbsp;_gx_widget_border_draw
</UL>

<P><STRONG><a name="[3a1]"></a>_gx_widget_delete_helper</STRONG> (Thumb, 104 bytes, Stack size 40 bytes, gx_widget_delete.o(.text._gx_widget_delete_helper))
<BR><BR>[Stack]<UL><LI>Max Depth = 220<LI>Call Chain = _gx_widget_delete_helper &rArr; _gx_widget_unlink &rArr; _gx_widget_hide &rArr; _gx_system_dirty_partial_add &rArr; _gx_system_lock &rArr; _tx_mutex_get &rArr; _tx_mutex_priority_change &rArr; _tx_thread_system_resume &rArr; _tx_thread_stack_analyze
</UL>
<BR>[Calls]<UL><LI><a href="#[2c1]">&gt;&gt;</a>&nbsp;&nbsp;&nbsp;_gx_system_timer_stop
<LI><a href="#[3a2]">&gt;&gt;</a>&nbsp;&nbsp;&nbsp;_gx_widget_unlink
<LI><a href="#[36b]">&gt;&gt;</a>&nbsp;&nbsp;&nbsp;_gx_system_event_remove
<LI><a href="#[3a4]">&gt;&gt;</a>&nbsp;&nbsp;&nbsp;_gx_system_dirty_list_remove
<LI><a href="#[3a3]">&gt;&gt;</a>&nbsp;&nbsp;&nbsp;_gx_system_private_string_delete
<LI><a href="#[3a5]">&gt;&gt;</a>&nbsp;&nbsp;&nbsp;_gx_widget_free
</UL>
<BR>[Called By]<UL><LI><a href="#[2af]">&gt;&gt;</a>&nbsp;&nbsp;&nbsp;_gx_widget_delete
</UL>

<P><STRONG><a name="[3ae]"></a>_gx_widget_scroll_shift_helper</STRONG> (Thumb, 70 bytes, Stack size 24 bytes, gx_widget_scroll_shift.o(.text._gx_widget_scroll_shift_helper))
<BR><BR>[Stack]<UL><LI>Max Depth = 164<LI>Call Chain = _gx_widget_scroll_shift_helper &rArr; _gx_system_dirty_entry_shift &rArr; _gx_system_lock &rArr; _tx_mutex_get &rArr; _tx_mutex_priority_change &rArr; _tx_thread_system_resume &rArr; _tx_thread_stack_analyze
</UL>
<BR>[Calls]<UL><LI><a href="#[2ce]">&gt;&gt;</a>&nbsp;&nbsp;&nbsp;_gx_utility_rectangle_shift
<LI><a href="#[364]">&gt;&gt;</a>&nbsp;&nbsp;&nbsp;_gx_system_dirty_entry_shift
</UL>
<BR>[Called By]<UL><LI><a href="#[3ad]">&gt;&gt;</a>&nbsp;&nbsp;&nbsp;_gx_widget_scroll_shift
</UL>

<P><STRONG><a name="[3af]"></a>_gx_widget_shift_helper</STRONG> (Thumb, 148 bytes, Stack size 64 bytes, gx_widget_shift.o(.text._gx_widget_shift_helper))
<BR><BR>[Stack]<UL><LI>Max Depth = 204<LI>Call Chain = _gx_widget_shift_helper &rArr; _gx_system_dirty_partial_add &rArr; _gx_system_lock &rArr; _tx_mutex_get &rArr; _tx_mutex_priority_change &rArr; _tx_thread_system_resume &rArr; _tx_thread_stack_analyze
</UL>
<BR>[Calls]<UL><LI><a href="#[2cf]">&gt;&gt;</a>&nbsp;&nbsp;&nbsp;_gx_utility_rectangle_combine
<LI><a href="#[233]">&gt;&gt;</a>&nbsp;&nbsp;&nbsp;_gx_system_dirty_partial_add
<LI><a href="#[2ce]">&gt;&gt;</a>&nbsp;&nbsp;&nbsp;_gx_utility_rectangle_shift
<LI><a href="#[369]">&gt;&gt;</a>&nbsp;&nbsp;&nbsp;_gx_system_event_fold
<LI><a href="#[3aa]">&gt;&gt;</a>&nbsp;&nbsp;&nbsp;_gx_window_view_update_detect
<LI><a href="#[1a4]">&gt;&gt;</a>&nbsp;&nbsp;&nbsp;__aeabi_memclr4
</UL>
<BR>[Called By]<UL><LI><a href="#[2a8]">&gt;&gt;</a>&nbsp;&nbsp;&nbsp;_gx_widget_shift
</UL>

<P><STRONG><a name="[3b7]"></a>OUTLINED_FUNCTION_0</STRONG> (Thumb, 14 bytes, Stack size 0 bytes, gx_window_scroll_info_get.o(.text.OUTLINED_FUNCTION_0))
<BR><BR>[Called By]<UL><LI><a href="#[10a]">&gt;&gt;</a>&nbsp;&nbsp;&nbsp;_gx_window_scroll_info_get
</UL>

<P><STRONG><a name="[488]"></a>OUTLINED_FUNCTION_0</STRONG> (Thumb, 14 bytes, Stack size 0 bytes, guiapp_specifications.o(.text.OUTLINED_FUNCTION_0))
<BR><BR>[Called By]<UL><LI><a href="#[146]">&gt;&gt;</a>&nbsp;&nbsp;&nbsp;gx_studio_prompt_create
<LI><a href="#[144]">&gt;&gt;</a>&nbsp;&nbsp;&nbsp;gx_studio_text_button_create
</UL>

<P><STRONG><a name="[487]"></a>gx_studio_nested_widget_create</STRONG> (Thumb, 212 bytes, Stack size 40 bytes, guiapp_specifications.o(.text.gx_studio_nested_widget_create))
<BR><BR>[Stack]<UL><LI>Max Depth = 260 + In Cycle
<LI>Call Chain = gx_studio_nested_widget_create &rArr;  gx_studio_nested_widget_create (Cycle)
</UL>
<BR>[Calls]<UL><LI><a href="#[3c0]">&gt;&gt;</a>&nbsp;&nbsp;&nbsp;_gxe_menu_insert
<LI><a href="#[487]">&gt;&gt;</a>&nbsp;&nbsp;&nbsp;gx_studio_nested_widget_create
<LI><a href="#[3d4]">&gt;&gt;</a>&nbsp;&nbsp;&nbsp;_gxe_widget_status_remove
<LI><a href="#[3d3]">&gt;&gt;</a>&nbsp;&nbsp;&nbsp;_gxe_widget_fill_color_set
<LI><a href="#[3d1]">&gt;&gt;</a>&nbsp;&nbsp;&nbsp;_gxe_widget_event_process_set
<LI><a href="#[3cf]">&gt;&gt;</a>&nbsp;&nbsp;&nbsp;_gxe_widget_draw_set
<LI><a href="#[3cd]">&gt;&gt;</a>&nbsp;&nbsp;&nbsp;_gxe_widget_allocate
</UL>
<BR>[Called By]<UL><LI><a href="#[486]">&gt;&gt;</a>&nbsp;&nbsp;&nbsp;gx_studio_widget_create
<LI><a href="#[487]">&gt;&gt;</a>&nbsp;&nbsp;&nbsp;gx_studio_nested_widget_create
</UL>

<P><STRONG><a name="[177]"></a>OUTLINED_FUNCTION_0</STRONG> (Thumb, 40 bytes, Stack size 0 bytes, lan8720a.o(.text.OUTLINED_FUNCTION_0))
<BR><BR>[Called By]<UL><LI><a href="#[176]">&gt;&gt;</a>&nbsp;&nbsp;&nbsp;ETH_GPIO_Config
</UL>

<P><STRONG><a name="[178]"></a>OUTLINED_FUNCTION_3</STRONG> (Thumb, 14 bytes, Stack size 0 bytes, lan8720a.o(.text.OUTLINED_FUNCTION_3))
<BR><BR>[Called By]<UL><LI><a href="#[176]">&gt;&gt;</a>&nbsp;&nbsp;&nbsp;ETH_GPIO_Config
</UL>

<P><STRONG><a name="[179]"></a>OUTLINED_FUNCTION_2</STRONG> (Thumb, 12 bytes, Stack size 0 bytes, lan8720a.o(.text.OUTLINED_FUNCTION_2))
<BR><BR>[Called By]<UL><LI><a href="#[176]">&gt;&gt;</a>&nbsp;&nbsp;&nbsp;ETH_GPIO_Config
</UL>

<P><STRONG><a name="[17a]"></a>OUTLINED_FUNCTION_1</STRONG> (Thumb, 12 bytes, Stack size 0 bytes, lan8720a.o(.text.OUTLINED_FUNCTION_1))
<BR><BR>[Called By]<UL><LI><a href="#[176]">&gt;&gt;</a>&nbsp;&nbsp;&nbsp;ETH_GPIO_Config
</UL>

<P><STRONG><a name="[3df]"></a>OUTLINED_FUNCTION_0</STRONG> (Thumb, 10 bytes, Stack size 0 bytes, nx_arp_packet_receive.o(.text.OUTLINED_FUNCTION_0))
<BR><BR>[Called By]<UL><LI><a href="#[3de]">&gt;&gt;</a>&nbsp;&nbsp;&nbsp;_nx_arp_packet_receive
</UL>

<P><STRONG><a name="[3e0]"></a>OUTLINED_FUNCTION_1</STRONG> (Thumb, 10 bytes, Stack size 0 bytes, nx_arp_packet_receive.o(.text.OUTLINED_FUNCTION_1))
<BR><BR>[Called By]<UL><LI><a href="#[3de]">&gt;&gt;</a>&nbsp;&nbsp;&nbsp;_nx_arp_packet_receive
</UL>

<P><STRONG><a name="[3ec]"></a>OUTLINED_FUNCTION_0</STRONG> (Thumb, 14 bytes, Stack size 0 bytes, nx_icmpv4_send_error_message.o(.text.OUTLINED_FUNCTION_0))
<BR><BR>[Called By]<UL><LI><a href="#[3eb]">&gt;&gt;</a>&nbsp;&nbsp;&nbsp;_nx_icmpv4_send_error_message
</UL>

<P><STRONG><a name="[235]"></a>OUTLINED_FUNCTION_0</STRONG> (Thumb, 12 bytes, Stack size 0 bytes, nx_ip_dispatch_process.o(.text.OUTLINED_FUNCTION_0))
<BR><BR>[Stack]<UL><LI>Max Depth = 372<LI>Call Chain = OUTLINED_FUNCTION_0 &rArr; _nx_icmpv6_send_error_message &rArr; _nx_ipv6_packet_send &rArr; _nx_icmpv6_send_ns &rArr; _nx_ipv6_header_add &rArr; _nx_packet_transmit_release &rArr; _nx_packet_release &rArr; _tx_thread_system_resume &rArr; _tx_thread_stack_analyze
</UL>
<BR>[Calls]<UL><LI><a href="#[236]">&gt;&gt;</a>&nbsp;&nbsp;&nbsp;_nx_icmpv6_send_error_message
</UL>
<BR>[Called By]<UL><LI><a href="#[400]">&gt;&gt;</a>&nbsp;&nbsp;&nbsp;_nx_ip_dispatch_process
</UL>

<P><STRONG><a name="[407]"></a>OUTLINED_FUNCTION_1</STRONG> (Thumb, 14 bytes, Stack size 0 bytes, nx_ip_driver_packet_send.o(.text.OUTLINED_FUNCTION_1))
<BR><BR>[Called By]<UL><LI><a href="#[404]">&gt;&gt;</a>&nbsp;&nbsp;&nbsp;_nx_ip_driver_packet_send
</UL>

<P><STRONG><a name="[408]"></a>OUTLINED_FUNCTION_0</STRONG> (Thumb, 16 bytes, Stack size 0 bytes, nx_ip_driver_packet_send.o(.text.OUTLINED_FUNCTION_0))
<BR><BR>[Called By]<UL><LI><a href="#[404]">&gt;&gt;</a>&nbsp;&nbsp;&nbsp;_nx_ip_driver_packet_send
</UL>

<P><STRONG><a name="[117]"></a>_nx_ip_fast_periodic_timer_entry</STRONG> (Thumb, 14 bytes, Stack size 0 bytes, nx_ip_fast_periodic_timer_entry.o(.text._nx_ip_fast_periodic_timer_entry))
<BR><BR>[Stack]<UL><LI>Max Depth = 100<LI>Call Chain = _nx_ip_fast_periodic_timer_entry &rArr; _tx_event_flags_set &rArr; _tx_thread_system_resume &rArr; _tx_thread_stack_analyze
</UL>
<BR>[Calls]<UL><LI><a href="#[3dd]">&gt;&gt;</a>&nbsp;&nbsp;&nbsp;_tx_event_flags_set
</UL>
<BR>[Address Reference Count : 1]<UL><LI> nx_ip_fast_periodic_timer_entry.o(.text._nx_ip_fast_periodic_timer_create)
</UL>
<P><STRONG><a name="[40b]"></a>OUTLINED_FUNCTION_0</STRONG> (Thumb, 32 bytes, Stack size 0 bytes, nx_ip_fragment_packet.o(.text.OUTLINED_FUNCTION_0))
<BR><BR>[Called By]<UL><LI><a href="#[11a]">&gt;&gt;</a>&nbsp;&nbsp;&nbsp;_nx_ip_fragment_packet
</UL>

<P><STRONG><a name="[237]"></a>OUTLINED_FUNCTION_0</STRONG> (Thumb, 8 bytes, Stack size 0 bytes, nx_ipv6_packet_send.o(.text.OUTLINED_FUNCTION_0))
<BR><BR>[Stack]<UL><LI>Max Depth = 52<LI>Call Chain = OUTLINED_FUNCTION_0 &rArr; _tx_thread_sleep &rArr; _tx_thread_system_suspend &rArr; _tx_thread_stack_analyze
</UL>
<BR>[Calls]<UL><LI><a href="#[163]">&gt;&gt;</a>&nbsp;&nbsp;&nbsp;_tx_thread_sleep
</UL>
<BR>[Called By]<UL><LI><a href="#[3f7]">&gt;&gt;</a>&nbsp;&nbsp;&nbsp;_nx_ipv6_packet_send
</UL>

<P><STRONG><a name="[170]"></a>OUTLINED_FUNCTION_0</STRONG> (Thumb, 8 bytes, Stack size 0 bytes, nx_ipv6_util.o(.text.OUTLINED_FUNCTION_0))
<BR><BR>[Called By]<UL><LI><a href="#[173]">&gt;&gt;</a>&nbsp;&nbsp;&nbsp;CHECK_UNSPECIFIED_ADDRESS
<LI><a href="#[16f]">&gt;&gt;</a>&nbsp;&nbsp;&nbsp;CHECK_IPV6_ADDRESSES_SAME
</UL>

<P><STRONG><a name="[428]"></a>OUTLINED_FUNCTION_0</STRONG> (Thumb, 30 bytes, Stack size 0 bytes, nx_tcp_fast_periodic_processing.o(.text.OUTLINED_FUNCTION_0))
<BR><BR>[Called By]<UL><LI><a href="#[11f]">&gt;&gt;</a>&nbsp;&nbsp;&nbsp;_nx_tcp_fast_periodic_processing
</UL>

<P><STRONG><a name="[238]"></a>OUTLINED_FUNCTION_0</STRONG> (Thumb, 10 bytes, Stack size 0 bytes, nx_tcp_packet_process.o(.text.OUTLINED_FUNCTION_0))
<BR><BR>[Stack]<UL><LI>Max Depth = 764<LI>Call Chain = OUTLINED_FUNCTION_0 &rArr; _nx_tcp_no_connection_reset &rArr; _nx_tcp_packet_send_rst &rArr; _nx_tcp_packet_send_control &rArr; _nx_ipv6_packet_send &rArr; _nx_icmpv6_send_ns &rArr; _nx_ipv6_header_add &rArr; _nx_packet_transmit_release &rArr; _nx_packet_release &rArr; _tx_thread_system_resume &rArr; _tx_thread_stack_analyze
</UL>
<BR>[Calls]<UL><LI><a href="#[239]">&gt;&gt;</a>&nbsp;&nbsp;&nbsp;_nx_tcp_no_connection_reset
</UL>
<BR>[Called By]<UL><LI><a href="#[42d]">&gt;&gt;</a>&nbsp;&nbsp;&nbsp;_nx_tcp_packet_process
</UL>

<P><STRONG><a name="[23a]"></a>OUTLINED_FUNCTION_0</STRONG> (Thumb, 6 bytes, Stack size 0 bytes, nx_tcp_server_socket_relisten.o(.text.OUTLINED_FUNCTION_0))
<BR><BR>[Stack]<UL><LI>Max Depth = 92<LI>Call Chain = OUTLINED_FUNCTION_0 &rArr; _tx_mutex_put &rArr; _tx_mutex_priority_change &rArr; _tx_thread_system_resume &rArr; _tx_thread_stack_analyze
</UL>
<BR>[Calls]<UL><LI><a href="#[23b]">&gt;&gt;</a>&nbsp;&nbsp;&nbsp;_tx_mutex_put
</UL>
<BR>[Called By]<UL><LI><a href="#[436]">&gt;&gt;</a>&nbsp;&nbsp;&nbsp;_nx_tcp_server_socket_relisten
</UL>

<P><STRONG><a name="[23c]"></a>OUTLINED_FUNCTION_0</STRONG> (Thumb, 26 bytes, Stack size 0 bytes, nx_tcp_socket_disconnect.o(.text.OUTLINED_FUNCTION_0))
<BR><BR>[Stack]<UL><LI>Max Depth = 396<LI>Call Chain = OUTLINED_FUNCTION_0 &rArr; _nx_tcp_packet_send_fin &rArr; _nx_tcp_packet_send_control &rArr; _nx_ipv6_packet_send &rArr; _nx_icmpv6_send_ns &rArr; _nx_ipv6_header_add &rArr; _nx_packet_transmit_release &rArr; _nx_packet_release &rArr; _tx_thread_system_resume &rArr; _tx_thread_stack_analyze
</UL>
<BR>[Calls]<UL><LI><a href="#[23d]">&gt;&gt;</a>&nbsp;&nbsp;&nbsp;_nx_tcp_packet_send_fin
</UL>
<BR>[Called By]<UL><LI><a href="#[43b]">&gt;&gt;</a>&nbsp;&nbsp;&nbsp;_nx_tcp_socket_disconnect
</UL>

<P><STRONG><a name="[23e]"></a>OUTLINED_FUNCTION_0</STRONG> (Thumb, 8 bytes, Stack size 0 bytes, nx_tcp_socket_packet_process.o(.text.OUTLINED_FUNCTION_0))
<BR><BR>[Stack]<UL><LI>Max Depth = 452<LI>Call Chain = OUTLINED_FUNCTION_0 &rArr; _nx_tcp_socket_state_data_check &rArr; OUTLINED_FUNCTION_0 &rArr; _nx_tcp_packet_send_ack &rArr; _nx_tcp_packet_send_control &rArr; _nx_ipv6_packet_send &rArr; _nx_icmpv6_send_ns &rArr; _nx_ipv6_header_add &rArr; _nx_packet_transmit_release &rArr; _nx_packet_release &rArr; _tx_thread_system_resume &rArr; _tx_thread_stack_analyze
</UL>
<BR>[Calls]<UL><LI><a href="#[23f]">&gt;&gt;</a>&nbsp;&nbsp;&nbsp;_nx_tcp_socket_state_data_check
</UL>
<BR>[Called By]<UL><LI><a href="#[42f]">&gt;&gt;</a>&nbsp;&nbsp;&nbsp;_nx_tcp_socket_packet_process
</UL>

<P><STRONG><a name="[240]"></a>OUTLINED_FUNCTION_0</STRONG> (Thumb, 6 bytes, Stack size 0 bytes, nx_tcp_socket_receive.o(.text.OUTLINED_FUNCTION_0))
<BR><BR>[Stack]<UL><LI>Max Depth = 92<LI>Call Chain = OUTLINED_FUNCTION_0 &rArr; _tx_mutex_put &rArr; _tx_mutex_priority_change &rArr; _tx_thread_system_resume &rArr; _tx_thread_stack_analyze
</UL>
<BR>[Calls]<UL><LI><a href="#[23b]">&gt;&gt;</a>&nbsp;&nbsp;&nbsp;_tx_mutex_put
</UL>
<BR>[Called By]<UL><LI><a href="#[446]">&gt;&gt;</a>&nbsp;&nbsp;&nbsp;_nx_tcp_socket_receive
</UL>

<P><STRONG><a name="[241]"></a>OUTLINED_FUNCTION_0</STRONG> (Thumb, 10 bytes, Stack size 0 bytes, nx_tcp_socket_send_internal.o(.text.OUTLINED_FUNCTION_0), UNUSED)
<BR><BR>[Calls]<UL><LI><a href="#[242]">&gt;&gt;</a>&nbsp;&nbsp;&nbsp;_tx_mutex_get
</UL>
<BR>[Called By]<UL><LI><a href="#[447]">&gt;&gt;</a>&nbsp;&nbsp;&nbsp;_nx_tcp_socket_send_internal
</UL>

<P><STRONG><a name="[449]"></a>OUTLINED_FUNCTION_1</STRONG> (Thumb, 14 bytes, Stack size 0 bytes, nx_tcp_socket_send_internal.o(.text.OUTLINED_FUNCTION_1), UNUSED)
<BR><BR>[Called By]<UL><LI><a href="#[447]">&gt;&gt;</a>&nbsp;&nbsp;&nbsp;_nx_tcp_socket_send_internal
</UL>

<P><STRONG><a name="[243]"></a>OUTLINED_FUNCTION_0</STRONG> (Thumb, 10 bytes, Stack size 0 bytes, nx_tcp_socket_state_data_check.o(.text.OUTLINED_FUNCTION_0))
<BR><BR>[Stack]<UL><LI>Max Depth = 396<LI>Call Chain = OUTLINED_FUNCTION_0 &rArr; _nx_tcp_packet_send_ack &rArr; _nx_tcp_packet_send_control &rArr; _nx_ipv6_packet_send &rArr; _nx_icmpv6_send_ns &rArr; _nx_ipv6_header_add &rArr; _nx_packet_transmit_release &rArr; _nx_packet_release &rArr; _tx_thread_system_resume &rArr; _tx_thread_stack_analyze
</UL>
<BR>[Calls]<UL><LI><a href="#[244]">&gt;&gt;</a>&nbsp;&nbsp;&nbsp;_nx_tcp_packet_send_ack
</UL>
<BR>[Called By]<UL><LI><a href="#[23f]">&gt;&gt;</a>&nbsp;&nbsp;&nbsp;_nx_tcp_socket_state_data_check
</UL>

<P><STRONG><a name="[44e]"></a>OUTLINED_FUNCTION_1</STRONG> (Thumb, 36 bytes, Stack size 0 bytes, nx_udp_packet_receive.o(.text.OUTLINED_FUNCTION_1))
<BR><BR>[Called By]<UL><LI><a href="#[126]">&gt;&gt;</a>&nbsp;&nbsp;&nbsp;_nx_udp_packet_receive
</UL>

<P><STRONG><a name="[245]"></a>OUTLINED_FUNCTION_0</STRONG> (Thumb, 46 bytes, Stack size 0 bytes, nx_udp_packet_receive.o(.text.OUTLINED_FUNCTION_0))
<BR><BR>[Stack]<UL><LI>Max Depth = 372<LI>Call Chain = OUTLINED_FUNCTION_0 &rArr; _nx_icmpv6_send_error_message &rArr; _nx_ipv6_packet_send &rArr; _nx_icmpv6_send_ns &rArr; _nx_ipv6_header_add &rArr; _nx_packet_transmit_release &rArr; _nx_packet_release &rArr; _tx_thread_system_resume &rArr; _tx_thread_stack_analyze
</UL>
<BR>[Calls]<UL><LI><a href="#[236]">&gt;&gt;</a>&nbsp;&nbsp;&nbsp;_nx_icmpv6_send_error_message
</UL>
<BR>[Called By]<UL><LI><a href="#[126]">&gt;&gt;</a>&nbsp;&nbsp;&nbsp;_nx_udp_packet_receive
</UL>

<P><STRONG><a name="[499]"></a>_fp_digits</STRONG> (Thumb, 366 bytes, Stack size 64 bytes, printfa.o(i._fp_digits), UNUSED)
<BR><BR>[Calls]<UL><LI><a href="#[15d]">&gt;&gt;</a>&nbsp;&nbsp;&nbsp;__aeabi_dmul
<LI><a href="#[15e]">&gt;&gt;</a>&nbsp;&nbsp;&nbsp;__aeabi_ddiv
<LI><a href="#[157]">&gt;&gt;</a>&nbsp;&nbsp;&nbsp;__aeabi_dadd
<LI><a href="#[15f]">&gt;&gt;</a>&nbsp;&nbsp;&nbsp;__aeabi_d2ulz
<LI><a href="#[49a]">&gt;&gt;</a>&nbsp;&nbsp;&nbsp;__aeabi_cdrcmple
<LI><a href="#[151]">&gt;&gt;</a>&nbsp;&nbsp;&nbsp;__aeabi_uldivmod
</UL>
<BR>[Called By]<UL><LI><a href="#[497]">&gt;&gt;</a>&nbsp;&nbsp;&nbsp;_printf_core
</UL>

<P><STRONG><a name="[497]"></a>_printf_core</STRONG> (Thumb, 1744 bytes, Stack size 136 bytes, printfa.o(i._printf_core), UNUSED)
<BR><BR>[Calls]<UL><LI><a href="#[49d]">&gt;&gt;</a>&nbsp;&nbsp;&nbsp;__aeabi_uidivmod
<LI><a href="#[49b]">&gt;&gt;</a>&nbsp;&nbsp;&nbsp;_printf_pre_padding
<LI><a href="#[49c]">&gt;&gt;</a>&nbsp;&nbsp;&nbsp;_printf_post_padding
<LI><a href="#[499]">&gt;&gt;</a>&nbsp;&nbsp;&nbsp;_fp_digits
<LI><a href="#[151]">&gt;&gt;</a>&nbsp;&nbsp;&nbsp;__aeabi_uldivmod
</UL>
<BR>[Called By]<UL><LI><a href="#[498]">&gt;&gt;</a>&nbsp;&nbsp;&nbsp;__0vsnprintf
<LI><a href="#[496]">&gt;&gt;</a>&nbsp;&nbsp;&nbsp;__0printf
</UL>

<P><STRONG><a name="[49c]"></a>_printf_post_padding</STRONG> (Thumb, 36 bytes, Stack size 24 bytes, printfa.o(i._printf_post_padding), UNUSED)
<BR><BR>[Called By]<UL><LI><a href="#[497]">&gt;&gt;</a>&nbsp;&nbsp;&nbsp;_printf_core
</UL>

<P><STRONG><a name="[49b]"></a>_printf_pre_padding</STRONG> (Thumb, 46 bytes, Stack size 24 bytes, printfa.o(i._printf_pre_padding), UNUSED)
<BR><BR>[Called By]<UL><LI><a href="#[497]">&gt;&gt;</a>&nbsp;&nbsp;&nbsp;_printf_core
</UL>

<P><STRONG><a name="[143]"></a>_snputc</STRONG> (Thumb, 22 bytes, Stack size 0 bytes, printfa.o(i._snputc))
<BR>[Address Reference Count : 1]<UL><LI> printfa.o(i.__0vsnprintf)
</UL><P>
<H3>
Undefined Global Symbols
</H3><HR></body></html>
