<html>
<body>
<pre>
<h1>礦ision Build Log</h1>
<h2>Tool Versions:</h2>
IDE-Version: μVision V5.31.0.0
Copyright (C) 2020 ARM Ltd and ARM Germany GmbH. All rights reserved.
License Information: LI Lenovo, UESTC, LIC=VGXG8-3JFSR-Z94G9-4C2NG-B9KMX-53GU4
 
Tool Versions:
Toolchain:       MDK-ARM Plus  Version: 5.31.0.0
Toolchain Path:  E:\Keil_v5\ARM\ARMCC\Bin
C Compiler:      Armcc.exe V5.06 update 6 (build 750)
Assembler:       Armasm.exe V5.06 update 6 (build 750)
Linker/Locator:  ArmLink.exe V5.06 update 6 (build 750)
Library Manager: ArmAr.exe V5.06 update 6 (build 750)
Hex Converter:   FromElf.exe V5.06 update 6 (build 750)
CPU DLL:         SARMCM3.DLL V5.31.0.0
Dialog DLL:      DCM.DLL V1.17.3.0
Target DLL:      UL2CM3.DLL V1.163.4.0
Dialog DLL:      TCM.DLL V1.46.0.0
 
<h2>Project:</h2>
D:\stm32\ExtLoaders\W25Q256x2_STM32H750Pro\Project\MDK-ARM(AC5)\project.uvprojx
Project File Date:  10/07/2022

<h2>Output:</h2>
*** Using Compiler 'V5.06 update 6 (build 750)', folder: 'E:\Keil_v5\ARM\ARMCC\Bin'
Build target 'Flash'
compiling Dev_Inf.c...
compiling Loader_Src.c...
compiling stm32h7xx_hal_gpio.c...
compiling stm32h7xx_hal.c...
compiling bsp.c...
compiling stm32h7xx_hal_cortex.c...
compiling bsp_qspi_w25q256.c...
compiling system_stm32h7xx.c...
compiling stm32h7xx_hal_qspi.c...
compiling stm32h7xx_hal_rcc.c...
linking...
Program Size: Code=12692 RO-data=216 RW-data=24 ZI-data=76  
FromELF: creating hex file...
After Build - User command #1: cmd.exe /C copy ".\Objects\ARMFLY_STM32H7x_QSPI_W25Q256.axf" "..\ARMFLY_STM32H7x_QSPI_W25Q256.stldr"
已复制         1 个文件。
".\Objects\ARMFLY_STM32H7x_QSPI_W25Q256.axf" - 0 Error(s), 0 Warning(s).

<h2>Software Packages used:</h2>

Package Vendor: Keil
                http://www.keil.com/pack/Keil.STM32H7xx_DFP.3.0.0.pack
                Keil.STM32H7xx_DFP.3.0.0
                STMicroelectronics STM32H7 Series Device Support and Examples

<h2>Collection of Component include folders:</h2>
  E:\Users\Lenovo\AppData\Local\Arm\Packs\Keil\STM32H7xx_DFP\3.0.0\Drivers\CMSIS\Device\ST\STM32H7xx\Include

<h2>Collection of Component Files used:</h2>
Build Time Elapsed:  00:00:01
</pre>
</body>
</html>
