<!doctype html public "-//w3c//dtd html 4.0 transitional//en">
<html><head>
<title>Static Call Graph - [.\Objects\W25Q256x2_STM32H750Pro.axf]</title></head>
<body><HR>
<H1>Static Call Graph for image .\Objects\W25Q256x2_STM32H750Pro.axf</H1><HR>
<BR><P>#&#060CALLGRAPH&#062# ARM Linker, 5060960: Last Updated: Mon Aug 12 12:38:51 2024
<BR><P>
<H3>Maximum Stack Usage =          0 bytes</H3><H3>
Call chain for Maximum Stack Depth:</H3>

<P>
<H3>
Global Symbols
</H3>
<P><STRONG><a name="[aa]"></a>__asm___12_Loader_Src_c_Init____REV16</STRONG> (Thumb, 4 bytes, Stack size 0 bytes, loader_src.o(.rev16_text), UNUSED)

<P><STRONG><a name="[ab]"></a>__asm___5_bsp_c_2a3ab6ca____REV16</STRONG> (Thumb, 4 bytes, Stack size 0 bytes, bsp.o(.rev16_text), UNUSED)

<P><STRONG><a name="[ac]"></a>__asm___6_qspi_c_aad5ee93____REV16</STRONG> (Thumb, 4 bytes, Stack size 0 bytes, qspi.o(.rev16_text), UNUSED)

<P><STRONG><a name="[ad]"></a>__asm___15_stm32h7xx_hal_c_3da258af____REV16</STRONG> (Thumb, 4 bytes, Stack size 0 bytes, stm32h7xx_hal.o(.rev16_text), UNUSED)

<P><STRONG><a name="[ae]"></a>__asm___22_stm32h7xx_hal_cortex_c_2992dbc0____REV16</STRONG> (Thumb, 4 bytes, Stack size 0 bytes, stm32h7xx_hal_cortex.o(.rev16_text), UNUSED)

<P><STRONG><a name="[af]"></a>__asm___20_stm32h7xx_hal_gpio_c_ea787061____REV16</STRONG> (Thumb, 4 bytes, Stack size 0 bytes, stm32h7xx_hal_gpio.o(.rev16_text), UNUSED)

<P><STRONG><a name="[b0]"></a>__asm___20_stm32h7xx_hal_qspi_c_9f327679____REV16</STRONG> (Thumb, 4 bytes, Stack size 0 bytes, stm32h7xx_hal_qspi.o(.rev16_text), UNUSED)

<P><STRONG><a name="[b1]"></a>__asm___19_stm32h7xx_hal_rcc_c_b7071a4b____REV16</STRONG> (Thumb, 4 bytes, Stack size 0 bytes, stm32h7xx_hal_rcc.o(.rev16_text), UNUSED)

<P><STRONG><a name="[b2]"></a>__asm___22_stm32h7xx_hal_rcc_ex_c_bed13b44____REV16</STRONG> (Thumb, 4 bytes, Stack size 0 bytes, stm32h7xx_hal_rcc_ex.o(.rev16_text), UNUSED)

<P><STRONG><a name="[b3]"></a>__asm___20_stm32h7xx_hal_mdma_c_49e2804d____REV16</STRONG> (Thumb, 4 bytes, Stack size 0 bytes, stm32h7xx_hal_mdma.o(.rev16_text), UNUSED)

<P><STRONG><a name="[b4]"></a>__asm___22_stm32h7xx_hal_pwr_ex_c_75a25fd4____REV16</STRONG> (Thumb, 4 bytes, Stack size 0 bytes, stm32h7xx_hal_pwr_ex.o(.rev16_text), UNUSED)

<P><STRONG><a name="[b5]"></a>__asm___19_stm32h7xx_hal_pwr_c_f2cfe8be____REV16</STRONG> (Thumb, 4 bytes, Stack size 0 bytes, stm32h7xx_hal_pwr.o(.rev16_text), UNUSED)

<P><STRONG><a name="[b6]"></a>__asm___18_system_stm32h7xx_c_5d646a67____REV16</STRONG> (Thumb, 4 bytes, Stack size 0 bytes, system_stm32h7xx.o(.rev16_text), UNUSED)

<P><STRONG><a name="[b7]"></a>__asm___12_Loader_Src_c_Init____REVSH</STRONG> (Thumb, 4 bytes, Stack size 0 bytes, loader_src.o(.revsh_text), UNUSED)

<P><STRONG><a name="[b8]"></a>__asm___5_bsp_c_2a3ab6ca____REVSH</STRONG> (Thumb, 4 bytes, Stack size 0 bytes, bsp.o(.revsh_text), UNUSED)

<P><STRONG><a name="[b9]"></a>__asm___6_qspi_c_aad5ee93____REVSH</STRONG> (Thumb, 4 bytes, Stack size 0 bytes, qspi.o(.revsh_text), UNUSED)

<P><STRONG><a name="[ba]"></a>__asm___15_stm32h7xx_hal_c_3da258af____REVSH</STRONG> (Thumb, 4 bytes, Stack size 0 bytes, stm32h7xx_hal.o(.revsh_text), UNUSED)

<P><STRONG><a name="[bb]"></a>__asm___22_stm32h7xx_hal_cortex_c_2992dbc0____REVSH</STRONG> (Thumb, 4 bytes, Stack size 0 bytes, stm32h7xx_hal_cortex.o(.revsh_text), UNUSED)

<P><STRONG><a name="[bc]"></a>__asm___20_stm32h7xx_hal_gpio_c_ea787061____REVSH</STRONG> (Thumb, 4 bytes, Stack size 0 bytes, stm32h7xx_hal_gpio.o(.revsh_text), UNUSED)

<P><STRONG><a name="[bd]"></a>__asm___20_stm32h7xx_hal_qspi_c_9f327679____REVSH</STRONG> (Thumb, 4 bytes, Stack size 0 bytes, stm32h7xx_hal_qspi.o(.revsh_text), UNUSED)

<P><STRONG><a name="[be]"></a>__asm___19_stm32h7xx_hal_rcc_c_b7071a4b____REVSH</STRONG> (Thumb, 4 bytes, Stack size 0 bytes, stm32h7xx_hal_rcc.o(.revsh_text), UNUSED)

<P><STRONG><a name="[bf]"></a>__asm___22_stm32h7xx_hal_rcc_ex_c_bed13b44____REVSH</STRONG> (Thumb, 4 bytes, Stack size 0 bytes, stm32h7xx_hal_rcc_ex.o(.revsh_text), UNUSED)

<P><STRONG><a name="[c0]"></a>__asm___20_stm32h7xx_hal_mdma_c_49e2804d____REVSH</STRONG> (Thumb, 4 bytes, Stack size 0 bytes, stm32h7xx_hal_mdma.o(.revsh_text), UNUSED)

<P><STRONG><a name="[c1]"></a>__asm___22_stm32h7xx_hal_pwr_ex_c_75a25fd4____REVSH</STRONG> (Thumb, 4 bytes, Stack size 0 bytes, stm32h7xx_hal_pwr_ex.o(.revsh_text), UNUSED)

<P><STRONG><a name="[c2]"></a>__asm___19_stm32h7xx_hal_pwr_c_f2cfe8be____REVSH</STRONG> (Thumb, 4 bytes, Stack size 0 bytes, stm32h7xx_hal_pwr.o(.revsh_text), UNUSED)

<P><STRONG><a name="[c3]"></a>__asm___18_system_stm32h7xx_c_5d646a67____REVSH</STRONG> (Thumb, 4 bytes, Stack size 0 bytes, system_stm32h7xx.o(.revsh_text), UNUSED)

<P><STRONG><a name="[c4]"></a>__asm___12_Loader_Src_c_Init____RRX</STRONG> (Thumb, 6 bytes, Stack size 0 bytes, loader_src.o(.rrx_text), UNUSED)

<P><STRONG><a name="[c5]"></a>__asm___5_bsp_c_2a3ab6ca____RRX</STRONG> (Thumb, 6 bytes, Stack size 0 bytes, bsp.o(.rrx_text), UNUSED)

<P><STRONG><a name="[c6]"></a>__asm___6_qspi_c_aad5ee93____RRX</STRONG> (Thumb, 6 bytes, Stack size 0 bytes, qspi.o(.rrx_text), UNUSED)

<P><STRONG><a name="[c7]"></a>__asm___15_stm32h7xx_hal_c_3da258af____RRX</STRONG> (Thumb, 6 bytes, Stack size 0 bytes, stm32h7xx_hal.o(.rrx_text), UNUSED)

<P><STRONG><a name="[c8]"></a>__asm___22_stm32h7xx_hal_cortex_c_2992dbc0____RRX</STRONG> (Thumb, 6 bytes, Stack size 0 bytes, stm32h7xx_hal_cortex.o(.rrx_text), UNUSED)

<P><STRONG><a name="[c9]"></a>__asm___20_stm32h7xx_hal_gpio_c_ea787061____RRX</STRONG> (Thumb, 6 bytes, Stack size 0 bytes, stm32h7xx_hal_gpio.o(.rrx_text), UNUSED)

<P><STRONG><a name="[ca]"></a>__asm___20_stm32h7xx_hal_qspi_c_9f327679____RRX</STRONG> (Thumb, 6 bytes, Stack size 0 bytes, stm32h7xx_hal_qspi.o(.rrx_text), UNUSED)

<P><STRONG><a name="[cb]"></a>__asm___19_stm32h7xx_hal_rcc_c_b7071a4b____RRX</STRONG> (Thumb, 6 bytes, Stack size 0 bytes, stm32h7xx_hal_rcc.o(.rrx_text), UNUSED)

<P><STRONG><a name="[cc]"></a>__asm___22_stm32h7xx_hal_rcc_ex_c_bed13b44____RRX</STRONG> (Thumb, 6 bytes, Stack size 0 bytes, stm32h7xx_hal_rcc_ex.o(.rrx_text), UNUSED)

<P><STRONG><a name="[cd]"></a>__asm___20_stm32h7xx_hal_mdma_c_49e2804d____RRX</STRONG> (Thumb, 6 bytes, Stack size 0 bytes, stm32h7xx_hal_mdma.o(.rrx_text), UNUSED)

<P><STRONG><a name="[ce]"></a>__asm___22_stm32h7xx_hal_pwr_ex_c_75a25fd4____RRX</STRONG> (Thumb, 6 bytes, Stack size 0 bytes, stm32h7xx_hal_pwr_ex.o(.rrx_text), UNUSED)

<P><STRONG><a name="[cf]"></a>__asm___19_stm32h7xx_hal_pwr_c_f2cfe8be____RRX</STRONG> (Thumb, 6 bytes, Stack size 0 bytes, stm32h7xx_hal_pwr.o(.rrx_text), UNUSED)

<P><STRONG><a name="[d0]"></a>__asm___18_system_stm32h7xx_c_5d646a67____RRX</STRONG> (Thumb, 6 bytes, Stack size 0 bytes, system_stm32h7xx.o(.rrx_text), UNUSED)

<P><STRONG><a name="[0]"></a>Init</STRONG> (Thumb, 210 bytes, Stack size 40 bytes, loader_src.o(.text), UNUSED)
<BR><BR>[Calls]<UL><LI><a href="#[6]">&gt;&gt;</a>&nbsp;&nbsp;&nbsp;__aeabi_memclr4
<LI><a href="#[2]">&gt;&gt;</a>&nbsp;&nbsp;&nbsp;SystemInit
<LI><a href="#[3]">&gt;&gt;</a>&nbsp;&nbsp;&nbsp;SystemClock_Config
<LI><a href="#[9]">&gt;&gt;</a>&nbsp;&nbsp;&nbsp;QSPI_FLASH_WriteStatusReg
<LI><a href="#[5]">&gt;&gt;</a>&nbsp;&nbsp;&nbsp;QSPI_FLASH_ReadStatusReg
<LI><a href="#[d]">&gt;&gt;</a>&nbsp;&nbsp;&nbsp;QSPI_EnableMemoryMappedMode
<LI><a href="#[4]">&gt;&gt;</a>&nbsp;&nbsp;&nbsp;MX_QUADSPI_Init
<LI><a href="#[b]">&gt;&gt;</a>&nbsp;&nbsp;&nbsp;HAL_QSPI_MspInit
<LI><a href="#[a]">&gt;&gt;</a>&nbsp;&nbsp;&nbsp;HAL_QSPI_MspDeInit
<LI><a href="#[1]">&gt;&gt;</a>&nbsp;&nbsp;&nbsp;HAL_Init
<LI><a href="#[8]">&gt;&gt;</a>&nbsp;&nbsp;&nbsp;HAL_GPIO_WritePin
<LI><a href="#[7]">&gt;&gt;</a>&nbsp;&nbsp;&nbsp;HAL_GPIO_Init
<LI><a href="#[c]">&gt;&gt;</a>&nbsp;&nbsp;&nbsp;BSP_QSPI_Init
</UL>

<P><STRONG><a name="[e]"></a>Write</STRONG> (Thumb, 80 bytes, Stack size 24 bytes, loader_src.o(.text), UNUSED)
<BR><BR>[Calls]<UL><LI><a href="#[9]">&gt;&gt;</a>&nbsp;&nbsp;&nbsp;QSPI_FLASH_WriteStatusReg
<LI><a href="#[d]">&gt;&gt;</a>&nbsp;&nbsp;&nbsp;QSPI_EnableMemoryMappedMode
<LI><a href="#[4]">&gt;&gt;</a>&nbsp;&nbsp;&nbsp;MX_QUADSPI_Init
<LI><a href="#[f]">&gt;&gt;</a>&nbsp;&nbsp;&nbsp;BSP_QSPI_Write
<LI><a href="#[c]">&gt;&gt;</a>&nbsp;&nbsp;&nbsp;BSP_QSPI_Init
</UL>

<P><STRONG><a name="[10]"></a>SectorErase</STRONG> (Thumb, 92 bytes, Stack size 24 bytes, loader_src.o(.text), UNUSED)
<BR><BR>[Calls]<UL><LI><a href="#[9]">&gt;&gt;</a>&nbsp;&nbsp;&nbsp;QSPI_FLASH_WriteStatusReg
<LI><a href="#[d]">&gt;&gt;</a>&nbsp;&nbsp;&nbsp;QSPI_EnableMemoryMappedMode
<LI><a href="#[4]">&gt;&gt;</a>&nbsp;&nbsp;&nbsp;MX_QUADSPI_Init
<LI><a href="#[c]">&gt;&gt;</a>&nbsp;&nbsp;&nbsp;BSP_QSPI_Init
<LI><a href="#[11]">&gt;&gt;</a>&nbsp;&nbsp;&nbsp;BSP_QSPI_Erase_Block64
</UL>

<P><STRONG><a name="[12]"></a>MassErase</STRONG> (Thumb, 42 bytes, Stack size 8 bytes, loader_src.o(.text), UNUSED)
<BR><BR>[Calls]<UL><LI><a href="#[9]">&gt;&gt;</a>&nbsp;&nbsp;&nbsp;QSPI_FLASH_WriteStatusReg
<LI><a href="#[d]">&gt;&gt;</a>&nbsp;&nbsp;&nbsp;QSPI_EnableMemoryMappedMode
<LI><a href="#[4]">&gt;&gt;</a>&nbsp;&nbsp;&nbsp;MX_QUADSPI_Init
<LI><a href="#[c]">&gt;&gt;</a>&nbsp;&nbsp;&nbsp;BSP_QSPI_Init
<LI><a href="#[13]">&gt;&gt;</a>&nbsp;&nbsp;&nbsp;BSP_QSPI_Erase_Chip
</UL>

<P><STRONG><a name="[36]"></a>HAL_InitTick</STRONG> (Thumb, 6 bytes, Stack size 0 bytes, bsp.o(.text), UNUSED)
<BR><BR>[Called By]<UL><LI><a href="#[64]">&gt;&gt;</a>&nbsp;&nbsp;&nbsp;HAL_RCC_DeInit
<LI><a href="#[39]">&gt;&gt;</a>&nbsp;&nbsp;&nbsp;HAL_SetTickFreq
<LI><a href="#[17]">&gt;&gt;</a>&nbsp;&nbsp;&nbsp;HAL_RCC_ClockConfig
<LI><a href="#[1]">&gt;&gt;</a>&nbsp;&nbsp;&nbsp;HAL_Init
</UL>

<P><STRONG><a name="[3]"></a>SystemClock_Config</STRONG> (Thumb, 172 bytes, Stack size 120 bytes, bsp.o(.text), UNUSED)
<BR><BR>[Calls]<UL><LI><a href="#[6]">&gt;&gt;</a>&nbsp;&nbsp;&nbsp;__aeabi_memclr4
<LI><a href="#[15]">&gt;&gt;</a>&nbsp;&nbsp;&nbsp;HAL_RCC_OscConfig
<LI><a href="#[17]">&gt;&gt;</a>&nbsp;&nbsp;&nbsp;HAL_RCC_ClockConfig
<LI><a href="#[14]">&gt;&gt;</a>&nbsp;&nbsp;&nbsp;HAL_PWREx_ConfigSupply
<LI><a href="#[16]">&gt;&gt;</a>&nbsp;&nbsp;&nbsp;Error_Handler
</UL>
<BR>[Called By]<UL><LI><a href="#[0]">&gt;&gt;</a>&nbsp;&nbsp;&nbsp;Init
</UL>

<P><STRONG><a name="[16]"></a>Error_Handler</STRONG> (Thumb, 6 bytes, Stack size 0 bytes, qspi.o(.text), UNUSED)
<BR><BR>[Called By]<UL><LI><a href="#[3]">&gt;&gt;</a>&nbsp;&nbsp;&nbsp;SystemClock_Config
<LI><a href="#[4]">&gt;&gt;</a>&nbsp;&nbsp;&nbsp;MX_QUADSPI_Init
<LI><a href="#[b]">&gt;&gt;</a>&nbsp;&nbsp;&nbsp;HAL_QSPI_MspInit
</UL>

<P><STRONG><a name="[4]"></a>MX_QUADSPI_Init</STRONG> (Thumb, 90 bytes, Stack size 16 bytes, qspi.o(.text), UNUSED)
<BR><BR>[Calls]<UL><LI><a href="#[19]">&gt;&gt;</a>&nbsp;&nbsp;&nbsp;HAL_QSPI_Init
<LI><a href="#[18]">&gt;&gt;</a>&nbsp;&nbsp;&nbsp;HAL_QSPI_DeInit
<LI><a href="#[16]">&gt;&gt;</a>&nbsp;&nbsp;&nbsp;Error_Handler
</UL>
<BR>[Called By]<UL><LI><a href="#[12]">&gt;&gt;</a>&nbsp;&nbsp;&nbsp;MassErase
<LI><a href="#[10]">&gt;&gt;</a>&nbsp;&nbsp;&nbsp;SectorErase
<LI><a href="#[e]">&gt;&gt;</a>&nbsp;&nbsp;&nbsp;Write
<LI><a href="#[0]">&gt;&gt;</a>&nbsp;&nbsp;&nbsp;Init
</UL>

<P><STRONG><a name="[b]"></a>HAL_QSPI_MspInit</STRONG> (Thumb, 412 bytes, Stack size 224 bytes, qspi.o(.text), UNUSED)
<BR><BR>[Calls]<UL><LI><a href="#[6]">&gt;&gt;</a>&nbsp;&nbsp;&nbsp;__aeabi_memclr4
<LI><a href="#[1a]">&gt;&gt;</a>&nbsp;&nbsp;&nbsp;HAL_RCCEx_PeriphCLKConfig
<LI><a href="#[1b]">&gt;&gt;</a>&nbsp;&nbsp;&nbsp;HAL_NVIC_SetPriority
<LI><a href="#[1c]">&gt;&gt;</a>&nbsp;&nbsp;&nbsp;HAL_NVIC_EnableIRQ
<LI><a href="#[16]">&gt;&gt;</a>&nbsp;&nbsp;&nbsp;Error_Handler
<LI><a href="#[7]">&gt;&gt;</a>&nbsp;&nbsp;&nbsp;HAL_GPIO_Init
</UL>
<BR>[Called By]<UL><LI><a href="#[19]">&gt;&gt;</a>&nbsp;&nbsp;&nbsp;HAL_QSPI_Init
<LI><a href="#[0]">&gt;&gt;</a>&nbsp;&nbsp;&nbsp;Init
</UL>

<P><STRONG><a name="[a]"></a>HAL_QSPI_MspDeInit</STRONG> (Thumb, 68 bytes, Stack size 8 bytes, qspi.o(.text), UNUSED)
<BR><BR>[Calls]<UL><LI><a href="#[1e]">&gt;&gt;</a>&nbsp;&nbsp;&nbsp;HAL_NVIC_DisableIRQ
<LI><a href="#[1d]">&gt;&gt;</a>&nbsp;&nbsp;&nbsp;HAL_GPIO_DeInit
</UL>
<BR>[Called By]<UL><LI><a href="#[18]">&gt;&gt;</a>&nbsp;&nbsp;&nbsp;HAL_QSPI_DeInit
<LI><a href="#[0]">&gt;&gt;</a>&nbsp;&nbsp;&nbsp;Init
</UL>

<P><STRONG><a name="[d]"></a>QSPI_EnableMemoryMappedMode</STRONG> (Thumb, 68 bytes, Stack size 72 bytes, qspi.o(.text), UNUSED)
<BR><BR>[Calls]<UL><LI><a href="#[1f]">&gt;&gt;</a>&nbsp;&nbsp;&nbsp;HAL_QSPI_MemoryMapped
</UL>
<BR>[Called By]<UL><LI><a href="#[12]">&gt;&gt;</a>&nbsp;&nbsp;&nbsp;MassErase
<LI><a href="#[10]">&gt;&gt;</a>&nbsp;&nbsp;&nbsp;SectorErase
<LI><a href="#[e]">&gt;&gt;</a>&nbsp;&nbsp;&nbsp;Write
<LI><a href="#[0]">&gt;&gt;</a>&nbsp;&nbsp;&nbsp;Init
</UL>

<P><STRONG><a name="[5]"></a>QSPI_FLASH_ReadStatusReg</STRONG> (Thumb, 140 bytes, Stack size 80 bytes, qspi.o(.text), UNUSED)
<BR><BR>[Calls]<UL><LI><a href="#[23]">&gt;&gt;</a>&nbsp;&nbsp;&nbsp;HAL_QSPI_Receive
<LI><a href="#[22]">&gt;&gt;</a>&nbsp;&nbsp;&nbsp;HAL_QSPI_Command
</UL>
<BR>[Called By]<UL><LI><a href="#[24]">&gt;&gt;</a>&nbsp;&nbsp;&nbsp;QSPI_FLASH_Wait_Busy
<LI><a href="#[0]">&gt;&gt;</a>&nbsp;&nbsp;&nbsp;Init
</UL>

<P><STRONG><a name="[24]"></a>QSPI_FLASH_Wait_Busy</STRONG> (Thumb, 28 bytes, Stack size 8 bytes, qspi.o(.text), UNUSED)
<BR><BR>[Calls]<UL><LI><a href="#[5]">&gt;&gt;</a>&nbsp;&nbsp;&nbsp;QSPI_FLASH_ReadStatusReg
</UL>
<BR>[Called By]<UL><LI><a href="#[25]">&gt;&gt;</a>&nbsp;&nbsp;&nbsp;QSPI_WriteEnable
</UL>

<P><STRONG><a name="[26]"></a>QSPI_EnterFourBytesAddress</STRONG> (Thumb, 74 bytes, Stack size 64 bytes, qspi.o(.text), UNUSED)
<BR><BR>[Calls]<UL><LI><a href="#[22]">&gt;&gt;</a>&nbsp;&nbsp;&nbsp;HAL_QSPI_Command
<LI><a href="#[25]">&gt;&gt;</a>&nbsp;&nbsp;&nbsp;QSPI_WriteEnable
<LI><a href="#[20]">&gt;&gt;</a>&nbsp;&nbsp;&nbsp;QSPI_AutoPollingMemReady
</UL>
<BR>[Called By]<UL><LI><a href="#[c]">&gt;&gt;</a>&nbsp;&nbsp;&nbsp;BSP_QSPI_Init
</UL>

<P><STRONG><a name="[c]"></a>BSP_QSPI_Init</STRONG> (Thumb, 130 bytes, Stack size 64 bytes, qspi.o(.text), UNUSED)
<BR><BR>[Calls]<UL><LI><a href="#[28]">&gt;&gt;</a>&nbsp;&nbsp;&nbsp;HAL_QSPI_Transmit
<LI><a href="#[22]">&gt;&gt;</a>&nbsp;&nbsp;&nbsp;HAL_QSPI_Command
<LI><a href="#[26]">&gt;&gt;</a>&nbsp;&nbsp;&nbsp;QSPI_EnterFourBytesAddress
<LI><a href="#[27]">&gt;&gt;</a>&nbsp;&nbsp;&nbsp;QSPI_ResetMemory
<LI><a href="#[25]">&gt;&gt;</a>&nbsp;&nbsp;&nbsp;QSPI_WriteEnable
<LI><a href="#[20]">&gt;&gt;</a>&nbsp;&nbsp;&nbsp;QSPI_AutoPollingMemReady
</UL>
<BR>[Called By]<UL><LI><a href="#[12]">&gt;&gt;</a>&nbsp;&nbsp;&nbsp;MassErase
<LI><a href="#[10]">&gt;&gt;</a>&nbsp;&nbsp;&nbsp;SectorErase
<LI><a href="#[e]">&gt;&gt;</a>&nbsp;&nbsp;&nbsp;Write
<LI><a href="#[0]">&gt;&gt;</a>&nbsp;&nbsp;&nbsp;Init
</UL>

<P><STRONG><a name="[29]"></a>BSP_QSPI_Read</STRONG> (Thumb, 108 bytes, Stack size 72 bytes, qspi.o(.text), UNUSED)
<BR><BR>[Calls]<UL><LI><a href="#[23]">&gt;&gt;</a>&nbsp;&nbsp;&nbsp;HAL_QSPI_Receive
<LI><a href="#[22]">&gt;&gt;</a>&nbsp;&nbsp;&nbsp;HAL_QSPI_Command
</UL>

<P><STRONG><a name="[2a]"></a>BSP_QSPI_FastRead</STRONG> (Thumb, 108 bytes, Stack size 72 bytes, qspi.o(.text), UNUSED)
<BR><BR>[Calls]<UL><LI><a href="#[23]">&gt;&gt;</a>&nbsp;&nbsp;&nbsp;HAL_QSPI_Receive
<LI><a href="#[22]">&gt;&gt;</a>&nbsp;&nbsp;&nbsp;HAL_QSPI_Command
</UL>

<P><STRONG><a name="[f]"></a>BSP_QSPI_Write</STRONG> (Thumb, 198 bytes, Stack size 88 bytes, qspi.o(.text), UNUSED)
<BR><BR>[Calls]<UL><LI><a href="#[28]">&gt;&gt;</a>&nbsp;&nbsp;&nbsp;HAL_QSPI_Transmit
<LI><a href="#[22]">&gt;&gt;</a>&nbsp;&nbsp;&nbsp;HAL_QSPI_Command
<LI><a href="#[25]">&gt;&gt;</a>&nbsp;&nbsp;&nbsp;QSPI_WriteEnable
<LI><a href="#[20]">&gt;&gt;</a>&nbsp;&nbsp;&nbsp;QSPI_AutoPollingMemReady
</UL>
<BR>[Called By]<UL><LI><a href="#[e]">&gt;&gt;</a>&nbsp;&nbsp;&nbsp;Write
</UL>

<P><STRONG><a name="[2b]"></a>BSP_QSPI_Erase_Sector</STRONG> (Thumb, 92 bytes, Stack size 64 bytes, qspi.o(.text), UNUSED)
<BR><BR>[Calls]<UL><LI><a href="#[22]">&gt;&gt;</a>&nbsp;&nbsp;&nbsp;HAL_QSPI_Command
<LI><a href="#[25]">&gt;&gt;</a>&nbsp;&nbsp;&nbsp;QSPI_WriteEnable
<LI><a href="#[20]">&gt;&gt;</a>&nbsp;&nbsp;&nbsp;QSPI_AutoPollingMemReady
</UL>

<P><STRONG><a name="[2c]"></a>BSP_QSPI_Erase_Block32</STRONG> (Thumb, 94 bytes, Stack size 64 bytes, qspi.o(.text), UNUSED)
<BR><BR>[Calls]<UL><LI><a href="#[22]">&gt;&gt;</a>&nbsp;&nbsp;&nbsp;HAL_QSPI_Command
<LI><a href="#[25]">&gt;&gt;</a>&nbsp;&nbsp;&nbsp;QSPI_WriteEnable
<LI><a href="#[20]">&gt;&gt;</a>&nbsp;&nbsp;&nbsp;QSPI_AutoPollingMemReady
</UL>

<P><STRONG><a name="[11]"></a>BSP_QSPI_Erase_Block64</STRONG> (Thumb, 94 bytes, Stack size 64 bytes, qspi.o(.text), UNUSED)
<BR><BR>[Calls]<UL><LI><a href="#[22]">&gt;&gt;</a>&nbsp;&nbsp;&nbsp;HAL_QSPI_Command
<LI><a href="#[25]">&gt;&gt;</a>&nbsp;&nbsp;&nbsp;QSPI_WriteEnable
<LI><a href="#[20]">&gt;&gt;</a>&nbsp;&nbsp;&nbsp;QSPI_AutoPollingMemReady
</UL>
<BR>[Called By]<UL><LI><a href="#[10]">&gt;&gt;</a>&nbsp;&nbsp;&nbsp;SectorErase
</UL>

<P><STRONG><a name="[13]"></a>BSP_QSPI_Erase_Chip</STRONG> (Thumb, 84 bytes, Stack size 64 bytes, qspi.o(.text), UNUSED)
<BR><BR>[Calls]<UL><LI><a href="#[22]">&gt;&gt;</a>&nbsp;&nbsp;&nbsp;HAL_QSPI_Command
<LI><a href="#[25]">&gt;&gt;</a>&nbsp;&nbsp;&nbsp;QSPI_WriteEnable
<LI><a href="#[20]">&gt;&gt;</a>&nbsp;&nbsp;&nbsp;QSPI_AutoPollingMemReady
</UL>
<BR>[Called By]<UL><LI><a href="#[12]">&gt;&gt;</a>&nbsp;&nbsp;&nbsp;MassErase
</UL>

<P><STRONG><a name="[2d]"></a>BSP_QSPI_GetStatus</STRONG> (Thumb, 102 bytes, Stack size 64 bytes, qspi.o(.text), UNUSED)
<BR><BR>[Calls]<UL><LI><a href="#[23]">&gt;&gt;</a>&nbsp;&nbsp;&nbsp;HAL_QSPI_Receive
<LI><a href="#[22]">&gt;&gt;</a>&nbsp;&nbsp;&nbsp;HAL_QSPI_Command
</UL>

<P><STRONG><a name="[d1]"></a>BSP_QSPI_GetInfo</STRONG> (Thumb, 28 bytes, Stack size 0 bytes, qspi.o(.text), UNUSED)

<P><STRONG><a name="[2e]"></a>QSPI_FLASH_ReadID</STRONG> (Thumb, 120 bytes, Stack size 72 bytes, qspi.o(.text), UNUSED)
<BR><BR>[Calls]<UL><LI><a href="#[23]">&gt;&gt;</a>&nbsp;&nbsp;&nbsp;HAL_QSPI_Receive
<LI><a href="#[22]">&gt;&gt;</a>&nbsp;&nbsp;&nbsp;HAL_QSPI_Command
</UL>

<P><STRONG><a name="[2f]"></a>QSPI_FLASH_ReadDeviceID</STRONG> (Thumb, 136 bytes, Stack size 72 bytes, qspi.o(.text), UNUSED)
<BR><BR>[Calls]<UL><LI><a href="#[23]">&gt;&gt;</a>&nbsp;&nbsp;&nbsp;HAL_QSPI_Receive
<LI><a href="#[22]">&gt;&gt;</a>&nbsp;&nbsp;&nbsp;HAL_QSPI_Command
</UL>

<P><STRONG><a name="[9]"></a>QSPI_FLASH_WriteStatusReg</STRONG> (Thumb, 142 bytes, Stack size 72 bytes, qspi.o(.text), UNUSED)
<BR><BR>[Calls]<UL><LI><a href="#[28]">&gt;&gt;</a>&nbsp;&nbsp;&nbsp;HAL_QSPI_Transmit
<LI><a href="#[22]">&gt;&gt;</a>&nbsp;&nbsp;&nbsp;HAL_QSPI_Command
<LI><a href="#[25]">&gt;&gt;</a>&nbsp;&nbsp;&nbsp;QSPI_WriteEnable
<LI><a href="#[20]">&gt;&gt;</a>&nbsp;&nbsp;&nbsp;QSPI_AutoPollingMemReady
</UL>
<BR>[Called By]<UL><LI><a href="#[12]">&gt;&gt;</a>&nbsp;&nbsp;&nbsp;MassErase
<LI><a href="#[10]">&gt;&gt;</a>&nbsp;&nbsp;&nbsp;SectorErase
<LI><a href="#[e]">&gt;&gt;</a>&nbsp;&nbsp;&nbsp;Write
<LI><a href="#[0]">&gt;&gt;</a>&nbsp;&nbsp;&nbsp;Init
</UL>

<P><STRONG><a name="[30]"></a>QSPI_Set_WP_High</STRONG> (Thumb, 68 bytes, Stack size 32 bytes, qspi.o(.text), UNUSED)
<BR><BR>[Calls]<UL><LI><a href="#[8]">&gt;&gt;</a>&nbsp;&nbsp;&nbsp;HAL_GPIO_WritePin
<LI><a href="#[7]">&gt;&gt;</a>&nbsp;&nbsp;&nbsp;HAL_GPIO_Init
</UL>

<P><STRONG><a name="[31]"></a>QSPI_Set_WP_TO_QSPI_IO</STRONG> (Thumb, 64 bytes, Stack size 32 bytes, qspi.o(.text), UNUSED)
<BR><BR>[Calls]<UL><LI><a href="#[7]">&gt;&gt;</a>&nbsp;&nbsp;&nbsp;HAL_GPIO_Init
</UL>

<P><STRONG><a name="[3a]"></a>assert_failed</STRONG> (Thumb, 2 bytes, Stack size 0 bytes, qspi.o(.text), UNUSED)
<BR><BR>[Called By]<UL><LI><a href="#[a8]">&gt;&gt;</a>&nbsp;&nbsp;&nbsp;HAL_PWR_EnterSTOPMode
<LI><a href="#[a7]">&gt;&gt;</a>&nbsp;&nbsp;&nbsp;HAL_PWR_EnterSLEEPMode
<LI><a href="#[a6]">&gt;&gt;</a>&nbsp;&nbsp;&nbsp;HAL_PWR_DisableWakeUpPin
<LI><a href="#[a5]">&gt;&gt;</a>&nbsp;&nbsp;&nbsp;HAL_PWR_EnableWakeUpPin
<LI><a href="#[a4]">&gt;&gt;</a>&nbsp;&nbsp;&nbsp;HAL_PWR_ConfigPVD
<LI><a href="#[a0]">&gt;&gt;</a>&nbsp;&nbsp;&nbsp;HAL_PWREx_ConfigAVD
<LI><a href="#[9f]">&gt;&gt;</a>&nbsp;&nbsp;&nbsp;HAL_PWREx_EnableBatteryCharging
<LI><a href="#[93]">&gt;&gt;</a>&nbsp;&nbsp;&nbsp;HAL_PWREx_ClearWakeupFlag
<LI><a href="#[92]">&gt;&gt;</a>&nbsp;&nbsp;&nbsp;HAL_PWREx_GetWakeupFlag
<LI><a href="#[91]">&gt;&gt;</a>&nbsp;&nbsp;&nbsp;HAL_PWREx_DisableWakeUpPin
<LI><a href="#[90]">&gt;&gt;</a>&nbsp;&nbsp;&nbsp;HAL_PWREx_EnableWakeUpPin
<LI><a href="#[8f]">&gt;&gt;</a>&nbsp;&nbsp;&nbsp;HAL_PWREx_ConfigD3Domain
<LI><a href="#[8e]">&gt;&gt;</a>&nbsp;&nbsp;&nbsp;HAL_PWREx_EnterSTANDBYMode
<LI><a href="#[8d]">&gt;&gt;</a>&nbsp;&nbsp;&nbsp;HAL_PWREx_EnterSTOPMode
<LI><a href="#[8c]">&gt;&gt;</a>&nbsp;&nbsp;&nbsp;HAL_PWREx_ControlStopModeVoltageScaling
<LI><a href="#[8b]">&gt;&gt;</a>&nbsp;&nbsp;&nbsp;HAL_PWREx_ControlVoltageScaling
<LI><a href="#[8a]">&gt;&gt;</a>&nbsp;&nbsp;&nbsp;HAL_MDMA_PollForTransfer
<LI><a href="#[88]">&gt;&gt;</a>&nbsp;&nbsp;&nbsp;HAL_MDMA_Start_IT
<LI><a href="#[86]">&gt;&gt;</a>&nbsp;&nbsp;&nbsp;HAL_MDMA_Start
<LI><a href="#[85]">&gt;&gt;</a>&nbsp;&nbsp;&nbsp;HAL_MDMA_LinkedList_CreateNode
<LI><a href="#[83]">&gt;&gt;</a>&nbsp;&nbsp;&nbsp;HAL_MDMA_Init
<LI><a href="#[7a]">&gt;&gt;</a>&nbsp;&nbsp;&nbsp;HAL_RCCEx_CRSGetSynchronizationInfo
<LI><a href="#[79]">&gt;&gt;</a>&nbsp;&nbsp;&nbsp;HAL_RCCEx_CRSConfig
<LI><a href="#[78]">&gt;&gt;</a>&nbsp;&nbsp;&nbsp;HAL_RCCEx_WWDGxSysResetConfig
<LI><a href="#[77]">&gt;&gt;</a>&nbsp;&nbsp;&nbsp;HAL_RCCEx_KerWakeUpStopCLKConfig
<LI><a href="#[76]">&gt;&gt;</a>&nbsp;&nbsp;&nbsp;HAL_RCCEx_WakeUpStopCLKConfig
<LI><a href="#[6e]">&gt;&gt;</a>&nbsp;&nbsp;&nbsp;RCCEx_PLL2_Config
<LI><a href="#[6d]">&gt;&gt;</a>&nbsp;&nbsp;&nbsp;RCCEx_PLL3_Config
<LI><a href="#[66]">&gt;&gt;</a>&nbsp;&nbsp;&nbsp;HAL_RCC_MCOConfig
<LI><a href="#[63]">&gt;&gt;</a>&nbsp;&nbsp;&nbsp;HAL_QSPI_SetFlashID
<LI><a href="#[61]">&gt;&gt;</a>&nbsp;&nbsp;&nbsp;HAL_QSPI_AutoPolling_IT
<LI><a href="#[60]">&gt;&gt;</a>&nbsp;&nbsp;&nbsp;HAL_QSPI_Command_IT
<LI><a href="#[5f]">&gt;&gt;</a>&nbsp;&nbsp;&nbsp;QSPI_Config
<LI><a href="#[5a]">&gt;&gt;</a>&nbsp;&nbsp;&nbsp;HAL_GPIO_LockPin
<LI><a href="#[59]">&gt;&gt;</a>&nbsp;&nbsp;&nbsp;HAL_GPIO_TogglePin
<LI><a href="#[58]">&gt;&gt;</a>&nbsp;&nbsp;&nbsp;HAL_GPIO_ReadPin
<LI><a href="#[55]">&gt;&gt;</a>&nbsp;&nbsp;&nbsp;HAL_SYSTICK_CLKSourceConfig
<LI><a href="#[54]">&gt;&gt;</a>&nbsp;&nbsp;&nbsp;HAL_NVIC_GetActive
<LI><a href="#[53]">&gt;&gt;</a>&nbsp;&nbsp;&nbsp;HAL_NVIC_ClearPendingIRQ
<LI><a href="#[52]">&gt;&gt;</a>&nbsp;&nbsp;&nbsp;HAL_NVIC_GetPendingIRQ
<LI><a href="#[51]">&gt;&gt;</a>&nbsp;&nbsp;&nbsp;HAL_NVIC_SetPendingIRQ
<LI><a href="#[50]">&gt;&gt;</a>&nbsp;&nbsp;&nbsp;HAL_NVIC_GetPriority
<LI><a href="#[4e]">&gt;&gt;</a>&nbsp;&nbsp;&nbsp;HAL_MPU_ConfigRegion
<LI><a href="#[34]">&gt;&gt;</a>&nbsp;&nbsp;&nbsp;HAL_NVIC_SetPriorityGrouping
<LI><a href="#[4b]">&gt;&gt;</a>&nbsp;&nbsp;&nbsp;HAL_EXTI_D3_EventInputConfig
<LI><a href="#[4a]">&gt;&gt;</a>&nbsp;&nbsp;&nbsp;HAL_EXTI_D1_EventInputConfig
<LI><a href="#[49]">&gt;&gt;</a>&nbsp;&nbsp;&nbsp;HAL_EXTI_D1_ClearFlag
<LI><a href="#[48]">&gt;&gt;</a>&nbsp;&nbsp;&nbsp;HAL_EXTI_GenerateSWInterrupt
<LI><a href="#[47]">&gt;&gt;</a>&nbsp;&nbsp;&nbsp;HAL_EXTI_EdgeConfig
<LI><a href="#[46]">&gt;&gt;</a>&nbsp;&nbsp;&nbsp;HAL_SetFMCMemorySwappingConfig
<LI><a href="#[45]">&gt;&gt;</a>&nbsp;&nbsp;&nbsp;HAL_SYSCFG_CompensationCodeConfig
<LI><a href="#[44]">&gt;&gt;</a>&nbsp;&nbsp;&nbsp;HAL_SYSCFG_CompensationCodeSelect
<LI><a href="#[43]">&gt;&gt;</a>&nbsp;&nbsp;&nbsp;HAL_SYSCFG_CM7BootAddConfig
<LI><a href="#[42]">&gt;&gt;</a>&nbsp;&nbsp;&nbsp;HAL_SYSCFG_AnalogSwitchConfig
<LI><a href="#[41]">&gt;&gt;</a>&nbsp;&nbsp;&nbsp;HAL_SYSCFG_ETHInterfaceSelect
<LI><a href="#[3f]">&gt;&gt;</a>&nbsp;&nbsp;&nbsp;HAL_SYSCFG_VREFBUF_TrimmingConfig
<LI><a href="#[3e]">&gt;&gt;</a>&nbsp;&nbsp;&nbsp;HAL_SYSCFG_VREFBUF_HighImpedanceConfig
<LI><a href="#[3d]">&gt;&gt;</a>&nbsp;&nbsp;&nbsp;HAL_SYSCFG_VREFBUF_VoltageScalingConfig
<LI><a href="#[39]">&gt;&gt;</a>&nbsp;&nbsp;&nbsp;HAL_SetTickFreq
<LI><a href="#[1a]">&gt;&gt;</a>&nbsp;&nbsp;&nbsp;HAL_RCCEx_PeriphCLKConfig
<LI><a href="#[1f]">&gt;&gt;</a>&nbsp;&nbsp;&nbsp;HAL_QSPI_MemoryMapped
<LI><a href="#[19]">&gt;&gt;</a>&nbsp;&nbsp;&nbsp;HAL_QSPI_Init
<LI><a href="#[22]">&gt;&gt;</a>&nbsp;&nbsp;&nbsp;HAL_QSPI_Command
<LI><a href="#[21]">&gt;&gt;</a>&nbsp;&nbsp;&nbsp;HAL_QSPI_AutoPolling
<LI><a href="#[1b]">&gt;&gt;</a>&nbsp;&nbsp;&nbsp;HAL_NVIC_SetPriority
<LI><a href="#[1c]">&gt;&gt;</a>&nbsp;&nbsp;&nbsp;HAL_NVIC_EnableIRQ
<LI><a href="#[1e]">&gt;&gt;</a>&nbsp;&nbsp;&nbsp;HAL_NVIC_DisableIRQ
<LI><a href="#[1d]">&gt;&gt;</a>&nbsp;&nbsp;&nbsp;HAL_GPIO_DeInit
<LI><a href="#[15]">&gt;&gt;</a>&nbsp;&nbsp;&nbsp;HAL_RCC_OscConfig
<LI><a href="#[17]">&gt;&gt;</a>&nbsp;&nbsp;&nbsp;HAL_RCC_ClockConfig
<LI><a href="#[14]">&gt;&gt;</a>&nbsp;&nbsp;&nbsp;HAL_PWREx_ConfigSupply
<LI><a href="#[8]">&gt;&gt;</a>&nbsp;&nbsp;&nbsp;HAL_GPIO_WritePin
<LI><a href="#[7]">&gt;&gt;</a>&nbsp;&nbsp;&nbsp;HAL_GPIO_Init
</UL>

<P><STRONG><a name="[32]"></a>HAL_MspInit</STRONG> (Thumb, 2 bytes, Stack size 0 bytes, stm32h7xx_hal.o(.text), UNUSED)
<BR><BR>[Calls]<UL><LI><a href="#[33]">&gt;&gt;</a>&nbsp;&nbsp;&nbsp;HAL_SYSTICK_Config
<LI><a href="#[1b]">&gt;&gt;</a>&nbsp;&nbsp;&nbsp;HAL_NVIC_SetPriority
</UL>
<BR>[Called By]<UL><LI><a href="#[1]">&gt;&gt;</a>&nbsp;&nbsp;&nbsp;HAL_Init
</UL>

<P><STRONG><a name="[1]"></a>HAL_Init</STRONG> (Thumb, 86 bytes, Stack size 8 bytes, stm32h7xx_hal.o(.text), UNUSED)
<BR><BR>[Calls]<UL><LI><a href="#[32]">&gt;&gt;</a>&nbsp;&nbsp;&nbsp;HAL_MspInit
<LI><a href="#[35]">&gt;&gt;</a>&nbsp;&nbsp;&nbsp;HAL_RCC_GetSysClockFreq
<LI><a href="#[34]">&gt;&gt;</a>&nbsp;&nbsp;&nbsp;HAL_NVIC_SetPriorityGrouping
<LI><a href="#[36]">&gt;&gt;</a>&nbsp;&nbsp;&nbsp;HAL_InitTick
</UL>
<BR>[Called By]<UL><LI><a href="#[0]">&gt;&gt;</a>&nbsp;&nbsp;&nbsp;Init
</UL>

<P><STRONG><a name="[38]"></a>HAL_MspDeInit</STRONG> (Thumb, 2 bytes, Stack size 0 bytes, stm32h7xx_hal.o(.text), UNUSED)
<BR><BR>[Called By]<UL><LI><a href="#[37]">&gt;&gt;</a>&nbsp;&nbsp;&nbsp;HAL_DeInit
</UL>

<P><STRONG><a name="[37]"></a>HAL_DeInit</STRONG> (Thumb, 106 bytes, Stack size 8 bytes, stm32h7xx_hal.o(.text), UNUSED)
<BR><BR>[Calls]<UL><LI><a href="#[38]">&gt;&gt;</a>&nbsp;&nbsp;&nbsp;HAL_MspDeInit
</UL>

<P><STRONG><a name="[d2]"></a>HAL_IncTick</STRONG> (Thumb, 22 bytes, Stack size 0 bytes, stm32h7xx_hal.o(.text), UNUSED)

<P><STRONG><a name="[3c]"></a>HAL_GetTick</STRONG> (Thumb, 8 bytes, Stack size 0 bytes, stm32h7xx_hal.o(.text), UNUSED)
<BR><BR>[Called By]<UL><LI><a href="#[9e]">&gt;&gt;</a>&nbsp;&nbsp;&nbsp;HAL_PWREx_DisableUSBReg
<LI><a href="#[9d]">&gt;&gt;</a>&nbsp;&nbsp;&nbsp;HAL_PWREx_EnableUSBReg
<LI><a href="#[9c]">&gt;&gt;</a>&nbsp;&nbsp;&nbsp;HAL_PWREx_DisableBkUpReg
<LI><a href="#[9b]">&gt;&gt;</a>&nbsp;&nbsp;&nbsp;HAL_PWREx_EnableBkUpReg
<LI><a href="#[8b]">&gt;&gt;</a>&nbsp;&nbsp;&nbsp;HAL_PWREx_ControlVoltageScaling
<LI><a href="#[8a]">&gt;&gt;</a>&nbsp;&nbsp;&nbsp;HAL_MDMA_PollForTransfer
<LI><a href="#[89]">&gt;&gt;</a>&nbsp;&nbsp;&nbsp;HAL_MDMA_Abort
<LI><a href="#[83]">&gt;&gt;</a>&nbsp;&nbsp;&nbsp;HAL_MDMA_Init
<LI><a href="#[7b]">&gt;&gt;</a>&nbsp;&nbsp;&nbsp;HAL_RCCEx_CRSWaitSynchronization
<LI><a href="#[6e]">&gt;&gt;</a>&nbsp;&nbsp;&nbsp;RCCEx_PLL2_Config
<LI><a href="#[6d]">&gt;&gt;</a>&nbsp;&nbsp;&nbsp;RCCEx_PLL3_Config
<LI><a href="#[64]">&gt;&gt;</a>&nbsp;&nbsp;&nbsp;HAL_RCC_DeInit
<LI><a href="#[62]">&gt;&gt;</a>&nbsp;&nbsp;&nbsp;HAL_QSPI_Abort
<LI><a href="#[61]">&gt;&gt;</a>&nbsp;&nbsp;&nbsp;HAL_QSPI_AutoPolling_IT
<LI><a href="#[60]">&gt;&gt;</a>&nbsp;&nbsp;&nbsp;HAL_QSPI_Command_IT
<LI><a href="#[3b]">&gt;&gt;</a>&nbsp;&nbsp;&nbsp;HAL_Delay
<LI><a href="#[40]">&gt;&gt;</a>&nbsp;&nbsp;&nbsp;HAL_SYSCFG_EnableVREFBUF
<LI><a href="#[1a]">&gt;&gt;</a>&nbsp;&nbsp;&nbsp;HAL_RCCEx_PeriphCLKConfig
<LI><a href="#[28]">&gt;&gt;</a>&nbsp;&nbsp;&nbsp;HAL_QSPI_Transmit
<LI><a href="#[23]">&gt;&gt;</a>&nbsp;&nbsp;&nbsp;HAL_QSPI_Receive
<LI><a href="#[1f]">&gt;&gt;</a>&nbsp;&nbsp;&nbsp;HAL_QSPI_MemoryMapped
<LI><a href="#[19]">&gt;&gt;</a>&nbsp;&nbsp;&nbsp;HAL_QSPI_Init
<LI><a href="#[22]">&gt;&gt;</a>&nbsp;&nbsp;&nbsp;HAL_QSPI_Command
<LI><a href="#[21]">&gt;&gt;</a>&nbsp;&nbsp;&nbsp;HAL_QSPI_AutoPolling
<LI><a href="#[15]">&gt;&gt;</a>&nbsp;&nbsp;&nbsp;HAL_RCC_OscConfig
<LI><a href="#[17]">&gt;&gt;</a>&nbsp;&nbsp;&nbsp;HAL_RCC_ClockConfig
<LI><a href="#[14]">&gt;&gt;</a>&nbsp;&nbsp;&nbsp;HAL_PWREx_ConfigSupply
</UL>

<P><STRONG><a name="[d3]"></a>HAL_GetTickPrio</STRONG> (Thumb, 8 bytes, Stack size 0 bytes, stm32h7xx_hal.o(.text), UNUSED)

<P><STRONG><a name="[39]"></a>HAL_SetTickFreq</STRONG> (Thumb, 72 bytes, Stack size 16 bytes, stm32h7xx_hal.o(.text), UNUSED)
<BR><BR>[Calls]<UL><LI><a href="#[3a]">&gt;&gt;</a>&nbsp;&nbsp;&nbsp;assert_failed
<LI><a href="#[36]">&gt;&gt;</a>&nbsp;&nbsp;&nbsp;HAL_InitTick
</UL>

<P><STRONG><a name="[d4]"></a>HAL_GetTickFreq</STRONG> (Thumb, 8 bytes, Stack size 0 bytes, stm32h7xx_hal.o(.text), UNUSED)

<P><STRONG><a name="[3b]"></a>HAL_Delay</STRONG> (Thumb, 38 bytes, Stack size 16 bytes, stm32h7xx_hal.o(.text), UNUSED)
<BR><BR>[Calls]<UL><LI><a href="#[3c]">&gt;&gt;</a>&nbsp;&nbsp;&nbsp;HAL_GetTick
</UL>

<P><STRONG><a name="[d5]"></a>HAL_SuspendTick</STRONG> (Thumb, 18 bytes, Stack size 0 bytes, stm32h7xx_hal.o(.text), UNUSED)

<P><STRONG><a name="[d6]"></a>HAL_ResumeTick</STRONG> (Thumb, 18 bytes, Stack size 0 bytes, stm32h7xx_hal.o(.text), UNUSED)

<P><STRONG><a name="[d7]"></a>HAL_GetHalVersion</STRONG> (Thumb, 4 bytes, Stack size 0 bytes, stm32h7xx_hal.o(.text), UNUSED)

<P><STRONG><a name="[65]"></a>HAL_GetREVID</STRONG> (Thumb, 8 bytes, Stack size 0 bytes, stm32h7xx_hal.o(.text), UNUSED)
<BR><BR>[Called By]<UL><LI><a href="#[79]">&gt;&gt;</a>&nbsp;&nbsp;&nbsp;HAL_RCCEx_CRSConfig
<LI><a href="#[6a]">&gt;&gt;</a>&nbsp;&nbsp;&nbsp;HAL_RCC_GetOscConfig
<LI><a href="#[15]">&gt;&gt;</a>&nbsp;&nbsp;&nbsp;HAL_RCC_OscConfig
</UL>

<P><STRONG><a name="[d8]"></a>HAL_GetDEVID</STRONG> (Thumb, 10 bytes, Stack size 0 bytes, stm32h7xx_hal.o(.text), UNUSED)

<P><STRONG><a name="[d9]"></a>HAL_GetUIDw0</STRONG> (Thumb, 6 bytes, Stack size 0 bytes, stm32h7xx_hal.o(.text), UNUSED)

<P><STRONG><a name="[da]"></a>HAL_GetUIDw1</STRONG> (Thumb, 8 bytes, Stack size 0 bytes, stm32h7xx_hal.o(.text), UNUSED)

<P><STRONG><a name="[db]"></a>HAL_GetUIDw2</STRONG> (Thumb, 8 bytes, Stack size 0 bytes, stm32h7xx_hal.o(.text), UNUSED)

<P><STRONG><a name="[3d]"></a>HAL_SYSCFG_VREFBUF_VoltageScalingConfig</STRONG> (Thumb, 46 bytes, Stack size 8 bytes, stm32h7xx_hal.o(.text), UNUSED)
<BR><BR>[Calls]<UL><LI><a href="#[3a]">&gt;&gt;</a>&nbsp;&nbsp;&nbsp;assert_failed
</UL>

<P><STRONG><a name="[3e]"></a>HAL_SYSCFG_VREFBUF_HighImpedanceConfig</STRONG> (Thumb, 38 bytes, Stack size 8 bytes, stm32h7xx_hal.o(.text), UNUSED)
<BR><BR>[Calls]<UL><LI><a href="#[3a]">&gt;&gt;</a>&nbsp;&nbsp;&nbsp;assert_failed
</UL>

<P><STRONG><a name="[3f]"></a>HAL_SYSCFG_VREFBUF_TrimmingConfig</STRONG> (Thumb, 42 bytes, Stack size 8 bytes, stm32h7xx_hal.o(.text), UNUSED)
<BR><BR>[Calls]<UL><LI><a href="#[3a]">&gt;&gt;</a>&nbsp;&nbsp;&nbsp;assert_failed
</UL>

<P><STRONG><a name="[40]"></a>HAL_SYSCFG_EnableVREFBUF</STRONG> (Thumb, 52 bytes, Stack size 8 bytes, stm32h7xx_hal.o(.text), UNUSED)
<BR><BR>[Calls]<UL><LI><a href="#[3c]">&gt;&gt;</a>&nbsp;&nbsp;&nbsp;HAL_GetTick
</UL>

<P><STRONG><a name="[dc]"></a>HAL_SYSCFG_DisableVREFBUF</STRONG> (Thumb, 14 bytes, Stack size 0 bytes, stm32h7xx_hal.o(.text), UNUSED)

<P><STRONG><a name="[41]"></a>HAL_SYSCFG_ETHInterfaceSelect</STRONG> (Thumb, 40 bytes, Stack size 8 bytes, stm32h7xx_hal.o(.text), UNUSED)
<BR><BR>[Calls]<UL><LI><a href="#[3a]">&gt;&gt;</a>&nbsp;&nbsp;&nbsp;assert_failed
</UL>

<P><STRONG><a name="[42]"></a>HAL_SYSCFG_AnalogSwitchConfig</STRONG> (Thumb, 140 bytes, Stack size 16 bytes, stm32h7xx_hal.o(.text), UNUSED)
<BR><BR>[Calls]<UL><LI><a href="#[3a]">&gt;&gt;</a>&nbsp;&nbsp;&nbsp;assert_failed
</UL>

<P><STRONG><a name="[dd]"></a>HAL_SYSCFG_EnableBOOST</STRONG> (Thumb, 14 bytes, Stack size 0 bytes, stm32h7xx_hal.o(.text), UNUSED)

<P><STRONG><a name="[de]"></a>HAL_SYSCFG_DisableBOOST</STRONG> (Thumb, 14 bytes, Stack size 0 bytes, stm32h7xx_hal.o(.text), UNUSED)

<P><STRONG><a name="[43]"></a>HAL_SYSCFG_CM7BootAddConfig</STRONG> (Thumb, 218 bytes, Stack size 16 bytes, stm32h7xx_hal.o(.text), UNUSED)
<BR><BR>[Calls]<UL><LI><a href="#[3a]">&gt;&gt;</a>&nbsp;&nbsp;&nbsp;assert_failed
</UL>

<P><STRONG><a name="[df]"></a>HAL_EnableCompensationCell</STRONG> (Thumb, 14 bytes, Stack size 0 bytes, stm32h7xx_hal.o(.text), UNUSED)

<P><STRONG><a name="[e0]"></a>HAL_DisableCompensationCell</STRONG> (Thumb, 14 bytes, Stack size 0 bytes, stm32h7xx_hal.o(.text), UNUSED)

<P><STRONG><a name="[e1]"></a>HAL_SYSCFG_EnableIOSpeedOptimize</STRONG> (Thumb, 14 bytes, Stack size 0 bytes, stm32h7xx_hal.o(.text), UNUSED)

<P><STRONG><a name="[e2]"></a>HAL_SYSCFG_DisableIOSpeedOptimize</STRONG> (Thumb, 14 bytes, Stack size 0 bytes, stm32h7xx_hal.o(.text), UNUSED)

<P><STRONG><a name="[44]"></a>HAL_SYSCFG_CompensationCodeSelect</STRONG> (Thumb, 40 bytes, Stack size 8 bytes, stm32h7xx_hal.o(.text), UNUSED)
<BR><BR>[Calls]<UL><LI><a href="#[3a]">&gt;&gt;</a>&nbsp;&nbsp;&nbsp;assert_failed
</UL>

<P><STRONG><a name="[45]"></a>HAL_SYSCFG_CompensationCodeConfig</STRONG> (Thumb, 66 bytes, Stack size 16 bytes, stm32h7xx_hal.o(.text), UNUSED)
<BR><BR>[Calls]<UL><LI><a href="#[3a]">&gt;&gt;</a>&nbsp;&nbsp;&nbsp;assert_failed
</UL>

<P><STRONG><a name="[e3]"></a>HAL_DBGMCU_EnableDBGSleepMode</STRONG> (Thumb, 14 bytes, Stack size 0 bytes, stm32h7xx_hal.o(.text), UNUSED)

<P><STRONG><a name="[e4]"></a>HAL_DBGMCU_DisableDBGSleepMode</STRONG> (Thumb, 14 bytes, Stack size 0 bytes, stm32h7xx_hal.o(.text), UNUSED)

<P><STRONG><a name="[e5]"></a>HAL_DBGMCU_EnableDBGStopMode</STRONG> (Thumb, 14 bytes, Stack size 0 bytes, stm32h7xx_hal.o(.text), UNUSED)

<P><STRONG><a name="[e6]"></a>HAL_DBGMCU_DisableDBGStopMode</STRONG> (Thumb, 14 bytes, Stack size 0 bytes, stm32h7xx_hal.o(.text), UNUSED)

<P><STRONG><a name="[e7]"></a>HAL_DBGMCU_EnableDBGStandbyMode</STRONG> (Thumb, 14 bytes, Stack size 0 bytes, stm32h7xx_hal.o(.text), UNUSED)

<P><STRONG><a name="[e8]"></a>HAL_DBGMCU_DisableDBGStandbyMode</STRONG> (Thumb, 14 bytes, Stack size 0 bytes, stm32h7xx_hal.o(.text), UNUSED)

<P><STRONG><a name="[e9]"></a>HAL_EnableDomain3DBGStopMode</STRONG> (Thumb, 14 bytes, Stack size 0 bytes, stm32h7xx_hal.o(.text), UNUSED)

<P><STRONG><a name="[ea]"></a>HAL_DisableDomain3DBGStopMode</STRONG> (Thumb, 14 bytes, Stack size 0 bytes, stm32h7xx_hal.o(.text), UNUSED)

<P><STRONG><a name="[eb]"></a>HAL_EnableDomain3DBGStandbyMode</STRONG> (Thumb, 14 bytes, Stack size 0 bytes, stm32h7xx_hal.o(.text), UNUSED)

<P><STRONG><a name="[ec]"></a>HAL_DisableDomain3DBGStandbyMode</STRONG> (Thumb, 14 bytes, Stack size 0 bytes, stm32h7xx_hal.o(.text), UNUSED)

<P><STRONG><a name="[46]"></a>HAL_SetFMCMemorySwappingConfig</STRONG> (Thumb, 48 bytes, Stack size 8 bytes, stm32h7xx_hal.o(.text), UNUSED)
<BR><BR>[Calls]<UL><LI><a href="#[3a]">&gt;&gt;</a>&nbsp;&nbsp;&nbsp;assert_failed
</UL>

<P><STRONG><a name="[ed]"></a>HAL_GetFMCMemorySwappingConfig</STRONG> (Thumb, 10 bytes, Stack size 0 bytes, stm32h7xx_hal.o(.text), UNUSED)

<P><STRONG><a name="[47]"></a>HAL_EXTI_EdgeConfig</STRONG> (Thumb, 290 bytes, Stack size 16 bytes, stm32h7xx_hal.o(.text), UNUSED)
<BR><BR>[Calls]<UL><LI><a href="#[3a]">&gt;&gt;</a>&nbsp;&nbsp;&nbsp;assert_failed
</UL>

<P><STRONG><a name="[48]"></a>HAL_EXTI_GenerateSWInterrupt</STRONG> (Thumb, 152 bytes, Stack size 8 bytes, stm32h7xx_hal.o(.text), UNUSED)
<BR><BR>[Calls]<UL><LI><a href="#[3a]">&gt;&gt;</a>&nbsp;&nbsp;&nbsp;assert_failed
</UL>

<P><STRONG><a name="[49]"></a>HAL_EXTI_D1_ClearFlag</STRONG> (Thumb, 384 bytes, Stack size 8 bytes, stm32h7xx_hal.o(.text), UNUSED)
<BR><BR>[Calls]<UL><LI><a href="#[3a]">&gt;&gt;</a>&nbsp;&nbsp;&nbsp;assert_failed
</UL>

<P><STRONG><a name="[4a]"></a>HAL_EXTI_D1_EventInputConfig</STRONG> (Thumb, 546 bytes, Stack size 16 bytes, stm32h7xx_hal.o(.text), UNUSED)
<BR><BR>[Calls]<UL><LI><a href="#[3a]">&gt;&gt;</a>&nbsp;&nbsp;&nbsp;assert_failed
</UL>

<P><STRONG><a name="[4b]"></a>HAL_EXTI_D3_EventInputConfig</STRONG> (Thumb, 292 bytes, Stack size 24 bytes, stm32h7xx_hal.o(.text), UNUSED)
<BR><BR>[Calls]<UL><LI><a href="#[3a]">&gt;&gt;</a>&nbsp;&nbsp;&nbsp;assert_failed
</UL>

<P><STRONG><a name="[34]"></a>HAL_NVIC_SetPriorityGrouping</STRONG> (Thumb, 70 bytes, Stack size 8 bytes, stm32h7xx_hal_cortex.o(.text), UNUSED)
<BR><BR>[Calls]<UL><LI><a href="#[3a]">&gt;&gt;</a>&nbsp;&nbsp;&nbsp;assert_failed
</UL>
<BR>[Called By]<UL><LI><a href="#[1]">&gt;&gt;</a>&nbsp;&nbsp;&nbsp;HAL_Init
</UL>

<P><STRONG><a name="[1b]"></a>HAL_NVIC_SetPriority</STRONG> (Thumb, 150 bytes, Stack size 32 bytes, stm32h7xx_hal_cortex.o(.text), UNUSED)
<BR><BR>[Calls]<UL><LI><a href="#[4c]">&gt;&gt;</a>&nbsp;&nbsp;&nbsp;__NVIC_GetPriorityGrouping
<LI><a href="#[4d]">&gt;&gt;</a>&nbsp;&nbsp;&nbsp;__NVIC_SetPriority
<LI><a href="#[3a]">&gt;&gt;</a>&nbsp;&nbsp;&nbsp;assert_failed
</UL>
<BR>[Called By]<UL><LI><a href="#[32]">&gt;&gt;</a>&nbsp;&nbsp;&nbsp;HAL_MspInit
<LI><a href="#[b]">&gt;&gt;</a>&nbsp;&nbsp;&nbsp;HAL_QSPI_MspInit
</UL>

<P><STRONG><a name="[1c]"></a>HAL_NVIC_EnableIRQ</STRONG> (Thumb, 56 bytes, Stack size 8 bytes, stm32h7xx_hal_cortex.o(.text), UNUSED)
<BR><BR>[Calls]<UL><LI><a href="#[3a]">&gt;&gt;</a>&nbsp;&nbsp;&nbsp;assert_failed
</UL>
<BR>[Called By]<UL><LI><a href="#[b]">&gt;&gt;</a>&nbsp;&nbsp;&nbsp;HAL_QSPI_MspInit
</UL>

<P><STRONG><a name="[1e]"></a>HAL_NVIC_DisableIRQ</STRONG> (Thumb, 52 bytes, Stack size 8 bytes, stm32h7xx_hal_cortex.o(.text), UNUSED)
<BR><BR>[Calls]<UL><LI><a href="#[3a]">&gt;&gt;</a>&nbsp;&nbsp;&nbsp;assert_failed
</UL>
<BR>[Called By]<UL><LI><a href="#[a]">&gt;&gt;</a>&nbsp;&nbsp;&nbsp;HAL_QSPI_MspDeInit
</UL>

<P><STRONG><a name="[ee]"></a>HAL_NVIC_SystemReset</STRONG> (Thumb, 40 bytes, Stack size 0 bytes, stm32h7xx_hal_cortex.o(.text), UNUSED)

<P><STRONG><a name="[33]"></a>HAL_SYSTICK_Config</STRONG> (Thumb, 52 bytes, Stack size 16 bytes, stm32h7xx_hal_cortex.o(.text), UNUSED)
<BR><BR>[Calls]<UL><LI><a href="#[4d]">&gt;&gt;</a>&nbsp;&nbsp;&nbsp;__NVIC_SetPriority
</UL>
<BR>[Called By]<UL><LI><a href="#[32]">&gt;&gt;</a>&nbsp;&nbsp;&nbsp;HAL_MspInit
</UL>

<P><STRONG><a name="[ef]"></a>HAL_MPU_Disable</STRONG> (Thumb, 30 bytes, Stack size 0 bytes, stm32h7xx_hal_cortex.o(.text), UNUSED)

<P><STRONG><a name="[f0]"></a>HAL_MPU_Enable</STRONG> (Thumb, 36 bytes, Stack size 0 bytes, stm32h7xx_hal_cortex.o(.text), UNUSED)

<P><STRONG><a name="[4e]"></a>HAL_MPU_ConfigRegion</STRONG> (Thumb, 670 bytes, Stack size 8 bytes, stm32h7xx_hal_cortex.o(.text), UNUSED)
<BR><BR>[Calls]<UL><LI><a href="#[3a]">&gt;&gt;</a>&nbsp;&nbsp;&nbsp;assert_failed
</UL>

<P><STRONG><a name="[4f]"></a>HAL_NVIC_GetPriorityGrouping</STRONG> (Thumb, 8 bytes, Stack size 8 bytes, stm32h7xx_hal_cortex.o(.text), UNUSED)
<BR><BR>[Calls]<UL><LI><a href="#[4c]">&gt;&gt;</a>&nbsp;&nbsp;&nbsp;__NVIC_GetPriorityGrouping
</UL>

<P><STRONG><a name="[50]"></a>HAL_NVIC_GetPriority</STRONG> (Thumb, 180 bytes, Stack size 32 bytes, stm32h7xx_hal_cortex.o(.text), UNUSED)
<BR><BR>[Calls]<UL><LI><a href="#[3a]">&gt;&gt;</a>&nbsp;&nbsp;&nbsp;assert_failed
</UL>

<P><STRONG><a name="[51]"></a>HAL_NVIC_SetPendingIRQ</STRONG> (Thumb, 48 bytes, Stack size 8 bytes, stm32h7xx_hal_cortex.o(.text), UNUSED)
<BR><BR>[Calls]<UL><LI><a href="#[3a]">&gt;&gt;</a>&nbsp;&nbsp;&nbsp;assert_failed
</UL>

<P><STRONG><a name="[52]"></a>HAL_NVIC_GetPendingIRQ</STRONG> (Thumb, 62 bytes, Stack size 8 bytes, stm32h7xx_hal_cortex.o(.text), UNUSED)
<BR><BR>[Calls]<UL><LI><a href="#[3a]">&gt;&gt;</a>&nbsp;&nbsp;&nbsp;assert_failed
</UL>

<P><STRONG><a name="[53]"></a>HAL_NVIC_ClearPendingIRQ</STRONG> (Thumb, 50 bytes, Stack size 8 bytes, stm32h7xx_hal_cortex.o(.text), UNUSED)
<BR><BR>[Calls]<UL><LI><a href="#[3a]">&gt;&gt;</a>&nbsp;&nbsp;&nbsp;assert_failed
</UL>

<P><STRONG><a name="[54]"></a>HAL_NVIC_GetActive</STRONG> (Thumb, 62 bytes, Stack size 8 bytes, stm32h7xx_hal_cortex.o(.text), UNUSED)
<BR><BR>[Calls]<UL><LI><a href="#[3a]">&gt;&gt;</a>&nbsp;&nbsp;&nbsp;assert_failed
</UL>

<P><STRONG><a name="[55]"></a>HAL_SYSTICK_CLKSourceConfig</STRONG> (Thumb, 64 bytes, Stack size 8 bytes, stm32h7xx_hal_cortex.o(.text), UNUSED)
<BR><BR>[Calls]<UL><LI><a href="#[3a]">&gt;&gt;</a>&nbsp;&nbsp;&nbsp;assert_failed
</UL>

<P><STRONG><a name="[57]"></a>HAL_SYSTICK_Callback</STRONG> (Thumb, 2 bytes, Stack size 0 bytes, stm32h7xx_hal_cortex.o(.text), UNUSED)
<BR><BR>[Called By]<UL><LI><a href="#[56]">&gt;&gt;</a>&nbsp;&nbsp;&nbsp;HAL_SYSTICK_IRQHandler
</UL>

<P><STRONG><a name="[56]"></a>HAL_SYSTICK_IRQHandler</STRONG> (Thumb, 8 bytes, Stack size 8 bytes, stm32h7xx_hal_cortex.o(.text), UNUSED)
<BR><BR>[Calls]<UL><LI><a href="#[57]">&gt;&gt;</a>&nbsp;&nbsp;&nbsp;HAL_SYSTICK_Callback
</UL>

<P><STRONG><a name="[f1]"></a>HAL_GetCurrentCPUID</STRONG> (Thumb, 4 bytes, Stack size 0 bytes, stm32h7xx_hal_cortex.o(.text), UNUSED)

<P><STRONG><a name="[7]"></a>HAL_GPIO_Init</STRONG> (Thumb, 834 bytes, Stack size 32 bytes, stm32h7xx_hal_gpio.o(.text), UNUSED)
<BR><BR>[Calls]<UL><LI><a href="#[3a]">&gt;&gt;</a>&nbsp;&nbsp;&nbsp;assert_failed
</UL>
<BR>[Called By]<UL><LI><a href="#[66]">&gt;&gt;</a>&nbsp;&nbsp;&nbsp;HAL_RCC_MCOConfig
<LI><a href="#[31]">&gt;&gt;</a>&nbsp;&nbsp;&nbsp;QSPI_Set_WP_TO_QSPI_IO
<LI><a href="#[30]">&gt;&gt;</a>&nbsp;&nbsp;&nbsp;QSPI_Set_WP_High
<LI><a href="#[b]">&gt;&gt;</a>&nbsp;&nbsp;&nbsp;HAL_QSPI_MspInit
<LI><a href="#[0]">&gt;&gt;</a>&nbsp;&nbsp;&nbsp;Init
</UL>

<P><STRONG><a name="[1d]"></a>HAL_GPIO_DeInit</STRONG> (Thumb, 548 bytes, Stack size 32 bytes, stm32h7xx_hal_gpio.o(.text), UNUSED)
<BR><BR>[Calls]<UL><LI><a href="#[3a]">&gt;&gt;</a>&nbsp;&nbsp;&nbsp;assert_failed
</UL>
<BR>[Called By]<UL><LI><a href="#[a]">&gt;&gt;</a>&nbsp;&nbsp;&nbsp;HAL_QSPI_MspDeInit
</UL>

<P><STRONG><a name="[58]"></a>HAL_GPIO_ReadPin</STRONG> (Thumb, 46 bytes, Stack size 16 bytes, stm32h7xx_hal_gpio.o(.text), UNUSED)
<BR><BR>[Calls]<UL><LI><a href="#[3a]">&gt;&gt;</a>&nbsp;&nbsp;&nbsp;assert_failed
</UL>

<P><STRONG><a name="[8]"></a>HAL_GPIO_WritePin</STRONG> (Thumb, 64 bytes, Stack size 16 bytes, stm32h7xx_hal_gpio.o(.text), UNUSED)
<BR><BR>[Calls]<UL><LI><a href="#[3a]">&gt;&gt;</a>&nbsp;&nbsp;&nbsp;assert_failed
</UL>
<BR>[Called By]<UL><LI><a href="#[30]">&gt;&gt;</a>&nbsp;&nbsp;&nbsp;QSPI_Set_WP_High
<LI><a href="#[0]">&gt;&gt;</a>&nbsp;&nbsp;&nbsp;Init
</UL>

<P><STRONG><a name="[59]"></a>HAL_GPIO_TogglePin</STRONG> (Thumb, 48 bytes, Stack size 16 bytes, stm32h7xx_hal_gpio.o(.text), UNUSED)
<BR><BR>[Calls]<UL><LI><a href="#[3a]">&gt;&gt;</a>&nbsp;&nbsp;&nbsp;assert_failed
</UL>

<P><STRONG><a name="[5a]"></a>HAL_GPIO_LockPin</STRONG> (Thumb, 152 bytes, Stack size 16 bytes, stm32h7xx_hal_gpio.o(.text), UNUSED)
<BR><BR>[Calls]<UL><LI><a href="#[3a]">&gt;&gt;</a>&nbsp;&nbsp;&nbsp;assert_failed
</UL>

<P><STRONG><a name="[5c]"></a>HAL_GPIO_EXTI_Callback</STRONG> (Thumb, 2 bytes, Stack size 0 bytes, stm32h7xx_hal_gpio.o(.text), UNUSED)
<BR><BR>[Called By]<UL><LI><a href="#[5b]">&gt;&gt;</a>&nbsp;&nbsp;&nbsp;HAL_GPIO_EXTI_IRQHandler
</UL>

<P><STRONG><a name="[5b]"></a>HAL_GPIO_EXTI_IRQHandler</STRONG> (Thumb, 24 bytes, Stack size 8 bytes, stm32h7xx_hal_gpio.o(.text), UNUSED)
<BR><BR>[Calls]<UL><LI><a href="#[5c]">&gt;&gt;</a>&nbsp;&nbsp;&nbsp;HAL_GPIO_EXTI_Callback
</UL>

<P><STRONG><a name="[5d]"></a>HAL_QSPI_SetTimeout</STRONG> (Thumb, 4 bytes, Stack size 0 bytes, stm32h7xx_hal_qspi.o(.text), UNUSED)
<BR><BR>[Called By]<UL><LI><a href="#[19]">&gt;&gt;</a>&nbsp;&nbsp;&nbsp;HAL_QSPI_Init
</UL>

<P><STRONG><a name="[19]"></a>HAL_QSPI_Init</STRONG> (Thumb, 404 bytes, Stack size 24 bytes, stm32h7xx_hal_qspi.o(.text), UNUSED)
<BR><BR>[Calls]<UL><LI><a href="#[5d]">&gt;&gt;</a>&nbsp;&nbsp;&nbsp;HAL_QSPI_SetTimeout
<LI><a href="#[5e]">&gt;&gt;</a>&nbsp;&nbsp;&nbsp;QSPI_WaitFlagStateUntilTimeout
<LI><a href="#[3c]">&gt;&gt;</a>&nbsp;&nbsp;&nbsp;HAL_GetTick
<LI><a href="#[3a]">&gt;&gt;</a>&nbsp;&nbsp;&nbsp;assert_failed
<LI><a href="#[b]">&gt;&gt;</a>&nbsp;&nbsp;&nbsp;HAL_QSPI_MspInit
</UL>
<BR>[Called By]<UL><LI><a href="#[4]">&gt;&gt;</a>&nbsp;&nbsp;&nbsp;MX_QUADSPI_Init
</UL>

<P><STRONG><a name="[18]"></a>HAL_QSPI_DeInit</STRONG> (Thumb, 40 bytes, Stack size 8 bytes, stm32h7xx_hal_qspi.o(.text), UNUSED)
<BR><BR>[Calls]<UL><LI><a href="#[a]">&gt;&gt;</a>&nbsp;&nbsp;&nbsp;HAL_QSPI_MspDeInit
</UL>
<BR>[Called By]<UL><LI><a href="#[4]">&gt;&gt;</a>&nbsp;&nbsp;&nbsp;MX_QUADSPI_Init
</UL>

<P><STRONG><a name="[22]"></a>HAL_QSPI_Command</STRONG> (Thumb, 606 bytes, Stack size 32 bytes, stm32h7xx_hal_qspi.o(.text), UNUSED)
<BR><BR>[Calls]<UL><LI><a href="#[5f]">&gt;&gt;</a>&nbsp;&nbsp;&nbsp;QSPI_Config
<LI><a href="#[5e]">&gt;&gt;</a>&nbsp;&nbsp;&nbsp;QSPI_WaitFlagStateUntilTimeout
<LI><a href="#[3c]">&gt;&gt;</a>&nbsp;&nbsp;&nbsp;HAL_GetTick
<LI><a href="#[3a]">&gt;&gt;</a>&nbsp;&nbsp;&nbsp;assert_failed
</UL>
<BR>[Called By]<UL><LI><a href="#[2f]">&gt;&gt;</a>&nbsp;&nbsp;&nbsp;QSPI_FLASH_ReadDeviceID
<LI><a href="#[2e]">&gt;&gt;</a>&nbsp;&nbsp;&nbsp;QSPI_FLASH_ReadID
<LI><a href="#[2d]">&gt;&gt;</a>&nbsp;&nbsp;&nbsp;BSP_QSPI_GetStatus
<LI><a href="#[2c]">&gt;&gt;</a>&nbsp;&nbsp;&nbsp;BSP_QSPI_Erase_Block32
<LI><a href="#[2b]">&gt;&gt;</a>&nbsp;&nbsp;&nbsp;BSP_QSPI_Erase_Sector
<LI><a href="#[2a]">&gt;&gt;</a>&nbsp;&nbsp;&nbsp;BSP_QSPI_FastRead
<LI><a href="#[29]">&gt;&gt;</a>&nbsp;&nbsp;&nbsp;BSP_QSPI_Read
<LI><a href="#[26]">&gt;&gt;</a>&nbsp;&nbsp;&nbsp;QSPI_EnterFourBytesAddress
<LI><a href="#[27]">&gt;&gt;</a>&nbsp;&nbsp;&nbsp;QSPI_ResetMemory
<LI><a href="#[25]">&gt;&gt;</a>&nbsp;&nbsp;&nbsp;QSPI_WriteEnable
<LI><a href="#[9]">&gt;&gt;</a>&nbsp;&nbsp;&nbsp;QSPI_FLASH_WriteStatusReg
<LI><a href="#[5]">&gt;&gt;</a>&nbsp;&nbsp;&nbsp;QSPI_FLASH_ReadStatusReg
<LI><a href="#[f]">&gt;&gt;</a>&nbsp;&nbsp;&nbsp;BSP_QSPI_Write
<LI><a href="#[c]">&gt;&gt;</a>&nbsp;&nbsp;&nbsp;BSP_QSPI_Init
<LI><a href="#[13]">&gt;&gt;</a>&nbsp;&nbsp;&nbsp;BSP_QSPI_Erase_Chip
<LI><a href="#[11]">&gt;&gt;</a>&nbsp;&nbsp;&nbsp;BSP_QSPI_Erase_Block64
</UL>

<P><STRONG><a name="[60]"></a>HAL_QSPI_Command_IT</STRONG> (Thumb, 544 bytes, Stack size 24 bytes, stm32h7xx_hal_qspi.o(.text), UNUSED)
<BR><BR>[Calls]<UL><LI><a href="#[5f]">&gt;&gt;</a>&nbsp;&nbsp;&nbsp;QSPI_Config
<LI><a href="#[5e]">&gt;&gt;</a>&nbsp;&nbsp;&nbsp;QSPI_WaitFlagStateUntilTimeout
<LI><a href="#[3c]">&gt;&gt;</a>&nbsp;&nbsp;&nbsp;HAL_GetTick
<LI><a href="#[3a]">&gt;&gt;</a>&nbsp;&nbsp;&nbsp;assert_failed
</UL>

<P><STRONG><a name="[28]"></a>HAL_QSPI_Transmit</STRONG> (Thumb, 212 bytes, Stack size 32 bytes, stm32h7xx_hal_qspi.o(.text), UNUSED)
<BR><BR>[Calls]<UL><LI><a href="#[5e]">&gt;&gt;</a>&nbsp;&nbsp;&nbsp;QSPI_WaitFlagStateUntilTimeout
<LI><a href="#[3c]">&gt;&gt;</a>&nbsp;&nbsp;&nbsp;HAL_GetTick
</UL>
<BR>[Called By]<UL><LI><a href="#[9]">&gt;&gt;</a>&nbsp;&nbsp;&nbsp;QSPI_FLASH_WriteStatusReg
<LI><a href="#[f]">&gt;&gt;</a>&nbsp;&nbsp;&nbsp;BSP_QSPI_Write
<LI><a href="#[c]">&gt;&gt;</a>&nbsp;&nbsp;&nbsp;BSP_QSPI_Init
</UL>

<P><STRONG><a name="[23]"></a>HAL_QSPI_Receive</STRONG> (Thumb, 228 bytes, Stack size 40 bytes, stm32h7xx_hal_qspi.o(.text), UNUSED)
<BR><BR>[Calls]<UL><LI><a href="#[5e]">&gt;&gt;</a>&nbsp;&nbsp;&nbsp;QSPI_WaitFlagStateUntilTimeout
<LI><a href="#[3c]">&gt;&gt;</a>&nbsp;&nbsp;&nbsp;HAL_GetTick
</UL>
<BR>[Called By]<UL><LI><a href="#[2f]">&gt;&gt;</a>&nbsp;&nbsp;&nbsp;QSPI_FLASH_ReadDeviceID
<LI><a href="#[2e]">&gt;&gt;</a>&nbsp;&nbsp;&nbsp;QSPI_FLASH_ReadID
<LI><a href="#[2d]">&gt;&gt;</a>&nbsp;&nbsp;&nbsp;BSP_QSPI_GetStatus
<LI><a href="#[2a]">&gt;&gt;</a>&nbsp;&nbsp;&nbsp;BSP_QSPI_FastRead
<LI><a href="#[29]">&gt;&gt;</a>&nbsp;&nbsp;&nbsp;BSP_QSPI_Read
<LI><a href="#[5]">&gt;&gt;</a>&nbsp;&nbsp;&nbsp;QSPI_FLASH_ReadStatusReg
</UL>

<P><STRONG><a name="[f2]"></a>HAL_QSPI_Transmit_IT</STRONG> (Thumb, 144 bytes, Stack size 8 bytes, stm32h7xx_hal_qspi.o(.text), UNUSED)

<P><STRONG><a name="[f3]"></a>HAL_QSPI_Receive_IT</STRONG> (Thumb, 156 bytes, Stack size 12 bytes, stm32h7xx_hal_qspi.o(.text), UNUSED)

<P><STRONG><a name="[21]"></a>HAL_QSPI_AutoPolling</STRONG> (Thumb, 638 bytes, Stack size 32 bytes, stm32h7xx_hal_qspi.o(.text), UNUSED)
<BR><BR>[Calls]<UL><LI><a href="#[5f]">&gt;&gt;</a>&nbsp;&nbsp;&nbsp;QSPI_Config
<LI><a href="#[5e]">&gt;&gt;</a>&nbsp;&nbsp;&nbsp;QSPI_WaitFlagStateUntilTimeout
<LI><a href="#[3c]">&gt;&gt;</a>&nbsp;&nbsp;&nbsp;HAL_GetTick
<LI><a href="#[3a]">&gt;&gt;</a>&nbsp;&nbsp;&nbsp;assert_failed
</UL>
<BR>[Called By]<UL><LI><a href="#[25]">&gt;&gt;</a>&nbsp;&nbsp;&nbsp;QSPI_WriteEnable
<LI><a href="#[20]">&gt;&gt;</a>&nbsp;&nbsp;&nbsp;QSPI_AutoPollingMemReady
</UL>

<P><STRONG><a name="[61]"></a>HAL_QSPI_AutoPolling_IT</STRONG> (Thumb, 668 bytes, Stack size 32 bytes, stm32h7xx_hal_qspi.o(.text), UNUSED)
<BR><BR>[Calls]<UL><LI><a href="#[5f]">&gt;&gt;</a>&nbsp;&nbsp;&nbsp;QSPI_Config
<LI><a href="#[5e]">&gt;&gt;</a>&nbsp;&nbsp;&nbsp;QSPI_WaitFlagStateUntilTimeout
<LI><a href="#[3c]">&gt;&gt;</a>&nbsp;&nbsp;&nbsp;HAL_GetTick
<LI><a href="#[3a]">&gt;&gt;</a>&nbsp;&nbsp;&nbsp;assert_failed
</UL>

<P><STRONG><a name="[1f]"></a>HAL_QSPI_MemoryMapped</STRONG> (Thumb, 582 bytes, Stack size 32 bytes, stm32h7xx_hal_qspi.o(.text), UNUSED)
<BR><BR>[Calls]<UL><LI><a href="#[5f]">&gt;&gt;</a>&nbsp;&nbsp;&nbsp;QSPI_Config
<LI><a href="#[5e]">&gt;&gt;</a>&nbsp;&nbsp;&nbsp;QSPI_WaitFlagStateUntilTimeout
<LI><a href="#[3c]">&gt;&gt;</a>&nbsp;&nbsp;&nbsp;HAL_GetTick
<LI><a href="#[3a]">&gt;&gt;</a>&nbsp;&nbsp;&nbsp;assert_failed
</UL>
<BR>[Called By]<UL><LI><a href="#[d]">&gt;&gt;</a>&nbsp;&nbsp;&nbsp;QSPI_EnableMemoryMappedMode
</UL>

<P><STRONG><a name="[f4]"></a>HAL_QSPI_ErrorCallback</STRONG> (Thumb, 2 bytes, Stack size 0 bytes, stm32h7xx_hal_qspi.o(.text), UNUSED)

<P><STRONG><a name="[f5]"></a>HAL_QSPI_AbortCpltCallback</STRONG> (Thumb, 2 bytes, Stack size 0 bytes, stm32h7xx_hal_qspi.o(.text), UNUSED)

<P><STRONG><a name="[f6]"></a>HAL_QSPI_CmdCpltCallback</STRONG> (Thumb, 2 bytes, Stack size 0 bytes, stm32h7xx_hal_qspi.o(.text), UNUSED)

<P><STRONG><a name="[f7]"></a>HAL_QSPI_RxCpltCallback</STRONG> (Thumb, 2 bytes, Stack size 0 bytes, stm32h7xx_hal_qspi.o(.text), UNUSED)

<P><STRONG><a name="[f8]"></a>HAL_QSPI_TxCpltCallback</STRONG> (Thumb, 2 bytes, Stack size 0 bytes, stm32h7xx_hal_qspi.o(.text), UNUSED)

<P><STRONG><a name="[f9]"></a>HAL_QSPI_FifoThresholdCallback</STRONG> (Thumb, 2 bytes, Stack size 0 bytes, stm32h7xx_hal_qspi.o(.text), UNUSED)

<P><STRONG><a name="[fa]"></a>HAL_QSPI_StatusMatchCallback</STRONG> (Thumb, 2 bytes, Stack size 0 bytes, stm32h7xx_hal_qspi.o(.text), UNUSED)

<P><STRONG><a name="[fb]"></a>HAL_QSPI_TimeOutCallback</STRONG> (Thumb, 2 bytes, Stack size 0 bytes, stm32h7xx_hal_qspi.o(.text), UNUSED)

<P><STRONG><a name="[fc]"></a>HAL_QSPI_GetState</STRONG> (Thumb, 8 bytes, Stack size 0 bytes, stm32h7xx_hal_qspi.o(.text), UNUSED)

<P><STRONG><a name="[fd]"></a>HAL_QSPI_GetError</STRONG> (Thumb, 6 bytes, Stack size 0 bytes, stm32h7xx_hal_qspi.o(.text), UNUSED)

<P><STRONG><a name="[62]"></a>HAL_QSPI_Abort</STRONG> (Thumb, 112 bytes, Stack size 24 bytes, stm32h7xx_hal_qspi.o(.text), UNUSED)
<BR><BR>[Calls]<UL><LI><a href="#[5e]">&gt;&gt;</a>&nbsp;&nbsp;&nbsp;QSPI_WaitFlagStateUntilTimeout
<LI><a href="#[3c]">&gt;&gt;</a>&nbsp;&nbsp;&nbsp;HAL_GetTick
</UL>

<P><STRONG><a name="[fe]"></a>HAL_QSPI_SetFifoThreshold</STRONG> (Thumb, 76 bytes, Stack size 8 bytes, stm32h7xx_hal_qspi.o(.text), UNUSED)

<P><STRONG><a name="[ff]"></a>HAL_QSPI_GetFifoThreshold</STRONG> (Thumb, 14 bytes, Stack size 0 bytes, stm32h7xx_hal_qspi.o(.text), UNUSED)

<P><STRONG><a name="[63]"></a>HAL_QSPI_SetFlashID</STRONG> (Thumb, 92 bytes, Stack size 16 bytes, stm32h7xx_hal_qspi.o(.text), UNUSED)
<BR><BR>[Calls]<UL><LI><a href="#[3a]">&gt;&gt;</a>&nbsp;&nbsp;&nbsp;assert_failed
</UL>

<P><STRONG><a name="[64]"></a>HAL_RCC_DeInit</STRONG> (Thumb, 522 bytes, Stack size 8 bytes, stm32h7xx_hal_rcc.o(.text), UNUSED)
<BR><BR>[Calls]<UL><LI><a href="#[3c]">&gt;&gt;</a>&nbsp;&nbsp;&nbsp;HAL_GetTick
<LI><a href="#[36]">&gt;&gt;</a>&nbsp;&nbsp;&nbsp;HAL_InitTick
</UL>

<P><STRONG><a name="[15]"></a>HAL_RCC_OscConfig</STRONG> (Thumb, 2686 bytes, Stack size 32 bytes, stm32h7xx_hal_rcc.o(.text), UNUSED)
<BR><BR>[Calls]<UL><LI><a href="#[3c]">&gt;&gt;</a>&nbsp;&nbsp;&nbsp;HAL_GetTick
<LI><a href="#[65]">&gt;&gt;</a>&nbsp;&nbsp;&nbsp;HAL_GetREVID
<LI><a href="#[3a]">&gt;&gt;</a>&nbsp;&nbsp;&nbsp;assert_failed
</UL>
<BR>[Called By]<UL><LI><a href="#[3]">&gt;&gt;</a>&nbsp;&nbsp;&nbsp;SystemClock_Config
</UL>

<P><STRONG><a name="[35]"></a>HAL_RCC_GetSysClockFreq</STRONG> (Thumb, 524 bytes, Stack size 20 bytes, stm32h7xx_hal_rcc.o(.text), UNUSED)
<BR><BR>[Called By]<UL><LI><a href="#[75]">&gt;&gt;</a>&nbsp;&nbsp;&nbsp;HAL_RCCEx_GetD1SysClockFreq
<LI><a href="#[67]">&gt;&gt;</a>&nbsp;&nbsp;&nbsp;HAL_RCC_GetHCLKFreq
<LI><a href="#[17]">&gt;&gt;</a>&nbsp;&nbsp;&nbsp;HAL_RCC_ClockConfig
<LI><a href="#[1]">&gt;&gt;</a>&nbsp;&nbsp;&nbsp;HAL_Init
</UL>

<P><STRONG><a name="[17]"></a>HAL_RCC_ClockConfig</STRONG> (Thumb, 1632 bytes, Stack size 24 bytes, stm32h7xx_hal_rcc.o(.text), UNUSED)
<BR><BR>[Calls]<UL><LI><a href="#[3c]">&gt;&gt;</a>&nbsp;&nbsp;&nbsp;HAL_GetTick
<LI><a href="#[35]">&gt;&gt;</a>&nbsp;&nbsp;&nbsp;HAL_RCC_GetSysClockFreq
<LI><a href="#[3a]">&gt;&gt;</a>&nbsp;&nbsp;&nbsp;assert_failed
<LI><a href="#[36]">&gt;&gt;</a>&nbsp;&nbsp;&nbsp;HAL_InitTick
</UL>
<BR>[Called By]<UL><LI><a href="#[3]">&gt;&gt;</a>&nbsp;&nbsp;&nbsp;SystemClock_Config
</UL>

<P><STRONG><a name="[66]"></a>HAL_RCC_MCOConfig</STRONG> (Thumb, 386 bytes, Stack size 40 bytes, stm32h7xx_hal_rcc.o(.text), UNUSED)
<BR><BR>[Calls]<UL><LI><a href="#[3a]">&gt;&gt;</a>&nbsp;&nbsp;&nbsp;assert_failed
<LI><a href="#[7]">&gt;&gt;</a>&nbsp;&nbsp;&nbsp;HAL_GPIO_Init
</UL>

<P><STRONG><a name="[100]"></a>HAL_RCC_EnableCSS</STRONG> (Thumb, 18 bytes, Stack size 0 bytes, stm32h7xx_hal_rcc.o(.text), UNUSED)

<P><STRONG><a name="[101]"></a>HAL_RCC_DisableCSS</STRONG> (Thumb, 18 bytes, Stack size 0 bytes, stm32h7xx_hal_rcc.o(.text), UNUSED)

<P><STRONG><a name="[67]"></a>HAL_RCC_GetHCLKFreq</STRONG> (Thumb, 70 bytes, Stack size 8 bytes, stm32h7xx_hal_rcc.o(.text), UNUSED)
<BR><BR>[Calls]<UL><LI><a href="#[35]">&gt;&gt;</a>&nbsp;&nbsp;&nbsp;HAL_RCC_GetSysClockFreq
</UL>
<BR>[Called By]<UL><LI><a href="#[74]">&gt;&gt;</a>&nbsp;&nbsp;&nbsp;HAL_RCCEx_GetD1PCLK1Freq
<LI><a href="#[6f]">&gt;&gt;</a>&nbsp;&nbsp;&nbsp;HAL_RCCEx_GetD3PCLK1Freq
<LI><a href="#[69]">&gt;&gt;</a>&nbsp;&nbsp;&nbsp;HAL_RCC_GetPCLK2Freq
<LI><a href="#[68]">&gt;&gt;</a>&nbsp;&nbsp;&nbsp;HAL_RCC_GetPCLK1Freq
</UL>

<P><STRONG><a name="[68]"></a>HAL_RCC_GetPCLK1Freq</STRONG> (Thumb, 32 bytes, Stack size 4 bytes, stm32h7xx_hal_rcc.o(.text), UNUSED)
<BR><BR>[Calls]<UL><LI><a href="#[67]">&gt;&gt;</a>&nbsp;&nbsp;&nbsp;HAL_RCC_GetHCLKFreq
</UL>

<P><STRONG><a name="[69]"></a>HAL_RCC_GetPCLK2Freq</STRONG> (Thumb, 32 bytes, Stack size 4 bytes, stm32h7xx_hal_rcc.o(.text), UNUSED)
<BR><BR>[Calls]<UL><LI><a href="#[67]">&gt;&gt;</a>&nbsp;&nbsp;&nbsp;HAL_RCC_GetHCLKFreq
</UL>

<P><STRONG><a name="[6a]"></a>HAL_RCC_GetOscConfig</STRONG> (Thumb, 414 bytes, Stack size 8 bytes, stm32h7xx_hal_rcc.o(.text), UNUSED)
<BR><BR>[Calls]<UL><LI><a href="#[65]">&gt;&gt;</a>&nbsp;&nbsp;&nbsp;HAL_GetREVID
</UL>

<P><STRONG><a name="[102]"></a>HAL_RCC_GetClockConfig</STRONG> (Thumb, 100 bytes, Stack size 0 bytes, stm32h7xx_hal_rcc.o(.text), UNUSED)

<P><STRONG><a name="[6c]"></a>HAL_RCC_CSSCallback</STRONG> (Thumb, 2 bytes, Stack size 0 bytes, stm32h7xx_hal_rcc.o(.text), UNUSED)
<BR><BR>[Called By]<UL><LI><a href="#[6b]">&gt;&gt;</a>&nbsp;&nbsp;&nbsp;HAL_RCC_NMI_IRQHandler
</UL>

<P><STRONG><a name="[6b]"></a>HAL_RCC_NMI_IRQHandler</STRONG> (Thumb, 34 bytes, Stack size 8 bytes, stm32h7xx_hal_rcc.o(.text), UNUSED)
<BR><BR>[Calls]<UL><LI><a href="#[6c]">&gt;&gt;</a>&nbsp;&nbsp;&nbsp;HAL_RCC_CSSCallback
</UL>

<P><STRONG><a name="[1a]"></a>HAL_RCCEx_PeriphCLKConfig</STRONG> (Thumb, 4084 bytes, Stack size 24 bytes, stm32h7xx_hal_rcc_ex.o(.text), UNUSED)
<BR><BR>[Calls]<UL><LI><a href="#[6e]">&gt;&gt;</a>&nbsp;&nbsp;&nbsp;RCCEx_PLL2_Config
<LI><a href="#[6d]">&gt;&gt;</a>&nbsp;&nbsp;&nbsp;RCCEx_PLL3_Config
<LI><a href="#[3c]">&gt;&gt;</a>&nbsp;&nbsp;&nbsp;HAL_GetTick
<LI><a href="#[3a]">&gt;&gt;</a>&nbsp;&nbsp;&nbsp;assert_failed
</UL>
<BR>[Called By]<UL><LI><a href="#[b]">&gt;&gt;</a>&nbsp;&nbsp;&nbsp;HAL_QSPI_MspInit
</UL>

<P><STRONG><a name="[103]"></a>HAL_RCCEx_GetPeriphCLKConfig</STRONG> (Thumb, 676 bytes, Stack size 0 bytes, stm32h7xx_hal_rcc_ex.o(.text), UNUSED)

<P><STRONG><a name="[72]"></a>HAL_RCCEx_GetPLL2ClockFreq</STRONG> (Thumb, 540 bytes, Stack size 16 bytes, stm32h7xx_hal_rcc_ex.o(.text), UNUSED)
<BR><BR>[Called By]<UL><LI><a href="#[70]">&gt;&gt;</a>&nbsp;&nbsp;&nbsp;HAL_RCCEx_GetPeriphCLKFreq
</UL>

<P><STRONG><a name="[71]"></a>HAL_RCCEx_GetPLL1ClockFreq</STRONG> (Thumb, 554 bytes, Stack size 16 bytes, stm32h7xx_hal_rcc_ex.o(.text), UNUSED)
<BR><BR>[Called By]<UL><LI><a href="#[70]">&gt;&gt;</a>&nbsp;&nbsp;&nbsp;HAL_RCCEx_GetPeriphCLKFreq
</UL>

<P><STRONG><a name="[73]"></a>HAL_RCCEx_GetPLL3ClockFreq</STRONG> (Thumb, 540 bytes, Stack size 16 bytes, stm32h7xx_hal_rcc_ex.o(.text), UNUSED)
<BR><BR>[Called By]<UL><LI><a href="#[70]">&gt;&gt;</a>&nbsp;&nbsp;&nbsp;HAL_RCCEx_GetPeriphCLKFreq
</UL>

<P><STRONG><a name="[6f]"></a>HAL_RCCEx_GetD3PCLK1Freq</STRONG> (Thumb, 30 bytes, Stack size 8 bytes, stm32h7xx_hal_rcc_ex.o(.text), UNUSED)
<BR><BR>[Calls]<UL><LI><a href="#[67]">&gt;&gt;</a>&nbsp;&nbsp;&nbsp;HAL_RCC_GetHCLKFreq
</UL>
<BR>[Called By]<UL><LI><a href="#[70]">&gt;&gt;</a>&nbsp;&nbsp;&nbsp;HAL_RCCEx_GetPeriphCLKFreq
</UL>

<P><STRONG><a name="[70]"></a>HAL_RCCEx_GetPeriphCLKFreq</STRONG> (Thumb, 1824 bytes, Stack size 64 bytes, stm32h7xx_hal_rcc_ex.o(.text), UNUSED)
<BR><BR>[Calls]<UL><LI><a href="#[6f]">&gt;&gt;</a>&nbsp;&nbsp;&nbsp;HAL_RCCEx_GetD3PCLK1Freq
<LI><a href="#[73]">&gt;&gt;</a>&nbsp;&nbsp;&nbsp;HAL_RCCEx_GetPLL3ClockFreq
<LI><a href="#[71]">&gt;&gt;</a>&nbsp;&nbsp;&nbsp;HAL_RCCEx_GetPLL1ClockFreq
<LI><a href="#[72]">&gt;&gt;</a>&nbsp;&nbsp;&nbsp;HAL_RCCEx_GetPLL2ClockFreq
</UL>

<P><STRONG><a name="[74]"></a>HAL_RCCEx_GetD1PCLK1Freq</STRONG> (Thumb, 30 bytes, Stack size 8 bytes, stm32h7xx_hal_rcc_ex.o(.text), UNUSED)
<BR><BR>[Calls]<UL><LI><a href="#[67]">&gt;&gt;</a>&nbsp;&nbsp;&nbsp;HAL_RCC_GetHCLKFreq
</UL>

<P><STRONG><a name="[75]"></a>HAL_RCCEx_GetD1SysClockFreq</STRONG> (Thumb, 70 bytes, Stack size 8 bytes, stm32h7xx_hal_rcc_ex.o(.text), UNUSED)
<BR><BR>[Calls]<UL><LI><a href="#[35]">&gt;&gt;</a>&nbsp;&nbsp;&nbsp;HAL_RCC_GetSysClockFreq
</UL>

<P><STRONG><a name="[104]"></a>HAL_RCCEx_EnableLSECSS</STRONG> (Thumb, 18 bytes, Stack size 0 bytes, stm32h7xx_hal_rcc_ex.o(.text), UNUSED)

<P><STRONG><a name="[105]"></a>HAL_RCCEx_DisableLSECSS</STRONG> (Thumb, 34 bytes, Stack size 0 bytes, stm32h7xx_hal_rcc_ex.o(.text), UNUSED)

<P><STRONG><a name="[106]"></a>HAL_RCCEx_EnableLSECSS_IT</STRONG> (Thumb, 60 bytes, Stack size 0 bytes, stm32h7xx_hal_rcc_ex.o(.text), UNUSED)

<P><STRONG><a name="[76]"></a>HAL_RCCEx_WakeUpStopCLKConfig</STRONG> (Thumb, 42 bytes, Stack size 8 bytes, stm32h7xx_hal_rcc_ex.o(.text), UNUSED)
<BR><BR>[Calls]<UL><LI><a href="#[3a]">&gt;&gt;</a>&nbsp;&nbsp;&nbsp;assert_failed
</UL>

<P><STRONG><a name="[77]"></a>HAL_RCCEx_KerWakeUpStopCLKConfig</STRONG> (Thumb, 42 bytes, Stack size 8 bytes, stm32h7xx_hal_rcc_ex.o(.text), UNUSED)
<BR><BR>[Calls]<UL><LI><a href="#[3a]">&gt;&gt;</a>&nbsp;&nbsp;&nbsp;assert_failed
</UL>

<P><STRONG><a name="[78]"></a>HAL_RCCEx_WWDGxSysResetConfig</STRONG> (Thumb, 136 bytes, Stack size 8 bytes, stm32h7xx_hal_rcc_ex.o(.text), UNUSED)
<BR><BR>[Calls]<UL><LI><a href="#[3a]">&gt;&gt;</a>&nbsp;&nbsp;&nbsp;assert_failed
</UL>

<P><STRONG><a name="[79]"></a>HAL_RCCEx_CRSConfig</STRONG> (Thumb, 318 bytes, Stack size 16 bytes, stm32h7xx_hal_rcc_ex.o(.text), UNUSED)
<BR><BR>[Calls]<UL><LI><a href="#[65]">&gt;&gt;</a>&nbsp;&nbsp;&nbsp;HAL_GetREVID
<LI><a href="#[3a]">&gt;&gt;</a>&nbsp;&nbsp;&nbsp;assert_failed
</UL>

<P><STRONG><a name="[107]"></a>HAL_RCCEx_CRSSoftwareSynchronizationGenerate</STRONG> (Thumb, 18 bytes, Stack size 0 bytes, stm32h7xx_hal_rcc_ex.o(.text), UNUSED)

<P><STRONG><a name="[7a]"></a>HAL_RCCEx_CRSGetSynchronizationInfo</STRONG> (Thumb, 64 bytes, Stack size 8 bytes, stm32h7xx_hal_rcc_ex.o(.text), UNUSED)
<BR><BR>[Calls]<UL><LI><a href="#[3a]">&gt;&gt;</a>&nbsp;&nbsp;&nbsp;assert_failed
</UL>

<P><STRONG><a name="[7b]"></a>HAL_RCCEx_CRSWaitSynchronization</STRONG> (Thumb, 216 bytes, Stack size 16 bytes, stm32h7xx_hal_rcc_ex.o(.text), UNUSED)
<BR><BR>[Calls]<UL><LI><a href="#[3c]">&gt;&gt;</a>&nbsp;&nbsp;&nbsp;HAL_GetTick
</UL>

<P><STRONG><a name="[80]"></a>HAL_RCCEx_CRS_ErrorCallback</STRONG> (Thumb, 2 bytes, Stack size 0 bytes, stm32h7xx_hal_rcc_ex.o(.text), UNUSED)
<BR><BR>[Called By]<UL><LI><a href="#[7c]">&gt;&gt;</a>&nbsp;&nbsp;&nbsp;HAL_RCCEx_CRS_IRQHandler
</UL>

<P><STRONG><a name="[7f]"></a>HAL_RCCEx_CRS_ExpectedSyncCallback</STRONG> (Thumb, 2 bytes, Stack size 0 bytes, stm32h7xx_hal_rcc_ex.o(.text), UNUSED)
<BR><BR>[Called By]<UL><LI><a href="#[7c]">&gt;&gt;</a>&nbsp;&nbsp;&nbsp;HAL_RCCEx_CRS_IRQHandler
</UL>

<P><STRONG><a name="[7e]"></a>HAL_RCCEx_CRS_SyncWarnCallback</STRONG> (Thumb, 2 bytes, Stack size 0 bytes, stm32h7xx_hal_rcc_ex.o(.text), UNUSED)
<BR><BR>[Called By]<UL><LI><a href="#[7c]">&gt;&gt;</a>&nbsp;&nbsp;&nbsp;HAL_RCCEx_CRS_IRQHandler
</UL>

<P><STRONG><a name="[7d]"></a>HAL_RCCEx_CRS_SyncOkCallback</STRONG> (Thumb, 2 bytes, Stack size 0 bytes, stm32h7xx_hal_rcc_ex.o(.text), UNUSED)
<BR><BR>[Called By]<UL><LI><a href="#[7c]">&gt;&gt;</a>&nbsp;&nbsp;&nbsp;HAL_RCCEx_CRS_IRQHandler
</UL>

<P><STRONG><a name="[7c]"></a>HAL_RCCEx_CRS_IRQHandler</STRONG> (Thumb, 152 bytes, Stack size 16 bytes, stm32h7xx_hal_rcc_ex.o(.text), UNUSED)
<BR><BR>[Calls]<UL><LI><a href="#[7d]">&gt;&gt;</a>&nbsp;&nbsp;&nbsp;HAL_RCCEx_CRS_SyncOkCallback
<LI><a href="#[7e]">&gt;&gt;</a>&nbsp;&nbsp;&nbsp;HAL_RCCEx_CRS_SyncWarnCallback
<LI><a href="#[7f]">&gt;&gt;</a>&nbsp;&nbsp;&nbsp;HAL_RCCEx_CRS_ExpectedSyncCallback
<LI><a href="#[80]">&gt;&gt;</a>&nbsp;&nbsp;&nbsp;HAL_RCCEx_CRS_ErrorCallback
</UL>

<P><STRONG><a name="[82]"></a>HAL_RCCEx_LSECSS_Callback</STRONG> (Thumb, 2 bytes, Stack size 0 bytes, stm32h7xx_hal_rcc_ex.o(.text), UNUSED)
<BR><BR>[Called By]<UL><LI><a href="#[81]">&gt;&gt;</a>&nbsp;&nbsp;&nbsp;HAL_RCCEx_LSECSS_IRQHandler
</UL>

<P><STRONG><a name="[81]"></a>HAL_RCCEx_LSECSS_IRQHandler</STRONG> (Thumb, 34 bytes, Stack size 8 bytes, stm32h7xx_hal_rcc_ex.o(.text), UNUSED)
<BR><BR>[Calls]<UL><LI><a href="#[82]">&gt;&gt;</a>&nbsp;&nbsp;&nbsp;HAL_RCCEx_LSECSS_Callback
</UL>

<P><STRONG><a name="[83]"></a>HAL_MDMA_Init</STRONG> (Thumb, 884 bytes, Stack size 16 bytes, stm32h7xx_hal_mdma.o(.text), UNUSED)
<BR><BR>[Calls]<UL><LI><a href="#[84]">&gt;&gt;</a>&nbsp;&nbsp;&nbsp;MDMA_Init
<LI><a href="#[3c]">&gt;&gt;</a>&nbsp;&nbsp;&nbsp;HAL_GetTick
<LI><a href="#[3a]">&gt;&gt;</a>&nbsp;&nbsp;&nbsp;assert_failed
</UL>

<P><STRONG><a name="[108]"></a>HAL_MDMA_DeInit</STRONG> (Thumb, 94 bytes, Stack size 0 bytes, stm32h7xx_hal_mdma.o(.text), UNUSED)

<P><STRONG><a name="[109]"></a>HAL_MDMA_ConfigPostRequestMask</STRONG> (Thumb, 194 bytes, Stack size 12 bytes, stm32h7xx_hal_mdma.o(.text), UNUSED)

<P><STRONG><a name="[10a]"></a>HAL_MDMA_RegisterCallback</STRONG> (Thumb, 100 bytes, Stack size 8 bytes, stm32h7xx_hal_mdma.o(.text), UNUSED)

<P><STRONG><a name="[10b]"></a>HAL_MDMA_UnRegisterCallback</STRONG> (Thumb, 130 bytes, Stack size 0 bytes, stm32h7xx_hal_mdma.o(.text), UNUSED)

<P><STRONG><a name="[85]"></a>HAL_MDMA_LinkedList_CreateNode</STRONG> (Thumb, 994 bytes, Stack size 24 bytes, stm32h7xx_hal_mdma.o(.text), UNUSED)
<BR><BR>[Calls]<UL><LI><a href="#[3a]">&gt;&gt;</a>&nbsp;&nbsp;&nbsp;assert_failed
</UL>

<P><STRONG><a name="[10c]"></a>HAL_MDMA_LinkedList_AddNode</STRONG> (Thumb, 228 bytes, Stack size 20 bytes, stm32h7xx_hal_mdma.o(.text), UNUSED)

<P><STRONG><a name="[10d]"></a>HAL_MDMA_LinkedList_RemoveNode</STRONG> (Thumb, 216 bytes, Stack size 20 bytes, stm32h7xx_hal_mdma.o(.text), UNUSED)

<P><STRONG><a name="[10e]"></a>HAL_MDMA_LinkedList_EnableCircularMode</STRONG> (Thumb, 88 bytes, Stack size 0 bytes, stm32h7xx_hal_mdma.o(.text), UNUSED)

<P><STRONG><a name="[10f]"></a>HAL_MDMA_LinkedList_DisableCircularMode</STRONG> (Thumb, 88 bytes, Stack size 0 bytes, stm32h7xx_hal_mdma.o(.text), UNUSED)

<P><STRONG><a name="[86]"></a>HAL_MDMA_Start</STRONG> (Thumb, 190 bytes, Stack size 32 bytes, stm32h7xx_hal_mdma.o(.text), UNUSED)
<BR><BR>[Calls]<UL><LI><a href="#[87]">&gt;&gt;</a>&nbsp;&nbsp;&nbsp;MDMA_SetConfig
<LI><a href="#[3a]">&gt;&gt;</a>&nbsp;&nbsp;&nbsp;assert_failed
</UL>

<P><STRONG><a name="[88]"></a>HAL_MDMA_Start_IT</STRONG> (Thumb, 244 bytes, Stack size 32 bytes, stm32h7xx_hal_mdma.o(.text), UNUSED)
<BR><BR>[Calls]<UL><LI><a href="#[87]">&gt;&gt;</a>&nbsp;&nbsp;&nbsp;MDMA_SetConfig
<LI><a href="#[3a]">&gt;&gt;</a>&nbsp;&nbsp;&nbsp;assert_failed
</UL>

<P><STRONG><a name="[89]"></a>HAL_MDMA_Abort</STRONG> (Thumb, 144 bytes, Stack size 16 bytes, stm32h7xx_hal_mdma.o(.text), UNUSED)
<BR><BR>[Calls]<UL><LI><a href="#[3c]">&gt;&gt;</a>&nbsp;&nbsp;&nbsp;HAL_GetTick
</UL>
<BR>[Called By]<UL><LI><a href="#[8a]">&gt;&gt;</a>&nbsp;&nbsp;&nbsp;HAL_MDMA_PollForTransfer
</UL>

<P><STRONG><a name="[110]"></a>HAL_MDMA_Abort_IT</STRONG> (Thumb, 46 bytes, Stack size 0 bytes, stm32h7xx_hal_mdma.o(.text), UNUSED)

<P><STRONG><a name="[8a]"></a>HAL_MDMA_PollForTransfer</STRONG> (Thumb, 320 bytes, Stack size 32 bytes, stm32h7xx_hal_mdma.o(.text), UNUSED)
<BR><BR>[Calls]<UL><LI><a href="#[89]">&gt;&gt;</a>&nbsp;&nbsp;&nbsp;HAL_MDMA_Abort
<LI><a href="#[3c]">&gt;&gt;</a>&nbsp;&nbsp;&nbsp;HAL_GetTick
<LI><a href="#[3a]">&gt;&gt;</a>&nbsp;&nbsp;&nbsp;assert_failed
</UL>

<P><STRONG><a name="[111]"></a>HAL_MDMA_GenerateSWRequest</STRONG> (Thumb, 72 bytes, Stack size 0 bytes, stm32h7xx_hal_mdma.o(.text), UNUSED)

<P><STRONG><a name="[112]"></a>HAL_MDMA_IRQHandler</STRONG> (Thumb, 478 bytes, Stack size 24 bytes, stm32h7xx_hal_mdma.o(.text), UNUSED)

<P><STRONG><a name="[113]"></a>HAL_MDMA_GetState</STRONG> (Thumb, 8 bytes, Stack size 0 bytes, stm32h7xx_hal_mdma.o(.text), UNUSED)

<P><STRONG><a name="[114]"></a>HAL_MDMA_GetError</STRONG> (Thumb, 6 bytes, Stack size 0 bytes, stm32h7xx_hal_mdma.o(.text), UNUSED)

<P><STRONG><a name="[14]"></a>HAL_PWREx_ConfigSupply</STRONG> (Thumb, 110 bytes, Stack size 16 bytes, stm32h7xx_hal_pwr_ex.o(.text), UNUSED)
<BR><BR>[Calls]<UL><LI><a href="#[3c]">&gt;&gt;</a>&nbsp;&nbsp;&nbsp;HAL_GetTick
<LI><a href="#[3a]">&gt;&gt;</a>&nbsp;&nbsp;&nbsp;assert_failed
</UL>
<BR>[Called By]<UL><LI><a href="#[3]">&gt;&gt;</a>&nbsp;&nbsp;&nbsp;SystemClock_Config
</UL>

<P><STRONG><a name="[115]"></a>HAL_PWREx_GetSupplyConfig</STRONG> (Thumb, 10 bytes, Stack size 0 bytes, stm32h7xx_hal_pwr_ex.o(.text), UNUSED)

<P><STRONG><a name="[8b]"></a>HAL_PWREx_ControlVoltageScaling</STRONG> (Thumb, 276 bytes, Stack size 16 bytes, stm32h7xx_hal_pwr_ex.o(.text), UNUSED)
<BR><BR>[Calls]<UL><LI><a href="#[3c]">&gt;&gt;</a>&nbsp;&nbsp;&nbsp;HAL_GetTick
<LI><a href="#[3a]">&gt;&gt;</a>&nbsp;&nbsp;&nbsp;assert_failed
</UL>

<P><STRONG><a name="[116]"></a>HAL_PWREx_GetVoltageRange</STRONG> (Thumb, 12 bytes, Stack size 0 bytes, stm32h7xx_hal_pwr_ex.o(.text), UNUSED)

<P><STRONG><a name="[8c]"></a>HAL_PWREx_ControlStopModeVoltageScaling</STRONG> (Thumb, 56 bytes, Stack size 8 bytes, stm32h7xx_hal_pwr_ex.o(.text), UNUSED)
<BR><BR>[Calls]<UL><LI><a href="#[3a]">&gt;&gt;</a>&nbsp;&nbsp;&nbsp;assert_failed
</UL>

<P><STRONG><a name="[117]"></a>HAL_PWREx_GetStopModeVoltageRange</STRONG> (Thumb, 12 bytes, Stack size 0 bytes, stm32h7xx_hal_pwr_ex.o(.text), UNUSED)

<P><STRONG><a name="[8d]"></a>HAL_PWREx_EnterSTOPMode</STRONG> (Thumb, 188 bytes, Stack size 16 bytes, stm32h7xx_hal_pwr_ex.o(.text), UNUSED)
<BR><BR>[Calls]<UL><LI><a href="#[3a]">&gt;&gt;</a>&nbsp;&nbsp;&nbsp;assert_failed
</UL>

<P><STRONG><a name="[118]"></a>HAL_PWREx_ClearPendingEvent</STRONG> (Thumb, 4 bytes, Stack size 0 bytes, stm32h7xx_hal_pwr_ex.o(.text), UNUSED)

<P><STRONG><a name="[8e]"></a>HAL_PWREx_EnterSTANDBYMode</STRONG> (Thumb, 104 bytes, Stack size 8 bytes, stm32h7xx_hal_pwr_ex.o(.text), UNUSED)
<BR><BR>[Calls]<UL><LI><a href="#[3a]">&gt;&gt;</a>&nbsp;&nbsp;&nbsp;assert_failed
</UL>

<P><STRONG><a name="[8f]"></a>HAL_PWREx_ConfigD3Domain</STRONG> (Thumb, 44 bytes, Stack size 8 bytes, stm32h7xx_hal_pwr_ex.o(.text), UNUSED)
<BR><BR>[Calls]<UL><LI><a href="#[3a]">&gt;&gt;</a>&nbsp;&nbsp;&nbsp;assert_failed
</UL>

<P><STRONG><a name="[119]"></a>HAL_PWREx_EnableFlashPowerDown</STRONG> (Thumb, 18 bytes, Stack size 0 bytes, stm32h7xx_hal_pwr_ex.o(.text), UNUSED)

<P><STRONG><a name="[11a]"></a>HAL_PWREx_DisableFlashPowerDown</STRONG> (Thumb, 18 bytes, Stack size 0 bytes, stm32h7xx_hal_pwr_ex.o(.text), UNUSED)

<P><STRONG><a name="[90]"></a>HAL_PWREx_EnableWakeUpPin</STRONG> (Thumb, 414 bytes, Stack size 24 bytes, stm32h7xx_hal_pwr_ex.o(.text), UNUSED)
<BR><BR>[Calls]<UL><LI><a href="#[3a]">&gt;&gt;</a>&nbsp;&nbsp;&nbsp;assert_failed
</UL>

<P><STRONG><a name="[91]"></a>HAL_PWREx_DisableWakeUpPin</STRONG> (Thumb, 116 bytes, Stack size 8 bytes, stm32h7xx_hal_pwr_ex.o(.text), UNUSED)
<BR><BR>[Calls]<UL><LI><a href="#[3a]">&gt;&gt;</a>&nbsp;&nbsp;&nbsp;assert_failed
</UL>

<P><STRONG><a name="[92]"></a>HAL_PWREx_GetWakeupFlag</STRONG> (Thumb, 56 bytes, Stack size 8 bytes, stm32h7xx_hal_pwr_ex.o(.text), UNUSED)
<BR><BR>[Calls]<UL><LI><a href="#[3a]">&gt;&gt;</a>&nbsp;&nbsp;&nbsp;assert_failed
</UL>

<P><STRONG><a name="[93]"></a>HAL_PWREx_ClearWakeupFlag</STRONG> (Thumb, 76 bytes, Stack size 8 bytes, stm32h7xx_hal_pwr_ex.o(.text), UNUSED)
<BR><BR>[Calls]<UL><LI><a href="#[3a]">&gt;&gt;</a>&nbsp;&nbsp;&nbsp;assert_failed
</UL>

<P><STRONG><a name="[9a]"></a>HAL_PWREx_WKUP6_Callback</STRONG> (Thumb, 2 bytes, Stack size 0 bytes, stm32h7xx_hal_pwr_ex.o(.text), UNUSED)
<BR><BR>[Called By]<UL><LI><a href="#[94]">&gt;&gt;</a>&nbsp;&nbsp;&nbsp;HAL_PWREx_WAKEUP_PIN_IRQHandler
</UL>

<P><STRONG><a name="[99]"></a>HAL_PWREx_WKUP5_Callback</STRONG> (Thumb, 2 bytes, Stack size 0 bytes, stm32h7xx_hal_pwr_ex.o(.text), UNUSED)
<BR><BR>[Called By]<UL><LI><a href="#[94]">&gt;&gt;</a>&nbsp;&nbsp;&nbsp;HAL_PWREx_WAKEUP_PIN_IRQHandler
</UL>

<P><STRONG><a name="[98]"></a>HAL_PWREx_WKUP4_Callback</STRONG> (Thumb, 2 bytes, Stack size 0 bytes, stm32h7xx_hal_pwr_ex.o(.text), UNUSED)
<BR><BR>[Called By]<UL><LI><a href="#[94]">&gt;&gt;</a>&nbsp;&nbsp;&nbsp;HAL_PWREx_WAKEUP_PIN_IRQHandler
</UL>

<P><STRONG><a name="[97]"></a>HAL_PWREx_WKUP3_Callback</STRONG> (Thumb, 2 bytes, Stack size 0 bytes, stm32h7xx_hal_pwr_ex.o(.text), UNUSED)
<BR><BR>[Called By]<UL><LI><a href="#[94]">&gt;&gt;</a>&nbsp;&nbsp;&nbsp;HAL_PWREx_WAKEUP_PIN_IRQHandler
</UL>

<P><STRONG><a name="[96]"></a>HAL_PWREx_WKUP2_Callback</STRONG> (Thumb, 2 bytes, Stack size 0 bytes, stm32h7xx_hal_pwr_ex.o(.text), UNUSED)
<BR><BR>[Called By]<UL><LI><a href="#[94]">&gt;&gt;</a>&nbsp;&nbsp;&nbsp;HAL_PWREx_WAKEUP_PIN_IRQHandler
</UL>

<P><STRONG><a name="[95]"></a>HAL_PWREx_WKUP1_Callback</STRONG> (Thumb, 2 bytes, Stack size 0 bytes, stm32h7xx_hal_pwr_ex.o(.text), UNUSED)
<BR><BR>[Called By]<UL><LI><a href="#[94]">&gt;&gt;</a>&nbsp;&nbsp;&nbsp;HAL_PWREx_WAKEUP_PIN_IRQHandler
</UL>

<P><STRONG><a name="[94]"></a>HAL_PWREx_WAKEUP_PIN_IRQHandler</STRONG> (Thumb, 194 bytes, Stack size 8 bytes, stm32h7xx_hal_pwr_ex.o(.text), UNUSED)
<BR><BR>[Calls]<UL><LI><a href="#[95]">&gt;&gt;</a>&nbsp;&nbsp;&nbsp;HAL_PWREx_WKUP1_Callback
<LI><a href="#[96]">&gt;&gt;</a>&nbsp;&nbsp;&nbsp;HAL_PWREx_WKUP2_Callback
<LI><a href="#[97]">&gt;&gt;</a>&nbsp;&nbsp;&nbsp;HAL_PWREx_WKUP3_Callback
<LI><a href="#[98]">&gt;&gt;</a>&nbsp;&nbsp;&nbsp;HAL_PWREx_WKUP4_Callback
<LI><a href="#[99]">&gt;&gt;</a>&nbsp;&nbsp;&nbsp;HAL_PWREx_WKUP5_Callback
<LI><a href="#[9a]">&gt;&gt;</a>&nbsp;&nbsp;&nbsp;HAL_PWREx_WKUP6_Callback
</UL>

<P><STRONG><a name="[9b]"></a>HAL_PWREx_EnableBkUpReg</STRONG> (Thumb, 60 bytes, Stack size 8 bytes, stm32h7xx_hal_pwr_ex.o(.text), UNUSED)
<BR><BR>[Calls]<UL><LI><a href="#[3c]">&gt;&gt;</a>&nbsp;&nbsp;&nbsp;HAL_GetTick
</UL>

<P><STRONG><a name="[9c]"></a>HAL_PWREx_DisableBkUpReg</STRONG> (Thumb, 60 bytes, Stack size 8 bytes, stm32h7xx_hal_pwr_ex.o(.text), UNUSED)
<BR><BR>[Calls]<UL><LI><a href="#[3c]">&gt;&gt;</a>&nbsp;&nbsp;&nbsp;HAL_GetTick
</UL>

<P><STRONG><a name="[9d]"></a>HAL_PWREx_EnableUSBReg</STRONG> (Thumb, 60 bytes, Stack size 8 bytes, stm32h7xx_hal_pwr_ex.o(.text), UNUSED)
<BR><BR>[Calls]<UL><LI><a href="#[3c]">&gt;&gt;</a>&nbsp;&nbsp;&nbsp;HAL_GetTick
</UL>

<P><STRONG><a name="[9e]"></a>HAL_PWREx_DisableUSBReg</STRONG> (Thumb, 60 bytes, Stack size 8 bytes, stm32h7xx_hal_pwr_ex.o(.text), UNUSED)
<BR><BR>[Calls]<UL><LI><a href="#[3c]">&gt;&gt;</a>&nbsp;&nbsp;&nbsp;HAL_GetTick
</UL>

<P><STRONG><a name="[11b]"></a>HAL_PWREx_EnableUSBVoltageDetector</STRONG> (Thumb, 18 bytes, Stack size 0 bytes, stm32h7xx_hal_pwr_ex.o(.text), UNUSED)

<P><STRONG><a name="[11c]"></a>HAL_PWREx_DisableUSBVoltageDetector</STRONG> (Thumb, 18 bytes, Stack size 0 bytes, stm32h7xx_hal_pwr_ex.o(.text), UNUSED)

<P><STRONG><a name="[9f]"></a>HAL_PWREx_EnableBatteryCharging</STRONG> (Thumb, 56 bytes, Stack size 8 bytes, stm32h7xx_hal_pwr_ex.o(.text), UNUSED)
<BR><BR>[Calls]<UL><LI><a href="#[3a]">&gt;&gt;</a>&nbsp;&nbsp;&nbsp;assert_failed
</UL>

<P><STRONG><a name="[11d]"></a>HAL_PWREx_DisableBatteryCharging</STRONG> (Thumb, 18 bytes, Stack size 0 bytes, stm32h7xx_hal_pwr_ex.o(.text), UNUSED)

<P><STRONG><a name="[11e]"></a>HAL_PWREx_EnableMonitoring</STRONG> (Thumb, 18 bytes, Stack size 0 bytes, stm32h7xx_hal_pwr_ex.o(.text), UNUSED)

<P><STRONG><a name="[11f]"></a>HAL_PWREx_DisableMonitoring</STRONG> (Thumb, 18 bytes, Stack size 0 bytes, stm32h7xx_hal_pwr_ex.o(.text), UNUSED)

<P><STRONG><a name="[120]"></a>HAL_PWREx_GetTemperatureLevel</STRONG> (Thumb, 38 bytes, Stack size 0 bytes, stm32h7xx_hal_pwr_ex.o(.text), UNUSED)

<P><STRONG><a name="[121]"></a>HAL_PWREx_GetVBATLevel</STRONG> (Thumb, 38 bytes, Stack size 0 bytes, stm32h7xx_hal_pwr_ex.o(.text), UNUSED)

<P><STRONG><a name="[a0]"></a>HAL_PWREx_ConfigAVD</STRONG> (Thumb, 298 bytes, Stack size 8 bytes, stm32h7xx_hal_pwr_ex.o(.text), UNUSED)
<BR><BR>[Calls]<UL><LI><a href="#[3a]">&gt;&gt;</a>&nbsp;&nbsp;&nbsp;assert_failed
</UL>

<P><STRONG><a name="[122]"></a>HAL_PWREx_EnableAVD</STRONG> (Thumb, 14 bytes, Stack size 0 bytes, stm32h7xx_hal_pwr_ex.o(.text), UNUSED)

<P><STRONG><a name="[123]"></a>HAL_PWREx_DisableAVD</STRONG> (Thumb, 14 bytes, Stack size 0 bytes, stm32h7xx_hal_pwr_ex.o(.text), UNUSED)

<P><STRONG><a name="[a3]"></a>HAL_PWREx_AVDCallback</STRONG> (Thumb, 2 bytes, Stack size 0 bytes, stm32h7xx_hal_pwr_ex.o(.text), UNUSED)
<BR><BR>[Called By]<UL><LI><a href="#[a1]">&gt;&gt;</a>&nbsp;&nbsp;&nbsp;HAL_PWREx_PVD_AVD_IRQHandler
</UL>

<P><STRONG><a name="[a1]"></a>HAL_PWREx_PVD_AVD_IRQHandler</STRONG> (Thumb, 92 bytes, Stack size 8 bytes, stm32h7xx_hal_pwr_ex.o(.text), UNUSED)
<BR><BR>[Calls]<UL><LI><a href="#[a3]">&gt;&gt;</a>&nbsp;&nbsp;&nbsp;HAL_PWREx_AVDCallback
<LI><a href="#[a2]">&gt;&gt;</a>&nbsp;&nbsp;&nbsp;HAL_PWR_PVDCallback
</UL>

<P><STRONG><a name="[124]"></a>HAL_PWR_DeInit</STRONG> (Thumb, 2 bytes, Stack size 0 bytes, stm32h7xx_hal_pwr.o(.text), UNUSED)

<P><STRONG><a name="[125]"></a>HAL_PWR_EnableBkUpAccess</STRONG> (Thumb, 14 bytes, Stack size 0 bytes, stm32h7xx_hal_pwr.o(.text), UNUSED)

<P><STRONG><a name="[126]"></a>HAL_PWR_DisableBkUpAccess</STRONG> (Thumb, 14 bytes, Stack size 0 bytes, stm32h7xx_hal_pwr.o(.text), UNUSED)

<P><STRONG><a name="[a4]"></a>HAL_PWR_ConfigPVD</STRONG> (Thumb, 304 bytes, Stack size 8 bytes, stm32h7xx_hal_pwr.o(.text), UNUSED)
<BR><BR>[Calls]<UL><LI><a href="#[3a]">&gt;&gt;</a>&nbsp;&nbsp;&nbsp;assert_failed
</UL>

<P><STRONG><a name="[127]"></a>HAL_PWR_EnablePVD</STRONG> (Thumb, 14 bytes, Stack size 0 bytes, stm32h7xx_hal_pwr.o(.text), UNUSED)

<P><STRONG><a name="[128]"></a>HAL_PWR_DisablePVD</STRONG> (Thumb, 14 bytes, Stack size 0 bytes, stm32h7xx_hal_pwr.o(.text), UNUSED)

<P><STRONG><a name="[a5]"></a>HAL_PWR_EnableWakeUpPin</STRONG> (Thumb, 122 bytes, Stack size 8 bytes, stm32h7xx_hal_pwr.o(.text), UNUSED)
<BR><BR>[Calls]<UL><LI><a href="#[3a]">&gt;&gt;</a>&nbsp;&nbsp;&nbsp;assert_failed
</UL>

<P><STRONG><a name="[a6]"></a>HAL_PWR_DisableWakeUpPin</STRONG> (Thumb, 122 bytes, Stack size 8 bytes, stm32h7xx_hal_pwr.o(.text), UNUSED)
<BR><BR>[Calls]<UL><LI><a href="#[3a]">&gt;&gt;</a>&nbsp;&nbsp;&nbsp;assert_failed
</UL>

<P><STRONG><a name="[a7]"></a>HAL_PWR_EnterSLEEPMode</STRONG> (Thumb, 68 bytes, Stack size 16 bytes, stm32h7xx_hal_pwr.o(.text), UNUSED)
<BR><BR>[Calls]<UL><LI><a href="#[3a]">&gt;&gt;</a>&nbsp;&nbsp;&nbsp;assert_failed
</UL>

<P><STRONG><a name="[a8]"></a>HAL_PWR_EnterSTOPMode</STRONG> (Thumb, 128 bytes, Stack size 16 bytes, stm32h7xx_hal_pwr.o(.text), UNUSED)
<BR><BR>[Calls]<UL><LI><a href="#[3a]">&gt;&gt;</a>&nbsp;&nbsp;&nbsp;assert_failed
</UL>

<P><STRONG><a name="[129]"></a>HAL_PWR_EnterSTANDBYMode</STRONG> (Thumb, 54 bytes, Stack size 0 bytes, stm32h7xx_hal_pwr.o(.text), UNUSED)

<P><STRONG><a name="[12a]"></a>HAL_PWR_EnableSleepOnExit</STRONG> (Thumb, 14 bytes, Stack size 0 bytes, stm32h7xx_hal_pwr.o(.text), UNUSED)

<P><STRONG><a name="[12b]"></a>HAL_PWR_DisableSleepOnExit</STRONG> (Thumb, 14 bytes, Stack size 0 bytes, stm32h7xx_hal_pwr.o(.text), UNUSED)

<P><STRONG><a name="[12c]"></a>HAL_PWR_EnableSEVOnPend</STRONG> (Thumb, 14 bytes, Stack size 0 bytes, stm32h7xx_hal_pwr.o(.text), UNUSED)

<P><STRONG><a name="[12d]"></a>HAL_PWR_DisableSEVOnPend</STRONG> (Thumb, 14 bytes, Stack size 0 bytes, stm32h7xx_hal_pwr.o(.text), UNUSED)

<P><STRONG><a name="[a2]"></a>HAL_PWR_PVDCallback</STRONG> (Thumb, 2 bytes, Stack size 0 bytes, stm32h7xx_hal_pwr.o(.text), UNUSED)
<BR><BR>[Called By]<UL><LI><a href="#[a9]">&gt;&gt;</a>&nbsp;&nbsp;&nbsp;HAL_PWR_PVD_IRQHandler
<LI><a href="#[a1]">&gt;&gt;</a>&nbsp;&nbsp;&nbsp;HAL_PWREx_PVD_AVD_IRQHandler
</UL>

<P><STRONG><a name="[a9]"></a>HAL_PWR_PVD_IRQHandler</STRONG> (Thumb, 38 bytes, Stack size 8 bytes, stm32h7xx_hal_pwr.o(.text), UNUSED)
<BR><BR>[Calls]<UL><LI><a href="#[a2]">&gt;&gt;</a>&nbsp;&nbsp;&nbsp;HAL_PWR_PVDCallback
</UL>

<P><STRONG><a name="[2]"></a>SystemInit</STRONG> (Thumb, 220 bytes, Stack size 0 bytes, system_stm32h7xx.o(.text), UNUSED)
<BR><BR>[Called By]<UL><LI><a href="#[0]">&gt;&gt;</a>&nbsp;&nbsp;&nbsp;Init
</UL>

<P><STRONG><a name="[12e]"></a>SystemCoreClockUpdate</STRONG> (Thumb, 492 bytes, Stack size 20 bytes, system_stm32h7xx.o(.text), UNUSED)

<P><STRONG><a name="[6]"></a>__aeabi_memclr4</STRONG> (Thumb, 0 bytes, Stack size 4 bytes, rt_memclr_w.o(.text), UNUSED)
<BR><BR>[Called By]<UL><LI><a href="#[3]">&gt;&gt;</a>&nbsp;&nbsp;&nbsp;SystemClock_Config
<LI><a href="#[b]">&gt;&gt;</a>&nbsp;&nbsp;&nbsp;HAL_QSPI_MspInit
<LI><a href="#[0]">&gt;&gt;</a>&nbsp;&nbsp;&nbsp;Init
</UL>

<P><STRONG><a name="[12f]"></a>__aeabi_memclr8</STRONG> (Thumb, 0 bytes, Stack size 4 bytes, rt_memclr_w.o(.text), UNUSED)

<P><STRONG><a name="[130]"></a>__rt_memclr_w</STRONG> (Thumb, 78 bytes, Stack size 4 bytes, rt_memclr_w.o(.text), UNUSED)

<P><STRONG><a name="[131]"></a>_memset_w</STRONG> (Thumb, 0 bytes, Stack size unknown bytes, rt_memclr_w.o(.text), UNUSED)
<P>
<H3>
Local Symbols
</H3>
<P><STRONG><a name="[20]"></a>QSPI_AutoPollingMemReady</STRONG> (Thumb, 86 bytes, Stack size 88 bytes, qspi.o(.text), UNUSED)
<BR><BR>[Calls]<UL><LI><a href="#[21]">&gt;&gt;</a>&nbsp;&nbsp;&nbsp;HAL_QSPI_AutoPolling
</UL>
<BR>[Called By]<UL><LI><a href="#[2c]">&gt;&gt;</a>&nbsp;&nbsp;&nbsp;BSP_QSPI_Erase_Block32
<LI><a href="#[2b]">&gt;&gt;</a>&nbsp;&nbsp;&nbsp;BSP_QSPI_Erase_Sector
<LI><a href="#[26]">&gt;&gt;</a>&nbsp;&nbsp;&nbsp;QSPI_EnterFourBytesAddress
<LI><a href="#[27]">&gt;&gt;</a>&nbsp;&nbsp;&nbsp;QSPI_ResetMemory
<LI><a href="#[9]">&gt;&gt;</a>&nbsp;&nbsp;&nbsp;QSPI_FLASH_WriteStatusReg
<LI><a href="#[f]">&gt;&gt;</a>&nbsp;&nbsp;&nbsp;BSP_QSPI_Write
<LI><a href="#[c]">&gt;&gt;</a>&nbsp;&nbsp;&nbsp;BSP_QSPI_Init
<LI><a href="#[13]">&gt;&gt;</a>&nbsp;&nbsp;&nbsp;BSP_QSPI_Erase_Chip
<LI><a href="#[11]">&gt;&gt;</a>&nbsp;&nbsp;&nbsp;BSP_QSPI_Erase_Block64
</UL>

<P><STRONG><a name="[25]"></a>QSPI_WriteEnable</STRONG> (Thumb, 146 bytes, Stack size 88 bytes, qspi.o(.text), UNUSED)
<BR><BR>[Calls]<UL><LI><a href="#[22]">&gt;&gt;</a>&nbsp;&nbsp;&nbsp;HAL_QSPI_Command
<LI><a href="#[21]">&gt;&gt;</a>&nbsp;&nbsp;&nbsp;HAL_QSPI_AutoPolling
<LI><a href="#[24]">&gt;&gt;</a>&nbsp;&nbsp;&nbsp;QSPI_FLASH_Wait_Busy
</UL>
<BR>[Called By]<UL><LI><a href="#[2c]">&gt;&gt;</a>&nbsp;&nbsp;&nbsp;BSP_QSPI_Erase_Block32
<LI><a href="#[2b]">&gt;&gt;</a>&nbsp;&nbsp;&nbsp;BSP_QSPI_Erase_Sector
<LI><a href="#[26]">&gt;&gt;</a>&nbsp;&nbsp;&nbsp;QSPI_EnterFourBytesAddress
<LI><a href="#[9]">&gt;&gt;</a>&nbsp;&nbsp;&nbsp;QSPI_FLASH_WriteStatusReg
<LI><a href="#[f]">&gt;&gt;</a>&nbsp;&nbsp;&nbsp;BSP_QSPI_Write
<LI><a href="#[c]">&gt;&gt;</a>&nbsp;&nbsp;&nbsp;BSP_QSPI_Init
<LI><a href="#[13]">&gt;&gt;</a>&nbsp;&nbsp;&nbsp;BSP_QSPI_Erase_Chip
<LI><a href="#[11]">&gt;&gt;</a>&nbsp;&nbsp;&nbsp;BSP_QSPI_Erase_Block64
</UL>

<P><STRONG><a name="[27]"></a>QSPI_ResetMemory</STRONG> (Thumb, 94 bytes, Stack size 64 bytes, qspi.o(.text), UNUSED)
<BR><BR>[Calls]<UL><LI><a href="#[22]">&gt;&gt;</a>&nbsp;&nbsp;&nbsp;HAL_QSPI_Command
<LI><a href="#[20]">&gt;&gt;</a>&nbsp;&nbsp;&nbsp;QSPI_AutoPollingMemReady
</UL>
<BR>[Called By]<UL><LI><a href="#[c]">&gt;&gt;</a>&nbsp;&nbsp;&nbsp;BSP_QSPI_Init
</UL>

<P><STRONG><a name="[4d]"></a>__NVIC_SetPriority</STRONG> (Thumb, 32 bytes, Stack size 8 bytes, stm32h7xx_hal_cortex.o(.text), UNUSED)
<BR><BR>[Called By]<UL><LI><a href="#[33]">&gt;&gt;</a>&nbsp;&nbsp;&nbsp;HAL_SYSTICK_Config
<LI><a href="#[1b]">&gt;&gt;</a>&nbsp;&nbsp;&nbsp;HAL_NVIC_SetPriority
</UL>

<P><STRONG><a name="[4c]"></a>__NVIC_GetPriorityGrouping</STRONG> (Thumb, 12 bytes, Stack size 0 bytes, stm32h7xx_hal_cortex.o(.text), UNUSED)
<BR><BR>[Called By]<UL><LI><a href="#[4f]">&gt;&gt;</a>&nbsp;&nbsp;&nbsp;HAL_NVIC_GetPriorityGrouping
<LI><a href="#[1b]">&gt;&gt;</a>&nbsp;&nbsp;&nbsp;HAL_NVIC_SetPriority
</UL>

<P><STRONG><a name="[5e]"></a>QSPI_WaitFlagStateUntilTimeout</STRONG> (Thumb, 30 bytes, Stack size 12 bytes, stm32h7xx_hal_qspi.o(.text), UNUSED)
<BR><BR>[Called By]<UL><LI><a href="#[62]">&gt;&gt;</a>&nbsp;&nbsp;&nbsp;HAL_QSPI_Abort
<LI><a href="#[61]">&gt;&gt;</a>&nbsp;&nbsp;&nbsp;HAL_QSPI_AutoPolling_IT
<LI><a href="#[60]">&gt;&gt;</a>&nbsp;&nbsp;&nbsp;HAL_QSPI_Command_IT
<LI><a href="#[28]">&gt;&gt;</a>&nbsp;&nbsp;&nbsp;HAL_QSPI_Transmit
<LI><a href="#[23]">&gt;&gt;</a>&nbsp;&nbsp;&nbsp;HAL_QSPI_Receive
<LI><a href="#[1f]">&gt;&gt;</a>&nbsp;&nbsp;&nbsp;HAL_QSPI_MemoryMapped
<LI><a href="#[19]">&gt;&gt;</a>&nbsp;&nbsp;&nbsp;HAL_QSPI_Init
<LI><a href="#[22]">&gt;&gt;</a>&nbsp;&nbsp;&nbsp;HAL_QSPI_Command
<LI><a href="#[21]">&gt;&gt;</a>&nbsp;&nbsp;&nbsp;HAL_QSPI_AutoPolling
</UL>

<P><STRONG><a name="[5f]"></a>QSPI_Config</STRONG> (Thumb, 526 bytes, Stack size 16 bytes, stm32h7xx_hal_qspi.o(.text), UNUSED)
<BR><BR>[Calls]<UL><LI><a href="#[3a]">&gt;&gt;</a>&nbsp;&nbsp;&nbsp;assert_failed
</UL>
<BR>[Called By]<UL><LI><a href="#[61]">&gt;&gt;</a>&nbsp;&nbsp;&nbsp;HAL_QSPI_AutoPolling_IT
<LI><a href="#[60]">&gt;&gt;</a>&nbsp;&nbsp;&nbsp;HAL_QSPI_Command_IT
<LI><a href="#[1f]">&gt;&gt;</a>&nbsp;&nbsp;&nbsp;HAL_QSPI_MemoryMapped
<LI><a href="#[22]">&gt;&gt;</a>&nbsp;&nbsp;&nbsp;HAL_QSPI_Command
<LI><a href="#[21]">&gt;&gt;</a>&nbsp;&nbsp;&nbsp;HAL_QSPI_AutoPolling
</UL>

<P><STRONG><a name="[6d]"></a>RCCEx_PLL3_Config</STRONG> (Thumb, 556 bytes, Stack size 24 bytes, stm32h7xx_hal_rcc_ex.o(.text), UNUSED)
<BR><BR>[Calls]<UL><LI><a href="#[3c]">&gt;&gt;</a>&nbsp;&nbsp;&nbsp;HAL_GetTick
<LI><a href="#[3a]">&gt;&gt;</a>&nbsp;&nbsp;&nbsp;assert_failed
</UL>
<BR>[Called By]<UL><LI><a href="#[1a]">&gt;&gt;</a>&nbsp;&nbsp;&nbsp;HAL_RCCEx_PeriphCLKConfig
</UL>

<P><STRONG><a name="[6e]"></a>RCCEx_PLL2_Config</STRONG> (Thumb, 612 bytes, Stack size 24 bytes, stm32h7xx_hal_rcc_ex.o(.text), UNUSED)
<BR><BR>[Calls]<UL><LI><a href="#[3c]">&gt;&gt;</a>&nbsp;&nbsp;&nbsp;HAL_GetTick
<LI><a href="#[3a]">&gt;&gt;</a>&nbsp;&nbsp;&nbsp;assert_failed
</UL>
<BR>[Called By]<UL><LI><a href="#[1a]">&gt;&gt;</a>&nbsp;&nbsp;&nbsp;HAL_RCCEx_PeriphCLKConfig
</UL>

<P><STRONG><a name="[84]"></a>MDMA_Init</STRONG> (Thumb, 196 bytes, Stack size 0 bytes, stm32h7xx_hal_mdma.o(.text), UNUSED)
<BR><BR>[Called By]<UL><LI><a href="#[83]">&gt;&gt;</a>&nbsp;&nbsp;&nbsp;HAL_MDMA_Init
</UL>

<P><STRONG><a name="[87]"></a>MDMA_SetConfig</STRONG> (Thumb, 130 bytes, Stack size 20 bytes, stm32h7xx_hal_mdma.o(.text), UNUSED)
<BR><BR>[Called By]<UL><LI><a href="#[88]">&gt;&gt;</a>&nbsp;&nbsp;&nbsp;HAL_MDMA_Start_IT
<LI><a href="#[86]">&gt;&gt;</a>&nbsp;&nbsp;&nbsp;HAL_MDMA_Start
</UL>
<P>
<H3>
Undefined Global Symbols
</H3><HR></body></html>
