<html>
<body>
<pre>
<h1>礦ision Build Log</h1>
<h2>Tool Versions:</h2>
IDE-Version: μVision V5.40.0.0
Copyright (C) 2024 ARM Ltd and ARM Germany GmbH. All rights reserved.
License Information: 45 Shmiky__, dc, LIC=21E4T-R7Q2I-X7XRZ-JNB2Z-82HW9-C5LG7
 
Tool Versions:
Toolchain:       MDK-ARM Plus  Version: 5.40.0.3
Toolchain Path:  D:\ruanjian\MDK\ARM\ARMCC\Bin
C Compiler:      Armcc.exe V5.06 update 7 (build 960)
Assembler:       Armasm.exe V5.06 update 7 (build 960)
Linker/Locator:  ArmLink.exe V5.06 update 7 (build 960)
Library Manager: ArmAr.exe V5.06 update 7 (build 960)
Hex Converter:   FromElf.exe V5.06 update 7 (build 960)
CPU DLL:         SARMCM3.DLL V5.40.0.3
Dialog DLL:      DCM.DLL V1.17.5.0
Target DLL:      UL2CM3.DLL V1.164.11.0
Dialog DLL:      TCM.DLL V1.56.4.0
 
<h2>Project:</h2>
C:\Users\Shmiky__\Desktop\W25Q256x2_STM32H750Pro-master\W25Q256x2_STM32H750Pro-master\Project\MDK-ARM(AC5)\project.uvprojx
Project File Date:  08/12/2024

<h2>Output:</h2>
*** Using Compiler 'V5.06 update 7 (build 960)', folder: 'D:\ruanjian\MDK\ARM\ARMCC\Bin'
Build target 'Flash'
compiling Dev_Inf.c...
linking...
Program Size: Code=41926 RO-data=218 RW-data=24 ZI-data=76  
FromELF: creating hex file...
After Build - User command #1: cmd.exe /C copy ".\Objects\ZJT_W25Q256x2_STM32H743.axf" "..\ZJT_W25Q256x2_STM32H743.stldr"
已复制         1 个文件。
".\Objects\ZJT_W25Q256x2_STM32H743.axf" - 0 Error(s), 0 Warning(s).

<h2>Software Packages used:</h2>

Package Vendor: Keil
                https://www.keil.com/pack/Keil.STM32H7xx_DFP.3.1.1.pack
                Keil::STM32H7xx_DFP@3.1.1
                STMicroelectronics STM32H7 Series Device Support and Examples

<h2>Collection of Component include folders:</h2>
  D:/ruanjian/MDK/Keil/STM32H7xx_DFP/3.1.1/Drivers/CMSIS/Device/ST/STM32H7xx/Include

<h2>Collection of Component Files used:</h2>
Build Time Elapsed:  00:00:01
</pre>
</body>
</html>
