Component: ARM Compiler 5.06 update 7 (build 960) Tool: armlink [4d3601]

==============================================================================

Section Cross References

    startup_stm32f407xx.o(RESET) refers to startup_stm32f407xx.o(STACK) for __initial_sp
    startup_stm32f407xx.o(RESET) refers to startup_stm32f407xx.o(.text) for Reset_Handler
    startup_stm32f407xx.o(RESET) refers to stm32f4xx_it.o(i.NMI_Handler) for NMI_Handler
    startup_stm32f407xx.o(RESET) refers to stm32f4xx_it.o(i.HardFault_Handler) for HardFault_Handler
    startup_stm32f407xx.o(RESET) refers to stm32f4xx_it.o(i.MemManage_Handler) for MemManage_Handler
    startup_stm32f407xx.o(RESET) refers to stm32f4xx_it.o(i.BusFault_Handler) for BusFault_Handler
    startup_stm32f407xx.o(RESET) refers to stm32f4xx_it.o(i.UsageFault_Handler) for UsageFault_Handler
    startup_stm32f407xx.o(RESET) refers to stm32f4xx_it.o(i.SVC_Handler) for SVC_Handler
    startup_stm32f407xx.o(RESET) refers to stm32f4xx_it.o(i.DebugMon_Handler) for DebugMon_Handler
    startup_stm32f407xx.o(RESET) refers to stm32f4xx_it.o(i.PendSV_Handler) for PendSV_Handler
    startup_stm32f407xx.o(RESET) refers to bsp_timer.o(i.SysTick_Handler) for SysTick_Handler
    startup_stm32f407xx.o(RESET) refers to timer.o(i.TIM3_IRQHandler) for TIM3_IRQHandler
    startup_stm32f407xx.o(RESET) refers to bsp_uart_fifo.o(i.USART1_IRQHandler) for USART1_IRQHandler
    startup_stm32f407xx.o(RESET) refers to bsp_uart_fifo.o(i.USART2_IRQHandler) for USART2_IRQHandler
    startup_stm32f407xx.o(RESET) refers to bsp_uart_fifo.o(i.USART3_IRQHandler) for USART3_IRQHandler
    startup_stm32f407xx.o(.text) refers to system_stm32f4xx.o(i.SystemInit) for SystemInit
    startup_stm32f407xx.o(.text) refers to entry.o(.ARM.Collect$$$$00000000) for __main
    main.o(i.main) refers to bsp.o(i.bsp_Init) for bsp_Init
    main.o(i.main) refers to bsp_timer.o(i.bsp_StartAutoTimer) for bsp_StartAutoTimer
    main.o(i.main) refers to 4g.o(i.CAT_Connect_IoTServer) for CAT_Connect_IoTServer
    main.o(i.main) refers to jq8900.o(i.bsp_InitJQ) for bsp_InitJQ
    main.o(i.main) refers to bsp_uart_fifo.o(i.comGetChar) for comGetChar
    main.o(i.main) refers to jq8900.o(i.bsp_JQ_On) for bsp_JQ_On
    main.o(i.main) refers to bsp_timer.o(i.bsp_DelayMS) for bsp_DelayMS
    main.o(i.main) refers to jq8900.o(i.bsp_JQ_Off) for bsp_JQ_Off
    main.o(i.main) refers to printfa.o(i.__0printf) for __2printf
    main.o(i.main) refers to bsp_uart_fifo.o(i.u2_printf) for u2_printf
    gpio.o(i.MX_GPIO_Init) refers to memseta.o(.text) for __aeabi_memclr4
    gpio.o(i.MX_GPIO_Init) refers to stm32f4xx_hal_gpio.o(i.HAL_GPIO_WritePin) for HAL_GPIO_WritePin
    gpio.o(i.MX_GPIO_Init) refers to stm32f4xx_hal_gpio.o(i.HAL_GPIO_Init) for HAL_GPIO_Init
    spi.o(i.HAL_SPI_MspDeInit) refers to stm32f4xx_hal_gpio.o(i.HAL_GPIO_DeInit) for HAL_GPIO_DeInit
    spi.o(i.HAL_SPI_MspInit) refers to memseta.o(.text) for __aeabi_memclr4
    spi.o(i.HAL_SPI_MspInit) refers to stm32f4xx_hal_gpio.o(i.HAL_GPIO_Init) for HAL_GPIO_Init
    spi.o(i.IINCHIP_SpiSendData) refers to spi.o(i.SPI_SendByte) for SPI_SendByte
    spi.o(i.MX_SPI1_Init) refers to stm32f4xx_hal_spi.o(i.HAL_SPI_Init) for HAL_SPI_Init
    spi.o(i.MX_SPI1_Init) refers to bsp.o(i.Error_Handler) for Error_Handler
    spi.o(i.MX_SPI1_Init) refers to spi.o(.bss) for .bss
    spi.o(i.SPI_CS_Deselect) refers to stm32f4xx_hal_gpio.o(i.HAL_GPIO_WritePin) for HAL_GPIO_WritePin
    spi.o(i.SPI_CS_Select) refers to stm32f4xx_hal_gpio.o(i.HAL_GPIO_WritePin) for HAL_GPIO_WritePin
    spi.o(i.SPI_ReadByte) refers to spi.o(i.IINCHIP_SpiSendData) for IINCHIP_SpiSendData
    spi.o(i.SPI_SendByte) refers to stm32f4xx_hal_spi.o(i.HAL_SPI_TransmitReceive) for HAL_SPI_TransmitReceive
    spi.o(i.SPI_SendByte) refers to spi.o(.bss) for .bss
    spi.o(i.SPI_WriteByte) refers to spi.o(i.SPI_SendByte) for SPI_SendByte
    stm32f4xx_hal_spi.o(i.HAL_SPI_Abort) refers to stm32f4xx_hal_dma.o(i.HAL_DMA_Abort) for HAL_DMA_Abort
    stm32f4xx_hal_spi.o(i.HAL_SPI_Abort) refers to system_stm32f4xx.o(.data) for SystemCoreClock
    stm32f4xx_hal_spi.o(i.HAL_SPI_Abort) refers to stm32f4xx_hal_spi.o(i.SPI_AbortTx_ISR) for SPI_AbortTx_ISR
    stm32f4xx_hal_spi.o(i.HAL_SPI_Abort) refers to stm32f4xx_hal_spi.o(i.SPI_AbortRx_ISR) for SPI_AbortRx_ISR
    stm32f4xx_hal_spi.o(i.HAL_SPI_Abort_IT) refers to stm32f4xx_hal_dma.o(i.HAL_DMA_Abort_IT) for HAL_DMA_Abort_IT
    stm32f4xx_hal_spi.o(i.HAL_SPI_Abort_IT) refers to stm32f4xx_hal_spi.o(i.HAL_SPI_AbortCpltCallback) for HAL_SPI_AbortCpltCallback
    stm32f4xx_hal_spi.o(i.HAL_SPI_Abort_IT) refers to system_stm32f4xx.o(.data) for SystemCoreClock
    stm32f4xx_hal_spi.o(i.HAL_SPI_Abort_IT) refers to stm32f4xx_hal_spi.o(i.SPI_AbortTx_ISR) for SPI_AbortTx_ISR
    stm32f4xx_hal_spi.o(i.HAL_SPI_Abort_IT) refers to stm32f4xx_hal_spi.o(i.SPI_AbortRx_ISR) for SPI_AbortRx_ISR
[...]
    ..\Drivers\STM32F4xx_HAL_Driver\Src\stm32f4xx_hal_cec.c 0x00000000   Number         0  stm32f4xx_hal_cec.o ABSOLUTE
    ..\Drivers\STM32F4xx_HAL_Driver\Src\stm32f4xx_hal_cortex.c 0x00000000   Number         0  stm32f4xx_hal_cortex.o ABSOLUTE
    ..\Drivers\STM32F4xx_HAL_Driver\Src\stm32f4xx_hal_crc.c 0x00000000   Number         0  stm32f4xx_hal_crc.o ABSOLUTE
    ..\Drivers\STM32F4xx_HAL_Driver\Src\stm32f4xx_hal_cryp.c 0x00000000   Number         0  stm32f4xx_hal_cryp.o ABSOLUTE
    ..\Drivers\STM32F4xx_HAL_Driver\Src\stm32f4xx_hal_cryp_ex.c 0x00000000   Number         0  stm32f4xx_hal_cryp_ex.o ABSOLUTE
    ..\Drivers\STM32F4xx_HAL_Driver\Src\stm32f4xx_hal_dac.c 0x00000000   Number         0  stm32f4xx_hal_dac.o ABSOLUTE
    ..\Drivers\STM32F4xx_HAL_Driver\Src\stm32f4xx_hal_dac_ex.c 0x00000000   Number         0  stm32f4xx_hal_dac_ex.o ABSOLUTE
    ..\Drivers\STM32F4xx_HAL_Driver\Src\stm32f4xx_hal_dcmi.c 0x00000000   Number         0  stm32f4xx_hal_dcmi.o ABSOLUTE
    ..\Drivers\STM32F4xx_HAL_Driver\Src\stm32f4xx_hal_dcmi_ex.c 0x00000000   Number         0  stm32f4xx_hal_dcmi_ex.o ABSOLUTE
    ..\Drivers\STM32F4xx_HAL_Driver\Src\stm32f4xx_hal_dfsdm.c 0x00000000   Number         0  stm32f4xx_hal_dfsdm.o ABSOLUTE
    ..\Drivers\STM32F4xx_HAL_Driver\Src\stm32f4xx_hal_dma.c 0x00000000   Number         0  stm32f4xx_hal_dma.o ABSOLUTE
    ..\Drivers\STM32F4xx_HAL_Driver\Src\stm32f4xx_hal_dma2d.c 0x00000000   Number         0  stm32f4xx_hal_dma2d.o ABSOLUTE
    ..\Drivers\STM32F4xx_HAL_Driver\Src\stm32f4xx_hal_dma_ex.c 0x00000000   Number         0  stm32f4xx_hal_dma_ex.o ABSOLUTE
    ..\Drivers\STM32F4xx_HAL_Driver\Src\stm32f4xx_hal_dsi.c 0x00000000   Number         0  stm32f4xx_hal_dsi.o ABSOLUTE
    ..\Drivers\STM32F4xx_HAL_Driver\Src\stm32f4xx_hal_eth.c 0x00000000   Number         0  stm32f4xx_hal_eth.o ABSOLUTE
    ..\Drivers\STM32F4xx_HAL_Driver\Src\stm32f4xx_hal_exti.c 0x00000000   Number         0  stm32f4xx_hal_exti.o ABSOLUTE
    ..\Drivers\STM32F4xx_HAL_Driver\Src\stm32f4xx_hal_flash.c 0x00000000   Number         0  stm32f4xx_hal_flash.o ABSOLUTE
    ..\Drivers\STM32F4xx_HAL_Driver\Src\stm32f4xx_hal_flash_ex.c 0x00000000   Number         0  stm32f4xx_hal_flash_ex.o ABSOLUTE
    ..\Drivers\STM32F4xx_HAL_Driver\Src\stm32f4xx_hal_flash_ramfunc.c 0x00000000   Number         0  stm32f4xx_hal_flash_ramfunc.o ABSOLUTE
    ..\Drivers\STM32F4xx_HAL_Driver\Src\stm32f4xx_hal_fmpi2c.c 0x00000000   Number         0  stm32f4xx_hal_fmpi2c.o ABSOLUTE
    ..\Drivers\STM32F4xx_HAL_Driver\Src\stm32f4xx_hal_fmpi2c_ex.c 0x00000000   Number         0  stm32f4xx_hal_fmpi2c_ex.o ABSOLUTE
    ..\Drivers\STM32F4xx_HAL_Driver\Src\stm32f4xx_hal_fmpsmbus.c 0x00000000   Number         0  stm32f4xx_hal_fmpsmbus.o ABSOLUTE
    ..\Drivers\STM32F4xx_HAL_Driver\Src\stm32f4xx_hal_fmpsmbus_ex.c 0x00000000   Number         0  stm32f4xx_hal_fmpsmbus_ex.o ABSOLUTE
    ..\Drivers\STM32F4xx_HAL_Driver\Src\stm32f4xx_hal_gpio.c 0x00000000   Number         0  stm32f4xx_hal_gpio.o ABSOLUTE
    ..\Drivers\STM32F4xx_HAL_Driver\Src\stm32f4xx_hal_hash.c 0x00000000   Number         0  stm32f4xx_hal_hash.o ABSOLUTE
    ..\Drivers\STM32F4xx_HAL_Driver\Src\stm32f4xx_hal_hash_ex.c 0x00000000   Number         0  stm32f4xx_hal_hash_ex.o ABSOLUTE
    ..\Drivers\STM32F4xx_HAL_Driver\Src\stm32f4xx_hal_hcd.c 0x00000000   Number         0  stm32f4xx_hal_hcd.o ABSOLUTE
    ..\Drivers\STM32F4xx_HAL_Driver\Src\stm32f4xx_hal_i2c.c 0x00000000   Number         0  stm32f4xx_hal_i2c.o ABSOLUTE
    ..\Drivers\STM32F4xx_HAL_Driver\Src\stm32f4xx_hal_i2c_ex.c 0x00000000   Number         0  stm32f4xx_hal_i2c_ex.o ABSOLUTE
    ..\Drivers\STM32F4xx_HAL_Driver\Src\stm32f4xx_hal_i2s.c 0x00000000   Number         0  stm32f4xx_hal_i2s.o ABSOLUTE
    ..\Drivers\STM32F4xx_HAL_Driver\Src\stm32f4xx_hal_i2s_ex.c 0x00000000   Number         0  stm32f4xx_hal_i2s_ex.o ABSOLUTE
    ..\Drivers\STM32F4xx_HAL_Driver\Src\stm32f4xx_hal_irda.c 0x00000000   Number         0  stm32f4xx_hal_irda.o ABSOLUTE
    ..\Drivers\STM32F4xx_HAL_Driver\Src\stm32f4xx_hal_iwdg.c 0x00000000   Number         0  stm32f4xx_hal_iwdg.o ABSOLUTE
    ..\Drivers\STM32F4xx_HAL_Driver\Src\stm32f4xx_hal_lptim.c 0x00000000   Number         0  stm32f4xx_hal_lptim.o ABSOLUTE
    ..\Drivers\STM32F4xx_HAL_Driver\Src\stm32f4xx_hal_ltdc.c 0x00000000   Number         0  stm32f4xx_hal_ltdc.o ABSOLUTE
    ..\Drivers\STM32F4xx_HAL_Driver\Src\stm32f4xx_hal_ltdc_ex.c 0x00000000   Number         0  stm32f4xx_hal_ltdc_ex.o ABSOLUTE
    ..\Drivers\STM32F4xx_HAL_Driver\Src\stm32f4xx_hal_mmc.c 0x00000000   Number         0  stm32f4xx_hal_mmc.o ABSOLUTE
    ..\Drivers\STM32F4xx_HAL_Driver\Src\stm32f4xx_hal_nand.c 0x00000000   Number         0  stm32f4xx_hal_nand.o ABSOLUTE
    ..\Drivers\STM32F4xx_HAL_Driver\Src\stm32f4xx_hal_nor.c 0x00000000   Number         0  stm32f4xx_hal_nor.o ABSOLUTE
    ..\Drivers\STM32F4xx_HAL_Driver\Src\stm32f4xx_hal_pccard.c 0x00000000   Number         0  stm32f4xx_hal_pccard.o ABSOLUTE
    ..\Drivers\STM32F4xx_HAL_Driver\Src\stm32f4xx_hal_pcd.c 0x00000000   Number         0  stm32f4xx_hal_pcd.o ABSOLUTE
    ..\Drivers\STM32F4xx_HAL_Driver\Src\stm32f4xx_hal_pcd_ex.c 0x00000000   Number         0  stm32f4xx_hal_pcd_ex.o ABSOLUTE
    ..\Drivers\STM32F4xx_HAL_Driver\Src\stm32f4xx_hal_pwr.c 0x00000000   Number         0  stm32f4xx_hal_pwr.o ABSOLUTE
    ..\Drivers\STM32F4xx_HAL_Driver\Src\stm32f4xx_hal_pwr_ex.c 0x00000000   Number         0  stm32f4xx_hal_pwr_ex.o ABSOLUTE
    ..\Drivers\STM32F4xx_HAL_Driver\Src\stm32f4xx_hal_qspi.c 0x00000000   Number         0  stm32f4xx_hal_qspi.o ABSOLUTE
    ..\Drivers\STM32F4xx_HAL_Driver\Src\stm32f4xx_hal_rcc.c 0x00000000   Number         0  stm32f4xx_hal_rcc.o ABSOLUTE
    ..\Drivers\STM32F4xx_HAL_Driver\Src\stm32f4xx_hal_rcc_ex.c 0x00000000   Number         0  stm32f4xx_hal_rcc_ex.o ABSOLUTE
    ..\Drivers\STM32F4xx_HAL_Driver\Src\stm32f4xx_hal_rng.c 0x00000000   Number         0  stm32f4xx_hal_rng.o ABSOLUTE
    ..\Drivers\STM32F4xx_HAL_Driver\Src\stm32f4xx_hal_rtc.c 0x00000000   Number         0  stm32f4xx_hal_rtc.o ABSOLUTE
    ..\Drivers\STM32F4xx_HAL_Driver\Src\stm32f4xx_hal_rtc_ex.c 0x00000000   Number         0  stm32f4xx_hal_rtc_ex.o ABSOLUTE
    ..\Drivers\STM32F4xx_HAL_Driver\Src\stm32f4xx_hal_sai.c 0x00000000   Number         0  stm32f4xx_hal_sai.o ABSOLUTE
    ..\Drivers\STM32F4xx_HAL_Driver\Src\stm32f4xx_hal_sai_ex.c 0x00000000   Number         0  stm32f4xx_hal_sai_ex.o ABSOLUTE
    ..\Drivers\STM32F4xx_HAL_Driver\Src\stm32f4xx_hal_sd.c 0x00000000   Number         0  stm32f4xx_hal_sd.o ABSOLUTE
    ..\Drivers\STM32F4xx_HAL_Driver\Src\stm32f4xx_hal_sdram.c 0x00000000   Number         0  stm32f4xx_hal_sdram.o ABSOLUTE
    ..\Drivers\STM32F4xx_HAL_Driver\Src\stm32f4xx_hal_smartcard.c 0x00000000   Number         0  stm32f4xx_hal_smartcard.o ABSOLUTE
    ..\Drivers\STM32F4xx_HAL_Driver\Src\stm32f4xx_hal_smbus.c 0x00000000   Number         0  stm32f4xx_hal_smbus.o ABSOLUTE
    ..\Drivers\STM32F4xx_HAL_Driver\Src\stm32f4xx_hal_spdifrx.c 0x00000000   Number         0  stm32f4xx_hal_spdifrx.o ABSOLUTE
    ..\Drivers\STM32F4xx_HAL_Driver\Src\stm32f4xx_hal_spi.c 0x00000000   Number         0  stm32f4xx_hal_spi.o ABSOLUTE
    ..\Drivers\STM32F4xx_HAL_Driver\Src\stm32f4xx_hal_sram.c 0x00000000   Number         0  stm32f4xx_hal_sram.o ABSOLUTE
    ..\Drivers\STM32F4xx_HAL_Driver\Src\stm32f4xx_hal_tim.c 0x00000000   Number         0  stm32f4xx_hal_tim.o ABSOLUTE
    ..\Drivers\STM32F4xx_HAL_Driver\Src\stm32f4xx_hal_tim_ex.c 0x00000000   Number         0  stm32f4xx_hal_tim_ex.o ABSOLUTE
    ..\Drivers\STM32F4xx_HAL_Driver\Src\stm32f4xx_hal_uart.c 0x00000000   Number         0  stm32f4xx_hal_uart.o ABSOLUTE
    ..\Drivers\STM32F4xx_HAL_Driver\Src\stm32f4xx_hal_usart.c 0x00000000   Number         0  stm32f4xx_hal_usart.o ABSOLUTE
    ..\Drivers\STM32F4xx_HAL_Driver\Src\stm32f4xx_hal_wwdg.c 0x00000000   Number         0  stm32f4xx_hal_wwdg.o ABSOLUTE
    ..\Drivers\STM32F4xx_HAL_Driver\Src\stm32f4xx_ll_adc.c 0x00000000   Number         0  stm32f4xx_ll_adc.o ABSOLUTE
    ..\Drivers\STM32F4xx_HAL_Driver\Src\stm32f4xx_ll_crc.c 0x00000000   Number         0  stm32f4xx_ll_crc.o ABSOLUTE
    ..\Drivers\STM32F4xx_HAL_Driver\Src\stm32f4xx_ll_dac.c 0x00000000   Number         0  stm32f4xx_ll_dac.o ABSOLUTE
    ..\Drivers\STM32F4xx_HAL_Driver\Src\stm32f4xx_ll_dma.c 0x00000000   Number         0  stm32f4xx_ll_dma.o ABSOLUTE
    ..\Drivers\STM32F4xx_HAL_Driver\Src\stm32f4xx_ll_dma2d.c 0x00000000   Number         0  stm32f4xx_ll_dma2d.o ABSOLUTE
    ..\Drivers\STM32F4xx_HAL_Driver\Src\stm32f4xx_ll_exti.c 0x00000000   Number         0  stm32f4xx_ll_exti.o ABSOLUTE
    ..\Drivers\STM32F4xx_HAL_Driver\Src\stm32f4xx_ll_fmc.c 0x00000000   Number         0  stm32f4xx_ll_fmc.o ABSOLUTE
    ..\Drivers\STM32F4xx_HAL_Driver\Src\stm32f4xx_ll_fmpi2c.c 0x00000000   Number         0  stm32f4xx_ll_fmpi2c.o ABSOLUTE
    ..\Drivers\STM32F4xx_HAL_Driver\Src\stm32f4xx_ll_fsmc.c 0x00000000   Number         0  stm32f4xx_ll_fsmc.o ABSOLUTE
    ..\Drivers\STM32F4xx_HAL_Driver\Src\stm32f4xx_ll_gpio.c 0x00000000   Number         0  stm32f4xx_ll_gpio.o ABSOLUTE
    ..\Drivers\STM32F4xx_HAL_Driver\Src\stm32f4xx_ll_i2c.c 0x00000000   Number         0  stm32f4xx_ll_i2c.o ABSOLUTE
    ..\Drivers\STM32F4xx_HAL_Driver\Src\stm32f4xx_ll_lptim.c 0x00000000   Number         0  stm32f4xx_ll_lptim.o ABSOLUTE
    ..\Drivers\STM32F4xx_HAL_Driver\Src\stm32f4xx_ll_pwr.c 0x00000000   Number         0  stm32f4xx_ll_pwr.o ABSOLUTE
    ..\Drivers\STM32F4xx_HAL_Driver\Src\stm32f4xx_ll_rcc.c 0x00000000   Number         0  stm32f4xx_ll_rcc.o ABSOLUTE
    ..\Drivers\STM32F4xx_HAL_Driver\Src\stm32f4xx_ll_rng.c 0x00000000   Number         0  stm32f4xx_ll_rng.o ABSOLUTE
    ..\Drivers\STM32F4xx_HAL_Driver\Src\stm32f4xx_ll_rtc.c 0x00000000   Number         0  stm32f4xx_ll_rtc.o ABSOLUTE
    ..\Drivers\STM32F4xx_HAL_Driver\Src\stm32f4xx_ll_sdmmc.c 0x00000000   Number         0  stm32f4xx_ll_sdmmc.o ABSOLUTE
    ..\Drivers\STM32F4xx_HAL_Driver\Src\stm32f4xx_ll_spi.c 0x00000000   Number         0  stm32f4xx_ll_spi.o ABSOLUTE
    ..\Drivers\STM32F4xx_HAL_Driver\Src\stm32f4xx_ll_tim.c 0x00000000   Number         0  stm32f4xx_ll_tim.o ABSOLUTE
    ..\Drivers\STM32F4xx_HAL_Driver\Src\stm32f4xx_ll_usart.c 0x00000000   Number         0  stm32f4xx_ll_usart.o ABSOLUTE
    ..\Drivers\STM32F4xx_HAL_Driver\Src\stm32f4xx_ll_usb.c 0x00000000   Number         0  stm32f4xx_ll_usb.o ABSOLUTE
    ..\Drivers\STM32F4xx_HAL_Driver\Src\stm32f4xx_ll_utils.c 0x00000000   Number         0  stm32f4xx_ll_utils.o ABSOLUTE
    ..\JQ8900\jq8900.c                       0x00000000   Number         0  jq8900.o ABSOLUTE
    ..\W5500\MQTT.c                          0x00000000   Number         0  mqtt.o ABSOLUTE
    ..\W5500\dhcp.c                          0x00000000   Number         0  dhcp.o ABSOLUTE
    ..\W5500\socket.c                        0x00000000   Number         0  socket.o ABSOLUTE
    ..\W5500\utils_hmac.c                    0x00000000   Number         0  utils_hmac.o ABSOLUTE
    ..\W5500\utils_md5.c                     0x00000000   Number         0  utils_md5.o ABSOLUTE
    ..\W5500\utils_sha1.c                    0x00000000   Number         0  utils_sha1.o ABSOLUTE
    ..\W5500\w5500.c                         0x00000000   Number         0  w5500.o ABSOLUTE
    ..\W5500\wizchip_conf.c                  0x00000000   Number         0  wizchip_conf.o ABSOLUTE
    ..\\4G\\4G.c                             0x00000000   Number         0  4g.o ABSOLUTE
    ..\\Drivers\\STM32F4xx_HAL_Driver\\Src\\stm32f4xx_hal_adc.c 0x00000000   Number         0  stm32f4xx_hal_adc.o ABSOLUTE
    ..\\Drivers\\STM32F4xx_HAL_Driver\\Src\\stm32f4xx_hal_adc_ex.c 0x00000000   Number         0  stm32f4xx_hal_adc_ex.o ABSOLUTE
    ..\\Drivers\\STM32F4xx_HAL_Driver\\Src\\stm32f4xx_hal_can.c 0x00000000   Number         0  stm32f4xx_hal_can.o ABSOLUTE
    ..\\Drivers\\STM32F4xx_HAL_Driver\\Src\\stm32f4xx_hal_cec.c 0x00000000   Number         0  stm32f4xx_hal_cec.o ABSOLUTE
    ..\\Drivers\\STM32F4xx_HAL_Driver\\Src\\stm32f4xx_hal_crc.c 0x00000000   Number         0  stm32f4xx_hal_crc.o ABSOLUTE
    ..\\Drivers\\STM32F4xx_HAL_Driver\\Src\\stm32f4xx_hal_cryp.c 0x00000000   Number         0  stm32f4xx_hal_cryp.o ABSOLUTE
    ..\\Drivers\\STM32F4xx_HAL_Driver\\Src\\stm32f4xx_hal_cryp_ex.c 0x00000000   Number         0  stm32f4xx_hal_cryp_ex.o ABSOLUTE
    ..\\Drivers\\STM32F4xx_HAL_Driver\\Src\\stm32f4xx_hal_dac.c 0x00000000   Number         0  stm32f4xx_hal_dac.o ABSOLUTE
    ..\\Drivers\\STM32F4xx_HAL_Driver\\Src\\stm32f4xx_hal_dac_ex.c 0x00000000   Number         0  stm32f4xx_hal_dac_ex.o ABSOLUTE
    ..\\Drivers\\STM32F4xx_HAL_Driver\\Src\\stm32f4xx_hal_dcmi.c 0x00000000   Number         0  stm32f4xx_hal_dcmi.o ABSOLUTE
    ..\\Drivers\\STM32F4xx_HAL_Driver\\Src\\stm32f4xx_hal_dcmi_ex.c 0x00000000   Number         0  stm32f4xx_hal_dcmi_ex.o ABSOLUTE
    ..\\Drivers\\STM32F4xx_HAL_Driver\\Src\\stm32f4xx_hal_dfsdm.c 0x00000000   Number         0  stm32f4xx_hal_dfsdm.o ABSOLUTE
    ..\\Drivers\\STM32F4xx_HAL_Driver\\Src\\stm32f4xx_hal_dma2d.c 0x00000000   Number         0  stm32f4xx_hal_dma2d.o ABSOLUTE
    ..\\Drivers\\STM32F4xx_HAL_Driver\\Src\\stm32f4xx_hal_dsi.c 0x00000000   Number         0  stm32f4xx_hal_dsi.o ABSOLUTE
    ..\\Drivers\\STM32F4xx_HAL_Driver\\Src\\stm32f4xx_hal_eth.c 0x00000000   Number         0  stm32f4xx_hal_eth.o ABSOLUTE
    ..\\Drivers\\STM32F4xx_HAL_Driver\\Src\\stm32f4xx_hal_fmpi2c.c 0x00000000   Number         0  stm32f4xx_hal_fmpi2c.o ABSOLUTE
    ..\\Drivers\\STM32F4xx_HAL_Driver\\Src\\stm32f4xx_hal_fmpi2c_ex.c 0x00000000   Number         0  stm32f4xx_hal_fmpi2c_ex.o ABSOLUTE
    ..\\Drivers\\STM32F4xx_HAL_Driver\\Src\\stm32f4xx_hal_fmpsmbus.c 0x00000000   Number         0  stm32f4xx_hal_fmpsmbus.o ABSOLUTE
    ..\\Drivers\\STM32F4xx_HAL_Driver\\Src\\stm32f4xx_hal_fmpsmbus_ex.c 0x00000000   Number         0  stm32f4xx_hal_fmpsmbus_ex.o ABSOLUTE
    ..\\Drivers\\STM32F4xx_HAL_Driver\\Src\\stm32f4xx_hal_hash.c 0x00000000   Number         0  stm32f4xx_hal_hash.o ABSOLUTE
    ..\\Drivers\\STM32F4xx_HAL_Driver\\Src\\stm32f4xx_hal_hash_ex.c 0x00000000   Number         0  stm32f4xx_hal_hash_ex.o ABSOLUTE
    ..\\Drivers\\STM32F4xx_HAL_Driver\\Src\\stm32f4xx_hal_hcd.c 0x00000000   Number         0  stm32f4xx_hal_hcd.o ABSOLUTE
    ..\\Drivers\\STM32F4xx_HAL_Driver\\Src\\stm32f4xx_hal_i2c.c 0x00000000   Number         0  stm32f4xx_hal_i2c.o ABSOLUTE
    ..\\Drivers\\STM32F4xx_HAL_Driver\\Src\\stm32f4xx_hal_i2c_ex.c 0x00000000   Number         0  stm32f4xx_hal_i2c_ex.o ABSOLUTE
    ..\\Drivers\\STM32F4xx_HAL_Driver\\Src\\stm32f4xx_hal_i2s.c 0x00000000   Number         0  stm32f4xx_hal_i2s.o ABSOLUTE
    ..\\Drivers\\STM32F4xx_HAL_Driver\\Src\\stm32f4xx_hal_i2s_ex.c 0x00000000   Number         0  stm32f4xx_hal_i2s_ex.o ABSOLUTE
    ..\\Drivers\\STM32F4xx_HAL_Driver\\Src\\stm32f4xx_hal_irda.c 0x00000000   Number         0  stm32f4xx_hal_irda.o ABSOLUTE
    ..\\Drivers\\STM32F4xx_HAL_Driver\\Src\\stm32f4xx_hal_iwdg.c 0x00000000   Number         0  stm32f4xx_hal_iwdg.o ABSOLUTE
    ..\\Drivers\\STM32F4xx_HAL_Driver\\Src\\stm32f4xx_hal_lptim.c 0x00000000   Number         0  stm32f4xx_hal_lptim.o ABSOLUTE
    ..\\Drivers\\STM32F4xx_HAL_Driver\\Src\\stm32f4xx_hal_ltdc.c 0x00000000   Number         0  stm32f4xx_hal_ltdc.o ABSOLUTE
    ..\\Drivers\\STM32F4xx_HAL_Driver\\Src\\stm32f4xx_hal_ltdc_ex.c 0x00000000   Number         0  stm32f4xx_hal_ltdc_ex.o ABSOLUTE
    ..\\Drivers\\STM32F4xx_HAL_Driver\\Src\\stm32f4xx_hal_mmc.c 0x00000000   Number         0  stm32f4xx_hal_mmc.o ABSOLUTE
    ..\\Drivers\\STM32F4xx_HAL_Driver\\Src\\stm32f4xx_hal_nand.c 0x00000000   Number         0  stm32f4xx_hal_nand.o ABSOLUTE
    ..\\Drivers\\STM32F4xx_HAL_Driver\\Src\\stm32f4xx_hal_nor.c 0x00000000   Number         0  stm32f4xx_hal_nor.o ABSOLUTE
    ..\\Drivers\\STM32F4xx_HAL_Driver\\Src\\stm32f4xx_hal_pccard.c 0x00000000   Number         0  stm32f4xx_hal_pccard.o ABSOLUTE
    ..\\Drivers\\STM32F4xx_HAL_Driver\\Src\\stm32f4xx_hal_pcd.c 0x00000000   Number         0  stm32f4xx_hal_pcd.o ABSOLUTE
    ..\\Drivers\\STM32F4xx_HAL_Driver\\Src\\stm32f4xx_hal_pcd_ex.c 0x00000000   Number         0  stm32f4xx_hal_pcd_ex.o ABSOLUTE
    ..\\Drivers\\STM32F4xx_HAL_Driver\\Src\\stm32f4xx_hal_qspi.c 0x00000000   Number         0  stm32f4xx_hal_qspi.o ABSOLUTE
    ..\\Drivers\\STM32F4xx_HAL_Driver\\Src\\stm32f4xx_hal_rng.c 0x00000000   Number         0  stm32f4xx_hal_rng.o ABSOLUTE
    ..\\Drivers\\STM32F4xx_HAL_Driver\\Src\\stm32f4xx_hal_rtc.c 0x00000000   Number         0  stm32f4xx_hal_rtc.o ABSOLUTE
    ..\\Drivers\\STM32F4xx_HAL_Driver\\Src\\stm32f4xx_hal_rtc_ex.c 0x00000000   Number         0  stm32f4xx_hal_rtc_ex.o ABSOLUTE
    ..\\Drivers\\STM32F4xx_HAL_Driver\\Src\\stm32f4xx_hal_sai.c 0x00000000   Number         0  stm32f4xx_hal_sai.o ABSOLUTE
    ..\\Drivers\\STM32F4xx_HAL_Driver\\Src\\stm32f4xx_hal_sai_ex.c 0x00000000   Number         0  stm32f4xx_hal_sai_ex.o ABSOLUTE
    ..\\Drivers\\STM32F4xx_HAL_Driver\\Src\\stm32f4xx_hal_sd.c 0x00000000   Number         0  stm32f4xx_hal_sd.o ABSOLUTE
    ..\\Drivers\\STM32F4xx_HAL_Driver\\Src\\stm32f4xx_hal_sdram.c 0x00000000   Number         0  stm32f4xx_hal_sdram.o ABSOLUTE
    ..\\Drivers\\STM32F4xx_HAL_Driver\\Src\\stm32f4xx_hal_smartcard.c 0x00000000   Number         0  stm32f4xx_hal_smartcard.o ABSOLUTE
    ..\\Drivers\\STM32F4xx_HAL_Driver\\Src\\stm32f4xx_hal_smbus.c 0x00000000   Number         0  stm32f4xx_hal_smbus.o ABSOLUTE
    ..\\Drivers\\STM32F4xx_HAL_Driver\\Src\\stm32f4xx_hal_spdifrx.c 0x00000000   Number         0  stm32f4xx_hal_spdifrx.o ABSOLUTE
    ..\\Drivers\\STM32F4xx_HAL_Driver\\Src\\stm32f4xx_hal_sram.c 0x00000000   Number         0  stm32f4xx_hal_sram.o ABSOLUTE
    ..\\Drivers\\STM32F4xx_HAL_Driver\\Src\\stm32f4xx_hal_uart.c 0x00000000   Number         0  stm32f4xx_hal_uart.o ABSOLUTE
    ..\\Drivers\\STM32F4xx_HAL_Driver\\Src\\stm32f4xx_hal_usart.c 0x00000000   Number         0  stm32f4xx_hal_usart.o ABSOLUTE
    ..\\Drivers\\STM32F4xx_HAL_Driver\\Src\\stm32f4xx_hal_wwdg.c 0x00000000   Number         0  stm32f4xx_hal_wwdg.o ABSOLUTE
    ..\\Drivers\\STM32F4xx_HAL_Driver\\Src\\stm32f4xx_ll_fmc.c 0x00000000   Number         0  stm32f4xx_ll_fmc.o ABSOLUTE
    ..\\Drivers\\STM32F4xx_HAL_Driver\\Src\\stm32f4xx_ll_fsmc.c 0x00000000   Number         0  stm32f4xx_ll_fsmc.o ABSOLUTE
    ..\\Drivers\\STM32F4xx_HAL_Driver\\Src\\stm32f4xx_ll_sdmmc.c 0x00000000   Number         0  stm32f4xx_ll_sdmmc.o ABSOLUTE
    ..\\Drivers\\STM32F4xx_HAL_Driver\\Src\\stm32f4xx_ll_usb.c 0x00000000   Number         0  stm32f4xx_ll_usb.o ABSOLUTE
    ..\\Drivers\\STM32F4xx_HAL_Driver\\Src\\stm32f4xx_ll_utils.c 0x00000000   Number         0  stm32f4xx_ll_utils.o ABSOLUTE
    ..\\JQ8900\\jq8900.c                     0x00000000   Number         0  jq8900.o ABSOLUTE
    ..\\W5500\\MQTT.c                        0x00000000   Number         0  mqtt.o ABSOLUTE
    ..\\bsp\\bsp.c                           0x00000000   Number         0  bsp.o ABSOLUTE
    ..\\bsp\\src\\bsp_key.c                  0x00000000   Number         0  bsp_key.o ABSOLUTE
    ..\\bsp\\src\\bsp_led.c                  0x00000000   Number         0  bsp_led.o ABSOLUTE
    ..\\bsp\\src\\bsp_timer.c                0x00000000   Number         0  bsp_timer.o ABSOLUTE
    ..\\bsp\\src\\bsp_uart_fifo.c            0x00000000   Number         0  bsp_uart_fifo.o ABSOLUTE
    ..\\bsp\\src\\timer.c                    0x00000000   Number         0  timer.o ABSOLUTE
    ..\bsp\bsp.c                             0x00000000   Number         0  bsp.o ABSOLUTE
    ..\bsp\src\bsp_key.c                     0x00000000   Number         0  bsp_key.o ABSOLUTE
    ..\bsp\src\bsp_led.c                     0x00000000   Number         0  bsp_led.o ABSOLUTE
    ..\bsp\src\bsp_timer.c                   0x00000000   Number         0  bsp_timer.o ABSOLUTE
    ..\bsp\src\bsp_uart_fifo.c               0x00000000   Number         0  bsp_uart_fifo.o ABSOLUTE
    ..\bsp\src\timer.c                       0x00000000   Number         0  timer.o ABSOLUTE
    cdrcmple.s                               0x00000000   Number         0  cdrcmple.o ABSOLUTE
    dc.s                                     0x00000000   Number         0  dc.o ABSOLUTE
    handlers.s                               0x00000000   Number         0  handlers.o ABSOLUTE
    init.s                                   0x00000000   Number         0  init.o ABSOLUTE
    startup_stm32f407xx.s                    0x00000000   Number         0  startup_stm32f407xx.o ABSOLUTE
    RESET                                    0x08000000   Section      392  startup_stm32f407xx.o(RESET)
    .ARM.Collect$$$$00000000                 0x08000188   Section        0  entry.o(.ARM.Collect$$$$00000000)
    .ARM.Collect$$$$00000001                 0x08000188   Section        4  entry2.o(.ARM.Collect$$$$00000001)
    .ARM.Collect$$$$00000004                 0x0800018c   Section        4  entry5.o(.ARM.Collect$$$$00000004)
    .ARM.Collect$$$$00000008                 0x08000190   Section        0  entry7b.o(.ARM.Collect$$$$00000008)
    .ARM.Collect$$$$0000000A                 0x08000190   Section        0  entry8b.o(.ARM.Collect$$$$0000000A)
    .ARM.Collect$$$$0000000B                 0x08000190   Section        8  entry9a.o(.ARM.Collect$$$$0000000B)
    .ARM.Collect$$$$0000000E                 0x08000198   Section        4  entry12b.o(.ARM.Collect$$$$0000000E)
    .ARM.Collect$$$$0000000F                 0x0800019c   Section        0  entry10a.o(.ARM.Collect$$$$0000000F)
    .ARM.Collect$$$$00000011                 0x0800019c   Section        0  entry11a.o(.ARM.Collect$$$$00000011)
    .ARM.Collect$$$$00002712                 0x0800019c   Section        4  entry2.o(.ARM.Collect$$$$00002712)
    __lit__00000000                          0x0800019c   Data           4  entry2.o(.ARM.Collect$$$$00002712)
    .text                                    0x080001a0   Section       36  startup_stm32f407xx.o(.text)
    $v0                                      0x080001a0   Number         0  startup_stm32f407xx.o(.text)
    .text                                    0x080001c4   Section        0  uldiv.o(.text)
    .text                                    0x08000226   Section        0  memseta.o(.text)
    .text                                    0x0800024a   Section        0  strstr.o(.text)
    .text                                    0x0800026e   Section        0  strncpy.o(.text)
    .text                                    0x08000286   Section        0  strlen.o(.text)
    .text                                    0x08000294   Section        0  uidiv.o(.text)
    .text                                    0x080002c0   Section        0  llshl.o(.text)
    .text                                    0x080002de   Section        0  llushr.o(.text)
    .text                                    0x080002fe   Section        0  dadd.o(.text)
    .text                                    0x080002fe   Section        0  iusefp.o(.text)
    .text                                    0x0800044c   Section        0  dmul.o(.text)
    .text                                    0x08000530   Section        0  ddiv.o(.text)
    .text                                    0x0800060e   Section        0  dfixul.o(.text)
    .text                                    0x08000640   Section       48  cdrcmple.o(.text)
    .text                                    0x08000670   Section       36  init.o(.text)
    .text                                    0x08000694   Section        0  llsshr.o(.text)
    .text                                    0x080006b8   Section        0  depilogue.o(.text)
    i.BusFault_Handler                       0x08000772   Section        0  stm32f4xx_it.o(i.BusFault_Handler)
    i.CAT1_Close_Back                        0x08000774   Section        0  4g.o(i.CAT1_Close_Back)
    i.CAT1_SendCmd                           0x080007fc   Section        0  4g.o(i.CAT1_SendCmd)
    i.CAT1_SendCmd1                          0x0800089c   Section        0  4g.o(i.CAT1_SendCmd1)
    i.CAT1_SendCmd2                          0x08000940   Section        0  4g.o(i.CAT1_SendCmd2)
    i.CAT1_SendNetOpen                       0x080009e4   Section        0  4g.o(i.CAT1_SendNetOpen)
    i.CAT_AT_Test                            0x08000a84   Section        0  4g.o(i.CAT_AT_Test)
    i.CAT_Connect_IoTServer                  0x08000b0c   Section        0  4g.o(i.CAT_Connect_IoTServer)
    i.ComToUart                              0x08000d68   Section        0  bsp_uart_fifo.o(i.ComToUart)
    i.DebugMon_Handler                       0x08000dc0   Section        0  stm32f4xx_it.o(i.DebugMon_Handler)
    i.Error_Handler                          0x08000dc2   Section        0  bsp.o(i.Error_Handler)
    i.HAL_GPIO_Init                          0x08000dcc   Section        0  stm32f4xx_hal_gpio.o(i.HAL_GPIO_Init)
    i.HAL_GetTick                            0x08000fbc   Section        0  stm32f4xx_hal.o(i.HAL_GetTick)
    i.HAL_IncTick                            0x08000fc8   Section        0  stm32f4xx_hal.o(i.HAL_IncTick)
    i.HAL_Init                               0x08000fd8   Section        0  stm32f4xx_hal.o(i.HAL_Init)
    i.HAL_InitTick                           0x0800100c   Section        0  stm32f4xx_hal.o(i.HAL_InitTick)
    i.HAL_MspInit                            0x0800104c   Section        0  stm32f4xx_hal_msp.o(i.HAL_MspInit)
    i.HAL_NVIC_EnableIRQ                     0x0800107c   Section        0  stm32f4xx_hal_cortex.o(i.HAL_NVIC_EnableIRQ)
    i.HAL_NVIC_SetPriority                   0x08001098   Section        0  stm32f4xx_hal_cortex.o(i.HAL_NVIC_SetPriority)
    i.HAL_NVIC_SetPriorityGrouping           0x080010d8   Section        0  stm32f4xx_hal_cortex.o(i.HAL_NVIC_SetPriorityGrouping)
    i.HAL_RCC_ClockConfig                    0x080010fc   Section        0  stm32f4xx_hal_rcc.o(i.HAL_RCC_ClockConfig)
    i.HAL_RCC_GetPCLK1Freq                   0x08001230   Section        0  stm32f4xx_hal_rcc.o(i.HAL_RCC_GetPCLK1Freq)
    i.HAL_RCC_GetPCLK2Freq                   0x08001250   Section        0  stm32f4xx_hal_rcc.o(i.HAL_RCC_GetPCLK2Freq)
    i.HAL_RCC_GetSysClockFreq                0x08001270   Section        0  stm32f4xx_hal_rcc.o(i.HAL_RCC_GetSysClockFreq)
    i.HAL_RCC_OscConfig                      0x080012d0   Section        0  stm32f4xx_hal_rcc.o(i.HAL_RCC_OscConfig)
    i.HAL_SYSTICK_Config                     0x0800163c   Section        0  stm32f4xx_hal_cortex.o(i.HAL_SYSTICK_Config)
    i.HAL_TIMEx_BreakCallback                0x08001664   Section        0  stm32f4xx_hal_tim_ex.o(i.HAL_TIMEx_BreakCallback)
    i.HAL_TIMEx_CommutCallback               0x08001666   Section        0  stm32f4xx_hal_tim_ex.o(i.HAL_TIMEx_CommutCallback)
    i.HAL_TIM_IC_CaptureCallback             0x08001668   Section        0  stm32f4xx_hal_tim.o(i.HAL_TIM_IC_CaptureCallback)
    i.HAL_TIM_IRQHandler                     0x0800166a   Section        0  stm32f4xx_hal_tim.o(i.HAL_TIM_IRQHandler)
    i.HAL_TIM_OC_DelayElapsedCallback        0x0800179a   Section        0  stm32f4xx_hal_tim.o(i.HAL_TIM_OC_DelayElapsedCallback)
    i.HAL_TIM_PWM_PulseFinishedCallback      0x0800179c   Section        0  stm32f4xx_hal_tim.o(i.HAL_TIM_PWM_PulseFinishedCallback)
    i.HAL_TIM_PeriodElapsedCallback          0x080017a0   Section        0  timer.o(i.HAL_TIM_PeriodElapsedCallback)
    i.HAL_TIM_TriggerCallback                0x080017b0   Section        0  stm32f4xx_hal_tim.o(i.HAL_TIM_TriggerCallback)
    i.HAL_UART_Init                          0x080017b2   Section        0  stm32f4xx_hal_uart.o(i.HAL_UART_Init)
    i.HAL_UART_MspInit                       0x08001816   Section        0  stm32f4xx_hal_uart.o(i.HAL_UART_MspInit)
    i.HardFault_Handler                      0x08001818   Section        0  stm32f4xx_it.o(i.HardFault_Handler)
    i.InitHardUart                           0x0800181c   Section        0  bsp_uart_fifo.o(i.InitHardUart)
    InitHardUart                             0x0800181d   Thumb Code   452  bsp_uart_fifo.o(i.InitHardUart)
    i.MQTT_PingREQ                           0x080019f8   Section        0  mqtt.o(i.MQTT_PingREQ)
    i.MemManage_Handler                      0x08001a10   Section        0  stm32f4xx_it.o(i.MemManage_Handler)
    i.NMI_Handler                            0x08001a12   Section        0  stm32f4xx_it.o(i.NMI_Handler)
    i.PendSV_Handler                         0x08001a14   Section        0  stm32f4xx_it.o(i.PendSV_Handler)
    i.RS485_ReciveNew                        0x08001a16   Section        0  bsp_uart_fifo.o(i.RS485_ReciveNew)
    i.RS485_SendBefor                        0x08001a18   Section        0  bsp_uart_fifo.o(i.RS485_SendBefor)
    i.RS485_SendOver                         0x08001a24   Section        0  bsp_uart_fifo.o(i.RS485_SendOver)
    i.SVC_Handler                            0x08001a34   Section        0  stm32f4xx_it.o(i.SVC_Handler)
    i.SysTick_Handler                        0x08001a38   Section        0  bsp_timer.o(i.SysTick_Handler)
    i.SysTick_ISR                            0x08001a54   Section        0  bsp_timer.o(i.SysTick_ISR)
    i.SystemClock_Config                     0x08001acc   Section        0  bsp.o(i.SystemClock_Config)
    SystemClock_Config                       0x08001acd   Thumb Code   138  bsp.o(i.SystemClock_Config)
    i.SystemInit                             0x08001b60   Section        0  system_stm32f4xx.o(i.SystemInit)
    i.TIM3_IRQHandler                        0x08001b70   Section        0  timer.o(i.TIM3_IRQHandler)
    i.UART_SetConfig                         0x08001b7c   Section        0  stm32f4xx_hal_uart.o(i.UART_SetConfig)
    UART_SetConfig                           0x08001b7d   Thumb Code   258  stm32f4xx_hal_uart.o(i.UART_SetConfig)
    i.USART1_IRQHandler                      0x08001c88   Section        0  bsp_uart_fifo.o(i.USART1_IRQHandler)
    i.USART2_IRQHandler                      0x08001c94   Section        0  bsp_uart_fifo.o(i.USART2_IRQHandler)
    i.USART3_IRQHandler                      0x08001ca0   Section        0  bsp_uart_fifo.o(i.USART3_IRQHandler)
    i.UartIRQ                                0x08001cac   Section        0  bsp_uart_fifo.o(i.UartIRQ)
    UartIRQ                                  0x08001cad   Thumb Code   208  bsp_uart_fifo.o(i.UartIRQ)
    i.UartSend                               0x08001d7c   Section        0  bsp_uart_fifo.o(i.UartSend)
    UartSend                                 0x08001d7d   Thumb Code   124  bsp_uart_fifo.o(i.UartSend)
    i.UartVarInit                            0x08001df8   Section        0  bsp_uart_fifo.o(i.UartVarInit)
    UartVarInit                              0x08001df9   Thumb Code   150  bsp_uart_fifo.o(i.UartVarInit)
    i.UsageFault_Handler                     0x08001eac   Section        0  stm32f4xx_it.o(i.UsageFault_Handler)
    i.WIZCHIP_READ                           0x08001eb0   Section        0  w5500.o(i.WIZCHIP_READ)
    i.WIZCHIP_WRITE                          0x08001eec   Section        0  w5500.o(i.WIZCHIP_WRITE)
    i.WIZCHIP_WRITE_BUF                      0x08001f2c   Section        0  w5500.o(i.WIZCHIP_WRITE_BUF)
    i.__0printf                              0x08001f80   Section        0  printfa.o(i.__0printf)
    i.__0sprintf                             0x08001fa0   Section        0  printfa.o(i.__0sprintf)
    i.__0vsnprintf                           0x08001fc8   Section        0  printfa.o(i.__0vsnprintf)
    i.__NVIC_SetPriority                     0x08001ffc   Section        0  stm32f4xx_hal_cortex.o(i.__NVIC_SetPriority)
    __NVIC_SetPriority                       0x08001ffd   Thumb Code    32  stm32f4xx_hal_cortex.o(i.__NVIC_SetPriority)
    i.__NVIC_SystemReset                     0x0800201c   Section        0  4g.o(i.__NVIC_SystemReset)
    __NVIC_SystemReset                       0x0800201d   Thumb Code    26  4g.o(i.__NVIC_SystemReset)
    i.__scatterload_copy                     0x08002040   Section       14  handlers.o(i.__scatterload_copy)
    i.__scatterload_null                     0x0800204e   Section        2  handlers.o(i.__scatterload_null)
    i.__scatterload_zeroinit                 0x08002050   Section       14  handlers.o(i.__scatterload_zeroinit)
    i._fp_digits                             0x08002060   Section        0  printfa.o(i._fp_digits)
    _fp_digits                               0x08002061   Thumb Code   366  printfa.o(i._fp_digits)
    i._printf_core                           0x080021e4   Section        0  printfa.o(i._printf_core)
    _printf_core                             0x080021e5   Thumb Code  1704  printfa.o(i._printf_core)
    i._printf_post_padding                   0x08002898   Section        0  printfa.o(i._printf_post_padding)
    _printf_post_padding                     0x08002899   Thumb Code    36  printfa.o(i._printf_post_padding)
    i._printf_pre_padding                    0x080028bc   Section        0  printfa.o(i._printf_pre_padding)
    _printf_pre_padding                      0x080028bd   Thumb Code    46  printfa.o(i._printf_pre_padding)
    i._snputc                                0x080028ea   Section        0  printfa.o(i._snputc)
    _snputc                                  0x080028eb   Thumb Code    22  printfa.o(i._snputc)
    i._sputc                                 0x08002900   Section        0  printfa.o(i._sputc)
    _sputc                                   0x08002901   Thumb Code    10  printfa.o(i._sputc)
    i.bsp_DelayMS                            0x0800290c   Section        0  bsp_timer.o(i.bsp_DelayMS)
    i.bsp_Idle                               0x0800293c   Section        0  bsp.o(i.bsp_Idle)
    i.bsp_Init                               0x0800293e   Section        0  bsp.o(i.bsp_Init)
    i.bsp_InitJQ                             0x08002958   Section        0  jq8900.o(i.bsp_InitJQ)
    i.bsp_InitLed                            0x080029a8   Section        0  bsp_led.o(i.bsp_InitLed)
    i.bsp_InitTimer                          0x080029e8   Section        0  bsp_timer.o(i.bsp_InitTimer)
    i.bsp_InitUart                           0x08002a4c   Section        0  bsp_uart_fifo.o(i.bsp_InitUart)
    i.bsp_JQ_Off                             0x08002a5c   Section        0  jq8900.o(i.bsp_JQ_Off)
    i.bsp_JQ_On                              0x08002a78   Section        0  jq8900.o(i.bsp_JQ_On)
    i.bsp_LedOff                             0x08002a94   Section        0  bsp_led.o(i.bsp_LedOff)
    i.bsp_RunPer10ms                         0x08002aa4   Section        0  bsp.o(i.bsp_RunPer10ms)
    i.bsp_RunPer1ms                          0x08002b60   Section        0  bsp.o(i.bsp_RunPer1ms)
    i.bsp_SetUartParam                       0x08002b64   Section        0  bsp_uart_fifo.o(i.bsp_SetUartParam)
    i.bsp_StartAutoTimer                     0x08002bb0   Section        0  bsp_timer.o(i.bsp_StartAutoTimer)
    i.close                                  0x08002c28   Section        0  socket.o(i.close)
    i.comGetChar                             0x08002c98   Section        0  bsp_uart_fifo.o(i.comGetChar)
    i.comSendBuf                             0x08002ce6   Section        0  bsp_uart_fifo.o(i.comSendBuf)
    i.comSendChar                            0x08002d0a   Section        0  bsp_uart_fifo.o(i.comSendChar)
    i.fputc                                  0x08002d16   Section        0  bsp_uart_fifo.o(i.fputc)
    i.getSn_TX_FSR                           0x08002d26   Section        0  w5500.o(i.getSn_TX_FSR)
    i.main                                   0x08002d74   Section        0  main.o(i.main)
    i.send                                   0x08002e38   Section        0  socket.o(i.send)
    i.u2_printf                              0x08002f54   Section        0  bsp_uart_fifo.o(i.u2_printf)
    i.wiz_send_data                          0x08002f7a   Section        0  w5500.o(i.wiz_send_data)
    i.wizchip_bus_readbyte                   0x08002fda   Section        0  wizchip_conf.o(i.wizchip_bus_readbyte)
    i.wizchip_bus_writebyte                  0x08002fde   Section        0  wizchip_conf.o(i.wizchip_bus_writebyte)
    i.wizchip_cris_enter                     0x08002fe2   Section        0  wizchip_conf.o(i.wizchip_cris_enter)
    i.wizchip_cris_exit                      0x08002fe4   Section        0  wizchip_conf.o(i.wizchip_cris_exit)
    i.wizchip_cs_deselect                    0x08002fe6   Section        0  wizchip_conf.o(i.wizchip_cs_deselect)
    i.wizchip_cs_select                      0x08002fe8   Section        0  wizchip_conf.o(i.wizchip_cs_select)
    .constdata                               0x08002fea   Section       16  system_stm32f4xx.o(.constdata)
    .constdata                               0x08002ffa   Section        8  system_stm32f4xx.o(.constdata)
    .constdata                               0x08003002   Section       48  bsp_timer.o(.constdata)
    __FUNCTION__                             0x08003002   Data          15  bsp_timer.o(.constdata)
    __FUNCTION__                             0x08003011   Data          19  bsp_timer.o(.constdata)
    __FUNCTION__                             0x08003024   Data          14  bsp_timer.o(.constdata)
    .data                                    0x20000000   Section       12  stm32f4xx_hal.o(.data)
    .data                                    0x2000000c   Section        4  system_stm32f4xx.o(.data)
    .data                                    0x20000010   Section       14  socket.o(.data)
    sock_any_port                            0x20000010   Data           2  socket.o(.data)
    sock_io_mode                             0x20000012   Data           2  socket.o(.data)
    sock_is_sending                          0x20000014   Data           2  socket.o(.data)
    sock_pack_info                           0x20000016   Data           8  socket.o(.data)
    .data                                    0x20000020   Section       40  wizchip_conf.o(.data)
    _DHCP_                                   0x20000020   Data           1  wizchip_conf.o(.data)
    _DNS_                                    0x20000021   Data           4  wizchip_conf.o(.data)
    .data                                    0x20000048   Section       12  bsp_timer.o(.data)
    s_ucTimeOutFlag                          0x20000048   Data           1  bsp_timer.o(.data)
    g_ucEnableSystickISR                     0x20000049   Data           1  bsp_timer.o(.data)
    s_count                                  0x2000004a   Data           1  bsp_timer.o(.data)
    s_uiDelayCount                           0x2000004c   Data           4  bsp_timer.o(.data)
    .data                                    0x20000054   Section        1  4g.o(.data)
    .data                                    0x20000058   Section        4  stdout.o(.data)
    .bss                                     0x2000005c   Section       16  socket.o(.bss)
    sock_remained_size                       0x2000005c   Data          16  socket.o(.bss)
    .bss                                     0x2000006c   Section     7532  mqtt.o(.bss)
    .bss                                     0x20001dd8   Section       48  bsp_timer.o(.bss)
    s_tTmr                                   0x20001dd8   Data          48  bsp_timer.o(.bss)
    .bss                                     0x20001e08   Section     6276  bsp_uart_fifo.o(.bss)
    g_tUart1                                 0x20001e08   Data          44  bsp_uart_fifo.o(.bss)
    g_TxBuf1                                 0x20001e34   Data        1024  bsp_uart_fifo.o(.bss)
    g_RxBuf1                                 0x20002234   Data        1024  bsp_uart_fifo.o(.bss)
    g_tUart2                                 0x20002634   Data          44  bsp_uart_fifo.o(.bss)
    g_TxBuf2                                 0x20002660   Data        1024  bsp_uart_fifo.o(.bss)
    g_RxBuf2                                 0x20002a60   Data        1024  bsp_uart_fifo.o(.bss)
    g_tUart3                                 0x20002e60   Data          44  bsp_uart_fifo.o(.bss)
    g_TxBuf3                                 0x20002e8c   Data        1024  bsp_uart_fifo.o(.bss)
    g_RxBuf3                                 0x2000328c   Data        1024  bsp_uart_fifo.o(.bss)
    .bss                                     0x2000368c   Section       72  timer.o(.bss)
    STACK                                    0x200036d8   Section     1024  startup_stm32f407xx.o(STACK)

    Global Symbols

    Symbol Name                              Value     Ov Type        Size  Object(Section)

    BuildAttributes$$THM_ISAv4$E$P$D$K$B$S$7EM$VFPi3$EXTD16$VFPS$VFMA$PE$A:L22UL41UL21$X:L11$S22US41US21$IEEE1$IW$USESV6$~STKCKD$USESV7$~SHL$OSPACE$ROPI$EBA8$MICROLIB$REQ8$PRES8$EABIv2 0x00000000   Number         0  anon$$obj.o ABSOLUTE
    __ARM_use_no_argv                        0x00000000   Number         0  main.o ABSOLUTE
    _printf_a                                0x00000000   Number         0  stubs.o ABSOLUTE
    _printf_c                                0x00000000   Number         0  stubs.o ABSOLUTE
    _printf_charcount                        0x00000000   Number         0  stubs.o ABSOLUTE
    _printf_d                                0x00000000   Number         0  stubs.o ABSOLUTE
    _printf_e                                0x00000000   Number         0  stubs.o ABSOLUTE
    _printf_f                                0x00000000   Number         0  stubs.o ABSOLUTE
    _printf_flags                            0x00000000   Number         0  stubs.o ABSOLUTE
    _printf_fp_dec                           0x00000000   Number         0  stubs.o ABSOLUTE
    _printf_fp_hex                           0x00000000   Number         0  stubs.o ABSOLUTE
    _printf_g                                0x00000000   Number         0  stubs.o ABSOLUTE
    _printf_i                                0x00000000   Number         0  stubs.o ABSOLUTE
    _printf_int_dec                          0x00000000   Number         0  stubs.o ABSOLUTE
    _printf_l                                0x00000000   Number         0  stubs.o ABSOLUTE
    _printf_lc                               0x00000000   Number         0  stubs.o ABSOLUTE
    _printf_ll                               0x00000000   Number         0  stubs.o ABSOLUTE
    _printf_lld                              0x00000000   Number         0  stubs.o ABSOLUTE
    _printf_lli                              0x00000000   Number         0  stubs.o ABSOLUTE
    _printf_llo                              0x00000000   Number         0  stubs.o ABSOLUTE
    _printf_llu                              0x00000000   Number         0  stubs.o ABSOLUTE
    _printf_llx                              0x00000000   Number         0  stubs.o ABSOLUTE
    _printf_longlong_dec                     0x00000000   Number         0  stubs.o ABSOLUTE
    _printf_longlong_hex                     0x00000000   Number         0  stubs.o ABSOLUTE
    _printf_longlong_oct                     0x00000000   Number         0  stubs.o ABSOLUTE
    _printf_ls                               0x00000000   Number         0  stubs.o ABSOLUTE
    _printf_mbtowc                           0x00000000   Number         0  stubs.o ABSOLUTE
    _printf_n                                0x00000000   Number         0  stubs.o ABSOLUTE
    _printf_o                                0x00000000   Number         0  stubs.o ABSOLUTE
    _printf_p                                0x00000000   Number         0  stubs.o ABSOLUTE
    _printf_percent                          0x00000000   Number         0  stubs.o ABSOLUTE
    _printf_pre_padding                      0x00000000   Number         0  stubs.o ABSOLUTE
    _printf_return_value                     0x00000000   Number         0  stubs.o ABSOLUTE
    _printf_s                                0x00000000   Number         0  stubs.o ABSOLUTE
    _printf_sizespec                         0x00000000   Number         0  stubs.o ABSOLUTE
    _printf_str                              0x00000000   Number         0  stubs.o ABSOLUTE
    _printf_truncate_signed                  0x00000000   Number         0  stubs.o ABSOLUTE
    _printf_truncate_unsigned                0x00000000   Number         0  stubs.o ABSOLUTE
    _printf_u                                0x00000000   Number         0  stubs.o ABSOLUTE
    _printf_wc                               0x00000000   Number         0  stubs.o ABSOLUTE
    _printf_wctomb                           0x00000000   Number         0  stubs.o ABSOLUTE
    _printf_widthprec                        0x00000000   Number         0  stubs.o ABSOLUTE
    _printf_x                                0x00000000   Number         0  stubs.o ABSOLUTE
    __arm_fini_                               - Undefined Weak Reference
    __cpp_initialize__aeabi_                  - Undefined Weak Reference
    __cxa_finalize                            - Undefined Weak Reference
    __decompress                              - Undefined Weak Reference
    _clock_init                               - Undefined Weak Reference
    _microlib_exit                            - Undefined Weak Reference
    __Vectors_Size                           0x00000188   Number         0  startup_stm32f407xx.o ABSOLUTE
    __Vectors                                0x08000000   Data           4  startup_stm32f407xx.o(RESET)
    __Vectors_End                            0x08000188   Data           0  startup_stm32f407xx.o(RESET)
    __main                                   0x08000189   Thumb Code     0  entry.o(.ARM.Collect$$$$00000000)
    _main_stk                                0x08000189   Thumb Code     0  entry2.o(.ARM.Collect$$$$00000001)
    _main_scatterload                        0x0800018d   Thumb Code     0  entry5.o(.ARM.Collect$$$$00000004)
    __main_after_scatterload                 0x08000191   Thumb Code     0  entry5.o(.ARM.Collect$$$$00000004)
    _main_clock                              0x08000191   Thumb Code     0  entry7b.o(.ARM.Collect$$$$00000008)
    _main_cpp_init                           0x08000191   Thumb Code     0  entry8b.o(.ARM.Collect$$$$0000000A)
    _main_init                               0x08000191   Thumb Code     0  entry9a.o(.ARM.Collect$$$$0000000B)
    __rt_lib_shutdown_fini                   0x08000199   Thumb Code     0  entry12b.o(.ARM.Collect$$$$0000000E)
    __rt_final_cpp                           0x0800019d   Thumb Code     0  entry10a.o(.ARM.Collect$$$$0000000F)
    __rt_final_exit                          0x0800019d   Thumb Code     0  entry11a.o(.ARM.Collect$$$$00000011)
    Reset_Handler                            0x080001a1   Thumb Code     8  startup_stm32f407xx.o(.text)
    ADC_IRQHandler                           0x080001bb   Thumb Code     0  startup_stm32f407xx.o(.text)
    CAN1_RX0_IRQHandler                      0x080001bb   Thumb Code     0  startup_stm32f407xx.o(.text)
    CAN1_RX1_IRQHandler                      0x080001bb   Thumb Code     0  startup_stm32f407xx.o(.text)
    CAN1_SCE_IRQHandler                      0x080001bb   Thumb Code     0  startup_stm32f407xx.o(.text)
    CAN1_TX_IRQHandler                       0x080001bb   Thumb Code     0  startup_stm32f407xx.o(.text)
    CAN2_RX0_IRQHandler                      0x080001bb   Thumb Code     0  startup_stm32f407xx.o(.text)
    CAN2_RX1_IRQHandler                      0x080001bb   Thumb Code     0  startup_stm32f407xx.o(.text)
    CAN2_SCE_IRQHandler                      0x080001bb   Thumb Code     0  startup_stm32f407xx.o(.text)
    CAN2_TX_IRQHandler                       0x080001bb   Thumb Code     0  startup_stm32f407xx.o(.text)
    DCMI_IRQHandler                          0x080001bb   Thumb Code     0  startup_stm32f407xx.o(.text)
    DMA1_Stream0_IRQHandler                  0x080001bb   Thumb Code     0  startup_stm32f407xx.o(.text)
    DMA1_Stream1_IRQHandler                  0x080001bb   Thumb Code     0  startup_stm32f407xx.o(.text)
    DMA1_Stream2_IRQHandler                  0x080001bb   Thumb Code     0  startup_stm32f407xx.o(.text)
    DMA1_Stream3_IRQHandler                  0x080001bb   Thumb Code     0  startup_stm32f407xx.o(.text)
    DMA1_Stream4_IRQHandler                  0x080001bb   Thumb Code     0  startup_stm32f407xx.o(.text)
    DMA1_Stream5_IRQHandler                  0x080001bb   Thumb Code     0  startup_stm32f407xx.o(.text)
    DMA1_Stream6_IRQHandler                  0x080001bb   Thumb Code     0  startup_stm32f407xx.o(.text)
    DMA1_Stream7_IRQHandler                  0x080001bb   Thumb Code     0  startup_stm32f407xx.o(.text)
    DMA2_Stream0_IRQHandler                  0x080001bb   Thumb Code     0  startup_stm32f407xx.o(.text)
    DMA2_Stream1_IRQHandler                  0x080001bb   Thumb Code     0  startup_stm32f407xx.o(.text)
    DMA2_Stream2_IRQHandler                  0x080001bb   Thumb Code     0  startup_stm32f407xx.o(.text)
    DMA2_Stream3_IRQHandler                  0x080001bb   Thumb Code     0  startup_stm32f407xx.o(.text)
    DMA2_Stream4_IRQHandler                  0x080001bb   Thumb Code     0  startup_stm32f407xx.o(.text)
    DMA2_Stream5_IRQHandler                  0x080001bb   Thumb Code     0  startup_stm32f407xx.o(.text)
    DMA2_Stream6_IRQHandler                  0x080001bb   Thumb Code     0  startup_stm32f407xx.o(.text)
    DMA2_Stream7_IRQHandler                  0x080001bb   Thumb Code     0  startup_stm32f407xx.o(.text)
    ETH_IRQHandler                           0x080001bb   Thumb Code     0  startup_stm32f407xx.o(.text)
    ETH_WKUP_IRQHandler                      0x080001bb   Thumb Code     0  startup_stm32f407xx.o(.text)
    EXTI0_IRQHandler                         0x080001bb   Thumb Code     0  startup_stm32f407xx.o(.text)
    EXTI15_10_IRQHandler                     0x080001bb   Thumb Code     0  startup_stm32f407xx.o(.text)
    EXTI1_IRQHandler                         0x080001bb   Thumb Code     0  startup_stm32f407xx.o(.text)
    EXTI2_IRQHandler                         0x080001bb   Thumb Code     0  startup_stm32f407xx.o(.text)
    EXTI3_IRQHandler                         0x080001bb   Thumb Code     0  startup_stm32f407xx.o(.text)
    EXTI4_IRQHandler                         0x080001bb   Thumb Code     0  startup_stm32f407xx.o(.text)
    EXTI9_5_IRQHandler                       0x080001bb   Thumb Code     0  startup_stm32f407xx.o(.text)
    FLASH_IRQHandler                         0x080001bb   Thumb Code     0  startup_stm32f407xx.o(.text)
    FMC_IRQHandler                           0x080001bb   Thumb Code     0  startup_stm32f407xx.o(.text)
    FPU_IRQHandler                           0x080001bb   Thumb Code     0  startup_stm32f407xx.o(.text)
    HASH_RNG_IRQHandler                      0x080001bb   Thumb Code     0  startup_stm32f407xx.o(.text)
    I2C1_ER_IRQHandler                       0x080001bb   Thumb Code     0  startup_stm32f407xx.o(.text)
    I2C1_EV_IRQHandler                       0x080001bb   Thumb Code     0  startup_stm32f407xx.o(.text)
    I2C2_ER_IRQHandler                       0x080001bb   Thumb Code     0  startup_stm32f407xx.o(.text)
    I2C2_EV_IRQHandler                       0x080001bb   Thumb Code     0  startup_stm32f407xx.o(.text)
    I2C3_ER_IRQHandler                       0x080001bb   Thumb Code     0  startup_stm32f407xx.o(.text)
    I2C3_EV_IRQHandler                       0x080001bb   Thumb Code     0  startup_stm32f407xx.o(.text)
    OTG_FS_IRQHandler                        0x080001bb   Thumb Code     0  startup_stm32f407xx.o(.text)
    OTG_FS_WKUP_IRQHandler                   0x080001bb   Thumb Code     0  startup_stm32f407xx.o(.text)
    OTG_HS_EP1_IN_IRQHandler                 0x080001bb   Thumb Code     0  startup_stm32f407xx.o(.text)
    OTG_HS_EP1_OUT_IRQHandler                0x080001bb   Thumb Code     0  startup_stm32f407xx.o(.text)
    OTG_HS_IRQHandler                        0x080001bb   Thumb Code     0  startup_stm32f407xx.o(.text)
    OTG_HS_WKUP_IRQHandler                   0x080001bb   Thumb Code     0  startup_stm32f407xx.o(.text)
    PVD_IRQHandler                           0x080001bb   Thumb Code     0  startup_stm32f407xx.o(.text)
    RCC_IRQHandler                           0x080001bb   Thumb Code     0  startup_stm32f407xx.o(.text)
    RTC_Alarm_IRQHandler                     0x080001bb   Thumb Code     0  startup_stm32f407xx.o(.text)
    RTC_WKUP_IRQHandler                      0x080001bb   Thumb Code     0  startup_stm32f407xx.o(.text)
    SDIO_IRQHandler                          0x080001bb   Thumb Code     0  startup_stm32f407xx.o(.text)
    SPI1_IRQHandler                          0x080001bb   Thumb Code     0  startup_stm32f407xx.o(.text)
    SPI2_IRQHandler                          0x080001bb   Thumb Code     0  startup_stm32f407xx.o(.text)
    SPI3_IRQHandler                          0x080001bb   Thumb Code     0  startup_stm32f407xx.o(.text)
    TAMP_STAMP_IRQHandler                    0x080001bb   Thumb Code     0  startup_stm32f407xx.o(.text)
    TIM1_BRK_TIM9_IRQHandler                 0x080001bb   Thumb Code     0  startup_stm32f407xx.o(.text)
    TIM1_CC_IRQHandler                       0x080001bb   Thumb Code     0  startup_stm32f407xx.o(.text)
    TIM1_TRG_COM_TIM11_IRQHandler            0x080001bb   Thumb Code     0  startup_stm32f407xx.o(.text)
    TIM1_UP_TIM10_IRQHandler                 0x080001bb   Thumb Code     0  startup_stm32f407xx.o(.text)
    TIM2_IRQHandler                          0x080001bb   Thumb Code     0  startup_stm32f407xx.o(.text)
    TIM4_IRQHandler                          0x080001bb   Thumb Code     0  startup_stm32f407xx.o(.text)
    TIM5_IRQHandler                          0x080001bb   Thumb Code     0  startup_stm32f407xx.o(.text)
    TIM6_DAC_IRQHandler                      0x080001bb   Thumb Code     0  startup_stm32f407xx.o(.text)
    TIM7_IRQHandler                          0x080001bb   Thumb Code     0  startup_stm32f407xx.o(.text)
    TIM8_BRK_TIM12_IRQHandler                0x080001bb   Thumb Code     0  startup_stm32f407xx.o(.text)
    TIM8_CC_IRQHandler                       0x080001bb   Thumb Code     0  startup_stm32f407xx.o(.text)
    TIM8_TRG_COM_TIM14_IRQHandler            0x080001bb   Thumb Code     0  startup_stm32f407xx.o(.text)
    TIM8_UP_TIM13_IRQHandler                 0x080001bb   Thumb Code     0  startup_stm32f407xx.o(.text)
    UART4_IRQHandler                         0x080001bb   Thumb Code     0  startup_stm32f407xx.o(.text)
    UART5_IRQHandler                         0x080001bb   Thumb Code     0  startup_stm32f407xx.o(.text)
    USART6_IRQHandler                        0x080001bb   Thumb Code     0  startup_stm32f407xx.o(.text)
    WWDG_IRQHandler                          0x080001bb   Thumb Code     0  startup_stm32f407xx.o(.text)
    __aeabi_uldivmod                         0x080001c5   Thumb Code    98  uldiv.o(.text)
    __aeabi_memset                           0x08000227   Thumb Code    14  memseta.o(.text)
    __aeabi_memset4                          0x08000227   Thumb Code     0  memseta.o(.text)
    __aeabi_memset8                          0x08000227   Thumb Code     0  memseta.o(.text)
    __aeabi_memclr                           0x08000235   Thumb Code     4  memseta.o(.text)
    __aeabi_memclr4                          0x08000235   Thumb Code     0  memseta.o(.text)
    __aeabi_memclr8                          0x08000235   Thumb Code     0  memseta.o(.text)
    _memset$wrapper                          0x08000239   Thumb Code    18  memseta.o(.text)
    strstr                                   0x0800024b   Thumb Code    36  strstr.o(.text)
    strncpy                                  0x0800026f   Thumb Code    24  strncpy.o(.text)
    strlen                                   0x08000287   Thumb Code    14  strlen.o(.text)
    __aeabi_uidiv                            0x08000295   Thumb Code     0  uidiv.o(.text)
    __aeabi_uidivmod                         0x08000295   Thumb Code    44  uidiv.o(.text)
    __aeabi_llsl                             0x080002c1   Thumb Code    30  llshl.o(.text)
    _ll_shift_l                              0x080002c1   Thumb Code     0  llshl.o(.text)
    __aeabi_llsr                             0x080002df   Thumb Code    32  llushr.o(.text)
    _ll_ushift_r                             0x080002df   Thumb Code     0  llushr.o(.text)
    __I$use$fp                               0x080002ff   Thumb Code     0  iusefp.o(.text)
    __aeabi_dadd                             0x080002ff   Thumb Code   322  dadd.o(.text)
    __aeabi_dsub                             0x08000441   Thumb Code     6  dadd.o(.text)
    __aeabi_drsub                            0x08000447   Thumb Code     6  dadd.o(.text)
    __aeabi_dmul                             0x0800044d   Thumb Code   228  dmul.o(.text)
    __aeabi_ddiv                             0x08000531   Thumb Code   222  ddiv.o(.text)
    __aeabi_d2ulz                            0x0800060f   Thumb Code    48  dfixul.o(.text)
    __aeabi_cdrcmple                         0x08000641   Thumb Code    48  cdrcmple.o(.text)
    __scatterload                            0x08000671   Thumb Code    28  init.o(.text)
    __scatterload_rt2                        0x08000671   Thumb Code     0  init.o(.text)
    __aeabi_lasr                             0x08000695   Thumb Code    36  llsshr.o(.text)
    _ll_sshift_r                             0x08000695   Thumb Code     0  llsshr.o(.text)
    _double_round                            0x080006b9   Thumb Code    30  depilogue.o(.text)
    _double_epilogue                         0x080006d7   Thumb Code   156  depilogue.o(.text)
    BusFault_Handler                         0x08000773   Thumb Code     2  stm32f4xx_it.o(i.BusFault_Handler)
    CAT1_Close_Back                          0x08000775   Thumb Code    96  4g.o(i.CAT1_Close_Back)
    CAT1_SendCmd                             0x080007fd   Thumb Code   106  4g.o(i.CAT1_SendCmd)
    CAT1_SendCmd1                            0x0800089d   Thumb Code   106  4g.o(i.CAT1_SendCmd1)
    CAT1_SendCmd2                            0x08000941   Thumb Code   106  4g.o(i.CAT1_SendCmd2)
    CAT1_SendNetOpen                         0x080009e5   Thumb Code   102  4g.o(i.CAT1_SendNetOpen)
    CAT_AT_Test                              0x08000a85   Thumb Code    96  4g.o(i.CAT_AT_Test)
    CAT_Connect_IoTServer                    0x08000b0d   Thumb Code   274  4g.o(i.CAT_Connect_IoTServer)
    ComToUart                                0x08000d69   Thumb Code    48  bsp_uart_fifo.o(i.ComToUart)
    DebugMon_Handler                         0x08000dc1   Thumb Code     2  stm32f4xx_it.o(i.DebugMon_Handler)
    Error_Handler                            0x08000dc3   Thumb Code     8  bsp.o(i.Error_Handler)
    HAL_GPIO_Init                            0x08000dcd   Thumb Code   450  stm32f4xx_hal_gpio.o(i.HAL_GPIO_Init)
    HAL_GetTick                              0x08000fbd   Thumb Code     6  stm32f4xx_hal.o(i.HAL_GetTick)
    HAL_IncTick                              0x08000fc9   Thumb Code    12  stm32f4xx_hal.o(i.HAL_IncTick)
    HAL_Init                                 0x08000fd9   Thumb Code    48  stm32f4xx_hal.o(i.HAL_Init)
    HAL_InitTick                             0x0800100d   Thumb Code    54  stm32f4xx_hal.o(i.HAL_InitTick)
    HAL_MspInit                              0x0800104d   Thumb Code    42  stm32f4xx_hal_msp.o(i.HAL_MspInit)
    HAL_NVIC_EnableIRQ                       0x0800107d   Thumb Code    26  stm32f4xx_hal_cortex.o(i.HAL_NVIC_EnableIRQ)
    HAL_NVIC_SetPriority                     0x08001099   Thumb Code    60  stm32f4xx_hal_cortex.o(i.HAL_NVIC_SetPriority)
    HAL_NVIC_SetPriorityGrouping             0x080010d9   Thumb Code    26  stm32f4xx_hal_cortex.o(i.HAL_NVIC_SetPriorityGrouping)
    HAL_RCC_ClockConfig                      0x080010fd   Thumb Code   288  stm32f4xx_hal_rcc.o(i.HAL_RCC_ClockConfig)
    HAL_RCC_GetPCLK1Freq                     0x08001231   Thumb Code    20  stm32f4xx_hal_rcc.o(i.HAL_RCC_GetPCLK1Freq)
    HAL_RCC_GetPCLK2Freq                     0x08001251   Thumb Code    20  stm32f4xx_hal_rcc.o(i.HAL_RCC_GetPCLK2Freq)
    HAL_RCC_GetSysClockFreq                  0x08001271   Thumb Code    88  stm32f4xx_hal_rcc.o(i.HAL_RCC_GetSysClockFreq)
    HAL_RCC_OscConfig                        0x080012d1   Thumb Code   856  stm32f4xx_hal_rcc.o(i.HAL_RCC_OscConfig)
    HAL_SYSTICK_Config                       0x0800163d   Thumb Code    40  stm32f4xx_hal_cortex.o(i.HAL_SYSTICK_Config)
    HAL_TIMEx_BreakCallback                  0x08001665   Thumb Code     2  stm32f4xx_hal_tim_ex.o(i.HAL_TIMEx_BreakCallback)
    HAL_TIMEx_CommutCallback                 0x08001667   Thumb Code     2  stm32f4xx_hal_tim_ex.o(i.HAL_TIMEx_CommutCallback)
    HAL_TIM_IC_CaptureCallback               0x08001669   Thumb Code     2  stm32f4xx_hal_tim.o(i.HAL_TIM_IC_CaptureCallback)
    HAL_TIM_IRQHandler                       0x0800166b   Thumb Code   304  stm32f4xx_hal_tim.o(i.HAL_TIM_IRQHandler)
    HAL_TIM_OC_DelayElapsedCallback          0x0800179b   Thumb Code     2  stm32f4xx_hal_tim.o(i.HAL_TIM_OC_DelayElapsedCallback)
    HAL_TIM_PWM_PulseFinishedCallback        0x0800179d   Thumb Code     2  stm32f4xx_hal_tim.o(i.HAL_TIM_PWM_PulseFinishedCallback)
    HAL_TIM_PeriodElapsedCallback            0x080017a1   Thumb Code    12  timer.o(i.HAL_TIM_PeriodElapsedCallback)
    HAL_TIM_TriggerCallback                  0x080017b1   Thumb Code     2  stm32f4xx_hal_tim.o(i.HAL_TIM_TriggerCallback)
    HAL_UART_Init                            0x080017b3   Thumb Code   100  stm32f4xx_hal_uart.o(i.HAL_UART_Init)
    HAL_UART_MspInit                         0x08001817   Thumb Code     2  stm32f4xx_hal_uart.o(i.HAL_UART_MspInit)
    HardFault_Handler                        0x08001819   Thumb Code     2  stm32f4xx_it.o(i.HardFault_Handler)
    MQTT_PingREQ                             0x080019f9   Thumb Code    20  mqtt.o(i.MQTT_PingREQ)
    MemManage_Handler                        0x08001a11   Thumb Code     2  stm32f4xx_it.o(i.MemManage_Handler)
    NMI_Handler                              0x08001a13   Thumb Code     2  stm32f4xx_it.o(i.NMI_Handler)
    PendSV_Handler                           0x08001a15   Thumb Code     2  stm32f4xx_it.o(i.PendSV_Handler)
    RS485_ReciveNew                          0x08001a17   Thumb Code     2  bsp_uart_fifo.o(i.RS485_ReciveNew)
    RS485_SendBefor                          0x08001a19   Thumb Code     8  bsp_uart_fifo.o(i.RS485_SendBefor)
    RS485_SendOver                           0x08001a25   Thumb Code    10  bsp_uart_fifo.o(i.RS485_SendOver)
    SVC_Handler                              0x08001a35   Thumb Code     2  stm32f4xx_it.o(i.SVC_Handler)
    SysTick_Handler                          0x08001a39   Thumb Code    24  bsp_timer.o(i.SysTick_Handler)
    SysTick_ISR                              0x08001a55   Thumb Code   112  bsp_timer.o(i.SysTick_ISR)
    SystemInit                               0x08001b61   Thumb Code    12  system_stm32f4xx.o(i.SystemInit)
    TIM3_IRQHandler                          0x08001b71   Thumb Code     6  timer.o(i.TIM3_IRQHandler)
    USART1_IRQHandler                        0x08001c89   Thumb Code     6  bsp_uart_fifo.o(i.USART1_IRQHandler)
    USART2_IRQHandler                        0x08001c95   Thumb Code     6  bsp_uart_fifo.o(i.USART2_IRQHandler)
    USART3_IRQHandler                        0x08001ca1   Thumb Code     6  bsp_uart_fifo.o(i.USART3_IRQHandler)
    UsageFault_Handler                       0x08001ead   Thumb Code     2  stm32f4xx_it.o(i.UsageFault_Handler)
    WIZCHIP_READ                             0x08001eb1   Thumb Code    54  w5500.o(i.WIZCHIP_READ)
    WIZCHIP_WRITE                            0x08001eed   Thumb Code    60  w5500.o(i.WIZCHIP_WRITE)
    WIZCHIP_WRITE_BUF                        0x08001f2d   Thumb Code    80  w5500.o(i.WIZCHIP_WRITE_BUF)
    __0printf                                0x08001f81   Thumb Code    22  printfa.o(i.__0printf)
    __1printf                                0x08001f81   Thumb Code     0  printfa.o(i.__0printf)
    __2printf                                0x08001f81   Thumb Code     0  printfa.o(i.__0printf)
    __c89printf                              0x08001f81   Thumb Code     0  printfa.o(i.__0printf)
    printf                                   0x08001f81   Thumb Code     0  printfa.o(i.__0printf)
    __0sprintf                               0x08001fa1   Thumb Code    34  printfa.o(i.__0sprintf)
    __1sprintf                               0x08001fa1   Thumb Code     0  printfa.o(i.__0sprintf)
    __2sprintf                               0x08001fa1   Thumb Code     0  printfa.o(i.__0sprintf)
    __c89sprintf                             0x08001fa1   Thumb Code     0  printfa.o(i.__0sprintf)
    sprintf                                  0x08001fa1   Thumb Code     0  printfa.o(i.__0sprintf)
    __0vsnprintf                             0x08001fc9   Thumb Code    46  printfa.o(i.__0vsnprintf)
    __1vsnprintf                             0x08001fc9   Thumb Code     0  printfa.o(i.__0vsnprintf)
    __2vsnprintf                             0x08001fc9   Thumb Code     0  printfa.o(i.__0vsnprintf)
    __c89vsnprintf                           0x08001fc9   Thumb Code     0  printfa.o(i.__0vsnprintf)
    vsnprintf                                0x08001fc9   Thumb Code     0  printfa.o(i.__0vsnprintf)
    __scatterload_copy                       0x08002041   Thumb Code    14  handlers.o(i.__scatterload_copy)
    __scatterload_null                       0x0800204f   Thumb Code     2  handlers.o(i.__scatterload_null)
    __scatterload_zeroinit                   0x08002051   Thumb Code    14  handlers.o(i.__scatterload_zeroinit)
    bsp_DelayMS                              0x0800290d   Thumb Code    44  bsp_timer.o(i.bsp_DelayMS)
    bsp_Idle                                 0x0800293d   Thumb Code     2  bsp.o(i.bsp_Idle)
    bsp_Init                                 0x0800293f   Thumb Code    26  bsp.o(i.bsp_Init)
    bsp_InitJQ                               0x08002959   Thumb Code    70  jq8900.o(i.bsp_InitJQ)
    bsp_InitLed                              0x080029a9   Thumb Code    56  bsp_led.o(i.bsp_InitLed)
    bsp_InitTimer                            0x080029e9   Thumb Code    82  bsp_timer.o(i.bsp_InitTimer)
    bsp_InitUart                             0x08002a4d   Thumb Code    14  bsp_uart_fifo.o(i.bsp_InitUart)
    bsp_JQ_Off                               0x08002a5d   Thumb Code    22  jq8900.o(i.bsp_JQ_Off)
    bsp_JQ_On                                0x08002a79   Thumb Code    22  jq8900.o(i.bsp_JQ_On)
    bsp_LedOff                               0x08002a95   Thumb Code    12  bsp_led.o(i.bsp_LedOff)
    bsp_RunPer10ms                           0x08002aa5   Thumb Code   118  bsp.o(i.bsp_RunPer10ms)
    bsp_RunPer1ms                            0x08002b61   Thumb Code     2  bsp.o(i.bsp_RunPer1ms)
    bsp_SetUartParam                         0x08002b65   Thumb Code    46  bsp_uart_fifo.o(i.bsp_SetUartParam)
    bsp_StartAutoTimer                       0x08002bb1   Thumb Code    54  bsp_timer.o(i.bsp_StartAutoTimer)
    close                                    0x08002c29   Thumb Code   102  socket.o(i.close)
    comGetChar                               0x08002c99   Thumb Code    78  bsp_uart_fifo.o(i.comGetChar)
    comSendBuf                               0x08002ce7   Thumb Code    36  bsp_uart_fifo.o(i.comSendBuf)
    comSendChar                              0x08002d0b   Thumb Code    12  bsp_uart_fifo.o(i.comSendChar)
    fputc                                    0x08002d17   Thumb Code    16  bsp_uart_fifo.o(i.fputc)
    getSn_TX_FSR                             0x08002d27   Thumb Code    76  w5500.o(i.getSn_TX_FSR)
    main                                     0x08002d75   Thumb Code   118  main.o(i.main)
    send                                     0x08002e39   Thumb Code   278  socket.o(i.send)
    u2_printf                                0x08002f55   Thumb Code    38  bsp_uart_fifo.o(i.u2_printf)
    wiz_send_data                            0x08002f7b   Thumb Code    96  w5500.o(i.wiz_send_data)
    wizchip_bus_readbyte                     0x08002fdb   Thumb Code     4  wizchip_conf.o(i.wizchip_bus_readbyte)
    wizchip_bus_writebyte                    0x08002fdf   Thumb Code     4  wizchip_conf.o(i.wizchip_bus_writebyte)
    wizchip_cris_enter                       0x08002fe3   Thumb Code     2  wizchip_conf.o(i.wizchip_cris_enter)
    wizchip_cris_exit                        0x08002fe5   Thumb Code     2  wizchip_conf.o(i.wizchip_cris_exit)
    wizchip_cs_deselect                      0x08002fe7   Thumb Code     2  wizchip_conf.o(i.wizchip_cs_deselect)
    wizchip_cs_select                        0x08002fe9   Thumb Code     2  wizchip_conf.o(i.wizchip_cs_select)
    AHBPrescTable                            0x08002fea   Data          16  system_stm32f4xx.o(.constdata)
    APBPrescTable                            0x08002ffa   Data           8  system_stm32f4xx.o(.constdata)
    Region$$Table$$Base                      0x08003034   Number         0  anon$$obj.o(Region$$Table)
    Region$$Table$$Limit                     0x08003054   Number         0  anon$$obj.o(Region$$Table)
    uwTickFreq                               0x20000000   Data           1  stm32f4xx_hal.o(.data)
    uwTickPrio                               0x20000004   Data           4  stm32f4xx_hal.o(.data)
    uwTick                                   0x20000008   Data           4  stm32f4xx_hal.o(.data)
    SystemCoreClock                          0x2000000c   Data           4  system_stm32f4xx.o(.data)
    WIZCHIP                                  0x20000028   Data          32  wizchip_conf.o(.data)
    g_iRunTime                               0x20000050   Data           4  bsp_timer.o(.data)
    MQTT_4G_CONNECT                          0x20000054   Data           1  4g.o(.data)
    __stdout                                 0x20000058   Data           4  stdout.o(.data)
    ClientID                                 0x2000006c   Data         128  mqtt.o(.bss)
    Username                                 0x200000ec   Data         128  mqtt.o(.bss)
    Passward                                 0x2000016c   Data         128  mqtt.o(.bss)
    temp_buff                                0x200001ec   Data         300  mqtt.o(.bss)
    gDATABUF                                 0x20000318   Data        2048  mqtt.o(.bss)
    MQTT_RxDataBuf                           0x20000b18   Data        2400  mqtt.o(.bss)
    MQTT_CMDBuf                              0x20001478   Data        2400  mqtt.o(.bss)
    TIM3_Handler                             0x2000368c   Data          72  timer.o(.bss)
    __initial_sp                             0x20003ad8   Data           0  startup_stm32f407xx.o(STACK)



==============================================================================

Memory Map of the image

  Image Entry point : 0x08000189

  Load Region LR_IROM1 (Base: 0x08000000, Size: 0x000030b0, Max: 0x00080000, ABSOLUTE)

    Execution Region ER_IROM1 (Exec base: 0x08000000, Load base: 0x08000000, Size: 0x00003054, Max: 0x00080000, ABSOLUTE)

    Exec Addr    Load Addr    Size         Type   Attr      Idx    E Section Name        Object

    0x08000000   0x08000000   0x00000188   Data   RO            3    RESET               startup_stm32f407xx.o
    0x08000188   0x08000188   0x00000000   Code   RO         6034  * .ARM.Collect$$$$00000000  mc_w.l(entry.o)
    0x08000188   0x08000188   0x00000004   Code   RO         6314    .ARM.Collect$$$$00000001  mc_w.l(entry2.o)
    0x0800018c   0x0800018c   0x00000004   Code   RO         6317    .ARM.Collect$$$$00000004  mc_w.l(entry5.o)
    0x08000190   0x08000190   0x00000000   Code   RO         6319    .ARM.Collect$$$$00000008  mc_w.l(entry7b.o)
    0x08000190   0x08000190   0x00000000   Code   RO         6321    .ARM.Collect$$$$0000000A  mc_w.l(entry8b.o)
    0x08000190   0x08000190   0x00000008   Code   RO         6322    .ARM.Collect$$$$0000000B  mc_w.l(entry9a.o)
    0x08000198   0x08000198   0x00000004   Code   RO         6329    .ARM.Collect$$$$0000000E  mc_w.l(entry12b.o)
    0x0800019c   0x0800019c   0x00000000   Code   RO         6324    .ARM.Collect$$$$0000000F  mc_w.l(entry10a.o)
    0x0800019c   0x0800019c   0x00000000   Code   RO         6326    .ARM.Collect$$$$00000011  mc_w.l(entry11a.o)
    0x0800019c   0x0800019c   0x00000004   Code   RO         6315    .ARM.Collect$$$$00002712  mc_w.l(entry2.o)
    0x080001a0   0x080001a0   0x00000024   Code   RO            4    .text               startup_stm32f407xx.o
    0x080001c4   0x080001c4   0x00000062   Code   RO         6037    .text               mc_w.l(uldiv.o)
    0x08000226   0x08000226   0x00000024   Code   RO         6041    .text               mc_w.l(memseta.o)
    0x0800024a   0x0800024a   0x00000024   Code   RO         6045    .text               mc_w.l(strstr.o)
    0x0800026e   0x0800026e   0x00000018   Code   RO         6047    .text               mc_w.l(strncpy.o)
    0x08000286   0x08000286   0x0000000e   Code   RO         6049    .text               mc_w.l(strlen.o)
    0x08000294   0x08000294   0x0000002c   Code   RO         6331    .text               mc_w.l(uidiv.o)
    0x080002c0   0x080002c0   0x0000001e   Code   RO         6333    .text               mc_w.l(llshl.o)
    0x080002de   0x080002de   0x00000020   Code   RO         6335    .text               mc_w.l(llushr.o)
    0x080002fe   0x080002fe   0x00000000   Code   RO         6337    .text               mc_w.l(iusefp.o)
    0x080002fe   0x080002fe   0x0000014e   Code   RO         6338    .text               mf_w.l(dadd.o)
    0x0800044c   0x0800044c   0x000000e4   Code   RO         6340    .text               mf_w.l(dmul.o)
    0x08000530   0x08000530   0x000000de   Code   RO         6342    .text               mf_w.l(ddiv.o)
    0x0800060e   0x0800060e   0x00000030   Code   RO         6344    .text               mf_w.l(dfixul.o)
    0x0800063e   0x0800063e   0x00000002   PAD
    0x08000640   0x08000640   0x00000030   Code   RO         6346    .text               mf_w.l(cdrcmple.o)
    0x08000670   0x08000670   0x00000024   Code   RO         6348    .text               mc_w.l(init.o)
    0x08000694   0x08000694   0x00000024   Code   RO         6350    .text               mc_w.l(llsshr.o)
    0x080006b8   0x080006b8   0x000000ba   Code   RO         6352    .text               mf_w.l(depilogue.o)
    0x08000772   0x08000772   0x00000002   Code   RO          325    i.BusFault_Handler  stm32f4xx_it.o
    0x08000774   0x08000774   0x00000088   Code   RO         5928    i.CAT1_Close_Back   4g.o
    0x080007fc   0x080007fc   0x000000a0   Code   RO         5929    i.CAT1_SendCmd      4g.o
    0x0800089c   0x0800089c   0x000000a4   Code   RO         5930    i.CAT1_SendCmd1     4g.o
    0x08000940   0x08000940   0x000000a4   Code   RO         5931    i.CAT1_SendCmd2     4g.o
    0x080009e4   0x080009e4   0x000000a0   Code   RO         5932    i.CAT1_SendNetOpen  4g.o
    0x08000a84   0x08000a84   0x00000088   Code   RO         5933    i.CAT_AT_Test       4g.o
    0x08000b0c   0x08000b0c   0x0000025c   Code   RO         5934    i.CAT_Connect_IoTServer  4g.o
    0x08000d68   0x08000d68   0x00000058   Code   RO         5681    i.ComToUart         bsp_uart_fifo.o
    0x08000dc0   0x08000dc0   0x00000002   Code   RO          326    i.DebugMon_Handler  stm32f4xx_it.o
    0x08000dc2   0x08000dc2   0x00000008   Code   RO         5382    i.Error_Handler     bsp.o
    0x08000dca   0x08000dca   0x00000002   PAD
    0x08000dcc   0x08000dcc   0x000001f0   Code   RO         1095    i.HAL_GPIO_Init     stm32f4xx_hal_gpio.o
    0x08000fbc   0x08000fbc   0x0000000c   Code   RO         1633    i.HAL_GetTick       stm32f4xx_hal.o
    0x08000fc8   0x08000fc8   0x00000010   Code   RO         1639    i.HAL_IncTick       stm32f4xx_hal.o
    0x08000fd8   0x08000fd8   0x00000034   Code   RO         1640    i.HAL_Init          stm32f4xx_hal.o
    0x0800100c   0x0800100c   0x00000040   Code   RO         1641    i.HAL_InitTick      stm32f4xx_hal.o
    0x0800104c   0x0800104c   0x00000030   Code   RO          394    i.HAL_MspInit       stm32f4xx_hal_msp.o
    0x0800107c   0x0800107c   0x0000001a   Code   RO         1485    i.HAL_NVIC_EnableIRQ  stm32f4xx_hal_cortex.o
    0x08001096   0x08001096   0x00000002   PAD
    0x08001098   0x08001098   0x00000040   Code   RO         1491    i.HAL_NVIC_SetPriority  stm32f4xx_hal_cortex.o
    0x080010d8   0x080010d8   0x00000024   Code   RO         1492    i.HAL_NVIC_SetPriorityGrouping  stm32f4xx_hal_cortex.o
    0x080010fc   0x080010fc   0x00000134   Code   RO          741    i.HAL_RCC_ClockConfig  stm32f4xx_hal_rcc.o
    0x08001230   0x08001230   0x00000020   Code   RO          748    i.HAL_RCC_GetPCLK1Freq  stm32f4xx_hal_rcc.o
    0x08001250   0x08001250   0x00000020   Code   RO          749    i.HAL_RCC_GetPCLK2Freq  stm32f4xx_hal_rcc.o
    0x08001270   0x08001270   0x00000060   Code   RO          750    i.HAL_RCC_GetSysClockFreq  stm32f4xx_hal_rcc.o
    0x080012d0   0x080012d0   0x0000036c   Code   RO          753    i.HAL_RCC_OscConfig  stm32f4xx_hal_rcc.o
    0x0800163c   0x0800163c   0x00000028   Code   RO         1496    i.HAL_SYSTICK_Config  stm32f4xx_hal_cortex.o
    0x08001664   0x08001664   0x00000002   Code   RO         2584    i.HAL_TIMEx_BreakCallback  stm32f4xx_hal_tim_ex.o
    0x08001666   0x08001666   0x00000002   Code   RO         2585    i.HAL_TIMEx_CommutCallback  stm32f4xx_hal_tim_ex.o
    0x08001668   0x08001668   0x00000002   Code   RO         1914    i.HAL_TIM_IC_CaptureCallback  stm32f4xx_hal_tim.o
    0x0800166a   0x0800166a   0x00000130   Code   RO         1928    i.HAL_TIM_IRQHandler  stm32f4xx_hal_tim.o
    0x0800179a   0x0800179a   0x00000002   Code   RO         1931    i.HAL_TIM_OC_DelayElapsedCallback  stm32f4xx_hal_tim.o
    0x0800179c   0x0800179c   0x00000002   Code   RO         1958    i.HAL_TIM_PWM_PulseFinishedCallback  stm32f4xx_hal_tim.o
    0x0800179e   0x0800179e   0x00000002   PAD
    0x080017a0   0x080017a0   0x00000010   Code   RO         5869    i.HAL_TIM_PeriodElapsedCallback  timer.o
    0x080017b0   0x080017b0   0x00000002   Code   RO         1971    i.HAL_TIM_TriggerCallback  stm32f4xx_hal_tim.o
    0x080017b2   0x080017b2   0x00000064   Code   RO         3763    i.HAL_UART_Init     stm32f4xx_hal_uart.o
    0x08001816   0x08001816   0x00000002   Code   RO         3765    i.HAL_UART_MspInit  stm32f4xx_hal_uart.o
    0x08001818   0x08001818   0x00000002   Code   RO          327    i.HardFault_Handler  stm32f4xx_it.o
    0x0800181a   0x0800181a   0x00000002   PAD
    0x0800181c   0x0800181c   0x000001dc   Code   RO         5682    i.InitHardUart      bsp_uart_fifo.o
    0x080019f8   0x080019f8   0x00000018   Code   RO         5256    i.MQTT_PingREQ      mqtt.o
    0x08001a10   0x08001a10   0x00000002   Code   RO          328    i.MemManage_Handler  stm32f4xx_it.o
    0x08001a12   0x08001a12   0x00000002   Code   RO          329    i.NMI_Handler       stm32f4xx_it.o
    0x08001a14   0x08001a14   0x00000002   Code   RO          330    i.PendSV_Handler    stm32f4xx_it.o
    0x08001a16   0x08001a16   0x00000002   Code   RO         5684    i.RS485_ReciveNew   bsp_uart_fifo.o
    0x08001a18   0x08001a18   0x0000000c   Code   RO         5685    i.RS485_SendBefor   bsp_uart_fifo.o
    0x08001a24   0x08001a24   0x00000010   Code   RO         5687    i.RS485_SendOver    bsp_uart_fifo.o
    0x08001a34   0x08001a34   0x00000002   Code   RO          331    i.SVC_Handler       stm32f4xx_it.o
    0x08001a36   0x08001a36   0x00000002   PAD
    0x08001a38   0x08001a38   0x0000001c   Code   RO         5587    i.SysTick_Handler   bsp_timer.o
    0x08001a54   0x08001a54   0x00000078   Code   RO         5588    i.SysTick_ISR       bsp_timer.o
    0x08001acc   0x08001acc   0x00000094   Code   RO         5383    i.SystemClock_Config  bsp.o
    0x08001b60   0x08001b60   0x00000010   Code   RO         4580    i.SystemInit        system_stm32f4xx.o
    0x08001b70   0x08001b70   0x0000000c   Code   RO         5870    i.TIM3_IRQHandler   timer.o
    0x08001b7c   0x08001b7c   0x0000010c   Code   RO         3789    i.UART_SetConfig    stm32f4xx_hal_uart.o
    0x08001c88   0x08001c88   0x0000000c   Code   RO         5690    i.USART1_IRQHandler  bsp_uart_fifo.o
    0x08001c94   0x08001c94   0x0000000c   Code   RO         5691    i.USART2_IRQHandler  bsp_uart_fifo.o
    0x08001ca0   0x08001ca0   0x0000000c   Code   RO         5692    i.USART3_IRQHandler  bsp_uart_fifo.o
    0x08001cac   0x08001cac   0x000000d0   Code   RO         5693    i.UartIRQ           bsp_uart_fifo.o
    0x08001d7c   0x08001d7c   0x0000007c   Code   RO         5694    i.UartSend          bsp_uart_fifo.o
    0x08001df8   0x08001df8   0x000000b4   Code   RO         5696    i.UartVarInit       bsp_uart_fifo.o
    0x08001eac   0x08001eac   0x00000002   Code   RO          332    i.UsageFault_Handler  stm32f4xx_it.o
    0x08001eae   0x08001eae   0x00000002   PAD
    0x08001eb0   0x08001eb0   0x0000003c   Code   RO         4987    i.WIZCHIP_READ      w5500.o
    0x08001eec   0x08001eec   0x00000040   Code   RO         4989    i.WIZCHIP_WRITE     w5500.o
    0x08001f2c   0x08001f2c   0x00000054   Code   RO         4990    i.WIZCHIP_WRITE_BUF  w5500.o
    0x08001f80   0x08001f80   0x00000020   Code   RO         6286    i.__0printf         mc_w.l(printfa.o)
    0x08001fa0   0x08001fa0   0x00000028   Code   RO         6288    i.__0sprintf        mc_w.l(printfa.o)
    0x08001fc8   0x08001fc8   0x00000034   Code   RO         6291    i.__0vsnprintf      mc_w.l(printfa.o)
    0x08001ffc   0x08001ffc   0x00000020   Code   RO         1498    i.__NVIC_SetPriority  stm32f4xx_hal_cortex.o
    0x0800201c   0x0800201c   0x00000024   Code   RO         5935    i.__NVIC_SystemReset  4g.o
    0x08002040   0x08002040   0x0000000e   Code   RO         6356    i.__scatterload_copy  mc_w.l(handlers.o)
    0x0800204e   0x0800204e   0x00000002   Code   RO         6357    i.__scatterload_null  mc_w.l(handlers.o)
    0x08002050   0x08002050   0x0000000e   Code   RO         6358    i.__scatterload_zeroinit  mc_w.l(handlers.o)
    0x0800205e   0x0800205e   0x00000002   PAD
    0x08002060   0x08002060   0x00000184   Code   RO         6293    i._fp_digits        mc_w.l(printfa.o)
    0x080021e4   0x080021e4   0x000006b4   Code   RO         6294    i._printf_core      mc_w.l(printfa.o)
    0x08002898   0x08002898   0x00000024   Code   RO         6295    i._printf_post_padding  mc_w.l(printfa.o)
    0x080028bc   0x080028bc   0x0000002e   Code   RO         6296    i._printf_pre_padding  mc_w.l(printfa.o)
    0x080028ea   0x080028ea   0x00000016   Code   RO         6297    i._snputc           mc_w.l(printfa.o)
    0x08002900   0x08002900   0x0000000a   Code   RO         6298    i._sputc            mc_w.l(printfa.o)
    0x0800290a   0x0800290a   0x00000002   PAD
    0x0800290c   0x0800290c   0x00000030   Code   RO         5591    i.bsp_DelayMS       bsp_timer.o
    0x0800293c   0x0800293c   0x00000002   Code   RO         5384    i.bsp_Idle          bsp.o
    0x0800293e   0x0800293e   0x0000001a   Code   RO         5385    i.bsp_Init          bsp.o
    0x08002958   0x08002958   0x00000050   Code   RO         6001    i.bsp_InitJQ        jq8900.o
    0x080029a8   0x080029a8   0x00000040   Code   RO         5539    i.bsp_InitLed       bsp_led.o
    0x080029e8   0x080029e8   0x00000064   Code   RO         5594    i.bsp_InitTimer     bsp_timer.o
    0x08002a4c   0x08002a4c   0x0000000e   Code   RO         5697    i.bsp_InitUart      bsp_uart_fifo.o
    0x08002a5a   0x08002a5a   0x00000002   PAD
    0x08002a5c   0x08002a5c   0x0000001c   Code   RO         6002    i.bsp_JQ_Off        jq8900.o
    0x08002a78   0x08002a78   0x0000001c   Code   RO         6003    i.bsp_JQ_On         jq8900.o
    0x08002a94   0x08002a94   0x00000010   Code   RO         5541    i.bsp_LedOff        bsp_led.o
    0x08002aa4   0x08002aa4   0x000000bc   Code   RO         5386    i.bsp_RunPer10ms    bsp.o
    0x08002b60   0x08002b60   0x00000002   Code   RO         5387    i.bsp_RunPer1ms     bsp.o
    0x08002b62   0x08002b62   0x00000002   PAD
    0x08002b64   0x08002b64   0x0000004c   Code   RO         5698    i.bsp_SetUartParam  bsp_uart_fifo.o
    0x08002bb0   0x08002bb0   0x00000078   Code   RO         5595    i.bsp_StartAutoTimer  bsp_timer.o
    0x08002c28   0x08002c28   0x00000070   Code   RO         4748    i.close             socket.o
    0x08002c98   0x08002c98   0x0000004e   Code   RO         5701    i.comGetChar        bsp_uart_fifo.o
    0x08002ce6   0x08002ce6   0x00000024   Code   RO         5702    i.comSendBuf        bsp_uart_fifo.o
    0x08002d0a   0x08002d0a   0x0000000c   Code   RO         5703    i.comSendChar       bsp_uart_fifo.o
    0x08002d16   0x08002d16   0x00000010   Code   RO         5706    i.fputc             bsp_uart_fifo.o
    0x08002d26   0x08002d26   0x0000004c   Code   RO         4992    i.getSn_TX_FSR      w5500.o
    0x08002d72   0x08002d72   0x00000002   PAD
    0x08002d74   0x08002d74   0x000000c4   Code   RO           13    i.main              main.o
    0x08002e38   0x08002e38   0x0000011c   Code   RO         4756    i.send              socket.o
    0x08002f54   0x08002f54   0x00000026   Code   RO         5707    i.u2_printf         bsp_uart_fifo.o
    0x08002f7a   0x08002f7a   0x00000060   Code   RO         4995    i.wiz_send_data     w5500.o
    0x08002fda   0x08002fda   0x00000004   Code   RO         5053    i.wizchip_bus_readbyte  wizchip_conf.o
    0x08002fde   0x08002fde   0x00000004   Code   RO         5054    i.wizchip_bus_writebyte  wizchip_conf.o
    0x08002fe2   0x08002fe2   0x00000002   Code   RO         5056    i.wizchip_cris_enter  wizchip_conf.o
    0x08002fe4   0x08002fe4   0x00000002   Code   RO         5057    i.wizchip_cris_exit  wizchip_conf.o
    0x08002fe6   0x08002fe6   0x00000002   Code   RO         5058    i.wizchip_cs_deselect  wizchip_conf.o
    0x08002fe8   0x08002fe8   0x00000002   Code   RO         5059    i.wizchip_cs_select  wizchip_conf.o
    0x08002fea   0x08002fea   0x00000010   Data   RO         4581    .constdata          system_stm32f4xx.o
    0x08002ffa   0x08002ffa   0x00000008   Data   RO         4582    .constdata          system_stm32f4xx.o
    0x08003002   0x08003002   0x00000030   Data   RO         5599    .constdata          bsp_timer.o
    0x08003032   0x08003032   0x00000002   PAD
    0x08003034   0x08003034   0x00000020   Data   RO         6354    Region$$Table       anon$$obj.o


    Execution Region RW_IRAM1 (Exec base: 0x20000000, Load base: 0x08003054, Size: 0x00003ad8, Max: 0x0001c000, ABSOLUTE)

    Exec Addr    Load Addr    Size         Type   Attr      Idx    E Section Name        Object

    0x20000000   0x08003054   0x0000000c   Data   RW         1647    .data               stm32f4xx_hal.o
    0x2000000c   0x08003060   0x00000004   Data   RW         4583    .data               system_stm32f4xx.o
    0x20000010   0x08003064   0x0000000e   Data   RW         4761    .data               socket.o
    0x2000001e   0x08003072   0x00000002   PAD
    0x20000020   0x08003074   0x00000028   Data   RW         5080    .data               wizchip_conf.o
    0x20000048   0x0800309c   0x0000000c   Data   RW         5600    .data               bsp_timer.o
    0x20000054   0x080030a8   0x00000001   Data   RW         5938    .data               4g.o
    0x20000055   0x080030a9   0x00000003   PAD
    0x20000058   0x080030ac   0x00000004   Data   RW         6330    .data               mc_w.l(stdout.o)
    0x2000005c        -       0x00000010   Zero   RW         4760    .bss                socket.o
    0x2000006c        -       0x00001d6c   Zero   RW         5266    .bss                mqtt.o
    0x20001dd8        -       0x00000030   Zero   RW         5598    .bss                bsp_timer.o
    0x20001e08        -       0x00001884   Zero   RW         5708    .bss                bsp_uart_fifo.o
    0x2000368c        -       0x00000048   Zero   RW         5872    .bss                timer.o
    0x200036d4   0x080030b0   0x00000004   PAD
    0x200036d8        -       0x00000400   Zero   RW            1    STACK               startup_stm32f407xx.o


    Execution Region RW_IRAM2 (Exec base: 0x2001c000, Load base: 0x080030b0, Size: 0x00000000, Max: 0x00004000, ABSOLUTE)

    **** No section assigned to this execution region ****


==============================================================================

Image component sizes


      Code (inc. data)   RO Data    RW Data    ZI Data      Debug   Object Name

      1560        648          0          1          0       6482   4g.o
       374         80          0          0          0       3643   bsp.o
        80         12          0          0          0       1487   bsp_led.o
       416        100         48         12         48      35376   bsp_timer.o
      1412        152          0          0       6276      16402   bsp_uart_fifo.o
       136         22          0          0          0       2022   jq8900.o
       196         78          0          0          0     695485   main.o
        24          4          0          0       7532      32546   mqtt.o
       396         16          0         14         16       2551   socket.o
         0          0          0          0          0       5336   spi.o
        36          8        392          0       1024        836   startup_stm32f407xx.o
       144         24          0         12          0       8773   stm32f4xx_hal.o
       198         14          0          0          0      33827   stm32f4xx_hal_cortex.o
       496         46          0          0          0       1532   stm32f4xx_hal_gpio.o
        48          6          0          0          0        858   stm32f4xx_hal_msp.o
      1344         72          0          0          0       5240   stm32f4xx_hal_rcc.o
       312          0          0          0          0       4700   stm32f4xx_hal_tim.o
         4          0          0          0          0       1629   stm32f4xx_hal_tim_ex.o
       370         10          0          0          0       2583   stm32f4xx_hal_uart.o
        16          0          0          0          0       3704   stm32f4xx_it.o
        16          4         24          4          0       1127   system_stm32f4xx.o
        28         10          0          0         72       1449   timer.o
       380         14          0          0          0       3578   w5500.o
        16          0          0         40          0       7068   wizchip_conf.o

    ----------------------------------------------------------------------
      8020       1320        498         88      14972     878234   Object Totals
         0          0         32          0          0          0   (incl. Generated)
        18          0          2          5          4          0   (incl. Padding)

    ----------------------------------------------------------------------

      Code (inc. data)   RO Data    RW Data    ZI Data      Debug   Library Member Name

         0          0          0          0          0          0   entry.o
         0          0          0          0          0          0   entry10a.o
         0          0          0          0          0          0   entry11a.o
         4          0          0          0          0          0   entry12b.o
         8          4          0          0          0          0   entry2.o
         4          0          0          0          0          0   entry5.o
         0          0          0          0          0          0   entry7b.o
         0          0          0          0          0          0   entry8b.o
         8          4          0          0          0          0   entry9a.o
        30          0          0          0          0          0   handlers.o
        36          8          0          0          0         68   init.o
         0          0          0          0          0          0   iusefp.o
        30          0          0          0          0         68   llshl.o
        36          0          0          0          0         68   llsshr.o
        32          0          0          0          0         68   llushr.o
        36          0          0          0          0        108   memseta.o
      2342        102          0          0          0        764   printfa.o
         0          0          0          4          0          0   stdout.o
        14          0          0          0          0         68   strlen.o
        24          0          0          0          0         76   strncpy.o
        36          0          0          0          0         80   strstr.o
        44          0          0          0          0         80   uidiv.o
        98          0          0          0          0         92   uldiv.o
        48          0          0          0          0         68   cdrcmple.o
       334          0          0          0          0        148   dadd.o
       222          0          0          0          0        100   ddiv.o
       186          0          0          0          0        176   depilogue.o
        48          0          0          0          0         68   dfixul.o
       228          0          0          0          0         96   dmul.o

    ----------------------------------------------------------------------
      3854        118          0          4          0       2196   Library Totals
         6          0          0          0          0          0   (incl. Padding)

    ----------------------------------------------------------------------

      Code (inc. data)   RO Data    RW Data    ZI Data      Debug   Library Name

      2782        118          0          4          0       1540   mc_w.l
      1066          0          0          0          0        656   mf_w.l

    ----------------------------------------------------------------------
      3854        118          0          4          0       2196   Library Totals

    ----------------------------------------------------------------------

==============================================================================


      Code (inc. data)   RO Data    RW Data    ZI Data      Debug   

     11874       1438        498         92      14972     870890   Grand Totals
     11874       1438        498         92      14972     870890   ELF Image Totals
     11874       1438        498         92          0          0   ROM Totals

==============================================================================

    Total RO  Size (Code + RO Data)                12372 (  12.08kB)
    Total RW  Size (RW Data + ZI Data)             15064 (  14.71kB)
    Total ROM Size (Code + RO Data + RW Data)      12464 (  12.17kB)

==============================================================================

