Component: ARM Compiler 5.06 update 7 (build 960) Tool: armlink [4d3601]

==============================================================================

Section Cross References

    startup_stm32f407xx.o(RESET) refers to startup_stm32f407xx.o(STACK) for __initial_sp
    startup_stm32f407xx.o(RESET) refers to startup_stm32f407xx.o(.text) for Reset_Handler
    startup_stm32f407xx.o(RESET) refers to stm32f4xx_it.o(i.NMI_Handler) for NMI_Handler
    startup_stm32f407xx.o(RESET) refers to stm32f4xx_it.o(i.HardFault_Handler) for HardFault_Handler
    startup_stm32f407xx.o(RESET) refers to stm32f4xx_it.o(i.MemManage_Handler) for MemManage_Handler
    startup_stm32f407xx.o(RESET) refers to stm32f4xx_it.o(i.BusFault_Handler) for BusFault_Handler
    startup_stm32f407xx.o(RESET) refers to stm32f4xx_it.o(i.UsageFault_Handler) for UsageFault_Handler
    startup_stm32f407xx.o(RESET) refers to stm32f4xx_it.o(i.SVC_Handler) for SVC_Handler
    startup_stm32f407xx.o(RESET) refers to stm32f4xx_it.o(i.DebugMon_Handler) for DebugMon_Handler
    startup_stm32f407xx.o(RESET) refers to stm32f4xx_it.o(i.PendSV_Handler) for PendSV_Handler
    startup_stm32f407xx.o(RESET) refers to bsp_timer.o(i.SysTick_Handler) for SysTick_Handler
    startup_stm32f407xx.o(RESET) refers to timer.o(i.TIM3_IRQHandler) for TIM3_IRQHandler
    startup_stm32f407xx.o(RESET) refers to bsp_uart_fifo.o(i.USART1_IRQHandler) for USART1_IRQHandler
    startup_stm32f407xx.o(RESET) refers to bsp_uart_fifo.o(i.USART2_IRQHandler) for USART2_IRQHandler
    startup_stm32f407xx.o(RESET) refers to bsp_uart_fifo.o(i.USART3_IRQHandler) for USART3_IRQHandler
    startup_stm32f407xx.o(.text) refers to system_stm32f4xx.o(i.SystemInit) for SystemInit
    startup_stm32f407xx.o(.text) refers to entry.o(.ARM.Collect$$$$00000000) for __main
    main.o(i.main) refers to bsp.o(i.bsp_Init) for bsp_Init
    main.o(i.main) refers to bsp_timer.o(i.bsp_StartAutoTimer) for bsp_StartAutoTimer
    main.o(i.main) refers to 4g.o(i.CAT_Connect_IoTServer) for CAT_Connect_IoTServer
    main.o(i.main) refers to jq8900.o(i.bsp_InitJQ) for bsp_InitJQ
    main.o(i.main) refers to dhcp.o(i.DHCP_run) for DHCP_run
    main.o(i.main) refers to mqtt.o(i.my_ip_assign) for my_ip_assign
    main.o(i.main) refers to printfa.o(i.__0printf) for __2printf
    main.o(i.main) refers to bsp_timer.o(i.bsp_DelayMS) for bsp_DelayMS
    main.o(i.main) refers to mqtt.o(i.do_tcp_client) for do_tcp_client
    main.o(i.main) refers to w5500.o(i.WIZCHIP_READ) for WIZCHIP_READ
    main.o(i.main) refers to w5500.o(i.WIZCHIP_WRITE) for WIZCHIP_WRITE
    main.o(i.main) refers to mqtt.o(i.MQTT_Buff_Init) for MQTT_Buff_Init
    main.o(i.main) refers to mqtt.o(i.MQTT_ConectPack) for MQTT_ConectPack
    main.o(i.main) refers to mqtt.o(i.readCONNACK) for readCONNACK
    main.o(i.main) refers to mqtt.o(i.MQTT_Subscribe) for MQTT_Subscribe
    main.o(i.main) refers to socket.o(i.recv) for recv
    main.o(i.main) refers to memcpya.o(.text) for __aeabi_memcpy
    main.o(i.main) refers to timer.o(i.TIM3_Init) for TIM3_Init
    main.o(i.main) refers to mqtt.o(i.MQTT_DealPushdata_Qs0) for MQTT_DealPushdata_Qs0
    main.o(i.main) refers to strstr.o(.text) for strstr
    main.o(i.main) refers to bsp_led.o(i.bsp_LedOn) for bsp_LedOn
    main.o(i.main) refers to bsp_led.o(i.bsp_LedOff) for bsp_LedOff
    main.o(i.main) refers to mqtt.o(i.LED_PubState) for LED_PubState
    main.o(i.main) refers to bsp_timer.o(i.bsp_CheckTimer) for bsp_CheckTimer
    main.o(i.main) refers to main.o(i.__NVIC_SystemReset) for __NVIC_SystemReset
    main.o(i.main) refers to mqtt.o(.data) for Connect_flag
    main.o(i.main) refers to mqtt.o(.data) for MQTT_RxDataInPtr
    main.o(i.main) refers to main.o(.data) for .data
    main.o(i.main) refers to mqtt.o(.bss) for gDATABUF
    main.o(i.main) refers to mqtt.o(.data) for ping_open
    main.o(i.main) refers to timer.o(.bss) for TIM3_Handler
    main.o(i.main) refers to mqtt.o(.data) for count
    main.o(i.main) refers to mqtt.o(.data) for SubcribePack_flag
    main.o(i.main) refers to mqtt.o(.data) for my_dhcp_retry
    gpio.o(i.MX_GPIO_Init) refers to memseta.o(.text) for __aeabi_memclr4
    gpio.o(i.MX_GPIO_Init) refers to stm32f4xx_hal_gpio.o(i.HAL_GPIO_WritePin) for HAL_GPIO_WritePin
    gpio.o(i.MX_GPIO_Init) refers to stm32f4xx_hal_gpio.o(i.HAL_GPIO_Init) for HAL_GPIO_Init
    spi.o(i.HAL_SPI_MspDeInit) refers to stm32f4xx_hal_gpio.o(i.HAL_GPIO_DeInit) for HAL_GPIO_DeInit
    spi.o(i.HAL_SPI_MspInit) refers to memseta.o(.text) for __aeabi_memclr4
    spi.o(i.HAL_SPI_MspInit) refers to stm32f4xx_hal_gpio.o(i.HAL_GPIO_Init) for HAL_GPIO_Init
    spi.o(i.IINCHIP_SpiSendData) refers to spi.o(i.SPI_SendByte) for SPI_SendByte
    spi.o(i.MX_SPI1_Init) refers to stm32f4xx_hal_spi.o(i.HAL_SPI_Init) for HAL_SPI_Init
    spi.o(i.MX_SPI1_Init) refers to bsp.o(i.Error_Handler) for Error_Handler
    spi.o(i.MX_SPI1_Init) refers to spi.o(.bss) for .bss
[...]
    i.HAL_NVIC_SetPriorityGrouping           0x08001264   Section        0  stm32f4xx_hal_cortex.o(i.HAL_NVIC_SetPriorityGrouping)
    i.HAL_RCC_ClockConfig                    0x08001288   Section        0  stm32f4xx_hal_rcc.o(i.HAL_RCC_ClockConfig)
    i.HAL_RCC_GetPCLK1Freq                   0x080013bc   Section        0  stm32f4xx_hal_rcc.o(i.HAL_RCC_GetPCLK1Freq)
    i.HAL_RCC_GetPCLK2Freq                   0x080013dc   Section        0  stm32f4xx_hal_rcc.o(i.HAL_RCC_GetPCLK2Freq)
    i.HAL_RCC_GetSysClockFreq                0x080013fc   Section        0  stm32f4xx_hal_rcc.o(i.HAL_RCC_GetSysClockFreq)
    i.HAL_RCC_OscConfig                      0x0800145c   Section        0  stm32f4xx_hal_rcc.o(i.HAL_RCC_OscConfig)
    i.HAL_SYSTICK_Config                     0x080017c8   Section        0  stm32f4xx_hal_cortex.o(i.HAL_SYSTICK_Config)
    i.HAL_TIMEx_BreakCallback                0x080017f0   Section        0  stm32f4xx_hal_tim_ex.o(i.HAL_TIMEx_BreakCallback)
    i.HAL_TIMEx_CommutCallback               0x080017f2   Section        0  stm32f4xx_hal_tim_ex.o(i.HAL_TIMEx_CommutCallback)
    i.HAL_TIM_Base_Init                      0x080017f4   Section        0  stm32f4xx_hal_tim.o(i.HAL_TIM_Base_Init)
    i.HAL_TIM_Base_MspInit                   0x08001850   Section        0  timer.o(i.HAL_TIM_Base_MspInit)
    i.HAL_TIM_Base_Start_IT                  0x0800188c   Section        0  stm32f4xx_hal_tim.o(i.HAL_TIM_Base_Start_IT)
    i.HAL_TIM_IC_CaptureCallback             0x0800190c   Section        0  stm32f4xx_hal_tim.o(i.HAL_TIM_IC_CaptureCallback)
    i.HAL_TIM_IRQHandler                     0x0800190e   Section        0  stm32f4xx_hal_tim.o(i.HAL_TIM_IRQHandler)
    i.HAL_TIM_OC_DelayElapsedCallback        0x08001a3e   Section        0  stm32f4xx_hal_tim.o(i.HAL_TIM_OC_DelayElapsedCallback)
    i.HAL_TIM_PWM_PulseFinishedCallback      0x08001a40   Section        0  stm32f4xx_hal_tim.o(i.HAL_TIM_PWM_PulseFinishedCallback)
    i.HAL_TIM_PeriodElapsedCallback          0x08001a44   Section        0  timer.o(i.HAL_TIM_PeriodElapsedCallback)
    i.HAL_TIM_TriggerCallback                0x08001a54   Section        0  stm32f4xx_hal_tim.o(i.HAL_TIM_TriggerCallback)
    i.HAL_UART_Init                          0x08001a56   Section        0  stm32f4xx_hal_uart.o(i.HAL_UART_Init)
    i.HAL_UART_MspInit                       0x08001aba   Section        0  stm32f4xx_hal_uart.o(i.HAL_UART_MspInit)
    i.HardFault_Handler                      0x08001abc   Section        0  stm32f4xx_it.o(i.HardFault_Handler)
    i.InitHardUart                           0x08001ac0   Section        0  bsp_uart_fifo.o(i.InitHardUart)
    InitHardUart                             0x08001ac1   Thumb Code   452  bsp_uart_fifo.o(i.InitHardUart)
    i.LED_PubState                           0x08001c9c   Section        0  mqtt.o(i.LED_PubState)
    i.MQTT_Buff_Init                         0x08001cd0   Section        0  mqtt.o(i.MQTT_Buff_Init)
    i.MQTT_ConectPack                        0x08001cf8   Section        0  mqtt.o(i.MQTT_ConectPack)
    i.MQTT_DealPushdata_Qs0                  0x08001df8   Section        0  mqtt.o(i.MQTT_DealPushdata_Qs0)
    i.MQTT_PingREQ                           0x08001ec4   Section        0  mqtt.o(i.MQTT_PingREQ)
    i.MQTT_PublishQs0                        0x08001edc   Section        0  mqtt.o(i.MQTT_PublishQs0)
    i.MQTT_Subscribe                         0x08001f84   Section        0  mqtt.o(i.MQTT_Subscribe)
    i.MemManage_Handler                      0x08002000   Section        0  stm32f4xx_it.o(i.MemManage_Handler)
    i.NMI_Handler                            0x08002002   Section        0  stm32f4xx_it.o(i.NMI_Handler)
    i.PendSV_Handler                         0x08002004   Section        0  stm32f4xx_it.o(i.PendSV_Handler)
    i.RS485_ReciveNew                        0x08002006   Section        0  bsp_uart_fifo.o(i.RS485_ReciveNew)
    i.RS485_SendBefor                        0x08002008   Section        0  bsp_uart_fifo.o(i.RS485_SendBefor)
    i.RS485_SendOver                         0x08002014   Section        0  bsp_uart_fifo.o(i.RS485_SendOver)
    i.SVC_Handler                            0x08002024   Section        0  stm32f4xx_it.o(i.SVC_Handler)
    i.SysTick_Handler                        0x08002028   Section        0  bsp_timer.o(i.SysTick_Handler)
    i.SysTick_ISR                            0x08002044   Section        0  bsp_timer.o(i.SysTick_ISR)
    i.SystemClock_Config                     0x080020bc   Section        0  bsp.o(i.SystemClock_Config)
    SystemClock_Config                       0x080020bd   Thumb Code   138  bsp.o(i.SystemClock_Config)
    i.SystemInit                             0x08002150   Section        0  system_stm32f4xx.o(i.SystemInit)
    i.TIM3_IRQHandler                        0x08002160   Section        0  timer.o(i.TIM3_IRQHandler)
    i.TIM3_Init                              0x0800216c   Section        0  timer.o(i.TIM3_Init)
    i.TIM_Base_SetConfig                     0x0800219c   Section        0  stm32f4xx_hal_tim.o(i.TIM_Base_SetConfig)
    i.UART_SetConfig                         0x08002274   Section        0  stm32f4xx_hal_uart.o(i.UART_SetConfig)
    UART_SetConfig                           0x08002275   Thumb Code   258  stm32f4xx_hal_uart.o(i.UART_SetConfig)
    i.USART1_IRQHandler                      0x08002380   Section        0  bsp_uart_fifo.o(i.USART1_IRQHandler)
    i.USART2_IRQHandler                      0x0800238c   Section        0  bsp_uart_fifo.o(i.USART2_IRQHandler)
    i.USART3_IRQHandler                      0x08002398   Section        0  bsp_uart_fifo.o(i.USART3_IRQHandler)
    i.UartIRQ                                0x080023a4   Section        0  bsp_uart_fifo.o(i.UartIRQ)
    UartIRQ                                  0x080023a5   Thumb Code   208  bsp_uart_fifo.o(i.UartIRQ)
    i.UartSend                               0x08002474   Section        0  bsp_uart_fifo.o(i.UartSend)
    UartSend                                 0x08002475   Thumb Code   124  bsp_uart_fifo.o(i.UartSend)
    i.UartVarInit                            0x080024f0   Section        0  bsp_uart_fifo.o(i.UartVarInit)
    UartVarInit                              0x080024f1   Thumb Code   150  bsp_uart_fifo.o(i.UartVarInit)
    i.UsageFault_Handler                     0x080025a4   Section        0  stm32f4xx_it.o(i.UsageFault_Handler)
    i.WIZCHIP_READ                           0x080025a8   Section        0  w5500.o(i.WIZCHIP_READ)
    i.WIZCHIP_READ_BUF                       0x080025e4   Section        0  w5500.o(i.WIZCHIP_READ_BUF)
    i.WIZCHIP_WRITE                          0x08002634   Section        0  w5500.o(i.WIZCHIP_WRITE)
    i.WIZCHIP_WRITE_BUF                      0x08002674   Section        0  w5500.o(i.WIZCHIP_WRITE_BUF)
    i.__0printf                              0x080026c8   Section        0  printfa.o(i.__0printf)
    i.__0sprintf                             0x080026e8   Section        0  printfa.o(i.__0sprintf)
    i.__0vsnprintf                           0x08002710   Section        0  printfa.o(i.__0vsnprintf)
    i.__NVIC_SetPriority                     0x08002744   Section        0  stm32f4xx_hal_cortex.o(i.__NVIC_SetPriority)
    __NVIC_SetPriority                       0x08002745   Thumb Code    32  stm32f4xx_hal_cortex.o(i.__NVIC_SetPriority)
    i.__NVIC_SystemReset                     0x08002764   Section        0  main.o(i.__NVIC_SystemReset)
    __NVIC_SystemReset                       0x08002765   Thumb Code    26  main.o(i.__NVIC_SystemReset)
    i.__NVIC_SystemReset                     0x08002788   Section        0  4g.o(i.__NVIC_SystemReset)
    __NVIC_SystemReset                       0x08002789   Thumb Code    26  4g.o(i.__NVIC_SystemReset)
    i.__scatterload_copy                     0x080027ac   Section       14  handlers.o(i.__scatterload_copy)
    i.__scatterload_null                     0x080027ba   Section        2  handlers.o(i.__scatterload_null)
    i.__scatterload_zeroinit                 0x080027bc   Section       14  handlers.o(i.__scatterload_zeroinit)
    i._fp_digits                             0x080027cc   Section        0  printfa.o(i._fp_digits)
    _fp_digits                               0x080027cd   Thumb Code   366  printfa.o(i._fp_digits)
    i._printf_core                           0x08002950   Section        0  printfa.o(i._printf_core)
    _printf_core                             0x08002951   Thumb Code  1704  printfa.o(i._printf_core)
    i._printf_post_padding                   0x08003004   Section        0  printfa.o(i._printf_post_padding)
    _printf_post_padding                     0x08003005   Thumb Code    36  printfa.o(i._printf_post_padding)
    i._printf_pre_padding                    0x08003028   Section        0  printfa.o(i._printf_pre_padding)
    _printf_pre_padding                      0x08003029   Thumb Code    46  printfa.o(i._printf_pre_padding)
    i._snputc                                0x08003056   Section        0  printfa.o(i._snputc)
    _snputc                                  0x08003057   Thumb Code    22  printfa.o(i._snputc)
    i._sputc                                 0x0800306c   Section        0  printfa.o(i._sputc)
    _sputc                                   0x0800306d   Thumb Code    10  printfa.o(i._sputc)
    i.bsp_CheckTimer                         0x08003078   Section        0  bsp_timer.o(i.bsp_CheckTimer)
    i.bsp_DelayMS                            0x0800309c   Section        0  bsp_timer.o(i.bsp_DelayMS)
    i.bsp_Idle                               0x080030cc   Section        0  bsp.o(i.bsp_Idle)
    i.bsp_Init                               0x080030ce   Section        0  bsp.o(i.bsp_Init)
    i.bsp_InitJQ                             0x080030e8   Section        0  jq8900.o(i.bsp_InitJQ)
    i.bsp_InitLed                            0x08003138   Section        0  bsp_led.o(i.bsp_InitLed)
    i.bsp_InitTimer                          0x08003178   Section        0  bsp_timer.o(i.bsp_InitTimer)
    i.bsp_InitUart                           0x080031dc   Section        0  bsp_uart_fifo.o(i.bsp_InitUart)
    i.bsp_LedOff                             0x080031ec   Section        0  bsp_led.o(i.bsp_LedOff)
    i.bsp_LedOn                              0x080031fc   Section        0  bsp_led.o(i.bsp_LedOn)
    i.bsp_RunPer10ms                         0x0800320c   Section        0  bsp.o(i.bsp_RunPer10ms)
    i.bsp_RunPer1ms                          0x080032c8   Section        0  bsp.o(i.bsp_RunPer1ms)
    i.bsp_SetUartParam                       0x080032cc   Section        0  bsp_uart_fifo.o(i.bsp_SetUartParam)
    i.bsp_StartAutoTimer                     0x08003318   Section        0  bsp_timer.o(i.bsp_StartAutoTimer)
    i.check_DHCP_leasedIP                    0x08003390   Section        0  dhcp.o(i.check_DHCP_leasedIP)
    i.check_DHCP_timeout                     0x080033f8   Section        0  dhcp.o(i.check_DHCP_timeout)
    i.close                                  0x08003468   Section        0  socket.o(i.close)
    i.comGetChar                             0x080034d8   Section        0  bsp_uart_fifo.o(i.comGetChar)
    i.comSendBuf                             0x08003526   Section        0  bsp_uart_fifo.o(i.comSendBuf)
    i.comSendChar                            0x0800354a   Section        0  bsp_uart_fifo.o(i.comSendChar)
    i.connect                                0x08003558   Section        0  socket.o(i.connect)
    i.ctlnetwork                             0x08003654   Section        0  wizchip_conf.o(i.ctlnetwork)
    i.ctlwizchip                             0x080036a0   Section        0  wizchip_conf.o(i.ctlwizchip)
    i.default_ip_assign                      0x08003788   Section        0  dhcp.o(i.default_ip_assign)
    i.default_ip_conflict                    0x080037b8   Section        0  dhcp.o(i.default_ip_conflict)
    i.default_ip_update                      0x080037dc   Section        0  dhcp.o(i.default_ip_update)
    i.do_tcp_client                          0x08003804   Section        0  mqtt.o(i.do_tcp_client)
    i.fputc                                  0x08003988   Section        0  bsp_uart_fifo.o(i.fputc)
    i.getDHCPLeasetime                       0x08003998   Section        0  dhcp.o(i.getDHCPLeasetime)
    i.getDNSfromDHCP                         0x080039a4   Section        0  dhcp.o(i.getDNSfromDHCP)
    i.getGWfromDHCP                          0x080039bc   Section        0  dhcp.o(i.getGWfromDHCP)
    i.getIPfromDHCP                          0x080039d4   Section        0  dhcp.o(i.getIPfromDHCP)
    i.getSNfromDHCP                          0x080039ec   Section        0  dhcp.o(i.getSNfromDHCP)
    i.getSn_RX_RSR                           0x08003a04   Section        0  w5500.o(i.getSn_RX_RSR)
    i.getSn_TX_FSR                           0x08003a50   Section        0  w5500.o(i.getSn_TX_FSR)
    i.main                                   0x08003a9c   Section        0  main.o(i.main)
    i.makeDHCPMSG                            0x08003ef0   Section        0  dhcp.o(i.makeDHCPMSG)
    i.my_ip_assign                           0x08003fc0   Section        0  mqtt.o(i.my_ip_assign)
    i.network_init                           0x08004014   Section        0  mqtt.o(i.network_init)
    i.parseDHCPMSG                           0x080041d4   Section        0  dhcp.o(i.parseDHCPMSG)
    i.readCONNACK                            0x080042f0   Section        0  mqtt.o(i.readCONNACK)
    i.recv                                   0x08004344   Section        0  socket.o(i.recv)
    i.recvfrom                               0x08004388   Section        0  socket.o(i.recvfrom)
    i.reset_DHCP_timeout                     0x0800454c   Section        0  dhcp.o(i.reset_DHCP_timeout)
    i.send                                   0x08004560   Section        0  socket.o(i.send)
    i.send_DHCP_DECLINE                      0x0800467c   Section        0  dhcp.o(i.send_DHCP_DECLINE)
    i.send_DHCP_DISCOVER                     0x0800477c   Section        0  dhcp.o(i.send_DHCP_DISCOVER)
    i.send_DHCP_REQUEST                      0x080048ec   Section        0  dhcp.o(i.send_DHCP_REQUEST)
    i.sendto                                 0x08004b24   Section        0  socket.o(i.sendto)
    i.socket                                 0x08004c68   Section        0  socket.o(i.socket)
    i.u2_printf                              0x08004d6c   Section        0  bsp_uart_fifo.o(i.u2_printf)
    i.wiz_recv_data                          0x08004d92   Section        0  w5500.o(i.wiz_recv_data)
    i.wiz_recv_ignore                        0x08004df2   Section        0  w5500.o(i.wiz_recv_ignore)
    i.wiz_send_data                          0x08004e34   Section        0  w5500.o(i.wiz_send_data)
    i.wizchip_bus_readbyte                   0x08004e94   Section        0  wizchip_conf.o(i.wizchip_bus_readbyte)
    i.wizchip_bus_writebyte                  0x08004e98   Section        0  wizchip_conf.o(i.wizchip_bus_writebyte)
    i.wizchip_clrinterrupt                   0x08004e9c   Section        0  wizchip_conf.o(i.wizchip_clrinterrupt)
    i.wizchip_cris_enter                     0x08004eba   Section        0  wizchip_conf.o(i.wizchip_cris_enter)
    i.wizchip_cris_exit                      0x08004ebc   Section        0  wizchip_conf.o(i.wizchip_cris_exit)
    i.wizchip_cs_deselect                    0x08004ebe   Section        0  wizchip_conf.o(i.wizchip_cs_deselect)
    i.wizchip_cs_select                      0x08004ec0   Section        0  wizchip_conf.o(i.wizchip_cs_select)
    i.wizchip_getinterrupt                   0x08004ec2   Section        0  wizchip_conf.o(i.wizchip_getinterrupt)
    i.wizchip_getinterruptmask               0x08004ee0   Section        0  wizchip_conf.o(i.wizchip_getinterruptmask)
    i.wizchip_getnetinfo                     0x08004efc   Section        0  wizchip_conf.o(i.wizchip_getnetinfo)
    i.wizchip_getnetmode                     0x08004f54   Section        0  wizchip_conf.o(i.wizchip_getnetmode)
    i.wizchip_gettimeout                     0x08004f5a   Section        0  wizchip_conf.o(i.wizchip_gettimeout)
    i.wizchip_init                           0x08004f82   Section        0  wizchip_conf.o(i.wizchip_init)
    i.wizchip_setinterruptmask               0x08004ffc   Section        0  wizchip_conf.o(i.wizchip_setinterruptmask)
    i.wizchip_setnetinfo                     0x08005018   Section        0  wizchip_conf.o(i.wizchip_setnetinfo)
    i.wizchip_setnetmode                     0x08005070   Section        0  wizchip_conf.o(i.wizchip_setnetmode)
    i.wizchip_settimeout                     0x08005094   Section        0  wizchip_conf.o(i.wizchip_settimeout)
    i.wizchip_sw_reset                       0x080050bc   Section        0  wizchip_conf.o(i.wizchip_sw_reset)
    i.wizphy_getphyconf                      0x08005130   Section        0  wizchip_conf.o(i.wizphy_getphyconf)
    i.wizphy_getphylink                      0x0800517e   Section        0  wizchip_conf.o(i.wizphy_getphylink)
    i.wizphy_getphypmode                     0x08005190   Section        0  wizchip_conf.o(i.wizphy_getphypmode)
    i.wizphy_reset                           0x080051a8   Section        0  wizchip_conf.o(i.wizphy_reset)
    i.wizphy_setphyconf                      0x080051d2   Section        0  wizchip_conf.o(i.wizphy_setphyconf)
    i.wizphy_setphypmode                     0x0800521c   Section        0  wizchip_conf.o(i.wizphy_setphypmode)
    .constdata                               0x0800526c   Section       16  system_stm32f4xx.o(.constdata)
    .constdata                               0x0800527c   Section        8  system_stm32f4xx.o(.constdata)
    .constdata                               0x08005284   Section       48  bsp_timer.o(.constdata)
    __FUNCTION__                             0x08005284   Data          15  bsp_timer.o(.constdata)
    __FUNCTION__                             0x08005293   Data          19  bsp_timer.o(.constdata)
    __FUNCTION__                             0x080052a6   Data          14  bsp_timer.o(.constdata)
    .conststring                             0x080052b4   Section       68  mqtt.o(.conststring)
    .data                                    0x20000000   Section        1  main.o(.data)
    .data                                    0x20000004   Section       12  stm32f4xx_hal.o(.data)
    .data                                    0x20000010   Section        4  system_stm32f4xx.o(.data)
    .data                                    0x20000014   Section       74  dhcp.o(.data)
    .data                                    0x2000005e   Section       14  socket.o(.data)
    sock_any_port                            0x2000005e   Data           2  socket.o(.data)
    sock_io_mode                             0x20000060   Data           2  socket.o(.data)
    sock_is_sending                          0x20000062   Data           2  socket.o(.data)
    sock_pack_info                           0x20000064   Data           8  socket.o(.data)
    .data                                    0x2000006c   Section       40  wizchip_conf.o(.data)
    _DHCP_                                   0x2000006c   Data           1  wizchip_conf.o(.data)
    _DNS_                                    0x2000006d   Data           4  wizchip_conf.o(.data)
    .data                                    0x20000094   Section       91  mqtt.o(.data)
    .data                                    0x200000ef   Section        1  mqtt.o(.data)
    .data                                    0x200000f0   Section        1  mqtt.o(.data)
    .data                                    0x200000f1   Section        1  mqtt.o(.data)
    .data                                    0x200000f2   Section        1  mqtt.o(.data)
    .data                                    0x200000f3   Section        1  mqtt.o(.data)
    .data                                    0x200000f4   Section       12  bsp_timer.o(.data)
    s_ucTimeOutFlag                          0x200000f4   Data           1  bsp_timer.o(.data)
    g_ucEnableSystickISR                     0x200000f5   Data           1  bsp_timer.o(.data)
    s_count                                  0x200000f6   Data           1  bsp_timer.o(.data)
    s_uiDelayCount                           0x200000f8   Data           4  bsp_timer.o(.data)
    .data                                    0x20000100   Section        1  4g.o(.data)
    .data                                    0x20000104   Section        4  stdout.o(.data)
    .bss                                     0x20000108   Section       16  socket.o(.bss)
    sock_remained_size                       0x20000108   Data          16  socket.o(.bss)
    .bss                                     0x20000118   Section     7532  mqtt.o(.bss)
    .bss                                     0x20001e84   Section       48  bsp_timer.o(.bss)
    s_tTmr                                   0x20001e84   Data          48  bsp_timer.o(.bss)
    .bss                                     0x20001eb4   Section     6276  bsp_uart_fifo.o(.bss)
    g_tUart1                                 0x20001eb4   Data          44  bsp_uart_fifo.o(.bss)
    g_TxBuf1                                 0x20001ee0   Data        1024  bsp_uart_fifo.o(.bss)
    g_RxBuf1                                 0x200022e0   Data        1024  bsp_uart_fifo.o(.bss)
    g_tUart2                                 0x200026e0   Data          44  bsp_uart_fifo.o(.bss)
    g_TxBuf2                                 0x2000270c   Data        1024  bsp_uart_fifo.o(.bss)
    g_RxBuf2                                 0x20002b0c   Data        1024  bsp_uart_fifo.o(.bss)
    g_tUart3                                 0x20002f0c   Data          44  bsp_uart_fifo.o(.bss)
    g_TxBuf3                                 0x20002f38   Data        1024  bsp_uart_fifo.o(.bss)
    g_RxBuf3                                 0x20003338   Data        1024  bsp_uart_fifo.o(.bss)
    .bss                                     0x20003738   Section       72  timer.o(.bss)
    STACK                                    0x20003780   Section     1024  startup_stm32f407xx.o(STACK)

    Global Symbols

    Symbol Name                              Value     Ov Type        Size  Object(Section)

    BuildAttributes$$THM_ISAv4$E$P$D$K$B$S$7EM$VFPi3$EXTD16$VFPS$VFMA$PE$A:L22UL41UL21$X:L11$S22US41US21$IEEE1$IW$USESV6$~STKCKD$USESV7$~SHL$OSPACE$ROPI$EBA8$MICROLIB$REQ8$PRES8$EABIv2 0x00000000   Number         0  anon$$obj.o ABSOLUTE
    __ARM_use_no_argv                        0x00000000   Number         0  main.o ABSOLUTE
    _printf_a                                0x00000000   Number         0  stubs.o ABSOLUTE
    _printf_c                                0x00000000   Number         0  stubs.o ABSOLUTE
    _printf_charcount                        0x00000000   Number         0  stubs.o ABSOLUTE
    _printf_d                                0x00000000   Number         0  stubs.o ABSOLUTE
    _printf_e                                0x00000000   Number         0  stubs.o ABSOLUTE
    _printf_f                                0x00000000   Number         0  stubs.o ABSOLUTE
    _printf_flags                            0x00000000   Number         0  stubs.o ABSOLUTE
    _printf_fp_dec                           0x00000000   Number         0  stubs.o ABSOLUTE
    _printf_fp_hex                           0x00000000   Number         0  stubs.o ABSOLUTE
    _printf_g                                0x00000000   Number         0  stubs.o ABSOLUTE
    _printf_i                                0x00000000   Number         0  stubs.o ABSOLUTE
    _printf_int_dec                          0x00000000   Number         0  stubs.o ABSOLUTE
    _printf_l                                0x00000000   Number         0  stubs.o ABSOLUTE
    _printf_lc                               0x00000000   Number         0  stubs.o ABSOLUTE
    _printf_ll                               0x00000000   Number         0  stubs.o ABSOLUTE
    _printf_lld                              0x00000000   Number         0  stubs.o ABSOLUTE
    _printf_lli                              0x00000000   Number         0  stubs.o ABSOLUTE
    _printf_llo                              0x00000000   Number         0  stubs.o ABSOLUTE
    _printf_llu                              0x00000000   Number         0  stubs.o ABSOLUTE
    _printf_llx                              0x00000000   Number         0  stubs.o ABSOLUTE
    _printf_longlong_dec                     0x00000000   Number         0  stubs.o ABSOLUTE
    _printf_longlong_hex                     0x00000000   Number         0  stubs.o ABSOLUTE
    _printf_longlong_oct                     0x00000000   Number         0  stubs.o ABSOLUTE
    _printf_ls                               0x00000000   Number         0  stubs.o ABSOLUTE
    _printf_mbtowc                           0x00000000   Number         0  stubs.o ABSOLUTE
    _printf_n                                0x00000000   Number         0  stubs.o ABSOLUTE
    _printf_o                                0x00000000   Number         0  stubs.o ABSOLUTE
    _printf_p                                0x00000000   Number         0  stubs.o ABSOLUTE
    _printf_percent                          0x00000000   Number         0  stubs.o ABSOLUTE
    _printf_pre_padding                      0x00000000   Number         0  stubs.o ABSOLUTE
    _printf_return_value                     0x00000000   Number         0  stubs.o ABSOLUTE
    _printf_s                                0x00000000   Number         0  stubs.o ABSOLUTE
    _printf_sizespec                         0x00000000   Number         0  stubs.o ABSOLUTE
    _printf_str                              0x00000000   Number         0  stubs.o ABSOLUTE
    _printf_truncate_signed                  0x00000000   Number         0  stubs.o ABSOLUTE
    _printf_truncate_unsigned                0x00000000   Number         0  stubs.o ABSOLUTE
    _printf_u                                0x00000000   Number         0  stubs.o ABSOLUTE
    _printf_wc                               0x00000000   Number         0  stubs.o ABSOLUTE
    _printf_wctomb                           0x00000000   Number         0  stubs.o ABSOLUTE
    _printf_widthprec                        0x00000000   Number         0  stubs.o ABSOLUTE
    _printf_x                                0x00000000   Number         0  stubs.o ABSOLUTE
    __arm_fini_                               - Undefined Weak Reference
    __cpp_initialize__aeabi_                  - Undefined Weak Reference
    __cxa_finalize                            - Undefined Weak Reference
    __decompress                              - Undefined Weak Reference
    _clock_init                               - Undefined Weak Reference
    _microlib_exit                            - Undefined Weak Reference
    __Vectors_Size                           0x00000188   Number         0  startup_stm32f407xx.o ABSOLUTE
    __Vectors                                0x08000000   Data           4  startup_stm32f407xx.o(RESET)
    __Vectors_End                            0x08000188   Data           0  startup_stm32f407xx.o(RESET)
    __main                                   0x08000189   Thumb Code     0  entry.o(.ARM.Collect$$$$00000000)
    _main_stk                                0x08000189   Thumb Code     0  entry2.o(.ARM.Collect$$$$00000001)
    _main_scatterload                        0x0800018d   Thumb Code     0  entry5.o(.ARM.Collect$$$$00000004)
    __main_after_scatterload                 0x08000191   Thumb Code     0  entry5.o(.ARM.Collect$$$$00000004)
    _main_clock                              0x08000191   Thumb Code     0  entry7b.o(.ARM.Collect$$$$00000008)
    _main_cpp_init                           0x08000191   Thumb Code     0  entry8b.o(.ARM.Collect$$$$0000000A)
    _main_init                               0x08000191   Thumb Code     0  entry9a.o(.ARM.Collect$$$$0000000B)
    __rt_lib_shutdown_fini                   0x08000199   Thumb Code     0  entry12b.o(.ARM.Collect$$$$0000000E)
    __rt_final_cpp                           0x0800019d   Thumb Code     0  entry10a.o(.ARM.Collect$$$$0000000F)
    __rt_final_exit                          0x0800019d   Thumb Code     0  entry11a.o(.ARM.Collect$$$$00000011)
    Reset_Handler                            0x080001a1   Thumb Code     8  startup_stm32f407xx.o(.text)
    ADC_IRQHandler                           0x080001bb   Thumb Code     0  startup_stm32f407xx.o(.text)
    CAN1_RX0_IRQHandler                      0x080001bb   Thumb Code     0  startup_stm32f407xx.o(.text)
    CAN1_RX1_IRQHandler                      0x080001bb   Thumb Code     0  startup_stm32f407xx.o(.text)
    CAN1_SCE_IRQHandler                      0x080001bb   Thumb Code     0  startup_stm32f407xx.o(.text)
    CAN1_TX_IRQHandler                       0x080001bb   Thumb Code     0  startup_stm32f407xx.o(.text)
    CAN2_RX0_IRQHandler                      0x080001bb   Thumb Code     0  startup_stm32f407xx.o(.text)
    CAN2_RX1_IRQHandler                      0x080001bb   Thumb Code     0  startup_stm32f407xx.o(.text)
    CAN2_SCE_IRQHandler                      0x080001bb   Thumb Code     0  startup_stm32f407xx.o(.text)
    CAN2_TX_IRQHandler                       0x080001bb   Thumb Code     0  startup_stm32f407xx.o(.text)
    DCMI_IRQHandler                          0x080001bb   Thumb Code     0  startup_stm32f407xx.o(.text)
    DMA1_Stream0_IRQHandler                  0x080001bb   Thumb Code     0  startup_stm32f407xx.o(.text)
    DMA1_Stream1_IRQHandler                  0x080001bb   Thumb Code     0  startup_stm32f407xx.o(.text)
    DMA1_Stream2_IRQHandler                  0x080001bb   Thumb Code     0  startup_stm32f407xx.o(.text)
    DMA1_Stream3_IRQHandler                  0x080001bb   Thumb Code     0  startup_stm32f407xx.o(.text)
    DMA1_Stream4_IRQHandler                  0x080001bb   Thumb Code     0  startup_stm32f407xx.o(.text)
    DMA1_Stream5_IRQHandler                  0x080001bb   Thumb Code     0  startup_stm32f407xx.o(.text)
    DMA1_Stream6_IRQHandler                  0x080001bb   Thumb Code     0  startup_stm32f407xx.o(.text)
    DMA1_Stream7_IRQHandler                  0x080001bb   Thumb Code     0  startup_stm32f407xx.o(.text)
    DMA2_Stream0_IRQHandler                  0x080001bb   Thumb Code     0  startup_stm32f407xx.o(.text)
    DMA2_Stream1_IRQHandler                  0x080001bb   Thumb Code     0  startup_stm32f407xx.o(.text)
    DMA2_Stream2_IRQHandler                  0x080001bb   Thumb Code     0  startup_stm32f407xx.o(.text)
    DMA2_Stream3_IRQHandler                  0x080001bb   Thumb Code     0  startup_stm32f407xx.o(.text)
    DMA2_Stream4_IRQHandler                  0x080001bb   Thumb Code     0  startup_stm32f407xx.o(.text)
    DMA2_Stream5_IRQHandler                  0x080001bb   Thumb Code     0  startup_stm32f407xx.o(.text)
    DMA2_Stream6_IRQHandler                  0x080001bb   Thumb Code     0  startup_stm32f407xx.o(.text)
    DMA2_Stream7_IRQHandler                  0x080001bb   Thumb Code     0  startup_stm32f407xx.o(.text)
    ETH_IRQHandler                           0x080001bb   Thumb Code     0  startup_stm32f407xx.o(.text)
    ETH_WKUP_IRQHandler                      0x080001bb   Thumb Code     0  startup_stm32f407xx.o(.text)
    EXTI0_IRQHandler                         0x080001bb   Thumb Code     0  startup_stm32f407xx.o(.text)
    EXTI15_10_IRQHandler                     0x080001bb   Thumb Code     0  startup_stm32f407xx.o(.text)
    EXTI1_IRQHandler                         0x080001bb   Thumb Code     0  startup_stm32f407xx.o(.text)
    EXTI2_IRQHandler                         0x080001bb   Thumb Code     0  startup_stm32f407xx.o(.text)
    EXTI3_IRQHandler                         0x080001bb   Thumb Code     0  startup_stm32f407xx.o(.text)
    EXTI4_IRQHandler                         0x080001bb   Thumb Code     0  startup_stm32f407xx.o(.text)
    EXTI9_5_IRQHandler                       0x080001bb   Thumb Code     0  startup_stm32f407xx.o(.text)
    FLASH_IRQHandler                         0x080001bb   Thumb Code     0  startup_stm32f407xx.o(.text)
    FMC_IRQHandler                           0x080001bb   Thumb Code     0  startup_stm32f407xx.o(.text)
    FPU_IRQHandler                           0x080001bb   Thumb Code     0  startup_stm32f407xx.o(.text)
    HASH_RNG_IRQHandler                      0x080001bb   Thumb Code     0  startup_stm32f407xx.o(.text)
    I2C1_ER_IRQHandler                       0x080001bb   Thumb Code     0  startup_stm32f407xx.o(.text)
    I2C1_EV_IRQHandler                       0x080001bb   Thumb Code     0  startup_stm32f407xx.o(.text)
    I2C2_ER_IRQHandler                       0x080001bb   Thumb Code     0  startup_stm32f407xx.o(.text)
    I2C2_EV_IRQHandler                       0x080001bb   Thumb Code     0  startup_stm32f407xx.o(.text)
    I2C3_ER_IRQHandler                       0x080001bb   Thumb Code     0  startup_stm32f407xx.o(.text)
    I2C3_EV_IRQHandler                       0x080001bb   Thumb Code     0  startup_stm32f407xx.o(.text)
    OTG_FS_IRQHandler                        0x080001bb   Thumb Code     0  startup_stm32f407xx.o(.text)
    OTG_FS_WKUP_IRQHandler                   0x080001bb   Thumb Code     0  startup_stm32f407xx.o(.text)
    OTG_HS_EP1_IN_IRQHandler                 0x080001bb   Thumb Code     0  startup_stm32f407xx.o(.text)
    OTG_HS_EP1_OUT_IRQHandler                0x080001bb   Thumb Code     0  startup_stm32f407xx.o(.text)
    OTG_HS_IRQHandler                        0x080001bb   Thumb Code     0  startup_stm32f407xx.o(.text)
    OTG_HS_WKUP_IRQHandler                   0x080001bb   Thumb Code     0  startup_stm32f407xx.o(.text)
    PVD_IRQHandler                           0x080001bb   Thumb Code     0  startup_stm32f407xx.o(.text)
    RCC_IRQHandler                           0x080001bb   Thumb Code     0  startup_stm32f407xx.o(.text)
    RTC_Alarm_IRQHandler                     0x080001bb   Thumb Code     0  startup_stm32f407xx.o(.text)
    RTC_WKUP_IRQHandler                      0x080001bb   Thumb Code     0  startup_stm32f407xx.o(.text)
    SDIO_IRQHandler                          0x080001bb   Thumb Code     0  startup_stm32f407xx.o(.text)
    SPI1_IRQHandler                          0x080001bb   Thumb Code     0  startup_stm32f407xx.o(.text)
    SPI2_IRQHandler                          0x080001bb   Thumb Code     0  startup_stm32f407xx.o(.text)
    SPI3_IRQHandler                          0x080001bb   Thumb Code     0  startup_stm32f407xx.o(.text)
    TAMP_STAMP_IRQHandler                    0x080001bb   Thumb Code     0  startup_stm32f407xx.o(.text)
    TIM1_BRK_TIM9_IRQHandler                 0x080001bb   Thumb Code     0  startup_stm32f407xx.o(.text)
    TIM1_CC_IRQHandler                       0x080001bb   Thumb Code     0  startup_stm32f407xx.o(.text)
    TIM1_TRG_COM_TIM11_IRQHandler            0x080001bb   Thumb Code     0  startup_stm32f407xx.o(.text)
    TIM1_UP_TIM10_IRQHandler                 0x080001bb   Thumb Code     0  startup_stm32f407xx.o(.text)
    TIM2_IRQHandler                          0x080001bb   Thumb Code     0  startup_stm32f407xx.o(.text)
    TIM4_IRQHandler                          0x080001bb   Thumb Code     0  startup_stm32f407xx.o(.text)
    TIM5_IRQHandler                          0x080001bb   Thumb Code     0  startup_stm32f407xx.o(.text)
    TIM6_DAC_IRQHandler                      0x080001bb   Thumb Code     0  startup_stm32f407xx.o(.text)
    TIM7_IRQHandler                          0x080001bb   Thumb Code     0  startup_stm32f407xx.o(.text)
    TIM8_BRK_TIM12_IRQHandler                0x080001bb   Thumb Code     0  startup_stm32f407xx.o(.text)
    TIM8_CC_IRQHandler                       0x080001bb   Thumb Code     0  startup_stm32f407xx.o(.text)
    TIM8_TRG_COM_TIM14_IRQHandler            0x080001bb   Thumb Code     0  startup_stm32f407xx.o(.text)
    TIM8_UP_TIM13_IRQHandler                 0x080001bb   Thumb Code     0  startup_stm32f407xx.o(.text)
    UART4_IRQHandler                         0x080001bb   Thumb Code     0  startup_stm32f407xx.o(.text)
    UART5_IRQHandler                         0x080001bb   Thumb Code     0  startup_stm32f407xx.o(.text)
    USART6_IRQHandler                        0x080001bb   Thumb Code     0  startup_stm32f407xx.o(.text)
    WWDG_IRQHandler                          0x080001bb   Thumb Code     0  startup_stm32f407xx.o(.text)
    __aeabi_uldivmod                         0x080001c5   Thumb Code    98  uldiv.o(.text)
    __aeabi_memcpy                           0x08000227   Thumb Code    36  memcpya.o(.text)
    __aeabi_memcpy4                          0x08000227   Thumb Code     0  memcpya.o(.text)
    __aeabi_memcpy8                          0x08000227   Thumb Code     0  memcpya.o(.text)
    __aeabi_memset                           0x0800024b   Thumb Code    14  memseta.o(.text)
    __aeabi_memset4                          0x0800024b   Thumb Code     0  memseta.o(.text)
    __aeabi_memset8                          0x0800024b   Thumb Code     0  memseta.o(.text)
    __aeabi_memclr                           0x08000259   Thumb Code     4  memseta.o(.text)
    __aeabi_memclr4                          0x08000259   Thumb Code     0  memseta.o(.text)
    __aeabi_memclr8                          0x08000259   Thumb Code     0  memseta.o(.text)
    _memset$wrapper                          0x0800025d   Thumb Code    18  memseta.o(.text)
    strstr                                   0x0800026f   Thumb Code    36  strstr.o(.text)
    strncpy                                  0x08000293   Thumb Code    24  strncpy.o(.text)
    strlen                                   0x080002ab   Thumb Code    14  strlen.o(.text)
    __aeabi_uidiv                            0x080002b9   Thumb Code     0  uidiv.o(.text)
    __aeabi_uidivmod                         0x080002b9   Thumb Code    44  uidiv.o(.text)
    __aeabi_llsl                             0x080002e5   Thumb Code    30  llshl.o(.text)
    _ll_shift_l                              0x080002e5   Thumb Code     0  llshl.o(.text)
    __aeabi_llsr                             0x08000303   Thumb Code    32  llushr.o(.text)
    _ll_ushift_r                             0x08000303   Thumb Code     0  llushr.o(.text)
    __I$use$fp                               0x08000323   Thumb Code     0  iusefp.o(.text)
    __aeabi_dadd                             0x08000323   Thumb Code   322  dadd.o(.text)
    __aeabi_dsub                             0x08000465   Thumb Code     6  dadd.o(.text)
    __aeabi_drsub                            0x0800046b   Thumb Code     6  dadd.o(.text)
    __aeabi_dmul                             0x08000471   Thumb Code   228  dmul.o(.text)
    __aeabi_ddiv                             0x08000555   Thumb Code   222  ddiv.o(.text)
    __aeabi_d2ulz                            0x08000633   Thumb Code    48  dfixul.o(.text)
    __aeabi_cdrcmple                         0x08000665   Thumb Code    48  cdrcmple.o(.text)
    __scatterload                            0x08000695   Thumb Code    28  init.o(.text)
    __scatterload_rt2                        0x08000695   Thumb Code     0  init.o(.text)
    __aeabi_lasr                             0x080006b9   Thumb Code    36  llsshr.o(.text)
    _ll_sshift_r                             0x080006b9   Thumb Code     0  llsshr.o(.text)
    _double_round                            0x080006dd   Thumb Code    30  depilogue.o(.text)
    _double_epilogue                         0x080006fb   Thumb Code   156  depilogue.o(.text)
    BusFault_Handler                         0x08000797   Thumb Code     2  stm32f4xx_it.o(i.BusFault_Handler)
    CAT1_Close_Back                          0x08000799   Thumb Code    96  4g.o(i.CAT1_Close_Back)
    CAT1_SendCmd                             0x08000821   Thumb Code   106  4g.o(i.CAT1_SendCmd)
    CAT1_SendCmd1                            0x080008c1   Thumb Code   106  4g.o(i.CAT1_SendCmd1)
    CAT1_SendCmd2                            0x08000965   Thumb Code   106  4g.o(i.CAT1_SendCmd2)
    CAT1_SendNetOpen                         0x08000a09   Thumb Code   102  4g.o(i.CAT1_SendNetOpen)
    CAT_AT_Test                              0x08000aa9   Thumb Code    96  4g.o(i.CAT_AT_Test)
    CAT_Connect_IoTServer                    0x08000b31   Thumb Code   274  4g.o(i.CAT_Connect_IoTServer)
    CMDBuf_Deal                              0x08000d8d   Thumb Code    58  mqtt.o(i.CMDBuf_Deal)
    ComToUart                                0x08000dd1   Thumb Code    48  bsp_uart_fifo.o(i.ComToUart)
    DHCP_run                                 0x08000e29   Thumb Code   288  dhcp.o(i.DHCP_run)
    DebugMon_Handler                         0x08000f4d   Thumb Code     2  stm32f4xx_it.o(i.DebugMon_Handler)
    Error_Handler                            0x08000f4f   Thumb Code     8  bsp.o(i.Error_Handler)
    HAL_GPIO_Init                            0x08000f59   Thumb Code   450  stm32f4xx_hal_gpio.o(i.HAL_GPIO_Init)
    HAL_GetTick                              0x08001149   Thumb Code     6  stm32f4xx_hal.o(i.HAL_GetTick)
    HAL_IncTick                              0x08001155   Thumb Code    12  stm32f4xx_hal.o(i.HAL_IncTick)
    HAL_Init                                 0x08001165   Thumb Code    48  stm32f4xx_hal.o(i.HAL_Init)
    HAL_InitTick                             0x08001199   Thumb Code    54  stm32f4xx_hal.o(i.HAL_InitTick)
    HAL_MspInit                              0x080011d9   Thumb Code    42  stm32f4xx_hal_msp.o(i.HAL_MspInit)
    HAL_NVIC_EnableIRQ                       0x08001209   Thumb Code    26  stm32f4xx_hal_cortex.o(i.HAL_NVIC_EnableIRQ)
    HAL_NVIC_SetPriority                     0x08001225   Thumb Code    60  stm32f4xx_hal_cortex.o(i.HAL_NVIC_SetPriority)
    HAL_NVIC_SetPriorityGrouping             0x08001265   Thumb Code    26  stm32f4xx_hal_cortex.o(i.HAL_NVIC_SetPriorityGrouping)
    HAL_RCC_ClockConfig                      0x08001289   Thumb Code   288  stm32f4xx_hal_rcc.o(i.HAL_RCC_ClockConfig)
    HAL_RCC_GetPCLK1Freq                     0x080013bd   Thumb Code    20  stm32f4xx_hal_rcc.o(i.HAL_RCC_GetPCLK1Freq)
    HAL_RCC_GetPCLK2Freq                     0x080013dd   Thumb Code    20  stm32f4xx_hal_rcc.o(i.HAL_RCC_GetPCLK2Freq)
    HAL_RCC_GetSysClockFreq                  0x080013fd   Thumb Code    88  stm32f4xx_hal_rcc.o(i.HAL_RCC_GetSysClockFreq)
    HAL_RCC_OscConfig                        0x0800145d   Thumb Code   856  stm32f4xx_hal_rcc.o(i.HAL_RCC_OscConfig)
    HAL_SYSTICK_Config                       0x080017c9   Thumb Code    40  stm32f4xx_hal_cortex.o(i.HAL_SYSTICK_Config)
    HAL_TIMEx_BreakCallback                  0x080017f1   Thumb Code     2  stm32f4xx_hal_tim_ex.o(i.HAL_TIMEx_BreakCallback)
    HAL_TIMEx_CommutCallback                 0x080017f3   Thumb Code     2  stm32f4xx_hal_tim_ex.o(i.HAL_TIMEx_CommutCallback)
    HAL_TIM_Base_Init                        0x080017f5   Thumb Code    90  stm32f4xx_hal_tim.o(i.HAL_TIM_Base_Init)
    HAL_TIM_Base_MspInit                     0x08001851   Thumb Code    50  timer.o(i.HAL_TIM_Base_MspInit)
    HAL_TIM_Base_Start_IT                    0x0800188d   Thumb Code   100  stm32f4xx_hal_tim.o(i.HAL_TIM_Base_Start_IT)
    HAL_TIM_IC_CaptureCallback               0x0800190d   Thumb Code     2  stm32f4xx_hal_tim.o(i.HAL_TIM_IC_CaptureCallback)
    HAL_TIM_IRQHandler                       0x0800190f   Thumb Code   304  stm32f4xx_hal_tim.o(i.HAL_TIM_IRQHandler)
    HAL_TIM_OC_DelayElapsedCallback          0x08001a3f   Thumb Code     2  stm32f4xx_hal_tim.o(i.HAL_TIM_OC_DelayElapsedCallback)
    HAL_TIM_PWM_PulseFinishedCallback        0x08001a41   Thumb Code     2  stm32f4xx_hal_tim.o(i.HAL_TIM_PWM_PulseFinishedCallback)
    HAL_TIM_PeriodElapsedCallback            0x08001a45   Thumb Code    12  timer.o(i.HAL_TIM_PeriodElapsedCallback)
    HAL_TIM_TriggerCallback                  0x08001a55   Thumb Code     2  stm32f4xx_hal_tim.o(i.HAL_TIM_TriggerCallback)
    HAL_UART_Init                            0x08001a57   Thumb Code   100  stm32f4xx_hal_uart.o(i.HAL_UART_Init)
    HAL_UART_MspInit                         0x08001abb   Thumb Code     2  stm32f4xx_hal_uart.o(i.HAL_UART_MspInit)
    HardFault_Handler                        0x08001abd   Thumb Code     2  stm32f4xx_it.o(i.HardFault_Handler)
    LED_PubState                             0x08001c9d   Thumb Code    34  mqtt.o(i.LED_PubState)
    MQTT_Buff_Init                           0x08001cd1   Thumb Code    30  mqtt.o(i.MQTT_Buff_Init)
    MQTT_ConectPack                          0x08001cf9   Thumb Code   242  mqtt.o(i.MQTT_ConectPack)
    MQTT_DealPushdata_Qs0                    0x08001df9   Thumb Code   176  mqtt.o(i.MQTT_DealPushdata_Qs0)
    MQTT_PingREQ                             0x08001ec5   Thumb Code    20  mqtt.o(i.MQTT_PingREQ)
    MQTT_PublishQs0                          0x08001edd   Thumb Code   160  mqtt.o(i.MQTT_PublishQs0)
    MQTT_Subscribe                           0x08001f85   Thumb Code   116  mqtt.o(i.MQTT_Subscribe)
    MemManage_Handler                        0x08002001   Thumb Code     2  stm32f4xx_it.o(i.MemManage_Handler)
    NMI_Handler                              0x08002003   Thumb Code     2  stm32f4xx_it.o(i.NMI_Handler)
    PendSV_Handler                           0x08002005   Thumb Code     2  stm32f4xx_it.o(i.PendSV_Handler)
    RS485_ReciveNew                          0x08002007   Thumb Code     2  bsp_uart_fifo.o(i.RS485_ReciveNew)
    RS485_SendBefor                          0x08002009   Thumb Code     8  bsp_uart_fifo.o(i.RS485_SendBefor)
    RS485_SendOver                           0x08002015   Thumb Code    10  bsp_uart_fifo.o(i.RS485_SendOver)
    SVC_Handler                              0x08002025   Thumb Code     2  stm32f4xx_it.o(i.SVC_Handler)
    SysTick_Handler                          0x08002029   Thumb Code    24  bsp_timer.o(i.SysTick_Handler)
    SysTick_ISR                              0x08002045   Thumb Code   112  bsp_timer.o(i.SysTick_ISR)
    SystemInit                               0x08002151   Thumb Code    12  system_stm32f4xx.o(i.SystemInit)
    TIM3_IRQHandler                          0x08002161   Thumb Code     6  timer.o(i.TIM3_IRQHandler)
    TIM3_Init                                0x0800216d   Thumb Code    40  timer.o(i.TIM3_Init)
    TIM_Base_SetConfig                       0x0800219d   Thumb Code   170  stm32f4xx_hal_tim.o(i.TIM_Base_SetConfig)
    USART1_IRQHandler                        0x08002381   Thumb Code     6  bsp_uart_fifo.o(i.USART1_IRQHandler)
    USART2_IRQHandler                        0x0800238d   Thumb Code     6  bsp_uart_fifo.o(i.USART2_IRQHandler)
    USART3_IRQHandler                        0x08002399   Thumb Code     6  bsp_uart_fifo.o(i.USART3_IRQHandler)
    UsageFault_Handler                       0x080025a5   Thumb Code     2  stm32f4xx_it.o(i.UsageFault_Handler)
    WIZCHIP_READ                             0x080025a9   Thumb Code    54  w5500.o(i.WIZCHIP_READ)
    WIZCHIP_READ_BUF                         0x080025e5   Thumb Code    74  w5500.o(i.WIZCHIP_READ_BUF)
    WIZCHIP_WRITE                            0x08002635   Thumb Code    60  w5500.o(i.WIZCHIP_WRITE)
    WIZCHIP_WRITE_BUF                        0x08002675   Thumb Code    80  w5500.o(i.WIZCHIP_WRITE_BUF)
    __0printf                                0x080026c9   Thumb Code    22  printfa.o(i.__0printf)
    __1printf                                0x080026c9   Thumb Code     0  printfa.o(i.__0printf)
    __2printf                                0x080026c9   Thumb Code     0  printfa.o(i.__0printf)
    __c89printf                              0x080026c9   Thumb Code     0  printfa.o(i.__0printf)
    printf                                   0x080026c9   Thumb Code     0  printfa.o(i.__0printf)
    __0sprintf                               0x080026e9   Thumb Code    34  printfa.o(i.__0sprintf)
    __1sprintf                               0x080026e9   Thumb Code     0  printfa.o(i.__0sprintf)
    __2sprintf                               0x080026e9   Thumb Code     0  printfa.o(i.__0sprintf)
    __c89sprintf                             0x080026e9   Thumb Code     0  printfa.o(i.__0sprintf)
    sprintf                                  0x080026e9   Thumb Code     0  printfa.o(i.__0sprintf)
    __0vsnprintf                             0x08002711   Thumb Code    46  printfa.o(i.__0vsnprintf)
    __1vsnprintf                             0x08002711   Thumb Code     0  printfa.o(i.__0vsnprintf)
    __2vsnprintf                             0x08002711   Thumb Code     0  printfa.o(i.__0vsnprintf)
    __c89vsnprintf                           0x08002711   Thumb Code     0  printfa.o(i.__0vsnprintf)
    vsnprintf                                0x08002711   Thumb Code     0  printfa.o(i.__0vsnprintf)
    __scatterload_copy                       0x080027ad   Thumb Code    14  handlers.o(i.__scatterload_copy)
    __scatterload_null                       0x080027bb   Thumb Code     2  handlers.o(i.__scatterload_null)
    __scatterload_zeroinit                   0x080027bd   Thumb Code    14  handlers.o(i.__scatterload_zeroinit)
    bsp_CheckTimer                           0x08003079   Thumb Code    32  bsp_timer.o(i.bsp_CheckTimer)
    bsp_DelayMS                              0x0800309d   Thumb Code    44  bsp_timer.o(i.bsp_DelayMS)
    bsp_Idle                                 0x080030cd   Thumb Code     2  bsp.o(i.bsp_Idle)
    bsp_Init                                 0x080030cf   Thumb Code    26  bsp.o(i.bsp_Init)
    bsp_InitJQ                               0x080030e9   Thumb Code    70  jq8900.o(i.bsp_InitJQ)
    bsp_InitLed                              0x08003139   Thumb Code    56  bsp_led.o(i.bsp_InitLed)
    bsp_InitTimer                            0x08003179   Thumb Code    82  bsp_timer.o(i.bsp_InitTimer)
    bsp_InitUart                             0x080031dd   Thumb Code    14  bsp_uart_fifo.o(i.bsp_InitUart)
    bsp_LedOff                               0x080031ed   Thumb Code    12  bsp_led.o(i.bsp_LedOff)
    bsp_LedOn                                0x080031fd   Thumb Code    12  bsp_led.o(i.bsp_LedOn)
    bsp_RunPer10ms                           0x0800320d   Thumb Code   118  bsp.o(i.bsp_RunPer10ms)
    bsp_RunPer1ms                            0x080032c9   Thumb Code     2  bsp.o(i.bsp_RunPer1ms)
    bsp_SetUartParam                         0x080032cd   Thumb Code    46  bsp_uart_fifo.o(i.bsp_SetUartParam)
    bsp_StartAutoTimer                       0x08003319   Thumb Code    54  bsp_timer.o(i.bsp_StartAutoTimer)
    check_DHCP_leasedIP                      0x08003391   Thumb Code    78  dhcp.o(i.check_DHCP_leasedIP)
    check_DHCP_timeout                       0x080033f9   Thumb Code   106  dhcp.o(i.check_DHCP_timeout)
    close                                    0x08003469   Thumb Code   102  socket.o(i.close)
    comGetChar                               0x080034d9   Thumb Code    78  bsp_uart_fifo.o(i.comGetChar)
    comSendBuf                               0x08003527   Thumb Code    36  bsp_uart_fifo.o(i.comSendBuf)
    comSendChar                              0x0800354b   Thumb Code    12  bsp_uart_fifo.o(i.comSendChar)
    connect                                  0x08003559   Thumb Code   248  socket.o(i.connect)
    ctlnetwork                               0x08003655   Thumb Code    76  wizchip_conf.o(i.ctlnetwork)
    ctlwizchip                               0x080036a1   Thumb Code   226  wizchip_conf.o(i.ctlwizchip)
    default_ip_assign                        0x08003789   Thumb Code    44  dhcp.o(i.default_ip_assign)
    default_ip_conflict                      0x080037b9   Thumb Code    32  dhcp.o(i.default_ip_conflict)
    default_ip_update                        0x080037dd   Thumb Code    36  dhcp.o(i.default_ip_update)
    do_tcp_client                            0x08003805   Thumb Code   162  mqtt.o(i.do_tcp_client)
    fputc                                    0x08003989   Thumb Code    16  bsp_uart_fifo.o(i.fputc)
    getDHCPLeasetime                         0x08003999   Thumb Code     6  dhcp.o(i.getDHCPLeasetime)
    getDNSfromDHCP                           0x080039a5   Thumb Code    20  dhcp.o(i.getDNSfromDHCP)
    getGWfromDHCP                            0x080039bd   Thumb Code    20  dhcp.o(i.getGWfromDHCP)
    getIPfromDHCP                            0x080039d5   Thumb Code    20  dhcp.o(i.getIPfromDHCP)
    getSNfromDHCP                            0x080039ed   Thumb Code    20  dhcp.o(i.getSNfromDHCP)
    getSn_RX_RSR                             0x08003a05   Thumb Code    76  w5500.o(i.getSn_RX_RSR)
    getSn_TX_FSR                             0x08003a51   Thumb Code    76  w5500.o(i.getSn_TX_FSR)
    main                                     0x08003a9d   Thumb Code   604  main.o(i.main)
    makeDHCPMSG                              0x08003ef1   Thumb Code   202  dhcp.o(i.makeDHCPMSG)
    my_ip_assign                             0x08003fc1   Thumb Code    58  mqtt.o(i.my_ip_assign)
    network_init                             0x08004015   Thumb Code   198  mqtt.o(i.network_init)
    parseDHCPMSG                             0x080041d5   Thumb Code   278  dhcp.o(i.parseDHCPMSG)
    readCONNACK                              0x080042f1   Thumb Code    72  mqtt.o(i.readCONNACK)
    recv                                     0x08004345   Thumb Code    66  socket.o(i.recv)
    recvfrom                                 0x08004389   Thumb Code   444  socket.o(i.recvfrom)
    reset_DHCP_timeout                       0x0800454d   Thumb Code    14  dhcp.o(i.reset_DHCP_timeout)
    send                                     0x08004561   Thumb Code   278  socket.o(i.send)
    send_DHCP_DECLINE                        0x0800467d   Thumb Code   250  dhcp.o(i.send_DHCP_DECLINE)
    send_DHCP_DISCOVER                       0x0800477d   Thumb Code   362  dhcp.o(i.send_DHCP_DISCOVER)
    send_DHCP_REQUEST                        0x080048ed   Thumb Code   562  dhcp.o(i.send_DHCP_REQUEST)
    sendto                                   0x08004b25   Thumb Code   320  socket.o(i.sendto)
    socket                                   0x08004c69   Thumb Code   250  socket.o(i.socket)
    u2_printf                                0x08004d6d   Thumb Code    38  bsp_uart_fifo.o(i.u2_printf)
    wiz_recv_data                            0x08004d93   Thumb Code    96  w5500.o(i.wiz_recv_data)
    wiz_recv_ignore                          0x08004df3   Thumb Code    66  w5500.o(i.wiz_recv_ignore)
    wiz_send_data                            0x08004e35   Thumb Code    96  w5500.o(i.wiz_send_data)
    wizchip_bus_readbyte                     0x08004e95   Thumb Code     4  wizchip_conf.o(i.wizchip_bus_readbyte)
    wizchip_bus_writebyte                    0x08004e99   Thumb Code     4  wizchip_conf.o(i.wizchip_bus_writebyte)
    wizchip_clrinterrupt                     0x08004e9d   Thumb Code    30  wizchip_conf.o(i.wizchip_clrinterrupt)
    wizchip_cris_enter                       0x08004ebb   Thumb Code     2  wizchip_conf.o(i.wizchip_cris_enter)
    wizchip_cris_exit                        0x08004ebd   Thumb Code     2  wizchip_conf.o(i.wizchip_cris_exit)
    wizchip_cs_deselect                      0x08004ebf   Thumb Code     2  wizchip_conf.o(i.wizchip_cs_deselect)
    wizchip_cs_select                        0x08004ec1   Thumb Code     2  wizchip_conf.o(i.wizchip_cs_select)
    wizchip_getinterrupt                     0x08004ec3   Thumb Code    30  wizchip_conf.o(i.wizchip_getinterrupt)
    wizchip_getinterruptmask                 0x08004ee1   Thumb Code    28  wizchip_conf.o(i.wizchip_getinterruptmask)
    wizchip_getnetinfo                       0x08004efd   Thumb Code    82  wizchip_conf.o(i.wizchip_getnetinfo)
    wizchip_getnetmode                       0x08004f55   Thumb Code     6  wizchip_conf.o(i.wizchip_getnetmode)
    wizchip_gettimeout                       0x08004f5b   Thumb Code    40  wizchip_conf.o(i.wizchip_gettimeout)
    wizchip_init                             0x08004f83   Thumb Code   122  wizchip_conf.o(i.wizchip_init)
    wizchip_setinterruptmask                 0x08004ffd   Thumb Code    28  wizchip_conf.o(i.wizchip_setinterruptmask)
    wizchip_setnetinfo                       0x08005019   Thumb Code    82  wizchip_conf.o(i.wizchip_setnetinfo)
    wizchip_setnetmode                       0x08005071   Thumb Code    36  wizchip_conf.o(i.wizchip_setnetmode)
    wizchip_settimeout                       0x08005095   Thumb Code    40  wizchip_conf.o(i.wizchip_settimeout)
    wizchip_sw_reset                         0x080050bd   Thumb Code   116  wizchip_conf.o(i.wizchip_sw_reset)
    wizphy_getphyconf                        0x08005131   Thumb Code    78  wizchip_conf.o(i.wizphy_getphyconf)
    wizphy_getphylink                        0x0800517f   Thumb Code    18  wizchip_conf.o(i.wizphy_getphylink)
    wizphy_getphypmode                       0x08005191   Thumb Code    24  wizchip_conf.o(i.wizphy_getphypmode)
    wizphy_reset                             0x080051a9   Thumb Code    42  wizchip_conf.o(i.wizphy_reset)
    wizphy_setphyconf                        0x080051d3   Thumb Code    74  wizchip_conf.o(i.wizphy_setphyconf)
    wizphy_setphypmode                       0x0800521d   Thumb Code    80  wizchip_conf.o(i.wizphy_setphypmode)
    AHBPrescTable                            0x0800526c   Data          16  system_stm32f4xx.o(.constdata)
    APBPrescTable                            0x0800527c   Data           8  system_stm32f4xx.o(.constdata)
    Region$$Table$$Base                      0x080052f8   Number         0  anon$$obj.o(Region$$Table)
    Region$$Table$$Limit                     0x08005318   Number         0  anon$$obj.o(Region$$Table)
    state                                    0x20000000   Data           1  main.o(.data)
    uwTickFreq                               0x20000004   Data           1  stm32f4xx_hal.o(.data)
    uwTickPrio                               0x20000008   Data           4  stm32f4xx_hal.o(.data)
    uwTick                                   0x2000000c   Data           4  stm32f4xx_hal.o(.data)
    SystemCoreClock                          0x20000010   Data           4  system_stm32f4xx.o(.data)
    dhcp_state                               0x20000014   Data           1  dhcp.o(.data)
    dhcp_retry_count                         0x20000015   Data           1  dhcp.o(.data)
    DHCP_SOCKET                              0x20000016   Data           1  dhcp.o(.data)
    OLD_allocated_ip                         0x20000017   Data           4  dhcp.o(.data)
    DHCP_allocated_ip                        0x2000001b   Data           4  dhcp.o(.data)
    DHCP_allocated_gw                        0x2000001f   Data           4  dhcp.o(.data)
    DHCP_allocated_sn                        0x20000023   Data           4  dhcp.o(.data)
    DHCP_allocated_dns                       0x20000027   Data           4  dhcp.o(.data)
    dhcp_lease_time                          0x2000002c   Data           4  dhcp.o(.data)
    dhcp_tick_1s                             0x20000030   Data           4  dhcp.o(.data)
    dhcp_tick_next                           0x20000034   Data           4  dhcp.o(.data)
    dhcp_ip_assign                           0x20000038   Data           4  dhcp.o(.data)
    dhcp_ip_update                           0x2000003c   Data           4  dhcp.o(.data)
    dhcp_ip_conflict                         0x20000040   Data           4  dhcp.o(.data)
    DHCP_SIP                                 0x20000044   Data           4  dhcp.o(.data)
    DHCP_XID                                 0x20000048   Data           4  dhcp.o(.data)
    pDHCPMSG                                 0x2000004c   Data           4  dhcp.o(.data)
    DHCP_CHADDR                              0x20000050   Data           6  dhcp.o(.data)
    HOST_NAME                                0x20000056   Data           8  dhcp.o(.data)
    WIZCHIP                                  0x20000074   Data          32  wizchip_conf.o(.data)
    local_port                               0x20000094   Data           2  mqtt.o(.data)
    remote_port                              0x20000096   Data           2  mqtt.o(.data)
    local_ip                                 0x20000098   Data           4  mqtt.o(.data)
    remote_ip                                0x2000009c   Data           4  mqtt.o(.data)
    ClientID_len                             0x200000a0   Data           4  mqtt.o(.data)
    Username_len                             0x200000a4   Data           4  mqtt.o(.data)
    Passward_len                             0x200000a8   Data           4  mqtt.o(.data)
    ServerIP                                 0x200000ac   Data           4  mqtt.o(.data)
    ServerPort                               0x200000b0   Data           4  mqtt.o(.data)
    Fixed_len                                0x200000b4   Data           4  mqtt.o(.data)
    Variable_len                             0x200000b8   Data           4  mqtt.o(.data)
    Payload_len                              0x200000bc   Data           4  mqtt.o(.data)
    MQTT_RxDataInPtr                         0x200000c0   Data           4  mqtt.o(.data)
    MQTT_RxDataOutPtr                        0x200000c4   Data           4  mqtt.o(.data)
    MQTT_RxDataEndPtr                        0x200000c8   Data           4  mqtt.o(.data)
    MQTT_CMDInPtr                            0x200000cc   Data           4  mqtt.o(.data)
    MQTT_CMDOutPtr                           0x200000d0   Data           4  mqtt.o(.data)
    MQTT_CMDEndPtr                           0x200000d4   Data           4  mqtt.o(.data)
    gWIZNETINFO                              0x200000d8   Data          23  mqtt.o(.data)
    ping_open                                0x200000ef   Data           1  mqtt.o(.data)
    count                                    0x200000f0   Data           1  mqtt.o(.data)
    Connect_flag                             0x200000f1   Data           1  mqtt.o(.data)
    SubcribePack_flag                        0x200000f2   Data           1  mqtt.o(.data)
    my_dhcp_retry                            0x200000f3   Data           1  mqtt.o(.data)
    g_iRunTime                               0x200000fc   Data           4  bsp_timer.o(.data)
    MQTT_4G_CONNECT                          0x20000100   Data           1  4g.o(.data)
    __stdout                                 0x20000104   Data           4  stdout.o(.data)
    ClientID                                 0x20000118   Data         128  mqtt.o(.bss)
    Username                                 0x20000198   Data         128  mqtt.o(.bss)
    Passward                                 0x20000218   Data         128  mqtt.o(.bss)
    temp_buff                                0x20000298   Data         300  mqtt.o(.bss)
    gDATABUF                                 0x200003c4   Data        2048  mqtt.o(.bss)
    MQTT_RxDataBuf                           0x20000bc4   Data        2400  mqtt.o(.bss)
    MQTT_CMDBuf                              0x20001524   Data        2400  mqtt.o(.bss)
    TIM3_Handler                             0x20003738   Data          72  timer.o(.bss)
    __initial_sp                             0x20003b80   Data           0  startup_stm32f407xx.o(STACK)



==============================================================================

Memory Map of the image

  Image Entry point : 0x08000189

  Load Region LR_IROM1 (Base: 0x08000000, Size: 0x00005420, Max: 0x00080000, ABSOLUTE)

    Execution Region ER_IROM1 (Exec base: 0x08000000, Load base: 0x08000000, Size: 0x00005318, Max: 0x00080000, ABSOLUTE)

    Exec Addr    Load Addr    Size         Type   Attr      Idx    E Section Name        Object

    0x08000000   0x08000000   0x00000188   Data   RO            3    RESET               startup_stm32f407xx.o
    0x08000188   0x08000188   0x00000000   Code   RO         6188  * .ARM.Collect$$$$00000000  mc_w.l(entry.o)
    0x08000188   0x08000188   0x00000004   Code   RO         6468    .ARM.Collect$$$$00000001  mc_w.l(entry2.o)
    0x0800018c   0x0800018c   0x00000004   Code   RO         6471    .ARM.Collect$$$$00000004  mc_w.l(entry5.o)
    0x08000190   0x08000190   0x00000000   Code   RO         6473    .ARM.Collect$$$$00000008  mc_w.l(entry7b.o)
    0x08000190   0x08000190   0x00000000   Code   RO         6475    .ARM.Collect$$$$0000000A  mc_w.l(entry8b.o)
    0x08000190   0x08000190   0x00000008   Code   RO         6476    .ARM.Collect$$$$0000000B  mc_w.l(entry9a.o)
    0x08000198   0x08000198   0x00000004   Code   RO         6483    .ARM.Collect$$$$0000000E  mc_w.l(entry12b.o)
    0x0800019c   0x0800019c   0x00000000   Code   RO         6478    .ARM.Collect$$$$0000000F  mc_w.l(entry10a.o)
    0x0800019c   0x0800019c   0x00000000   Code   RO         6480    .ARM.Collect$$$$00000011  mc_w.l(entry11a.o)
    0x0800019c   0x0800019c   0x00000004   Code   RO         6469    .ARM.Collect$$$$00002712  mc_w.l(entry2.o)
    0x080001a0   0x080001a0   0x00000024   Code   RO            4    .text               startup_stm32f407xx.o
    0x080001c4   0x080001c4   0x00000062   Code   RO         6191    .text               mc_w.l(uldiv.o)
    0x08000226   0x08000226   0x00000024   Code   RO         6193    .text               mc_w.l(memcpya.o)
    0x0800024a   0x0800024a   0x00000024   Code   RO         6195    .text               mc_w.l(memseta.o)
    0x0800026e   0x0800026e   0x00000024   Code   RO         6199    .text               mc_w.l(strstr.o)
    0x08000292   0x08000292   0x00000018   Code   RO         6201    .text               mc_w.l(strncpy.o)
    0x080002aa   0x080002aa   0x0000000e   Code   RO         6203    .text               mc_w.l(strlen.o)
    0x080002b8   0x080002b8   0x0000002c   Code   RO         6485    .text               mc_w.l(uidiv.o)
    0x080002e4   0x080002e4   0x0000001e   Code   RO         6487    .text               mc_w.l(llshl.o)
    0x08000302   0x08000302   0x00000020   Code   RO         6489    .text               mc_w.l(llushr.o)
    0x08000322   0x08000322   0x00000000   Code   RO         6491    .text               mc_w.l(iusefp.o)
    0x08000322   0x08000322   0x0000014e   Code   RO         6492    .text               mf_w.l(dadd.o)
    0x08000470   0x08000470   0x000000e4   Code   RO         6494    .text               mf_w.l(dmul.o)
    0x08000554   0x08000554   0x000000de   Code   RO         6496    .text               mf_w.l(ddiv.o)
    0x08000632   0x08000632   0x00000030   Code   RO         6498    .text               mf_w.l(dfixul.o)
    0x08000662   0x08000662   0x00000002   PAD
    0x08000664   0x08000664   0x00000030   Code   RO         6500    .text               mf_w.l(cdrcmple.o)
    0x08000694   0x08000694   0x00000024   Code   RO         6502    .text               mc_w.l(init.o)
    0x080006b8   0x080006b8   0x00000024   Code   RO         6504    .text               mc_w.l(llsshr.o)
    0x080006dc   0x080006dc   0x000000ba   Code   RO         6506    .text               mf_w.l(depilogue.o)
    0x08000796   0x08000796   0x00000002   Code   RO          475    i.BusFault_Handler  stm32f4xx_it.o
    0x08000798   0x08000798   0x00000088   Code   RO         6082    i.CAT1_Close_Back   4g.o
    0x08000820   0x08000820   0x000000a0   Code   RO         6083    i.CAT1_SendCmd      4g.o
    0x080008c0   0x080008c0   0x000000a4   Code   RO         6084    i.CAT1_SendCmd1     4g.o
    0x08000964   0x08000964   0x000000a4   Code   RO         6085    i.CAT1_SendCmd2     4g.o
    0x08000a08   0x08000a08   0x000000a0   Code   RO         6086    i.CAT1_SendNetOpen  4g.o
    0x08000aa8   0x08000aa8   0x00000088   Code   RO         6087    i.CAT_AT_Test       4g.o
    0x08000b30   0x08000b30   0x0000025c   Code   RO         6088    i.CAT_Connect_IoTServer  4g.o
    0x08000d8c   0x08000d8c   0x00000044   Code   RO         5401    i.CMDBuf_Deal       mqtt.o
    0x08000dd0   0x08000dd0   0x00000058   Code   RO         5835    i.ComToUart         bsp_uart_fifo.o
    0x08000e28   0x08000e28   0x00000124   Code   RO         4765    i.DHCP_run          dhcp.o
    0x08000f4c   0x08000f4c   0x00000002   Code   RO          476    i.DebugMon_Handler  stm32f4xx_it.o
    0x08000f4e   0x08000f4e   0x00000008   Code   RO         5536    i.Error_Handler     bsp.o
    0x08000f56   0x08000f56   0x00000002   PAD
    0x08000f58   0x08000f58   0x000001f0   Code   RO         1245    i.HAL_GPIO_Init     stm32f4xx_hal_gpio.o
    0x08001148   0x08001148   0x0000000c   Code   RO         1783    i.HAL_GetTick       stm32f4xx_hal.o
    0x08001154   0x08001154   0x00000010   Code   RO         1789    i.HAL_IncTick       stm32f4xx_hal.o
    0x08001164   0x08001164   0x00000034   Code   RO         1790    i.HAL_Init          stm32f4xx_hal.o
    0x08001198   0x08001198   0x00000040   Code   RO         1791    i.HAL_InitTick      stm32f4xx_hal.o
    0x080011d8   0x080011d8   0x00000030   Code   RO          544    i.HAL_MspInit       stm32f4xx_hal_msp.o
    0x08001208   0x08001208   0x0000001a   Code   RO         1635    i.HAL_NVIC_EnableIRQ  stm32f4xx_hal_cortex.o
    0x08001222   0x08001222   0x00000002   PAD
    0x08001224   0x08001224   0x00000040   Code   RO         1641    i.HAL_NVIC_SetPriority  stm32f4xx_hal_cortex.o
    0x08001264   0x08001264   0x00000024   Code   RO         1642    i.HAL_NVIC_SetPriorityGrouping  stm32f4xx_hal_cortex.o
    0x08001288   0x08001288   0x00000134   Code   RO          891    i.HAL_RCC_ClockConfig  stm32f4xx_hal_rcc.o
    0x080013bc   0x080013bc   0x00000020   Code   RO          898    i.HAL_RCC_GetPCLK1Freq  stm32f4xx_hal_rcc.o
    0x080013dc   0x080013dc   0x00000020   Code   RO          899    i.HAL_RCC_GetPCLK2Freq  stm32f4xx_hal_rcc.o
    0x080013fc   0x080013fc   0x00000060   Code   RO          900    i.HAL_RCC_GetSysClockFreq  stm32f4xx_hal_rcc.o
    0x0800145c   0x0800145c   0x0000036c   Code   RO          903    i.HAL_RCC_OscConfig  stm32f4xx_hal_rcc.o
    0x080017c8   0x080017c8   0x00000028   Code   RO         1646    i.HAL_SYSTICK_Config  stm32f4xx_hal_cortex.o
    0x080017f0   0x080017f0   0x00000002   Code   RO         2734    i.HAL_TIMEx_BreakCallback  stm32f4xx_hal_tim_ex.o
    0x080017f2   0x080017f2   0x00000002   Code   RO         2735    i.HAL_TIMEx_CommutCallback  stm32f4xx_hal_tim_ex.o
    0x080017f4   0x080017f4   0x0000005a   Code   RO         2030    i.HAL_TIM_Base_Init  stm32f4xx_hal_tim.o
    0x0800184e   0x0800184e   0x00000002   PAD
    0x08001850   0x08001850   0x0000003c   Code   RO         6022    i.HAL_TIM_Base_MspInit  timer.o
    0x0800188c   0x0800188c   0x00000080   Code   RO         2035    i.HAL_TIM_Base_Start_IT  stm32f4xx_hal_tim.o
    0x0800190c   0x0800190c   0x00000002   Code   RO         2064    i.HAL_TIM_IC_CaptureCallback  stm32f4xx_hal_tim.o
    0x0800190e   0x0800190e   0x00000130   Code   RO         2078    i.HAL_TIM_IRQHandler  stm32f4xx_hal_tim.o
    0x08001a3e   0x08001a3e   0x00000002   Code   RO         2081    i.HAL_TIM_OC_DelayElapsedCallback  stm32f4xx_hal_tim.o
    0x08001a40   0x08001a40   0x00000002   Code   RO         2108    i.HAL_TIM_PWM_PulseFinishedCallback  stm32f4xx_hal_tim.o
    0x08001a42   0x08001a42   0x00000002   PAD
    0x08001a44   0x08001a44   0x00000010   Code   RO         6023    i.HAL_TIM_PeriodElapsedCallback  timer.o
    0x08001a54   0x08001a54   0x00000002   Code   RO         2121    i.HAL_TIM_TriggerCallback  stm32f4xx_hal_tim.o
    0x08001a56   0x08001a56   0x00000064   Code   RO         3913    i.HAL_UART_Init     stm32f4xx_hal_uart.o
    0x08001aba   0x08001aba   0x00000002   Code   RO         3915    i.HAL_UART_MspInit  stm32f4xx_hal_uart.o
    0x08001abc   0x08001abc   0x00000002   Code   RO          477    i.HardFault_Handler  stm32f4xx_it.o
    0x08001abe   0x08001abe   0x00000002   PAD
    0x08001ac0   0x08001ac0   0x000001dc   Code   RO         5836    i.InitHardUart      bsp_uart_fifo.o
    0x08001c9c   0x08001c9c   0x00000034   Code   RO         5402    i.LED_PubState      mqtt.o
    0x08001cd0   0x08001cd0   0x00000028   Code   RO         5403    i.MQTT_Buff_Init    mqtt.o
    0x08001cf8   0x08001cf8   0x00000100   Code   RO         5404    i.MQTT_ConectPack   mqtt.o
    0x08001df8   0x08001df8   0x000000cc   Code   RO         5405    i.MQTT_DealPushdata_Qs0  mqtt.o
    0x08001ec4   0x08001ec4   0x00000018   Code   RO         5406    i.MQTT_PingREQ      mqtt.o
    0x08001edc   0x08001edc   0x000000a8   Code   RO         5407    i.MQTT_PublishQs0   mqtt.o
    0x08001f84   0x08001f84   0x0000007c   Code   RO         5408    i.MQTT_Subscribe    mqtt.o
    0x08002000   0x08002000   0x00000002   Code   RO          478    i.MemManage_Handler  stm32f4xx_it.o
    0x08002002   0x08002002   0x00000002   Code   RO          479    i.NMI_Handler       stm32f4xx_it.o
    0x08002004   0x08002004   0x00000002   Code   RO          480    i.PendSV_Handler    stm32f4xx_it.o
    0x08002006   0x08002006   0x00000002   Code   RO         5838    i.RS485_ReciveNew   bsp_uart_fifo.o
    0x08002008   0x08002008   0x0000000c   Code   RO         5839    i.RS485_SendBefor   bsp_uart_fifo.o
    0x08002014   0x08002014   0x00000010   Code   RO         5841    i.RS485_SendOver    bsp_uart_fifo.o
    0x08002024   0x08002024   0x00000002   Code   RO          481    i.SVC_Handler       stm32f4xx_it.o
    0x08002026   0x08002026   0x00000002   PAD
    0x08002028   0x08002028   0x0000001c   Code   RO         5741    i.SysTick_Handler   bsp_timer.o
    0x08002044   0x08002044   0x00000078   Code   RO         5742    i.SysTick_ISR       bsp_timer.o
    0x080020bc   0x080020bc   0x00000094   Code   RO         5537    i.SystemClock_Config  bsp.o
    0x08002150   0x08002150   0x00000010   Code   RO         4730    i.SystemInit        system_stm32f4xx.o
    0x08002160   0x08002160   0x0000000c   Code   RO         6024    i.TIM3_IRQHandler   timer.o
    0x0800216c   0x0800216c   0x00000030   Code   RO         6025    i.TIM3_Init         timer.o
    0x0800219c   0x0800219c   0x000000d8   Code   RO         2123    i.TIM_Base_SetConfig  stm32f4xx_hal_tim.o
    0x08002274   0x08002274   0x0000010c   Code   RO         3939    i.UART_SetConfig    stm32f4xx_hal_uart.o
    0x08002380   0x08002380   0x0000000c   Code   RO         5844    i.USART1_IRQHandler  bsp_uart_fifo.o
    0x0800238c   0x0800238c   0x0000000c   Code   RO         5845    i.USART2_IRQHandler  bsp_uart_fifo.o
    0x08002398   0x08002398   0x0000000c   Code   RO         5846    i.USART3_IRQHandler  bsp_uart_fifo.o
    0x080023a4   0x080023a4   0x000000d0   Code   RO         5847    i.UartIRQ           bsp_uart_fifo.o
    0x08002474   0x08002474   0x0000007c   Code   RO         5848    i.UartSend          bsp_uart_fifo.o
    0x080024f0   0x080024f0   0x000000b4   Code   RO         5850    i.UartVarInit       bsp_uart_fifo.o
    0x080025a4   0x080025a4   0x00000002   Code   RO          482    i.UsageFault_Handler  stm32f4xx_it.o
    0x080025a6   0x080025a6   0x00000002   PAD
    0x080025a8   0x080025a8   0x0000003c   Code   RO         5137    i.WIZCHIP_READ      w5500.o
    0x080025e4   0x080025e4   0x00000050   Code   RO         5138    i.WIZCHIP_READ_BUF  w5500.o
    0x08002634   0x08002634   0x00000040   Code   RO         5139    i.WIZCHIP_WRITE     w5500.o
    0x08002674   0x08002674   0x00000054   Code   RO         5140    i.WIZCHIP_WRITE_BUF  w5500.o
    0x080026c8   0x080026c8   0x00000020   Code   RO         6440    i.__0printf         mc_w.l(printfa.o)
    0x080026e8   0x080026e8   0x00000028   Code   RO         6442    i.__0sprintf        mc_w.l(printfa.o)
    0x08002710   0x08002710   0x00000034   Code   RO         6445    i.__0vsnprintf      mc_w.l(printfa.o)
    0x08002744   0x08002744   0x00000020   Code   RO         1648    i.__NVIC_SetPriority  stm32f4xx_hal_cortex.o
    0x08002764   0x08002764   0x00000024   Code   RO           13    i.__NVIC_SystemReset  main.o
    0x08002788   0x08002788   0x00000024   Code   RO         6089    i.__NVIC_SystemReset  4g.o
    0x080027ac   0x080027ac   0x0000000e   Code   RO         6510    i.__scatterload_copy  mc_w.l(handlers.o)
    0x080027ba   0x080027ba   0x00000002   Code   RO         6511    i.__scatterload_null  mc_w.l(handlers.o)
    0x080027bc   0x080027bc   0x0000000e   Code   RO         6512    i.__scatterload_zeroinit  mc_w.l(handlers.o)
    0x080027ca   0x080027ca   0x00000002   PAD
    0x080027cc   0x080027cc   0x00000184   Code   RO         6447    i._fp_digits        mc_w.l(printfa.o)
    0x08002950   0x08002950   0x000006b4   Code   RO         6448    i._printf_core      mc_w.l(printfa.o)
    0x08003004   0x08003004   0x00000024   Code   RO         6449    i._printf_post_padding  mc_w.l(printfa.o)
    0x08003028   0x08003028   0x0000002e   Code   RO         6450    i._printf_pre_padding  mc_w.l(printfa.o)
    0x08003056   0x08003056   0x00000016   Code   RO         6451    i._snputc           mc_w.l(printfa.o)
    0x0800306c   0x0800306c   0x0000000a   Code   RO         6452    i._sputc            mc_w.l(printfa.o)
    0x08003076   0x08003076   0x00000002   PAD
    0x08003078   0x08003078   0x00000024   Code   RO         5744    i.bsp_CheckTimer    bsp_timer.o
    0x0800309c   0x0800309c   0x00000030   Code   RO         5745    i.bsp_DelayMS       bsp_timer.o
    0x080030cc   0x080030cc   0x00000002   Code   RO         5538    i.bsp_Idle          bsp.o
    0x080030ce   0x080030ce   0x0000001a   Code   RO         5539    i.bsp_Init          bsp.o
    0x080030e8   0x080030e8   0x00000050   Code   RO         6155    i.bsp_InitJQ        jq8900.o
    0x08003138   0x08003138   0x00000040   Code   RO         5693    i.bsp_InitLed       bsp_led.o
    0x08003178   0x08003178   0x00000064   Code   RO         5748    i.bsp_InitTimer     bsp_timer.o
    0x080031dc   0x080031dc   0x0000000e   Code   RO         5851    i.bsp_InitUart      bsp_uart_fifo.o
    0x080031ea   0x080031ea   0x00000002   PAD
    0x080031ec   0x080031ec   0x00000010   Code   RO         5695    i.bsp_LedOff        bsp_led.o
    0x080031fc   0x080031fc   0x00000010   Code   RO         5696    i.bsp_LedOn         bsp_led.o
    0x0800320c   0x0800320c   0x000000bc   Code   RO         5540    i.bsp_RunPer10ms    bsp.o
    0x080032c8   0x080032c8   0x00000002   Code   RO         5541    i.bsp_RunPer1ms     bsp.o
    0x080032ca   0x080032ca   0x00000002   PAD
    0x080032cc   0x080032cc   0x0000004c   Code   RO         5852    i.bsp_SetUartParam  bsp_uart_fifo.o
    0x08003318   0x08003318   0x00000078   Code   RO         5749    i.bsp_StartAutoTimer  bsp_timer.o
    0x08003390   0x08003390   0x00000068   Code   RO         4768    i.check_DHCP_leasedIP  dhcp.o
    0x080033f8   0x080033f8   0x00000070   Code   RO         4769    i.check_DHCP_timeout  dhcp.o
    0x08003468   0x08003468   0x00000070   Code   RO         4898    i.close             socket.o
    0x080034d8   0x080034d8   0x0000004e   Code   RO         5855    i.comGetChar        bsp_uart_fifo.o
    0x08003526   0x08003526   0x00000024   Code   RO         5856    i.comSendBuf        bsp_uart_fifo.o
    0x0800354a   0x0800354a   0x0000000c   Code   RO         5857    i.comSendChar       bsp_uart_fifo.o
    0x08003556   0x08003556   0x00000002   PAD
    0x08003558   0x08003558   0x000000fc   Code   RO         4899    i.connect           socket.o
    0x08003654   0x08003654   0x0000004c   Code   RO         5197    i.ctlnetwork        wizchip_conf.o
    0x080036a0   0x080036a0   0x000000e8   Code   RO         5198    i.ctlwizchip        wizchip_conf.o
    0x08003788   0x08003788   0x00000030   Code   RO         4770    i.default_ip_assign  dhcp.o
    0x080037b8   0x080037b8   0x00000024   Code   RO         4771    i.default_ip_conflict  dhcp.o
    0x080037dc   0x080037dc   0x00000028   Code   RO         4772    i.default_ip_update  dhcp.o
    0x08003804   0x08003804   0x00000184   Code   RO         5411    i.do_tcp_client     mqtt.o
    0x08003988   0x08003988   0x00000010   Code   RO         5860    i.fputc             bsp_uart_fifo.o
    0x08003998   0x08003998   0x0000000c   Code   RO         4773    i.getDHCPLeasetime  dhcp.o
    0x080039a4   0x080039a4   0x00000018   Code   RO         4774    i.getDNSfromDHCP    dhcp.o
    0x080039bc   0x080039bc   0x00000018   Code   RO         4775    i.getGWfromDHCP     dhcp.o
    0x080039d4   0x080039d4   0x00000018   Code   RO         4776    i.getIPfromDHCP     dhcp.o
    0x080039ec   0x080039ec   0x00000018   Code   RO         4777    i.getSNfromDHCP     dhcp.o
    0x08003a04   0x08003a04   0x0000004c   Code   RO         5141    i.getSn_RX_RSR      w5500.o
    0x08003a50   0x08003a50   0x0000004c   Code   RO         5142    i.getSn_TX_FSR      w5500.o
    0x08003a9c   0x08003a9c   0x00000454   Code   RO           14    i.main              main.o
    0x08003ef0   0x08003ef0   0x000000d0   Code   RO         4778    i.makeDHCPMSG       dhcp.o
    0x08003fc0   0x08003fc0   0x00000054   Code   RO         5412    i.my_ip_assign      mqtt.o
    0x08004014   0x08004014   0x000001c0   Code   RO         5414    i.network_init      mqtt.o
    0x080041d4   0x080041d4   0x0000011c   Code   RO         4779    i.parseDHCPMSG      dhcp.o
    0x080042f0   0x080042f0   0x00000054   Code   RO         5415    i.readCONNACK       mqtt.o
    0x08004344   0x08004344   0x00000042   Code   RO         4904    i.recv              socket.o
    0x08004386   0x08004386   0x00000002   PAD
    0x08004388   0x08004388   0x000001c4   Code   RO         4905    i.recvfrom          socket.o
    0x0800454c   0x0800454c   0x00000014   Code   RO         4781    i.reset_DHCP_timeout  dhcp.o
    0x08004560   0x08004560   0x0000011c   Code   RO         4906    i.send              socket.o
    0x0800467c   0x0800467c   0x00000100   Code   RO         4782    i.send_DHCP_DECLINE  dhcp.o
    0x0800477c   0x0800477c   0x00000170   Code   RO         4783    i.send_DHCP_DISCOVER  dhcp.o
    0x080048ec   0x080048ec   0x00000238   Code   RO         4784    i.send_DHCP_REQUEST  dhcp.o
    0x08004b24   0x08004b24   0x00000144   Code   RO         4907    i.sendto            socket.o
    0x08004c68   0x08004c68   0x00000104   Code   RO         4909    i.socket            socket.o
    0x08004d6c   0x08004d6c   0x00000026   Code   RO         5861    i.u2_printf         bsp_uart_fifo.o
    0x08004d92   0x08004d92   0x00000060   Code   RO         5143    i.wiz_recv_data     w5500.o
    0x08004df2   0x08004df2   0x00000042   Code   RO         5144    i.wiz_recv_ignore   w5500.o
    0x08004e34   0x08004e34   0x00000060   Code   RO         5145    i.wiz_send_data     w5500.o
    0x08004e94   0x08004e94   0x00000004   Code   RO         5203    i.wizchip_bus_readbyte  wizchip_conf.o
    0x08004e98   0x08004e98   0x00000004   Code   RO         5204    i.wizchip_bus_writebyte  wizchip_conf.o
    0x08004e9c   0x08004e9c   0x0000001e   Code   RO         5205    i.wizchip_clrinterrupt  wizchip_conf.o
    0x08004eba   0x08004eba   0x00000002   Code   RO         5206    i.wizchip_cris_enter  wizchip_conf.o
    0x08004ebc   0x08004ebc   0x00000002   Code   RO         5207    i.wizchip_cris_exit  wizchip_conf.o
    0x08004ebe   0x08004ebe   0x00000002   Code   RO         5208    i.wizchip_cs_deselect  wizchip_conf.o
    0x08004ec0   0x08004ec0   0x00000002   Code   RO         5209    i.wizchip_cs_select  wizchip_conf.o
    0x08004ec2   0x08004ec2   0x0000001e   Code   RO         5210    i.wizchip_getinterrupt  wizchip_conf.o
    0x08004ee0   0x08004ee0   0x0000001c   Code   RO         5211    i.wizchip_getinterruptmask  wizchip_conf.o
    0x08004efc   0x08004efc   0x00000058   Code   RO         5212    i.wizchip_getnetinfo  wizchip_conf.o
    0x08004f54   0x08004f54   0x00000006   Code   RO         5213    i.wizchip_getnetmode  wizchip_conf.o
    0x08004f5a   0x08004f5a   0x00000028   Code   RO         5214    i.wizchip_gettimeout  wizchip_conf.o
    0x08004f82   0x08004f82   0x0000007a   Code   RO         5215    i.wizchip_init      wizchip_conf.o
    0x08004ffc   0x08004ffc   0x0000001c   Code   RO         5216    i.wizchip_setinterruptmask  wizchip_conf.o
    0x08005018   0x08005018   0x00000058   Code   RO         5217    i.wizchip_setnetinfo  wizchip_conf.o
    0x08005070   0x08005070   0x00000024   Code   RO         5218    i.wizchip_setnetmode  wizchip_conf.o
    0x08005094   0x08005094   0x00000028   Code   RO         5219    i.wizchip_settimeout  wizchip_conf.o
    0x080050bc   0x080050bc   0x00000074   Code   RO         5222    i.wizchip_sw_reset  wizchip_conf.o
    0x08005130   0x08005130   0x0000004e   Code   RO         5223    i.wizphy_getphyconf  wizchip_conf.o
    0x0800517e   0x0800517e   0x00000012   Code   RO         5224    i.wizphy_getphylink  wizchip_conf.o
    0x08005190   0x08005190   0x00000018   Code   RO         5225    i.wizphy_getphypmode  wizchip_conf.o
    0x080051a8   0x080051a8   0x0000002a   Code   RO         5227    i.wizphy_reset      wizchip_conf.o
    0x080051d2   0x080051d2   0x0000004a   Code   RO         5228    i.wizphy_setphyconf  wizchip_conf.o
    0x0800521c   0x0800521c   0x00000050   Code   RO         5229    i.wizphy_setphypmode  wizchip_conf.o
    0x0800526c   0x0800526c   0x00000010   Data   RO         4731    .constdata          system_stm32f4xx.o
    0x0800527c   0x0800527c   0x00000008   Data   RO         4732    .constdata          system_stm32f4xx.o
    0x08005284   0x08005284   0x00000030   Data   RO         5753    .constdata          bsp_timer.o
    0x080052b4   0x080052b4   0x00000044   Data   RO         5419    .conststring        mqtt.o
    0x080052f8   0x080052f8   0x00000020   Data   RO         6508    Region$$Table       anon$$obj.o


    Execution Region RW_IRAM1 (Exec base: 0x20000000, Load base: 0x08005318, Size: 0x00003b80, Max: 0x0001c000, ABSOLUTE)

    Exec Addr    Load Addr    Size         Type   Attr      Idx    E Section Name        Object

    0x20000000   0x08005318   0x00000001   Data   RW           15    .data               main.o
    0x20000001   0x08005319   0x00000003   PAD
    0x20000004   0x0800531c   0x0000000c   Data   RW         1797    .data               stm32f4xx_hal.o
    0x20000010   0x08005328   0x00000004   Data   RW         4733    .data               system_stm32f4xx.o
    0x20000014   0x0800532c   0x0000004a   Data   RW         4785    .data               dhcp.o
    0x2000005e   0x08005376   0x0000000e   Data   RW         4911    .data               socket.o
    0x2000006c   0x08005384   0x00000028   Data   RW         5230    .data               wizchip_conf.o
    0x20000094   0x080053ac   0x0000005b   Data   RW         5420    .data               mqtt.o
    0x200000ef   0x08005407   0x00000001   Data   RW         5421    .data               mqtt.o
    0x200000f0   0x08005408   0x00000001   Data   RW         5422    .data               mqtt.o
    0x200000f1   0x08005409   0x00000001   Data   RW         5423    .data               mqtt.o
    0x200000f2   0x0800540a   0x00000001   Data   RW         5424    .data               mqtt.o
    0x200000f3   0x0800540b   0x00000001   Data   RW         5425    .data               mqtt.o
    0x200000f4   0x0800540c   0x0000000c   Data   RW         5754    .data               bsp_timer.o
    0x20000100   0x08005418   0x00000001   Data   RW         6092    .data               4g.o
    0x20000101   0x08005419   0x00000003   PAD
    0x20000104   0x0800541c   0x00000004   Data   RW         6484    .data               mc_w.l(stdout.o)
    0x20000108        -       0x00000010   Zero   RW         4910    .bss                socket.o
    0x20000118        -       0x00001d6c   Zero   RW         5416    .bss                mqtt.o
    0x20001e84        -       0x00000030   Zero   RW         5752    .bss                bsp_timer.o
    0x20001eb4        -       0x00001884   Zero   RW         5862    .bss                bsp_uart_fifo.o
    0x20003738        -       0x00000048   Zero   RW         6026    .bss                timer.o
    0x20003780        -       0x00000400   Zero   RW            1    STACK               startup_stm32f407xx.o


    Execution Region RW_IRAM2 (Exec base: 0x2001c000, Load base: 0x08005420, Size: 0x00000000, Max: 0x00004000, ABSOLUTE)

    **** No section assigned to this execution region ****


==============================================================================

Image component sizes


      Code (inc. data)   RO Data    RW Data    ZI Data      Debug   Object Name

      1560        648          0          1          0       6482   4g.o
       374         80          0          0          0       3643   bsp.o
        96         16          0          0          0       1979   bsp_led.o
       452        104         48         12         48      35957   bsp_timer.o
      1412        152          0          0       6276      16402   bsp_uart_fifo.o
      2444        112          0         74          0      14065   dhcp.o
         0          0          0          0          0     686120   gpio.o
        80         10          0          0          0       1005   jq8900.o
      1144        514          0          1          0     595742   main.o
      1940        614         68         96       7532      39921   mqtt.o
      1750         42          0         14         16       7693   socket.o
         0          0          0          0          0       9602   spi.o
        36          8        392          0       1024        836   startup_stm32f407xx.o
       144         24          0         12          0       8773   stm32f4xx_hal.o
       198         14          0          0          0      33827   stm32f4xx_hal_cortex.o
       496         46          0          0          0       1532   stm32f4xx_hal_gpio.o
        48          6          0          0          0        858   stm32f4xx_hal_msp.o
      1344         72          0          0          0       5240   stm32f4xx_hal_rcc.o
       746         74          0          0          0       6961   stm32f4xx_hal_tim.o
         4          0          0          0          0       1629   stm32f4xx_hal_tim_ex.o
       370         10          0          0          0       2583   stm32f4xx_hal_uart.o
        16          0          0          0          0       3704   stm32f4xx_it.o
        16          4         24          4          0       1127   system_stm32f4xx.o
       136         28          0          0         72       2548   timer.o
       698         20          0          0          0       6242   w5500.o
      1292         40          0         40          0      18851   wizchip_conf.o

    ----------------------------------------------------------------------
     16818       2638        564        260      14968    1513322   Object Totals
         0          0         32          0          0          0   (incl. Generated)
        22          0          0          6          0          0   (incl. Padding)

    ----------------------------------------------------------------------

      Code (inc. data)   RO Data    RW Data    ZI Data      Debug   Library Member Name

         0          0          0          0          0          0   entry.o
         0          0          0          0          0          0   entry10a.o
         0          0          0          0          0          0   entry11a.o
         4          0          0          0          0          0   entry12b.o
         8          4          0          0          0          0   entry2.o
         4          0          0          0          0          0   entry5.o
         0          0          0          0          0          0   entry7b.o
         0          0          0          0          0          0   entry8b.o
         8          4          0          0          0          0   entry9a.o
        30          0          0          0          0          0   handlers.o
        36          8          0          0          0         68   init.o
         0          0          0          0          0          0   iusefp.o
        30          0          0          0          0         68   llshl.o
        36          0          0          0          0         68   llsshr.o
        32          0          0          0          0         68   llushr.o
        36          0          0          0          0         68   memcpya.o
        36          0          0          0          0        108   memseta.o
      2342        102          0          0          0        764   printfa.o
         0          0          0          4          0          0   stdout.o
        14          0          0          0          0         68   strlen.o
        24          0          0          0          0         76   strncpy.o
        36          0          0          0          0         80   strstr.o
        44          0          0          0          0         80   uidiv.o
        98          0          0          0          0         92   uldiv.o
        48          0          0          0          0         68   cdrcmple.o
       334          0          0          0          0        148   dadd.o
       222          0          0          0          0        100   ddiv.o
       186          0          0          0          0        176   depilogue.o
        48          0          0          0          0         68   dfixul.o
       228          0          0          0          0         96   dmul.o

    ----------------------------------------------------------------------
      3890        118          0          4          0       2264   Library Totals
         6          0          0          0          0          0   (incl. Padding)

    ----------------------------------------------------------------------

      Code (inc. data)   RO Data    RW Data    ZI Data      Debug   Library Name

      2818        118          0          4          0       1608   mc_w.l
      1066          0          0          0          0        656   mf_w.l

    ----------------------------------------------------------------------
      3890        118          0          4          0       2264   Library Totals

    ----------------------------------------------------------------------

==============================================================================


      Code (inc. data)   RO Data    RW Data    ZI Data      Debug   

     20708       2756        564        264      14968    1499694   Grand Totals
     20708       2756        564        264      14968    1499694   ELF Image Totals
     20708       2756        564        264          0          0   ROM Totals

==============================================================================

    Total RO  Size (Code + RO Data)                21272 (  20.77kB)
    Total RW  Size (RW Data + ZI Data)             15232 (  14.88kB)
    Total ROM Size (Code + RO Data + RW Data)      21536 (  21.03kB)

==============================================================================

