Component: ARM Compiler 5.06 update 7 (build 960) Tool: armlink [4d3601]

==============================================================================

Section Cross References

    main.o(i.LED_PubState) refers to printfa.o(i.__0sprintf) for __2sprintf
    main.o(i.LED_PubState) refers to strlen.o(.text) for strlen
    main.o(i.LED_PubState) refers to mqtt.o(i.MQTT_PublishQs0) for MQTT_PublishQs0
    main.o(i.MAIN_CHECK_led) refers to _scanf_int.o(.text) for _scanf_int
    main.o(i.MAIN_CHECK_led) refers to strstr.o(.text) for strstr
    main.o(i.MAIN_CHECK_led) refers to __0sscanf.o(.text) for __0sscanf
    main.o(i.MAIN_CHECK_led) refers to usart1.o(i.u1_printf) for u1_printf
    main.o(i.MAIN_CHECK_led) refers to led.o(i.LED_LocationStaOff) for LED_LocationStaOff
    main.o(i.MAIN_CHECK_led) refers to main.o(i.LED_PubState) for LED_PubState
    main.o(i.MAIN_CHECK_led) refers to led.o(i.LED_LocationStaOn) for LED_LocationStaOn
    main.o(i.MQTT_CheckConnectStatus) refers to usart1.o(i.u1_printf) for u1_printf
    main.o(i.MQTT_CheckConnectStatus) refers to main.o(.data) for g_connectPackFlag
    main.o(i.MQTT_CheckSubcribeStatus) refers to usart1.o(i.u1_printf) for u1_printf
    main.o(i.MQTT_CheckSubcribeStatus) refers to main.o(.data) for g_subcribePackFlag
    main.o(i.W5500_init) refers to spi.o(i.SPI_Configuration) for SPI_Configuration
    main.o(i.W5500_init) refers to wizchip_conf.o(i.reg_wizchip_cris_cbfunc) for reg_wizchip_cris_cbfunc
    main.o(i.W5500_init) refers to wizchip_conf.o(i.reg_wizchip_cs_cbfunc) for reg_wizchip_cs_cbfunc
    main.o(i.W5500_init) refers to wizchip_conf.o(i.reg_wizchip_spi_cbfunc) for reg_wizchip_spi_cbfunc
    main.o(i.W5500_init) refers to wizchip_conf.o(i.ctlwizchip) for ctlwizchip
    main.o(i.W5500_init) refers to usart1.o(i.u1_printf) for u1_printf
    main.o(i.W5500_init) refers to main.o(i.NVIC_SystemReset) for NVIC_SystemReset
    main.o(i.W5500_init) refers to bsp_timer.o(i.bsp_DelayMS) for bsp_DelayMS
    main.o(i.W5500_init) refers to mqtt.o(i.CreateSysMAC) for CreateSysMAC
    main.o(i.W5500_init) refers to w5500.o(i.WIZCHIP_WRITE_BUF) for WIZCHIP_WRITE_BUF
    main.o(i.W5500_init) refers to dhcp.o(i.DHCP_init) for DHCP_init
    main.o(i.W5500_init) refers to dhcp.o(i.reg_dhcp_cbfunc) for reg_dhcp_cbfunc
    main.o(i.W5500_init) refers to main.o(.constdata) for .constdata
    main.o(i.W5500_init) refers to spi.o(i.SPI_CrisExit) for SPI_CrisExit
    main.o(i.W5500_init) refers to spi.o(i.SPI_CrisEnter) for SPI_CrisEnter
    main.o(i.W5500_init) refers to spi.o(i.SPI_CS_Deselect) for SPI_CS_Deselect
    main.o(i.W5500_init) refers to spi.o(i.SPI_CS_Select) for SPI_CS_Select
    main.o(i.W5500_init) refers to spi.o(i.SPI_WriteByte) for SPI_WriteByte
    main.o(i.W5500_init) refers to spi.o(i.SPI_ReadByte) for SPI_ReadByte
    main.o(i.W5500_init) refers to main.o(.bss) for gWIZNETINFO
    main.o(i.W5500_init) refers to main.o(i.my_ip_conflict) for my_ip_conflict
    main.o(i.W5500_init) refers to main.o(i.my_ip_assign) for my_ip_assign
    main.o(i.W5500_init) refers to main.o(.data) for DNS_flag
    main.o(i.main) refers to usart1.o(i.Usart1_Init) for Usart1_Init
    main.o(i.main) refers to bsp_timer.o(i.bsp_InitTimer) for bsp_InitTimer
    main.o(i.main) refers to bsp_timer.o(i.bsp_StartAutoTimer) for bsp_StartAutoTimer
    main.o(i.main) refers to mqtt.o(i.IoT_Parameter_Init) for IoT_Parameter_Init
    main.o(i.main) refers to main.o(i.W5500_init) for W5500_init
    main.o(i.main) refers to bsp_timer.o(i.bsp_CheckTimer) for bsp_CheckTimer
    main.o(i.main) refers to usart1.o(i.u1_printf) for u1_printf
    main.o(i.my_ip_assign) refers to dhcp.o(i.getIPfromDHCP) for getIPfromDHCP
    main.o(i.my_ip_assign) refers to dhcp.o(i.getGWfromDHCP) for getGWfromDHCP
    main.o(i.my_ip_assign) refers to dhcp.o(i.getSNfromDHCP) for getSNfromDHCP
    main.o(i.my_ip_assign) refers to dhcp.o(i.getDNSfromDHCP) for getDNSfromDHCP
    main.o(i.my_ip_assign) refers to main.o(i.network_init) for network_init
    main.o(i.my_ip_assign) refers to dhcp.o(i.getDHCPLeasetime) for getDHCPLeasetime
    main.o(i.my_ip_assign) refers to usart1.o(i.u1_printf) for u1_printf
    main.o(i.my_ip_assign) refers to main.o(.bss) for gWIZNETINFO
    main.o(i.my_ip_conflict) refers to usart1.o(i.u1_printf) for u1_printf
    main.o(i.my_ip_conflict) refers to main.o(i.NVIC_SystemReset) for NVIC_SystemReset
    main.o(i.network_init) refers to wizchip_conf.o(i.ctlnetwork) for ctlnetwork
    main.o(i.network_init) refers to wizchip_conf.o(i.ctlwizchip) for ctlwizchip
    main.o(i.network_init) refers to usart1.o(i.u1_printf) for u1_printf
    main.o(i.network_init) refers to main.o(.bss) for gWIZNETINFO
    usart1.o(i.Usart1_Init) refers to stm32f10x_rcc.o(i.RCC_APB2PeriphClockCmd) for RCC_APB2PeriphClockCmd
    usart1.o(i.Usart1_Init) refers to stm32f10x_gpio.o(i.GPIO_Init) for GPIO_Init
    usart1.o(i.Usart1_Init) refers to stm32f10x_usart.o(i.USART_Init) for USART_Init
[...]

    ../clib/../cmprslib/zerorunl2.c          0x00000000   Number         0  __dczerorl2.o ABSOLUTE
    ../clib/microlib/ctype/ctype.c           0x00000000   Number         0  islower_o.o ABSOLUTE
    ../clib/microlib/ctype/ctype.c           0x00000000   Number         0  isalpha_o.o ABSOLUTE
    ../clib/microlib/ctype/ctype.c           0x00000000   Number         0  isxdigit_o.o ABSOLUTE
    ../clib/microlib/ctype/ctype.c           0x00000000   Number         0  isupper_o.o ABSOLUTE
    ../clib/microlib/ctype/ctype.c           0x00000000   Number         0  isspace_o.o ABSOLUTE
    ../clib/microlib/ctype/ctype.c           0x00000000   Number         0  ispunct_o.o ABSOLUTE
    ../clib/microlib/ctype/ctype.c           0x00000000   Number         0  isprint_o.o ABSOLUTE
    ../clib/microlib/ctype/ctype.c           0x00000000   Number         0  iscntrl_o.o ABSOLUTE
    ../clib/microlib/ctype/ctype.c           0x00000000   Number         0  isalnum_o.o ABSOLUTE
    ../clib/microlib/ctype/ctype.c           0x00000000   Number         0  isdigit_o.o ABSOLUTE
    ../clib/microlib/ctype/ctype.c           0x00000000   Number         0  ctype_c.o ABSOLUTE
    ../clib/microlib/ctype/ctype.c           0x00000000   Number         0  isblank_o.o ABSOLUTE
    ../clib/microlib/ctype/ctype.c           0x00000000   Number         0  isgraph_o.o ABSOLUTE
    ../clib/microlib/ctype/ctype.c           0x00000000   Number         0  ctype_o.o ABSOLUTE
    ../clib/microlib/ctype/ctype.c           0x00000000   Number         0  isspace_c.o ABSOLUTE
    ../clib/microlib/division.c              0x00000000   Number         0  uldiv.o ABSOLUTE
    ../clib/microlib/division.c              0x00000000   Number         0  uidiv.o ABSOLUTE
    ../clib/microlib/errno.c                 0x00000000   Number         0  errno.o ABSOLUTE
    ../clib/microlib/init/entry.s            0x00000000   Number         0  entry2.o ABSOLUTE
    ../clib/microlib/init/entry.s            0x00000000   Number         0  entry.o ABSOLUTE
    ../clib/microlib/init/entry.s            0x00000000   Number         0  entry8b.o ABSOLUTE
    ../clib/microlib/init/entry.s            0x00000000   Number         0  entry9a.o ABSOLUTE
    ../clib/microlib/init/entry.s            0x00000000   Number         0  entry10a.o ABSOLUTE
    ../clib/microlib/init/entry.s            0x00000000   Number         0  entry10b.o ABSOLUTE
    ../clib/microlib/init/entry.s            0x00000000   Number         0  entry11a.o ABSOLUTE
    ../clib/microlib/init/entry.s            0x00000000   Number         0  entry11b.o ABSOLUTE
    ../clib/microlib/init/entry.s            0x00000000   Number         0  entry12a.o ABSOLUTE
    ../clib/microlib/init/entry.s            0x00000000   Number         0  entry12b.o ABSOLUTE
    ../clib/microlib/init/entry.s            0x00000000   Number         0  entry9b.o ABSOLUTE
    ../clib/microlib/init/entry.s            0x00000000   Number         0  entry5.o ABSOLUTE
    ../clib/microlib/init/entry.s            0x00000000   Number         0  entry7a.o ABSOLUTE
    ../clib/microlib/init/entry.s            0x00000000   Number         0  entry7b.o ABSOLUTE
    ../clib/microlib/init/entry.s            0x00000000   Number         0  entry8a.o ABSOLUTE
    ../clib/microlib/longlong.c              0x00000000   Number         0  llushr.o ABSOLUTE
    ../clib/microlib/longlong.c              0x00000000   Number         0  llshl.o ABSOLUTE
    ../clib/microlib/longlong.c              0x00000000   Number         0  llsshr.o ABSOLUTE
    ../clib/microlib/printf/printf.c         0x00000000   Number         0  printf0.o ABSOLUTE
    ../clib/microlib/printf/printf.c         0x00000000   Number         0  printf1.o ABSOLUTE
    ../clib/microlib/printf/printf.c         0x00000000   Number         0  printf6.o ABSOLUTE
    ../clib/microlib/printf/printf.c         0x00000000   Number         0  printf7.o ABSOLUTE
    ../clib/microlib/printf/printf.c         0x00000000   Number         0  printf8.o ABSOLUTE
    ../clib/microlib/printf/printf.c         0x00000000   Number         0  printfa.o ABSOLUTE
    ../clib/microlib/printf/printf.c         0x00000000   Number         0  printfb.o ABSOLUTE
    ../clib/microlib/printf/printf.c         0x00000000   Number         0  printf5.o ABSOLUTE
    ../clib/microlib/printf/printf.c         0x00000000   Number         0  printf4.o ABSOLUTE
    ../clib/microlib/printf/printf.c         0x00000000   Number         0  printf3.o ABSOLUTE
    ../clib/microlib/printf/printf.c         0x00000000   Number         0  printf2.o ABSOLUTE
    ../clib/microlib/printf/stubs.s          0x00000000   Number         0  stubs.o ABSOLUTE
    ../clib/microlib/stdio/fputc.c           0x00000000   Number         0  fputc.o ABSOLUTE
    ../clib/microlib/stdio/semi.s            0x00000000   Number         0  semi.o ABSOLUTE
    ../clib/microlib/stdio/streams.c         0x00000000   Number         0  stdout.o ABSOLUTE
    ../clib/microlib/string/memcpy.c         0x00000000   Number         0  memcpya.o ABSOLUTE
    ../clib/microlib/string/memcpy.c         0x00000000   Number         0  memcpyb.o ABSOLUTE
    ../clib/microlib/string/memset.c         0x00000000   Number         0  memseta.o ABSOLUTE
    ../clib/microlib/string/strlen.c         0x00000000   Number         0  strlen.o ABSOLUTE
    ../clib/microlib/string/strstr.c         0x00000000   Number         0  strstr.o ABSOLUTE
    ../clib/microlib/stubs.s                 0x00000000   Number         0  iusesemip.o ABSOLUTE
    ../clib/microlib/stubs.s                 0x00000000   Number         0  iusefp.o ABSOLUTE
    ../clib/scanf.c                          0x00000000   Number         0  strtod.o ABSOLUTE
    ../clib/scanf.c                          0x00000000   Number         0  _sgetc.o ABSOLUTE
    ../clib/scanf.c                          0x00000000   Number         0  scanf_char.o ABSOLUTE
    ../clib/scanf.c                          0x00000000   Number         0  _chval.o ABSOLUTE
    ../clib/scanf.c                          0x00000000   Number         0  _scanf_str.o ABSOLUTE
    ../clib/scanf.c                          0x00000000   Number         0  strtol.o ABSOLUTE
    ../clib/scanf.c                          0x00000000   Number         0  _scanf_int.o ABSOLUTE
    ../clib/scanf.c                          0x00000000   Number         0  __0sscanf.o ABSOLUTE
    ../clib/scanf.c                          0x00000000   Number         0  _strtoul.o ABSOLUTE
    ../clib/scanf.c                          0x00000000   Number         0  scanf_fp.o ABSOLUTE
    ../clib/scanf.c                          0x00000000   Number         0  _scanf.o ABSOLUTE
    ../fplib/microlib/d2f.c                  0x00000000   Number         0  d2f.o ABSOLUTE
    ../fplib/microlib/fpadd.c                0x00000000   Number         0  dadd.o ABSOLUTE
    ../fplib/microlib/fpdiv.c                0x00000000   Number         0  ddiv.o ABSOLUTE
    ../fplib/microlib/fpepilogue.c           0x00000000   Number         0  depilogue.o ABSOLUTE
    ../fplib/microlib/fpepilogue.c           0x00000000   Number         0  fepilogue.o ABSOLUTE
    ../fplib/microlib/fpfix.c                0x00000000   Number         0  dfixul.o ABSOLUTE
    ../fplib/microlib/fpfix.c                0x00000000   Number         0  dfixi.o ABSOLUTE
    ../fplib/microlib/fpflt.c                0x00000000   Number         0  dfltul.o ABSOLUTE
    ../fplib/microlib/fpmul.c                0x00000000   Number         0  dmul.o ABSOLUTE
    ../mathlib/strtod.c                      0x00000000   Number         0  strtod.o ABSOLUTE
    ..\CORE\core_cm3.c                       0x00000000   Number         0  core_cm3.o ABSOLUTE
    ..\CORE\startup_stm32f10x_hd.s           0x00000000   Number         0  startup_stm32f10x_hd.o ABSOLUTE
    ..\CORE\system_stm32f10x.c               0x00000000   Number         0  system_stm32f10x.o ABSOLUTE
    ..\HARDWARE\scr\bsp_timer.c              0x00000000   Number         0  bsp_timer.o ABSOLUTE
    ..\HARDWARE\scr\cat1.c                   0x00000000   Number         0  cat1.o ABSOLUTE
    ..\HARDWARE\scr\dhcp.c                   0x00000000   Number         0  dhcp.o ABSOLUTE
    ..\HARDWARE\scr\led.c                    0x00000000   Number         0  led.o ABSOLUTE
    ..\HARDWARE\scr\mqtt.c                   0x00000000   Number         0  mqtt.o ABSOLUTE
    ..\HARDWARE\scr\socket.c                 0x00000000   Number         0  socket.o ABSOLUTE
    ..\HARDWARE\scr\spi.c                    0x00000000   Number         0  spi.o ABSOLUTE
    ..\HARDWARE\scr\stm32f10x_it.c           0x00000000   Number         0  stm32f10x_it.o ABSOLUTE
    ..\HARDWARE\scr\usart1.c                 0x00000000   Number         0  usart1.o ABSOLUTE
    ..\HARDWARE\scr\usart3.c                 0x00000000   Number         0  usart3.o ABSOLUTE
    ..\HARDWARE\scr\w5500.c                  0x00000000   Number         0  w5500.o ABSOLUTE
    ..\HARDWARE\scr\wizchip_conf.c           0x00000000   Number         0  wizchip_conf.o ABSOLUTE
    ..\HMAC\scr\utils_hmac.c                 0x00000000   Number         0  utils_hmac.o ABSOLUTE
    ..\HMAC\scr\utils_md5.c                  0x00000000   Number         0  utils_md5.o ABSOLUTE
    ..\HMAC\scr\utils_sha1.c                 0x00000000   Number         0  utils_sha1.o ABSOLUTE
    ..\STLIB\src\misc.c                      0x00000000   Number         0  misc.o ABSOLUTE
    ..\STLIB\src\stm32f10x_adc.c             0x00000000   Number         0  stm32f10x_adc.o ABSOLUTE
    ..\STLIB\src\stm32f10x_dma.c             0x00000000   Number         0  stm32f10x_dma.o ABSOLUTE
    ..\STLIB\src\stm32f10x_exti.c            0x00000000   Number         0  stm32f10x_exti.o ABSOLUTE
    ..\STLIB\src\stm32f10x_gpio.c            0x00000000   Number         0  stm32f10x_gpio.o ABSOLUTE
    ..\STLIB\src\stm32f10x_iwdg.c            0x00000000   Number         0  stm32f10x_iwdg.o ABSOLUTE
    ..\STLIB\src\stm32f10x_rcc.c             0x00000000   Number         0  stm32f10x_rcc.o ABSOLUTE
    ..\STLIB\src\stm32f10x_spi.c             0x00000000   Number         0  stm32f10x_spi.o ABSOLUTE
    ..\STLIB\src\stm32f10x_tim.c             0x00000000   Number         0  stm32f10x_tim.o ABSOLUTE
    ..\STLIB\src\stm32f10x_usart.c           0x00000000   Number         0  stm32f10x_usart.o ABSOLUTE
    ..\\CORE\\core_cm3.c                     0x00000000   Number         0  core_cm3.o ABSOLUTE
    H:\baiduwangpan\【模组星球】4G-STM32-物联网核心板\4配套源代码\物联网云服务器例程-阿里云智能生活平台 云智能公版APP 控制一路LED\物联网云服务器例程-阿里云智能生活平台 云智能公版APP 控制一路LED\HARDWARE\scr\iwdg.c 0x00000000   Number         0  iwdg.o ABSOLUTE
    H:\baiduwangpan\【模组星球】4G-STM32-物联网核心板\4配套源代码\物联网云服务器例程-阿里云智能生活平台 云智能公版APP 控制一路LED\物联网云服务器例程-阿里云智能生活平台 云智能公版APP 控制一路LED\HARDWARE\scr\timer2.c 0x00000000   Number         0  timer2.o ABSOLUTE
    cdrcmple.s                               0x00000000   Number         0  cdrcmple.o ABSOLUTE
    dc.s                                     0x00000000   Number         0  dc.o ABSOLUTE
    handlers.s                               0x00000000   Number         0  handlers.o ABSOLUTE
    init.s                                   0x00000000   Number         0  init.o ABSOLUTE
    main.c                                   0x00000000   Number         0  main.o ABSOLUTE
    RESET                                    0x08000000   Section      304  startup_stm32f10x_hd.o(RESET)
    .ARM.Collect$$$$00000000                 0x08000130   Section        0  entry.o(.ARM.Collect$$$$00000000)
    .ARM.Collect$$$$00000001                 0x08000130   Section        4  entry2.o(.ARM.Collect$$$$00000001)
    .ARM.Collect$$$$00000004                 0x08000134   Section        4  entry5.o(.ARM.Collect$$$$00000004)
    .ARM.Collect$$$$00000008                 0x08000138   Section        0  entry7b.o(.ARM.Collect$$$$00000008)
    .ARM.Collect$$$$0000000A                 0x08000138   Section        0  entry8b.o(.ARM.Collect$$$$0000000A)
    .ARM.Collect$$$$0000000B                 0x08000138   Section        8  entry9a.o(.ARM.Collect$$$$0000000B)
    .ARM.Collect$$$$0000000E                 0x08000140   Section        4  entry12b.o(.ARM.Collect$$$$0000000E)
    .ARM.Collect$$$$0000000F                 0x08000144   Section        0  entry10a.o(.ARM.Collect$$$$0000000F)
    .ARM.Collect$$$$00000011                 0x08000144   Section        0  entry11a.o(.ARM.Collect$$$$00000011)
    .ARM.Collect$$$$00002712                 0x08000144   Section        4  entry2.o(.ARM.Collect$$$$00002712)
    __lit__00000000                          0x08000144   Data           4  entry2.o(.ARM.Collect$$$$00002712)
    .text                                    0x08000148   Section       36  startup_stm32f10x_hd.o(.text)
    .text                                    0x0800016c   Section        0  memcpya.o(.text)
    .text                                    0x08000190   Section        0  memseta.o(.text)
    .text                                    0x080001b4   Section        0  strlen.o(.text)
    .text                                    0x080001c2   Section        0  uidiv.o(.text)
    .text                                    0x080001ee   Section        0  uldiv.o(.text)
    .text                                    0x08000250   Section        0  llushr.o(.text)
    .text                                    0x08000270   Section        0  dadd.o(.text)
    .text                                    0x08000270   Section        0  iusefp.o(.text)
    .text                                    0x080003be   Section        0  dmul.o(.text)
    .text                                    0x080004a2   Section        0  ddiv.o(.text)
    .text                                    0x08000580   Section        0  dfixul.o(.text)
    .text                                    0x080005b0   Section       48  cdrcmple.o(.text)
    .text                                    0x080005e0   Section       36  init.o(.text)
    .text                                    0x08000604   Section        0  llshl.o(.text)
    .text                                    0x08000622   Section        0  llsshr.o(.text)
    .text                                    0x08000646   Section        0  depilogue.o(.text)
    .text                                    0x08000700   Section        0  __dczerorl2.o(.text)
    i.BusFault_Handler                       0x08000756   Section        0  stm32f10x_it.o(i.BusFault_Handler)
    i.CreateSysMAC                           0x08000758   Section        0  mqtt.o(i.CreateSysMAC)
    i.DHCP_init                              0x080007c4   Section        0  dhcp.o(i.DHCP_init)
    i.DMA1_Channel2_IRQHandler               0x08000874   Section        0  stm32f10x_it.o(i.DMA1_Channel2_IRQHandler)
    i.DMA_ClearITPendingBit                  0x0800089c   Section        0  stm32f10x_dma.o(i.DMA_ClearITPendingBit)
    i.DMA_Cmd                                0x080008b8   Section        0  stm32f10x_dma.o(i.DMA_Cmd)
    i.DMA_GetCurrDataCounter                 0x080008d0   Section        0  stm32f10x_dma.o(i.DMA_GetCurrDataCounter)
    i.DMA_GetITStatus                        0x080008d8   Section        0  stm32f10x_dma.o(i.DMA_GetITStatus)
    i.DebugMon_Handler                       0x08000904   Section        0  stm32f10x_it.o(i.DebugMon_Handler)
    i.GPIO_Init                              0x08000906   Section        0  stm32f10x_gpio.o(i.GPIO_Init)
    i.GPIO_PinRemapConfig                    0x08000a1c   Section        0  stm32f10x_gpio.o(i.GPIO_PinRemapConfig)
    i.GPIO_ResetBits                         0x08000aac   Section        0  stm32f10x_gpio.o(i.GPIO_ResetBits)
    i.GPIO_SetBits                           0x08000ab0   Section        0  stm32f10x_gpio.o(i.GPIO_SetBits)
    i.Get_MCU_ID                             0x08000ab4   Section        0  mqtt.o(i.Get_MCU_ID)
    i.HardFault_Handler                      0x08000b30   Section        0  stm32f10x_it.o(i.HardFault_Handler)
    i.IWDG_FeedDog                           0x08000b32   Section        0  iwdg.o(i.IWDG_FeedDog)
    i.IWDG_ReloadCounter                     0x08000b3c   Section        0  stm32f10x_iwdg.o(i.IWDG_ReloadCounter)
    i.IoT_Parameter_Init                     0x08000b4c   Section        0  mqtt.o(i.IoT_Parameter_Init)
    i.JTAGRemapGPIOInit                      0x08000cac   Section        0  spi.o(i.JTAGRemapGPIOInit)
    i.MQTT_PingREQ                           0x08000d04   Section        0  mqtt.o(i.MQTT_PingREQ)
    i.MemManage_Handler                      0x08000d20   Section        0  stm32f10x_it.o(i.MemManage_Handler)
    i.NMI_Handler                            0x08000d22   Section        0  stm32f10x_it.o(i.NMI_Handler)
    i.NVIC_SystemReset                       0x08000d24   Section        0  main.o(i.NVIC_SystemReset)
    NVIC_SystemReset                         0x08000d25   Thumb Code    26  main.o(i.NVIC_SystemReset)
    i.PendSV_Handler                         0x08000d48   Section        0  stm32f10x_it.o(i.PendSV_Handler)
    i.RCC_APB1PeriphClockCmd                 0x08000d4c   Section        0  stm32f10x_rcc.o(i.RCC_APB1PeriphClockCmd)
    i.RCC_APB2PeriphClockCmd                 0x08000d6c   Section        0  stm32f10x_rcc.o(i.RCC_APB2PeriphClockCmd)
    i.RCC_GetClocksFreq                      0x08000d8c   Section        0  stm32f10x_rcc.o(i.RCC_GetClocksFreq)
    i.SPI_CS_Deselect                        0x08000e60   Section        0  spi.o(i.SPI_CS_Deselect)
    i.SPI_CS_Select                          0x08000e74   Section        0  spi.o(i.SPI_CS_Select)
    i.SPI_Cmd                                0x08000e88   Section        0  stm32f10x_spi.o(i.SPI_Cmd)
    i.SPI_Configuration                      0x08000ea0   Section        0  spi.o(i.SPI_Configuration)
    i.SPI_CrisEnter                          0x08000efc   Section        0  spi.o(i.SPI_CrisEnter)
    i.SPI_CrisExit                           0x08000f06   Section        0  spi.o(i.SPI_CrisExit)
    i.SPI_GPIO_Configuration                 0x08000f10   Section        0  spi.o(i.SPI_GPIO_Configuration)
    i.SPI_Init                               0x08000fb4   Section        0  stm32f10x_spi.o(i.SPI_Init)
    i.SPI_ReadByte                           0x08000ff0   Section        0  spi.o(i.SPI_ReadByte)
    i.SPI_SSOutputCmd                        0x08001024   Section        0  stm32f10x_spi.o(i.SPI_SSOutputCmd)
    i.SPI_WriteByte                          0x0800103c   Section        0  spi.o(i.SPI_WriteByte)
    i.SVC_Handler                            0x0800106c   Section        0  stm32f10x_it.o(i.SVC_Handler)
    i.SetSysClock                            0x0800106e   Section        0  system_stm32f10x.o(i.SetSysClock)
    SetSysClock                              0x0800106f   Thumb Code     8  system_stm32f10x.o(i.SetSysClock)
    i.SetSysClockTo72                        0x08001078   Section        0  system_stm32f10x.o(i.SetSysClockTo72)
    SetSysClockTo72                          0x08001079   Thumb Code   214  system_stm32f10x.o(i.SetSysClockTo72)
    i.SysTick_Handler                        0x08001158   Section        0  bsp_timer.o(i.SysTick_Handler)
    i.SysTick_ISR                            0x08001160   Section        0  bsp_timer.o(i.SysTick_ISR)
    i.SystemCoreClockUpdate                  0x080011e4   Section        0  system_stm32f10x.o(i.SystemCoreClockUpdate)
    i.SystemInit                             0x08001288   Section        0  system_stm32f10x.o(i.SystemInit)
    i.TIM2_IRQHandler                        0x080012e8   Section        0  stm32f10x_it.o(i.TIM2_IRQHandler)
    i.TIM_ClearITPendingBit                  0x08001374   Section        0  stm32f10x_tim.o(i.TIM_ClearITPendingBit)
    i.TIM_GetITStatus                        0x0800137a   Section        0  stm32f10x_tim.o(i.TIM_GetITStatus)
    i.TIM_SetCounter                         0x0800139c   Section        0  stm32f10x_tim.o(i.TIM_SetCounter)
    i.TxDataBuf_Deal                         0x080013a0   Section        0  mqtt.o(i.TxDataBuf_Deal)
    i.USART3_IRQHandler                      0x08001404   Section        0  stm32f10x_it.o(i.USART3_IRQHandler)
    i.USART_Cmd                              0x080014ec   Section        0  stm32f10x_usart.o(i.USART_Cmd)
    i.USART_GetITStatus                      0x08001504   Section        0  stm32f10x_usart.o(i.USART_GetITStatus)
    i.USART_Init                             0x08001558   Section        0  stm32f10x_usart.o(i.USART_Init)
    i.UsageFault_Handler                     0x08001630   Section        0  stm32f10x_it.o(i.UsageFault_Handler)
    i.Usart1_Init                            0x08001634   Section        0  usart1.o(i.Usart1_Init)
    i.W5500_init                             0x080016b4   Section        0  main.o(i.W5500_init)
    i.WIZCHIP_READ                           0x080017ec   Section        0  w5500.o(i.WIZCHIP_READ)
    i.WIZCHIP_READ_BUF                       0x08001838   Section        0  w5500.o(i.WIZCHIP_READ_BUF)
    i.WIZCHIP_WRITE                          0x0800189c   Section        0  w5500.o(i.WIZCHIP_WRITE)
    i.WIZCHIP_WRITE_BUF                      0x080018e8   Section        0  w5500.o(i.WIZCHIP_WRITE_BUF)
    i.__0sprintf                             0x0800194c   Section        0  printfa.o(i.__0sprintf)
    i.__0vsprintf                            0x08001974   Section        0  printfa.o(i.__0vsprintf)
    i.__scatterload_copy                     0x08001998   Section       14  handlers.o(i.__scatterload_copy)
    i.__scatterload_null                     0x080019a6   Section        2  handlers.o(i.__scatterload_null)
    i.__scatterload_zeroinit                 0x080019a8   Section       14  handlers.o(i.__scatterload_zeroinit)
    i.__set_PRIMASK                          0x080019b6   Section        0  bsp_timer.o(i.__set_PRIMASK)
    __set_PRIMASK                            0x080019b7   Thumb Code     6  bsp_timer.o(i.__set_PRIMASK)
    i._fp_digits                             0x080019bc   Section        0  printfa.o(i._fp_digits)
    _fp_digits                               0x080019bd   Thumb Code   366  printfa.o(i._fp_digits)
    i._printf_core                           0x08001b40   Section        0  printfa.o(i._printf_core)
    _printf_core                             0x08001b41   Thumb Code  1704  printfa.o(i._printf_core)
    i._printf_post_padding                   0x080021f4   Section        0  printfa.o(i._printf_post_padding)
    _printf_post_padding                     0x080021f5   Thumb Code    36  printfa.o(i._printf_post_padding)
    i._printf_pre_padding                    0x08002218   Section        0  printfa.o(i._printf_pre_padding)
    _printf_pre_padding                      0x08002219   Thumb Code    46  printfa.o(i._printf_pre_padding)
    i._sputc                                 0x08002246   Section        0  printfa.o(i._sputc)
    _sputc                                   0x08002247   Thumb Code    10  printfa.o(i._sputc)
    i.bsp_CheckTimer                         0x08002250   Section        0  bsp_timer.o(i.bsp_CheckTimer)
    i.bsp_DelayMS                            0x08002284   Section        0  bsp_timer.o(i.bsp_DelayMS)
    i.bsp_InitTimer                          0x080022c4   Section        0  bsp_timer.o(i.bsp_InitTimer)
    i.bsp_RunPer10ms                         0x08002364   Section        0  main.o(i.bsp_RunPer10ms)
    i.bsp_RunPer1ms                          0x08002366   Section        0  main.o(i.bsp_RunPer1ms)
    i.bsp_SoftTimerDec                       0x08002368   Section        0  bsp_timer.o(i.bsp_SoftTimerDec)
    bsp_SoftTimerDec                         0x08002369   Thumb Code    28  bsp_timer.o(i.bsp_SoftTimerDec)
    i.bsp_StartAutoTimer                     0x08002384   Section        0  bsp_timer.o(i.bsp_StartAutoTimer)
    i.ctlnetwork                             0x0800241c   Section        0  wizchip_conf.o(i.ctlnetwork)
    i.ctlwizchip                             0x0800246c   Section        0  wizchip_conf.o(i.ctlwizchip)
    i.default_ip_assign                      0x08002584   Section        0  dhcp.o(i.default_ip_assign)
    i.default_ip_conflict                    0x080025b8   Section        0  dhcp.o(i.default_ip_conflict)
    i.default_ip_update                      0x080025dc   Section        0  dhcp.o(i.default_ip_update)
    i.getDHCPLeasetime                       0x08002604   Section        0  dhcp.o(i.getDHCPLeasetime)
    i.getDNSfromDHCP                         0x08002610   Section        0  dhcp.o(i.getDNSfromDHCP)
    i.getGWfromDHCP                          0x08002630   Section        0  dhcp.o(i.getGWfromDHCP)
    i.getIPfromDHCP                          0x08002650   Section        0  dhcp.o(i.getIPfromDHCP)
    i.getSNfromDHCP                          0x08002670   Section        0  dhcp.o(i.getSNfromDHCP)
    i.main                                   0x08002690   Section        0  main.o(i.main)
    i.my_ip_assign                           0x080026c8   Section        0  main.o(i.my_ip_assign)
    i.my_ip_conflict                         0x0800271c   Section        0  main.o(i.my_ip_conflict)
    i.network_init                           0x08002740   Section        0  main.o(i.network_init)
    i.reg_dhcp_cbfunc                        0x08002908   Section        0  dhcp.o(i.reg_dhcp_cbfunc)
    i.reg_wizchip_cris_cbfunc                0x08002948   Section        0  wizchip_conf.o(i.reg_wizchip_cris_cbfunc)
    i.reg_wizchip_cs_cbfunc                  0x08002970   Section        0  wizchip_conf.o(i.reg_wizchip_cs_cbfunc)
    i.reg_wizchip_spi_cbfunc                 0x08002998   Section        0  wizchip_conf.o(i.reg_wizchip_spi_cbfunc)
    i.reset_DHCP_timeout                     0x080029cc   Section        0  dhcp.o(i.reset_DHCP_timeout)
    i.u1_printf                              0x080029ec   Section        0  usart1.o(i.u1_printf)
    i.utils_hb2hex                           0x08002a48   Section        0  utils_md5.o(i.utils_hb2hex)
    i.utils_hmac_sha1                        0x08002a60   Section        0  utils_hmac.o(i.utils_hmac_sha1)
    i.utils_sha1_finish                      0x08002b48   Section        0  utils_sha1.o(i.utils_sha1_finish)
    i.utils_sha1_init                        0x08002c30   Section        0  utils_sha1.o(i.utils_sha1_init)
    i.utils_sha1_process                     0x08002c40   Section        0  utils_sha1.o(i.utils_sha1_process)
    i.utils_sha1_starts                      0x0800455c   Section        0  utils_sha1.o(i.utils_sha1_starts)
    i.utils_sha1_update                      0x08004588   Section        0  utils_sha1.o(i.utils_sha1_update)
    i.wizchip_bus_readbyte                   0x08004604   Section        0  wizchip_conf.o(i.wizchip_bus_readbyte)
    i.wizchip_bus_writebyte                  0x0800460a   Section        0  wizchip_conf.o(i.wizchip_bus_writebyte)
    i.wizchip_clrinterrupt                   0x0800460e   Section        0  wizchip_conf.o(i.wizchip_clrinterrupt)
    i.wizchip_cris_enter                     0x0800462e   Section        0  wizchip_conf.o(i.wizchip_cris_enter)
    i.wizchip_cris_exit                      0x08004630   Section        0  wizchip_conf.o(i.wizchip_cris_exit)
    i.wizchip_cs_deselect                    0x08004632   Section        0  wizchip_conf.o(i.wizchip_cs_deselect)
    i.wizchip_cs_select                      0x08004634   Section        0  wizchip_conf.o(i.wizchip_cs_select)
    i.wizchip_getinterrupt                   0x08004636   Section        0  wizchip_conf.o(i.wizchip_getinterrupt)
    i.wizchip_getinterruptmask               0x08004660   Section        0  wizchip_conf.o(i.wizchip_getinterruptmask)
    i.wizchip_getnetinfo                     0x08004688   Section        0  wizchip_conf.o(i.wizchip_getnetinfo)
    i.wizchip_getnetmode                     0x080046e4   Section        0  wizchip_conf.o(i.wizchip_getnetmode)
    i.wizchip_gettimeout                     0x080046ee   Section        0  wizchip_conf.o(i.wizchip_gettimeout)
    i.wizchip_init                           0x08004716   Section        0  wizchip_conf.o(i.wizchip_init)
    i.wizchip_setinterruptmask               0x080047a6   Section        0  wizchip_conf.o(i.wizchip_setinterruptmask)
    i.wizchip_setnetinfo                     0x080047c4   Section        0  wizchip_conf.o(i.wizchip_setnetinfo)
    i.wizchip_setnetmode                     0x0800481c   Section        0  wizchip_conf.o(i.wizchip_setnetmode)
    i.wizchip_settimeout                     0x08004842   Section        0  wizchip_conf.o(i.wizchip_settimeout)
    i.wizchip_spi_readbyte                   0x08004868   Section        0  wizchip_conf.o(i.wizchip_spi_readbyte)
    i.wizchip_spi_writebyte                  0x0800486c   Section        0  wizchip_conf.o(i.wizchip_spi_writebyte)
    i.wizchip_sw_reset                       0x0800486e   Section        0  wizchip_conf.o(i.wizchip_sw_reset)
    i.wizphy_getphyconf                      0x080048e0   Section        0  wizchip_conf.o(i.wizphy_getphyconf)
    i.wizphy_getphylink                      0x08004958   Section        0  wizchip_conf.o(i.wizphy_getphylink)
    i.wizphy_getphypmode                     0x08004972   Section        0  wizchip_conf.o(i.wizphy_getphypmode)
    i.wizphy_reset                           0x0800498e   Section        0  wizchip_conf.o(i.wizphy_reset)
    i.wizphy_setphyconf                      0x080049c2   Section        0  wizchip_conf.o(i.wizphy_setphyconf)
    i.wizphy_setphypmode                     0x08004a1a   Section        0  wizchip_conf.o(i.wizphy_setphypmode)
    .constdata                               0x08004a80   Section       16  main.o(.constdata)
    .constdata                               0x08004a90   Section       48  bsp_timer.o(.constdata)
    __FUNCTION__                             0x08004a90   Data          15  bsp_timer.o(.constdata)
    __FUNCTION__                             0x08004a9f   Data          19  bsp_timer.o(.constdata)
    __FUNCTION__                             0x08004ab2   Data          14  bsp_timer.o(.constdata)
    .constdata                               0x08004ac0   Section       64  utils_sha1.o(.constdata)
    iot_sha1_padding                         0x08004ac0   Data          64  utils_sha1.o(.constdata)
    .data                                    0x20000000   Section       33  main.o(.data)
    .data                                    0x20000021   Section        2  stm32f10x_it.o(.data)
    feedDogCnt                               0x20000021   Data           1  stm32f10x_it.o(.data)
    loopTo30s                                0x20000022   Data           1  stm32f10x_it.o(.data)
    .data                                    0x20000024   Section      192  mqtt.o(.data)
    .data                                    0x200000e4   Section        9  usart3.o(.data)
    .data                                    0x200000f0   Section       13  bsp_timer.o(.data)
    s_uiDelayCount                           0x200000f0   Data           4  bsp_timer.o(.data)
    s_ucTimeOutFlag                          0x200000f4   Data           1  bsp_timer.o(.data)
    s_count                                  0x200000fc   Data           1  bsp_timer.o(.data)
    .data                                    0x20000100   Section       37  wizchip_conf.o(.data)
    _DNS_                                    0x20000120   Data           4  wizchip_conf.o(.data)
    _DHCP_                                   0x20000124   Data           1  wizchip_conf.o(.data)
    .data                                    0x20000128   Section       76  dhcp.o(.data)
    .data                                    0x20000174   Section       20  system_stm32f10x.o(.data)
    .data                                    0x20000188   Section       20  stm32f10x_rcc.o(.data)
    APBAHBPrescTable                         0x20000188   Data          16  stm32f10x_rcc.o(.data)
    ADCPrescTable                            0x20000198   Data           4  stm32f10x_rcc.o(.data)
    .bss                                     0x2000019c   Section     2071  main.o(.bss)
    .bss                                     0x200009b8   Section      256  usart1.o(.bss)
    .bss                                     0x20000ab8   Section    13312  mqtt.o(.bss)
    .bss                                     0x20003eb8   Section     2048  usart3.o(.bss)
    .bss                                     0x200046b8   Section       48  bsp_timer.o(.bss)
    s_tTmr                                   0x200046b8   Data          48  bsp_timer.o(.bss)
    STACK                                    0x200046e8   Section     1024  startup_stm32f10x_hd.o(STACK)

    Global Symbols

    Symbol Name                              Value     Ov Type        Size  Object(Section)

    BuildAttributes$$THM_ISAv4$P$D$K$B$S$PE$A:L22UL41UL21$X:L11$S22US41US21$IEEE1$IW$USESV6$~STKCKD$USESV7$~SHL$OTIME$ROPI$IEEEJ$EBA8$MICROLIB$REQ8$PRES8$EABIv2 0x00000000   Number         0  anon$$obj.o ABSOLUTE
    __ARM_use_no_argv                        0x00000000   Number         0  main.o ABSOLUTE
    _printf_a                                0x00000000   Number         0  stubs.o ABSOLUTE
    _printf_c                                0x00000000   Number         0  stubs.o ABSOLUTE
    _printf_charcount                        0x00000000   Number         0  stubs.o ABSOLUTE
    _printf_d                                0x00000000   Number         0  stubs.o ABSOLUTE
    _printf_e                                0x00000000   Number         0  stubs.o ABSOLUTE
    _printf_f                                0x00000000   Number         0  stubs.o ABSOLUTE
    _printf_flags                            0x00000000   Number         0  stubs.o ABSOLUTE
    _printf_fp_dec                           0x00000000   Number         0  stubs.o ABSOLUTE
    _printf_fp_hex                           0x00000000   Number         0  stubs.o ABSOLUTE
    _printf_g                                0x00000000   Number         0  stubs.o ABSOLUTE
    _printf_i                                0x00000000   Number         0  stubs.o ABSOLUTE
    _printf_int_dec                          0x00000000   Number         0  stubs.o ABSOLUTE
    _printf_l                                0x00000000   Number         0  stubs.o ABSOLUTE
    _printf_lc                               0x00000000   Number         0  stubs.o ABSOLUTE
    _printf_ll                               0x00000000   Number         0  stubs.o ABSOLUTE
    _printf_lld                              0x00000000   Number         0  stubs.o ABSOLUTE
    _printf_lli                              0x00000000   Number         0  stubs.o ABSOLUTE
    _printf_llo                              0x00000000   Number         0  stubs.o ABSOLUTE
    _printf_llu                              0x00000000   Number         0  stubs.o ABSOLUTE
    _printf_llx                              0x00000000   Number         0  stubs.o ABSOLUTE
    _printf_longlong_dec                     0x00000000   Number         0  stubs.o ABSOLUTE
    _printf_longlong_hex                     0x00000000   Number         0  stubs.o ABSOLUTE
    _printf_longlong_oct                     0x00000000   Number         0  stubs.o ABSOLUTE
    _printf_ls                               0x00000000   Number         0  stubs.o ABSOLUTE
    _printf_mbtowc                           0x00000000   Number         0  stubs.o ABSOLUTE
    _printf_n                                0x00000000   Number         0  stubs.o ABSOLUTE
    _printf_o                                0x00000000   Number         0  stubs.o ABSOLUTE
    _printf_p                                0x00000000   Number         0  stubs.o ABSOLUTE
    _printf_percent                          0x00000000   Number         0  stubs.o ABSOLUTE
    _printf_pre_padding                      0x00000000   Number         0  stubs.o ABSOLUTE
    _printf_return_value                     0x00000000   Number         0  stubs.o ABSOLUTE
    _printf_s                                0x00000000   Number         0  stubs.o ABSOLUTE
    _printf_sizespec                         0x00000000   Number         0  stubs.o ABSOLUTE
    _printf_str                              0x00000000   Number         0  stubs.o ABSOLUTE
    _printf_truncate_signed                  0x00000000   Number         0  stubs.o ABSOLUTE
    _printf_truncate_unsigned                0x00000000   Number         0  stubs.o ABSOLUTE
    _printf_u                                0x00000000   Number         0  stubs.o ABSOLUTE
    _printf_wc                               0x00000000   Number         0  stubs.o ABSOLUTE
    _printf_wctomb                           0x00000000   Number         0  stubs.o ABSOLUTE
    _printf_widthprec                        0x00000000   Number         0  stubs.o ABSOLUTE
    _printf_x                                0x00000000   Number         0  stubs.o ABSOLUTE
    __arm_fini_                               - Undefined Weak Reference
    __cpp_initialize__aeabi_                  - Undefined Weak Reference
    __cxa_finalize                            - Undefined Weak Reference
    _clock_init                               - Undefined Weak Reference
    _microlib_exit                            - Undefined Weak Reference
    _scanf_longlong                           - Undefined Weak Reference
    __Vectors_Size                           0x00000130   Number         0  startup_stm32f10x_hd.o ABSOLUTE
    __Vectors                                0x08000000   Data           4  startup_stm32f10x_hd.o(RESET)
    __Vectors_End                            0x08000130   Data           0  startup_stm32f10x_hd.o(RESET)
    __main                                   0x08000131   Thumb Code     0  entry.o(.ARM.Collect$$$$00000000)
    _main_stk                                0x08000131   Thumb Code     0  entry2.o(.ARM.Collect$$$$00000001)
    _main_scatterload                        0x08000135   Thumb Code     0  entry5.o(.ARM.Collect$$$$00000004)
    __main_after_scatterload                 0x08000139   Thumb Code     0  entry5.o(.ARM.Collect$$$$00000004)
    _main_clock                              0x08000139   Thumb Code     0  entry7b.o(.ARM.Collect$$$$00000008)
    _main_cpp_init                           0x08000139   Thumb Code     0  entry8b.o(.ARM.Collect$$$$0000000A)
    _main_init                               0x08000139   Thumb Code     0  entry9a.o(.ARM.Collect$$$$0000000B)
    __rt_lib_shutdown_fini                   0x08000141   Thumb Code     0  entry12b.o(.ARM.Collect$$$$0000000E)
    __rt_final_cpp                           0x08000145   Thumb Code     0  entry10a.o(.ARM.Collect$$$$0000000F)
    __rt_final_exit                          0x08000145   Thumb Code     0  entry11a.o(.ARM.Collect$$$$00000011)
    Reset_Handler                            0x08000149   Thumb Code     8  startup_stm32f10x_hd.o(.text)
    ADC1_2_IRQHandler                        0x08000163   Thumb Code     0  startup_stm32f10x_hd.o(.text)
    ADC3_IRQHandler                          0x08000163   Thumb Code     0  startup_stm32f10x_hd.o(.text)
    CAN1_RX1_IRQHandler                      0x08000163   Thumb Code     0  startup_stm32f10x_hd.o(.text)
    CAN1_SCE_IRQHandler                      0x08000163   Thumb Code     0  startup_stm32f10x_hd.o(.text)
    DMA1_Channel1_IRQHandler                 0x08000163   Thumb Code     0  startup_stm32f10x_hd.o(.text)
    DMA1_Channel3_IRQHandler                 0x08000163   Thumb Code     0  startup_stm32f10x_hd.o(.text)
    DMA1_Channel4_IRQHandler                 0x08000163   Thumb Code     0  startup_stm32f10x_hd.o(.text)
    DMA1_Channel5_IRQHandler                 0x08000163   Thumb Code     0  startup_stm32f10x_hd.o(.text)
    DMA1_Channel6_IRQHandler                 0x08000163   Thumb Code     0  startup_stm32f10x_hd.o(.text)
    DMA1_Channel7_IRQHandler                 0x08000163   Thumb Code     0  startup_stm32f10x_hd.o(.text)
    DMA2_Channel1_IRQHandler                 0x08000163   Thumb Code     0  startup_stm32f10x_hd.o(.text)
    DMA2_Channel2_IRQHandler                 0x08000163   Thumb Code     0  startup_stm32f10x_hd.o(.text)
    DMA2_Channel3_IRQHandler                 0x08000163   Thumb Code     0  startup_stm32f10x_hd.o(.text)
    DMA2_Channel4_5_IRQHandler               0x08000163   Thumb Code     0  startup_stm32f10x_hd.o(.text)
    EXTI0_IRQHandler                         0x08000163   Thumb Code     0  startup_stm32f10x_hd.o(.text)
    EXTI15_10_IRQHandler                     0x08000163   Thumb Code     0  startup_stm32f10x_hd.o(.text)
    EXTI1_IRQHandler                         0x08000163   Thumb Code     0  startup_stm32f10x_hd.o(.text)
    EXTI2_IRQHandler                         0x08000163   Thumb Code     0  startup_stm32f10x_hd.o(.text)
    EXTI3_IRQHandler                         0x08000163   Thumb Code     0  startup_stm32f10x_hd.o(.text)
    EXTI4_IRQHandler                         0x08000163   Thumb Code     0  startup_stm32f10x_hd.o(.text)
    EXTI9_5_IRQHandler                       0x08000163   Thumb Code     0  startup_stm32f10x_hd.o(.text)
    FLASH_IRQHandler                         0x08000163   Thumb Code     0  startup_stm32f10x_hd.o(.text)
    FSMC_IRQHandler                          0x08000163   Thumb Code     0  startup_stm32f10x_hd.o(.text)
    I2C1_ER_IRQHandler                       0x08000163   Thumb Code     0  startup_stm32f10x_hd.o(.text)
    I2C1_EV_IRQHandler                       0x08000163   Thumb Code     0  startup_stm32f10x_hd.o(.text)
    I2C2_ER_IRQHandler                       0x08000163   Thumb Code     0  startup_stm32f10x_hd.o(.text)
    I2C2_EV_IRQHandler                       0x08000163   Thumb Code     0  startup_stm32f10x_hd.o(.text)
    PVD_IRQHandler                           0x08000163   Thumb Code     0  startup_stm32f10x_hd.o(.text)
    RCC_IRQHandler                           0x08000163   Thumb Code     0  startup_stm32f10x_hd.o(.text)
    RTCAlarm_IRQHandler                      0x08000163   Thumb Code     0  startup_stm32f10x_hd.o(.text)
    RTC_IRQHandler                           0x08000163   Thumb Code     0  startup_stm32f10x_hd.o(.text)
    SDIO_IRQHandler                          0x08000163   Thumb Code     0  startup_stm32f10x_hd.o(.text)
    SPI1_IRQHandler                          0x08000163   Thumb Code     0  startup_stm32f10x_hd.o(.text)
    SPI2_IRQHandler                          0x08000163   Thumb Code     0  startup_stm32f10x_hd.o(.text)
    SPI3_IRQHandler                          0x08000163   Thumb Code     0  startup_stm32f10x_hd.o(.text)
    TAMPER_IRQHandler                        0x08000163   Thumb Code     0  startup_stm32f10x_hd.o(.text)
    TIM1_BRK_IRQHandler                      0x08000163   Thumb Code     0  startup_stm32f10x_hd.o(.text)
    TIM1_CC_IRQHandler                       0x08000163   Thumb Code     0  startup_stm32f10x_hd.o(.text)
    TIM1_TRG_COM_IRQHandler                  0x08000163   Thumb Code     0  startup_stm32f10x_hd.o(.text)
    TIM1_UP_IRQHandler                       0x08000163   Thumb Code     0  startup_stm32f10x_hd.o(.text)
    TIM3_IRQHandler                          0x08000163   Thumb Code     0  startup_stm32f10x_hd.o(.text)
    TIM4_IRQHandler                          0x08000163   Thumb Code     0  startup_stm32f10x_hd.o(.text)
    TIM5_IRQHandler                          0x08000163   Thumb Code     0  startup_stm32f10x_hd.o(.text)
    TIM6_IRQHandler                          0x08000163   Thumb Code     0  startup_stm32f10x_hd.o(.text)
    TIM7_IRQHandler                          0x08000163   Thumb Code     0  startup_stm32f10x_hd.o(.text)
    TIM8_BRK_IRQHandler                      0x08000163   Thumb Code     0  startup_stm32f10x_hd.o(.text)
    TIM8_CC_IRQHandler                       0x08000163   Thumb Code     0  startup_stm32f10x_hd.o(.text)
    TIM8_TRG_COM_IRQHandler                  0x08000163   Thumb Code     0  startup_stm32f10x_hd.o(.text)
    TIM8_UP_IRQHandler                       0x08000163   Thumb Code     0  startup_stm32f10x_hd.o(.text)
    UART4_IRQHandler                         0x08000163   Thumb Code     0  startup_stm32f10x_hd.o(.text)
    UART5_IRQHandler                         0x08000163   Thumb Code     0  startup_stm32f10x_hd.o(.text)
    USART1_IRQHandler                        0x08000163   Thumb Code     0  startup_stm32f10x_hd.o(.text)
    USART2_IRQHandler                        0x08000163   Thumb Code     0  startup_stm32f10x_hd.o(.text)
    USBWakeUp_IRQHandler                     0x08000163   Thumb Code     0  startup_stm32f10x_hd.o(.text)
    USB_HP_CAN1_TX_IRQHandler                0x08000163   Thumb Code     0  startup_stm32f10x_hd.o(.text)
    USB_LP_CAN1_RX0_IRQHandler               0x08000163   Thumb Code     0  startup_stm32f10x_hd.o(.text)
    WWDG_IRQHandler                          0x08000163   Thumb Code     0  startup_stm32f10x_hd.o(.text)
    __aeabi_memcpy                           0x0800016d   Thumb Code    36  memcpya.o(.text)
    __aeabi_memcpy4                          0x0800016d   Thumb Code     0  memcpya.o(.text)
    __aeabi_memcpy8                          0x0800016d   Thumb Code     0  memcpya.o(.text)
    __aeabi_memset                           0x08000191   Thumb Code    14  memseta.o(.text)
    __aeabi_memset4                          0x08000191   Thumb Code     0  memseta.o(.text)
    __aeabi_memset8                          0x08000191   Thumb Code     0  memseta.o(.text)
    __aeabi_memclr                           0x0800019f   Thumb Code     4  memseta.o(.text)
    __aeabi_memclr4                          0x0800019f   Thumb Code     0  memseta.o(.text)
    __aeabi_memclr8                          0x0800019f   Thumb Code     0  memseta.o(.text)
    _memset$wrapper                          0x080001a3   Thumb Code    18  memseta.o(.text)
    strlen                                   0x080001b5   Thumb Code    14  strlen.o(.text)
    __aeabi_uidiv                            0x080001c3   Thumb Code     0  uidiv.o(.text)
    __aeabi_uidivmod                         0x080001c3   Thumb Code    44  uidiv.o(.text)
    __aeabi_uldivmod                         0x080001ef   Thumb Code    98  uldiv.o(.text)
    __aeabi_llsr                             0x08000251   Thumb Code    32  llushr.o(.text)
    _ll_ushift_r                             0x08000251   Thumb Code     0  llushr.o(.text)
    __I$use$fp                               0x08000271   Thumb Code     0  iusefp.o(.text)
    __aeabi_dadd                             0x08000271   Thumb Code   322  dadd.o(.text)
    __aeabi_dsub                             0x080003b3   Thumb Code     6  dadd.o(.text)
    __aeabi_drsub                            0x080003b9   Thumb Code     6  dadd.o(.text)
    __aeabi_dmul                             0x080003bf   Thumb Code   228  dmul.o(.text)
    __aeabi_ddiv                             0x080004a3   Thumb Code   222  ddiv.o(.text)
    __aeabi_d2ulz                            0x08000581   Thumb Code    48  dfixul.o(.text)
    __aeabi_cdrcmple                         0x080005b1   Thumb Code    48  cdrcmple.o(.text)
    __scatterload                            0x080005e1   Thumb Code    28  init.o(.text)
    __scatterload_rt2                        0x080005e1   Thumb Code     0  init.o(.text)
    __aeabi_llsl                             0x08000605   Thumb Code    30  llshl.o(.text)
    _ll_shift_l                              0x08000605   Thumb Code     0  llshl.o(.text)
    __aeabi_lasr                             0x08000623   Thumb Code    36  llsshr.o(.text)
    _ll_sshift_r                             0x08000623   Thumb Code     0  llsshr.o(.text)
    _double_round                            0x08000647   Thumb Code    30  depilogue.o(.text)
    _double_epilogue                         0x08000665   Thumb Code   156  depilogue.o(.text)
    __decompress                             0x08000701   Thumb Code     0  __dczerorl2.o(.text)
    __decompress1                            0x08000701   Thumb Code    86  __dczerorl2.o(.text)
    BusFault_Handler                         0x08000757   Thumb Code     2  stm32f10x_it.o(i.BusFault_Handler)
    CreateSysMAC                             0x08000759   Thumb Code   108  mqtt.o(i.CreateSysMAC)
    DHCP_init                                0x080007c5   Thumb Code   150  dhcp.o(i.DHCP_init)
    DMA1_Channel2_IRQHandler                 0x08000875   Thumb Code    32  stm32f10x_it.o(i.DMA1_Channel2_IRQHandler)
    DMA_ClearITPendingBit                    0x0800089d   Thumb Code    18  stm32f10x_dma.o(i.DMA_ClearITPendingBit)
    DMA_Cmd                                  0x080008b9   Thumb Code    24  stm32f10x_dma.o(i.DMA_Cmd)
    DMA_GetCurrDataCounter                   0x080008d1   Thumb Code     8  stm32f10x_dma.o(i.DMA_GetCurrDataCounter)
    DMA_GetITStatus                          0x080008d9   Thumb Code    36  stm32f10x_dma.o(i.DMA_GetITStatus)
    DebugMon_Handler                         0x08000905   Thumb Code     2  stm32f10x_it.o(i.DebugMon_Handler)
    GPIO_Init                                0x08000907   Thumb Code   278  stm32f10x_gpio.o(i.GPIO_Init)
    GPIO_PinRemapConfig                      0x08000a1d   Thumb Code   138  stm32f10x_gpio.o(i.GPIO_PinRemapConfig)
    GPIO_ResetBits                           0x08000aad   Thumb Code     4  stm32f10x_gpio.o(i.GPIO_ResetBits)
    GPIO_SetBits                             0x08000ab1   Thumb Code     4  stm32f10x_gpio.o(i.GPIO_SetBits)
    Get_MCU_ID                               0x08000ab5   Thumb Code   118  mqtt.o(i.Get_MCU_ID)
    HardFault_Handler                        0x08000b31   Thumb Code     2  stm32f10x_it.o(i.HardFault_Handler)
    IWDG_FeedDog                             0x08000b33   Thumb Code     8  iwdg.o(i.IWDG_FeedDog)
    IWDG_ReloadCounter                       0x08000b3d   Thumb Code    10  stm32f10x_iwdg.o(i.IWDG_ReloadCounter)
    IoT_Parameter_Init                       0x08000b4d   Thumb Code   190  mqtt.o(i.IoT_Parameter_Init)
    JTAGRemapGPIOInit                        0x08000cad   Thumb Code    74  spi.o(i.JTAGRemapGPIOInit)
    MQTT_PingREQ                             0x08000d05   Thumb Code    22  mqtt.o(i.MQTT_PingREQ)
    MemManage_Handler                        0x08000d21   Thumb Code     2  stm32f10x_it.o(i.MemManage_Handler)
    NMI_Handler                              0x08000d23   Thumb Code     2  stm32f10x_it.o(i.NMI_Handler)
    PendSV_Handler                           0x08000d49   Thumb Code     2  stm32f10x_it.o(i.PendSV_Handler)
    RCC_APB1PeriphClockCmd                   0x08000d4d   Thumb Code    26  stm32f10x_rcc.o(i.RCC_APB1PeriphClockCmd)
    RCC_APB2PeriphClockCmd                   0x08000d6d   Thumb Code    26  stm32f10x_rcc.o(i.RCC_APB2PeriphClockCmd)
    RCC_GetClocksFreq                        0x08000d8d   Thumb Code   192  stm32f10x_rcc.o(i.RCC_GetClocksFreq)
    SPI_CS_Deselect                          0x08000e61   Thumb Code    14  spi.o(i.SPI_CS_Deselect)
    SPI_CS_Select                            0x08000e75   Thumb Code    14  spi.o(i.SPI_CS_Select)
    SPI_Cmd                                  0x08000e89   Thumb Code    24  stm32f10x_spi.o(i.SPI_Cmd)
    SPI_Configuration                        0x08000ea1   Thumb Code    88  spi.o(i.SPI_Configuration)
    SPI_CrisEnter                            0x08000efd   Thumb Code    10  spi.o(i.SPI_CrisEnter)
    SPI_CrisExit                             0x08000f07   Thumb Code    10  spi.o(i.SPI_CrisExit)
    SPI_GPIO_Configuration                   0x08000f11   Thumb Code   156  spi.o(i.SPI_GPIO_Configuration)
    SPI_Init                                 0x08000fb5   Thumb Code    60  stm32f10x_spi.o(i.SPI_Init)
    SPI_ReadByte                             0x08000ff1   Thumb Code    46  spi.o(i.SPI_ReadByte)
    SPI_SSOutputCmd                          0x08001025   Thumb Code    24  stm32f10x_spi.o(i.SPI_SSOutputCmd)
    SPI_WriteByte                            0x0800103d   Thumb Code    42  spi.o(i.SPI_WriteByte)
    SVC_Handler                              0x0800106d   Thumb Code     2  stm32f10x_it.o(i.SVC_Handler)
    SysTick_Handler                          0x08001159   Thumb Code     8  bsp_timer.o(i.SysTick_Handler)
    SysTick_ISR                              0x08001161   Thumb Code   110  bsp_timer.o(i.SysTick_ISR)
    SystemCoreClockUpdate                    0x080011e5   Thumb Code   142  system_stm32f10x.o(i.SystemCoreClockUpdate)
    SystemInit                               0x08001289   Thumb Code    78  system_stm32f10x.o(i.SystemInit)
    TIM2_IRQHandler                          0x080012e9   Thumb Code   116  stm32f10x_it.o(i.TIM2_IRQHandler)
    TIM_ClearITPendingBit                    0x08001375   Thumb Code     6  stm32f10x_tim.o(i.TIM_ClearITPendingBit)
    TIM_GetITStatus                          0x0800137b   Thumb Code    34  stm32f10x_tim.o(i.TIM_GetITStatus)
    TIM_SetCounter                           0x0800139d   Thumb Code     4  stm32f10x_tim.o(i.TIM_SetCounter)
    TxDataBuf_Deal                           0x080013a1   Thumb Code    86  mqtt.o(i.TxDataBuf_Deal)
    USART3_IRQHandler                        0x08001405   Thumb Code   200  stm32f10x_it.o(i.USART3_IRQHandler)
    USART_Cmd                                0x080014ed   Thumb Code    24  stm32f10x_usart.o(i.USART_Cmd)
    USART_GetITStatus                        0x08001505   Thumb Code    84  stm32f10x_usart.o(i.USART_GetITStatus)
    USART_Init                               0x08001559   Thumb Code   210  stm32f10x_usart.o(i.USART_Init)
    UsageFault_Handler                       0x08001631   Thumb Code     2  stm32f10x_it.o(i.UsageFault_Handler)
    Usart1_Init                              0x08001635   Thumb Code   118  usart1.o(i.Usart1_Init)
    W5500_init                               0x080016b5   Thumb Code   178  main.o(i.W5500_init)
    WIZCHIP_READ                             0x080017ed   Thumb Code    70  w5500.o(i.WIZCHIP_READ)
    WIZCHIP_READ_BUF                         0x08001839   Thumb Code    94  w5500.o(i.WIZCHIP_READ_BUF)
    WIZCHIP_WRITE                            0x0800189d   Thumb Code    72  w5500.o(i.WIZCHIP_WRITE)
    WIZCHIP_WRITE_BUF                        0x080018e9   Thumb Code    96  w5500.o(i.WIZCHIP_WRITE_BUF)
    __0sprintf                               0x0800194d   Thumb Code    34  printfa.o(i.__0sprintf)
    __1sprintf                               0x0800194d   Thumb Code     0  printfa.o(i.__0sprintf)
    __2sprintf                               0x0800194d   Thumb Code     0  printfa.o(i.__0sprintf)
    __c89sprintf                             0x0800194d   Thumb Code     0  printfa.o(i.__0sprintf)
    sprintf                                  0x0800194d   Thumb Code     0  printfa.o(i.__0sprintf)
    __0vsprintf                              0x08001975   Thumb Code    30  printfa.o(i.__0vsprintf)
    __1vsprintf                              0x08001975   Thumb Code     0  printfa.o(i.__0vsprintf)
    __2vsprintf                              0x08001975   Thumb Code     0  printfa.o(i.__0vsprintf)
    __c89vsprintf                            0x08001975   Thumb Code     0  printfa.o(i.__0vsprintf)
    vsprintf                                 0x08001975   Thumb Code     0  printfa.o(i.__0vsprintf)
    __scatterload_copy                       0x08001999   Thumb Code    14  handlers.o(i.__scatterload_copy)
    __scatterload_null                       0x080019a7   Thumb Code     2  handlers.o(i.__scatterload_null)
    __scatterload_zeroinit                   0x080019a9   Thumb Code    14  handlers.o(i.__scatterload_zeroinit)
    bsp_CheckTimer                           0x08002251   Thumb Code    48  bsp_timer.o(i.bsp_CheckTimer)
    bsp_DelayMS                              0x08002285   Thumb Code    54  bsp_timer.o(i.bsp_DelayMS)
    bsp_InitTimer                            0x080022c5   Thumb Code   142  bsp_timer.o(i.bsp_InitTimer)
    bsp_RunPer10ms                           0x08002365   Thumb Code     2  main.o(i.bsp_RunPer10ms)
    bsp_RunPer1ms                            0x08002367   Thumb Code     2  main.o(i.bsp_RunPer1ms)
    bsp_StartAutoTimer                       0x08002385   Thumb Code    84  bsp_timer.o(i.bsp_StartAutoTimer)
    ctlnetwork                               0x0800241d   Thumb Code    80  wizchip_conf.o(i.ctlnetwork)
    ctlwizchip                               0x0800246d   Thumb Code   276  wizchip_conf.o(i.ctlwizchip)
    default_ip_assign                        0x08002585   Thumb Code    38  dhcp.o(i.default_ip_assign)
    default_ip_conflict                      0x080025b9   Thumb Code    30  dhcp.o(i.default_ip_conflict)
    default_ip_update                        0x080025dd   Thumb Code    34  dhcp.o(i.default_ip_update)
    getDHCPLeasetime                         0x08002605   Thumb Code     6  dhcp.o(i.getDHCPLeasetime)
    getDNSfromDHCP                           0x08002611   Thumb Code    26  dhcp.o(i.getDNSfromDHCP)
    getGWfromDHCP                            0x08002631   Thumb Code    26  dhcp.o(i.getGWfromDHCP)
    getIPfromDHCP                            0x08002651   Thumb Code    26  dhcp.o(i.getIPfromDHCP)
    getSNfromDHCP                            0x08002671   Thumb Code    26  dhcp.o(i.getSNfromDHCP)
    main                                     0x08002691   Thumb Code    48  main.o(i.main)
    my_ip_assign                             0x080026c9   Thumb Code    60  main.o(i.my_ip_assign)
    my_ip_conflict                           0x0800271d   Thumb Code    10  main.o(i.my_ip_conflict)
    network_init                             0x08002741   Thumb Code   206  main.o(i.network_init)
    reg_dhcp_cbfunc                          0x08002909   Thumb Code    40  dhcp.o(i.reg_dhcp_cbfunc)
    reg_wizchip_cris_cbfunc                  0x08002949   Thumb Code    26  wizchip_conf.o(i.reg_wizchip_cris_cbfunc)
    reg_wizchip_cs_cbfunc                    0x08002971   Thumb Code    26  wizchip_conf.o(i.reg_wizchip_cs_cbfunc)
    reg_wizchip_spi_cbfunc                   0x08002999   Thumb Code    40  wizchip_conf.o(i.reg_wizchip_spi_cbfunc)
    reset_DHCP_timeout                       0x080029cd   Thumb Code    20  dhcp.o(i.reset_DHCP_timeout)
    u1_printf                                0x080029ed   Thumb Code    84  usart1.o(i.u1_printf)
    utils_hb2hex                             0x08002a49   Thumb Code    24  utils_md5.o(i.utils_hb2hex)
    utils_hmac_sha1                          0x08002a61   Thumb Code   232  utils_hmac.o(i.utils_hmac_sha1)
    utils_sha1_finish                        0x08002b49   Thumb Code   228  utils_sha1.o(i.utils_sha1_finish)
    utils_sha1_init                          0x08002c31   Thumb Code    14  utils_sha1.o(i.utils_sha1_init)
    utils_sha1_process                       0x08002c41   Thumb Code  6420  utils_sha1.o(i.utils_sha1_process)
    utils_sha1_starts                        0x0800455d   Thumb Code    30  utils_sha1.o(i.utils_sha1_starts)
    utils_sha1_update                        0x08004589   Thumb Code   124  utils_sha1.o(i.utils_sha1_update)
    wizchip_bus_readbyte                     0x08004605   Thumb Code     6  wizchip_conf.o(i.wizchip_bus_readbyte)
    wizchip_bus_writebyte                    0x0800460b   Thumb Code     4  wizchip_conf.o(i.wizchip_bus_writebyte)
    wizchip_clrinterrupt                     0x0800460f   Thumb Code    32  wizchip_conf.o(i.wizchip_clrinterrupt)
    wizchip_cris_enter                       0x0800462f   Thumb Code     2  wizchip_conf.o(i.wizchip_cris_enter)
    wizchip_cris_exit                        0x08004631   Thumb Code     2  wizchip_conf.o(i.wizchip_cris_exit)
    wizchip_cs_deselect                      0x08004633   Thumb Code     2  wizchip_conf.o(i.wizchip_cs_deselect)
    wizchip_cs_select                        0x08004635   Thumb Code     2  wizchip_conf.o(i.wizchip_cs_select)
    wizchip_getinterrupt                     0x08004637   Thumb Code    42  wizchip_conf.o(i.wizchip_getinterrupt)
    wizchip_getinterruptmask                 0x08004661   Thumb Code    40  wizchip_conf.o(i.wizchip_getinterruptmask)
    wizchip_getnetinfo                       0x08004689   Thumb Code    82  wizchip_conf.o(i.wizchip_getnetinfo)
    wizchip_getnetmode                       0x080046e5   Thumb Code    10  wizchip_conf.o(i.wizchip_getnetmode)
    wizchip_gettimeout                       0x080046ef   Thumb Code    40  wizchip_conf.o(i.wizchip_gettimeout)
    wizchip_init                             0x08004717   Thumb Code   144  wizchip_conf.o(i.wizchip_init)
    wizchip_setinterruptmask                 0x080047a7   Thumb Code    30  wizchip_conf.o(i.wizchip_setinterruptmask)
    wizchip_setnetinfo                       0x080047c5   Thumb Code    80  wizchip_conf.o(i.wizchip_setnetinfo)
    wizchip_setnetmode                       0x0800481d   Thumb Code    38  wizchip_conf.o(i.wizchip_setnetmode)
    wizchip_settimeout                       0x08004843   Thumb Code    38  wizchip_conf.o(i.wizchip_settimeout)
    wizchip_spi_readbyte                     0x08004869   Thumb Code     4  wizchip_conf.o(i.wizchip_spi_readbyte)
    wizchip_spi_writebyte                    0x0800486d   Thumb Code     2  wizchip_conf.o(i.wizchip_spi_writebyte)
    wizchip_sw_reset                         0x0800486f   Thumb Code   114  wizchip_conf.o(i.wizchip_sw_reset)
    wizphy_getphyconf                        0x080048e1   Thumb Code   120  wizchip_conf.o(i.wizphy_getphyconf)
    wizphy_getphylink                        0x08004959   Thumb Code    26  wizchip_conf.o(i.wizphy_getphylink)
    wizphy_getphypmode                       0x08004973   Thumb Code    28  wizchip_conf.o(i.wizphy_getphypmode)
    wizphy_reset                             0x0800498f   Thumb Code    52  wizchip_conf.o(i.wizphy_reset)
    wizphy_setphyconf                        0x080049c3   Thumb Code    88  wizchip_conf.o(i.wizphy_setphyconf)
    wizphy_setphypmode                       0x08004a1b   Thumb Code   100  wizchip_conf.o(i.wizphy_setphypmode)
    Region$$Table$$Base                      0x08004b00   Number         0  anon$$obj.o(Region$$Table)
    Region$$Table$$Limit                     0x08004b20   Number         0  anon$$obj.o(Region$$Table)
    DNS_flag                                 0x20000000   Data           1  main.o(.data)
    tcp_state                                0x20000004   Data           4  main.o(.data)
    temp_state                               0x20000008   Data           4  main.o(.data)
    my_dhcp_retry                            0x2000000c   Data           1  main.o(.data)
    g_statusChanged                          0x2000000d   Data           1  main.o(.data)
    g_connectPackFlag                        0x2000000e   Data           1  main.o(.data)
    g_subcribePackFlag                       0x2000000f   Data           1  main.o(.data)
    g_connectFlag                            0x20000010   Data           1  main.o(.data)
    g_timeJiffies                            0x20000014   Data           4  main.o(.data)
    resetCnt_x30s                            0x20000018   Data           1  main.o(.data)
    longTimeReset_x30s                       0x2000001c   Data           4  main.o(.data)
    sub_ok                                   0x20000020   Data           1  main.o(.data)
    MQTT_RxDataInPtr                         0x20000024   Data           4  mqtt.o(.data)
    MQTT_RxDataOutPtr                        0x20000028   Data           4  mqtt.o(.data)
    MQTT_RxDataEndPtr                        0x2000002c   Data           4  mqtt.o(.data)
    MQTT_TxDataInPtr                         0x20000030   Data           4  mqtt.o(.data)
    MQTT_TxDataOutPtr                        0x20000034   Data           4  mqtt.o(.data)
    MQTT_TxDataEndPtr                        0x20000038   Data           4  mqtt.o(.data)
    MQTT_CMDInPtr                            0x2000003c   Data           4  mqtt.o(.data)
    MQTT_CMDOutPtr                           0x20000040   Data           4  mqtt.o(.data)
    MQTT_CMDEndPtr                           0x20000044   Data           4  mqtt.o(.data)
    ClientID_len                             0x20000048   Data           4  mqtt.o(.data)
    Username_len                             0x2000004c   Data           4  mqtt.o(.data)
    Passward_len                             0x20000050   Data           4  mqtt.o(.data)
    ServerPort                               0x20000054   Data           4  mqtt.o(.data)
    Fixed_len                                0x20000058   Data           4  mqtt.o(.data)
    Variable_len                             0x2000005c   Data           4  mqtt.o(.data)
    Payload_len                              0x20000060   Data           4  mqtt.o(.data)
    Stopic_Buff                              0x20000064   Data         128  mqtt.o(.data)
    Usart3_RxCompleted                       0x200000e4   Data           1  usart3.o(.data)
    Usart3_RxCounter                         0x200000e8   Data           4  usart3.o(.data)
    DMA_flag                                 0x200000ec   Data           1  usart3.o(.data)
    g_iRunTime                               0x200000f8   Data           4  bsp_timer.o(.data)
    WIZCHIP                                  0x20000100   Data          32  wizchip_conf.o(.data)
    DHCP_SOCKET                              0x20000128   Data           1  dhcp.o(.data)
    DHCP_SIP                                 0x20000129   Data           4  dhcp.o(.data)
    OLD_allocated_ip                         0x2000012d   Data           4  dhcp.o(.data)
    DHCP_allocated_ip                        0x20000131   Data           4  dhcp.o(.data)
    DHCP_allocated_gw                        0x20000135   Data           4  dhcp.o(.data)
    DHCP_allocated_sn                        0x20000139   Data           4  dhcp.o(.data)
    DHCP_allocated_dns                       0x2000013d   Data           4  dhcp.o(.data)
    dhcp_state                               0x20000141   Data           1  dhcp.o(.data)
    dhcp_retry_count                         0x20000142   Data           1  dhcp.o(.data)
    dhcp_lease_time                          0x20000144   Data           4  dhcp.o(.data)
    dhcp_tick_1s                             0x20000148   Data           4  dhcp.o(.data)
    dhcp_tick_next                           0x2000014c   Data           4  dhcp.o(.data)
    DHCP_XID                                 0x20000150   Data           4  dhcp.o(.data)
    pDHCPMSG                                 0x20000154   Data           4  dhcp.o(.data)
    HOST_NAME                                0x20000158   Data           8  dhcp.o(.data)
    DHCP_CHADDR                              0x20000160   Data           6  dhcp.o(.data)
    dhcp_ip_assign                           0x20000168   Data           4  dhcp.o(.data)
    dhcp_ip_update                           0x2000016c   Data           4  dhcp.o(.data)
    dhcp_ip_conflict                         0x20000170   Data           4  dhcp.o(.data)
    SystemCoreClock                          0x20000174   Data           4  system_stm32f10x.o(.data)
    AHBPrescTable                            0x20000178   Data          16  system_stm32f10x.o(.data)
    gWIZNETINFO                              0x2000019c   Data          23  main.o(.bss)
    gDATABUF                                 0x200001b3   Data        2048  main.o(.bss)
    Usart1_TxBuff                            0x200009b8   Data         256  usart1.o(.bss)
    MQTT_RxDataBuf                           0x20000ab8   Data        4096  mqtt.o(.bss)
    MQTT_TxDataBuf                           0x20001ab8   Data        4096  mqtt.o(.bss)
    MQTT_CMDBuf                              0x20002ab8   Data        4096  mqtt.o(.bss)
    ClientID                                 0x20003ab8   Data         128  mqtt.o(.bss)
    Username                                 0x20003b38   Data         128  mqtt.o(.bss)
    Passward                                 0x20003bb8   Data         128  mqtt.o(.bss)
    ServerIP                                 0x20003c38   Data         128  mqtt.o(.bss)
    temp_buff                                0x20003cb8   Data         512  mqtt.o(.bss)
    Usart3_RxBuff                            0x20003eb8   Data        1024  usart3.o(.bss)
    Usart3_TxBuff                            0x200042b8   Data        1024  usart3.o(.bss)
    __initial_sp                             0x20004ae8   Data           0  startup_stm32f10x_hd.o(STACK)



==============================================================================

Memory Map of the image

  Image Entry point : 0x08000149

  Load Region LR_1 (Base: 0x08000000, Size: 0x00004cbc, Max: 0xffffffff, ABSOLUTE, COMPRESSED[0x00004b7c])

    Execution Region ER_RO (Exec base: 0x08000000, Load base: 0x08000000, Size: 0x00004b20, Max: 0xffffffff, ABSOLUTE)

    Exec Addr    Load Addr    Size         Type   Attr      Idx    E Section Name        Object

    0x08000000   0x08000000   0x00000130   Data   RO         1335    RESET               startup_stm32f10x_hd.o
    0x08000130   0x08000130   0x00000000   Code   RO         3122  * .ARM.Collect$$$$00000000  mc_w.l(entry.o)
    0x08000130   0x08000130   0x00000004   Code   RO         3406    .ARM.Collect$$$$00000001  mc_w.l(entry2.o)
    0x08000134   0x08000134   0x00000004   Code   RO         3409    .ARM.Collect$$$$00000004  mc_w.l(entry5.o)
    0x08000138   0x08000138   0x00000000   Code   RO         3411    .ARM.Collect$$$$00000008  mc_w.l(entry7b.o)
    0x08000138   0x08000138   0x00000000   Code   RO         3413    .ARM.Collect$$$$0000000A  mc_w.l(entry8b.o)
    0x08000138   0x08000138   0x00000008   Code   RO         3414    .ARM.Collect$$$$0000000B  mc_w.l(entry9a.o)
    0x08000140   0x08000140   0x00000004   Code   RO         3421    .ARM.Collect$$$$0000000E  mc_w.l(entry12b.o)
    0x08000144   0x08000144   0x00000000   Code   RO         3416    .ARM.Collect$$$$0000000F  mc_w.l(entry10a.o)
    0x08000144   0x08000144   0x00000000   Code   RO         3418    .ARM.Collect$$$$00000011  mc_w.l(entry11a.o)
    0x08000144   0x08000144   0x00000004   Code   RO         3407    .ARM.Collect$$$$00002712  mc_w.l(entry2.o)
    0x08000148   0x08000148   0x00000024   Code   RO         1336  * .text               startup_stm32f10x_hd.o
    0x0800016c   0x0800016c   0x00000024   Code   RO         3125    .text               mc_w.l(memcpya.o)
    0x08000190   0x08000190   0x00000024   Code   RO         3127    .text               mc_w.l(memseta.o)
    0x080001b4   0x080001b4   0x0000000e   Code   RO         3131    .text               mc_w.l(strlen.o)
    0x080001c2   0x080001c2   0x0000002c   Code   RO         3425    .text               mc_w.l(uidiv.o)
    0x080001ee   0x080001ee   0x00000062   Code   RO         3427    .text               mc_w.l(uldiv.o)
    0x08000250   0x08000250   0x00000020   Code   RO         3429    .text               mc_w.l(llushr.o)
    0x08000270   0x08000270   0x00000000   Code   RO         3476    .text               mc_w.l(iusefp.o)
    0x08000270   0x08000270   0x0000014e   Code   RO         3477    .text               mf_w.l(dadd.o)
    0x080003be   0x080003be   0x000000e4   Code   RO         3479    .text               mf_w.l(dmul.o)
    0x080004a2   0x080004a2   0x000000de   Code   RO         3481    .text               mf_w.l(ddiv.o)
    0x08000580   0x08000580   0x00000030   Code   RO         3483    .text               mf_w.l(dfixul.o)
    0x080005b0   0x080005b0   0x00000030   Code   RO         3485    .text               mf_w.l(cdrcmple.o)
    0x080005e0   0x080005e0   0x00000024   Code   RO         3487    .text               mc_w.l(init.o)
    0x08000604   0x08000604   0x0000001e   Code   RO         3490    .text               mc_w.l(llshl.o)
    0x08000622   0x08000622   0x00000024   Code   RO         3492    .text               mc_w.l(llsshr.o)
    0x08000646   0x08000646   0x000000ba   Code   RO         3503    .text               mf_w.l(depilogue.o)
    0x08000700   0x08000700   0x00000056   Code   RO         3522    .text               mc_w.l(__dczerorl2.o)
    0x08000756   0x08000756   0x00000002   Code   RO          268    i.BusFault_Handler  stm32f10x_it.o
    0x08000758   0x08000758   0x0000006c   Code   RO          391    i.CreateSysMAC      mqtt.o
    0x080007c4   0x080007c4   0x000000b0   Code   RO         1069    i.DHCP_init         dhcp.o
    0x08000874   0x08000874   0x00000028   Code   RO          269    i.DMA1_Channel2_IRQHandler  stm32f10x_it.o
    0x0800089c   0x0800089c   0x0000001c   Code   RO         2737    i.DMA_ClearITPendingBit  stm32f10x_dma.o
    0x080008b8   0x080008b8   0x00000018   Code   RO         2738    i.DMA_Cmd           stm32f10x_dma.o
    0x080008d0   0x080008d0   0x00000008   Code   RO         2740    i.DMA_GetCurrDataCounter  stm32f10x_dma.o
    0x080008d8   0x080008d8   0x0000002c   Code   RO         2742    i.DMA_GetITStatus   stm32f10x_dma.o
    0x08000904   0x08000904   0x00000002   Code   RO          270    i.DebugMon_Handler  stm32f10x_it.o
    0x08000906   0x08000906   0x00000116   Code   RO         2310    i.GPIO_Init         stm32f10x_gpio.o
    0x08000a1c   0x08000a1c   0x00000090   Code   RO         2312    i.GPIO_PinRemapConfig  stm32f10x_gpio.o
    0x08000aac   0x08000aac   0x00000004   Code   RO         2317    i.GPIO_ResetBits    stm32f10x_gpio.o
    0x08000ab0   0x08000ab0   0x00000004   Code   RO         2318    i.GPIO_SetBits      stm32f10x_gpio.o
    0x08000ab4   0x08000ab4   0x0000007c   Code   RO          392    i.Get_MCU_ID        mqtt.o
    0x08000b30   0x08000b30   0x00000002   Code   RO          271    i.HardFault_Handler  stm32f10x_it.o
    0x08000b32   0x08000b32   0x00000008   Code   RO          714    i.IWDG_FeedDog      iwdg.o
    0x08000b3a   0x08000b3a   0x00000002   PAD
    0x08000b3c   0x08000b3c   0x00000010   Code   RO         2696    i.IWDG_ReloadCounter  stm32f10x_iwdg.o
    0x08000b4c   0x08000b4c   0x00000160   Code   RO          393    i.IoT_Parameter_Init  mqtt.o
    0x08000cac   0x08000cac   0x00000058   Code   RO          732    i.JTAGRemapGPIOInit  spi.o
    0x08000d04   0x08000d04   0x0000001c   Code   RO          398    i.MQTT_PingREQ      mqtt.o
    0x08000d20   0x08000d20   0x00000002   Code   RO          272    i.MemManage_Handler  stm32f10x_it.o
    0x08000d22   0x08000d22   0x00000002   Code   RO          273    i.NMI_Handler       stm32f10x_it.o
    0x08000d24   0x08000d24   0x00000024   Code   RO            5    i.NVIC_SystemReset  main.o
    0x08000d48   0x08000d48   0x00000002   Code   RO          274    i.PendSV_Handler    stm32f10x_it.o
    0x08000d4a   0x08000d4a   0x00000002   PAD
    0x08000d4c   0x08000d4c   0x00000020   Code   RO         1378    i.RCC_APB1PeriphClockCmd  stm32f10x_rcc.o
    0x08000d6c   0x08000d6c   0x00000020   Code   RO         1380    i.RCC_APB2PeriphClockCmd  stm32f10x_rcc.o
    0x08000d8c   0x08000d8c   0x000000d4   Code   RO         1388    i.RCC_GetClocksFreq  stm32f10x_rcc.o
    0x08000e60   0x08000e60   0x00000014   Code   RO          733    i.SPI_CS_Deselect   spi.o
    0x08000e74   0x08000e74   0x00000014   Code   RO          734    i.SPI_CS_Select     spi.o
    0x08000e88   0x08000e88   0x00000018   Code   RO         2813    i.SPI_Cmd           stm32f10x_spi.o
    0x08000ea0   0x08000ea0   0x0000005c   Code   RO          735    i.SPI_Configuration  spi.o
    0x08000efc   0x08000efc   0x0000000a   Code   RO          736    i.SPI_CrisEnter     spi.o
    0x08000f06   0x08000f06   0x0000000a   Code   RO          737    i.SPI_CrisExit      spi.o
    0x08000f10   0x08000f10   0x000000a4   Code   RO          738    i.SPI_GPIO_Configuration  spi.o
    0x08000fb4   0x08000fb4   0x0000003c   Code   RO         2826    i.SPI_Init          stm32f10x_spi.o
    0x08000ff0   0x08000ff0   0x00000034   Code   RO          739    i.SPI_ReadByte      spi.o
    0x08001024   0x08001024   0x00000018   Code   RO         2828    i.SPI_SSOutputCmd   stm32f10x_spi.o
    0x0800103c   0x0800103c   0x00000030   Code   RO          740    i.SPI_WriteByte     spi.o
    0x0800106c   0x0800106c   0x00000002   Code   RO          275    i.SVC_Handler       stm32f10x_it.o
    0x0800106e   0x0800106e   0x00000008   Code   RO         1299    i.SetSysClock       system_stm32f10x.o
    0x08001076   0x08001076   0x00000002   PAD
    0x08001078   0x08001078   0x000000e0   Code   RO         1300    i.SetSysClockTo72   system_stm32f10x.o
    0x08001158   0x08001158   0x00000008   Code   RO          611    i.SysTick_Handler   bsp_timer.o
    0x08001160   0x08001160   0x00000084   Code   RO          612    i.SysTick_ISR       bsp_timer.o
    0x080011e4   0x080011e4   0x000000a4   Code   RO         1301    i.SystemCoreClockUpdate  system_stm32f10x.o
    0x08001288   0x08001288   0x00000060   Code   RO         1302    i.SystemInit        system_stm32f10x.o
    0x080012e8   0x080012e8   0x0000008c   Code   RO          276    i.TIM2_IRQHandler   stm32f10x_it.o
    0x08001374   0x08001374   0x00000006   Code   RO         1587    i.TIM_ClearITPendingBit  stm32f10x_tim.o
    0x0800137a   0x0800137a   0x00000022   Code   RO         1613    i.TIM_GetITStatus   stm32f10x_tim.o
    0x0800139c   0x0800139c   0x00000004   Code   RO         1657    i.TIM_SetCounter    stm32f10x_tim.o
    0x080013a0   0x080013a0   0x00000064   Code   RO          402    i.TxDataBuf_Deal    mqtt.o
    0x08001404   0x08001404   0x000000e8   Code   RO          277    i.USART3_IRQHandler  stm32f10x_it.o
    0x080014ec   0x080014ec   0x00000018   Code   RO         2128    i.USART_Cmd         stm32f10x_usart.o
    0x08001504   0x08001504   0x00000054   Code   RO         2132    i.USART_GetITStatus  stm32f10x_usart.o
    0x08001558   0x08001558   0x000000d8   Code   RO         2135    i.USART_Init        stm32f10x_usart.o
    0x08001630   0x08001630   0x00000002   Code   RO          278    i.UsageFault_Handler  stm32f10x_it.o
    0x08001632   0x08001632   0x00000002   PAD
    0x08001634   0x08001634   0x00000080   Code   RO          236    i.Usart1_Init       usart1.o
    0x080016b4   0x080016b4   0x00000138   Code   RO            6    i.W5500_init        main.o
    0x080017ec   0x080017ec   0x0000004c   Code   RO         1009    i.WIZCHIP_READ      w5500.o
    0x08001838   0x08001838   0x00000064   Code   RO         1010    i.WIZCHIP_READ_BUF  w5500.o
    0x0800189c   0x0800189c   0x0000004c   Code   RO         1011    i.WIZCHIP_WRITE     w5500.o
    0x080018e8   0x080018e8   0x00000064   Code   RO         1012    i.WIZCHIP_WRITE_BUF  w5500.o
    0x0800194c   0x0800194c   0x00000028   Code   RO         3370    i.__0sprintf        mc_w.l(printfa.o)
    0x08001974   0x08001974   0x00000024   Code   RO         3374    i.__0vsprintf       mc_w.l(printfa.o)
    0x08001998   0x08001998   0x0000000e   Code   RO         3516    i.__scatterload_copy  mc_w.l(handlers.o)
    0x080019a6   0x080019a6   0x00000002   Code   RO         3517    i.__scatterload_null  mc_w.l(handlers.o)
    0x080019a8   0x080019a8   0x0000000e   Code   RO         3518    i.__scatterload_zeroinit  mc_w.l(handlers.o)
    0x080019b6   0x080019b6   0x00000006   Code   RO          613    i.__set_PRIMASK     bsp_timer.o
    0x080019bc   0x080019bc   0x00000184   Code   RO         3375    i._fp_digits        mc_w.l(printfa.o)
    0x08001b40   0x08001b40   0x000006b4   Code   RO         3376    i._printf_core      mc_w.l(printfa.o)
    0x080021f4   0x080021f4   0x00000024   Code   RO         3377    i._printf_post_padding  mc_w.l(printfa.o)
    0x08002218   0x08002218   0x0000002e   Code   RO         3378    i._printf_pre_padding  mc_w.l(printfa.o)
    0x08002246   0x08002246   0x0000000a   Code   RO         3380    i._sputc            mc_w.l(printfa.o)
    0x08002250   0x08002250   0x00000034   Code   RO          615    i.bsp_CheckTimer    bsp_timer.o
    0x08002284   0x08002284   0x00000040   Code   RO          616    i.bsp_DelayMS       bsp_timer.o
    0x080022c4   0x080022c4   0x000000a0   Code   RO          619    i.bsp_InitTimer     bsp_timer.o
    0x08002364   0x08002364   0x00000002   Code   RO            7    i.bsp_RunPer10ms    main.o
    0x08002366   0x08002366   0x00000002   Code   RO            8    i.bsp_RunPer1ms     main.o
    0x08002368   0x08002368   0x0000001c   Code   RO          620    i.bsp_SoftTimerDec  bsp_timer.o
    0x08002384   0x08002384   0x00000098   Code   RO          621    i.bsp_StartAutoTimer  bsp_timer.o
    0x0800241c   0x0800241c   0x00000050   Code   RO          796    i.ctlnetwork        wizchip_conf.o
    0x0800246c   0x0800246c   0x00000118   Code   RO          797    i.ctlwizchip        wizchip_conf.o
    0x08002584   0x08002584   0x00000034   Code   RO         1075    i.default_ip_assign  dhcp.o
    0x080025b8   0x080025b8   0x00000024   Code   RO         1076    i.default_ip_conflict  dhcp.o
    0x080025dc   0x080025dc   0x00000028   Code   RO         1077    i.default_ip_update  dhcp.o
    0x08002604   0x08002604   0x0000000c   Code   RO         1078    i.getDHCPLeasetime  dhcp.o
    0x08002610   0x08002610   0x00000020   Code   RO         1079    i.getDNSfromDHCP    dhcp.o
    0x08002630   0x08002630   0x00000020   Code   RO         1080    i.getGWfromDHCP     dhcp.o
    0x08002650   0x08002650   0x00000020   Code   RO         1081    i.getIPfromDHCP     dhcp.o
    0x08002670   0x08002670   0x00000020   Code   RO         1082    i.getSNfromDHCP     dhcp.o
    0x08002690   0x08002690   0x00000038   Code   RO            9    i.main              main.o
    0x080026c8   0x080026c8   0x00000054   Code   RO           10    i.my_ip_assign      main.o
    0x0800271c   0x0800271c   0x00000024   Code   RO           11    i.my_ip_conflict    main.o
    0x08002740   0x08002740   0x000001c8   Code   RO           12    i.network_init      main.o
    0x08002908   0x08002908   0x00000040   Code   RO         1085    i.reg_dhcp_cbfunc   dhcp.o
    0x08002948   0x08002948   0x00000028   Code   RO          799    i.reg_wizchip_cris_cbfunc  wizchip_conf.o
    0x08002970   0x08002970   0x00000028   Code   RO          800    i.reg_wizchip_cs_cbfunc  wizchip_conf.o
    0x08002998   0x08002998   0x00000034   Code   RO          801    i.reg_wizchip_spi_cbfunc  wizchip_conf.o
    0x080029cc   0x080029cc   0x00000020   Code   RO         1086    i.reset_DHCP_timeout  dhcp.o
    0x080029ec   0x080029ec   0x0000005c   Code   RO          237    i.u1_printf         usart1.o
    0x08002a48   0x08002a48   0x00000018   Code   RO         2991    i.utils_hb2hex      utils_md5.o
    0x08002a60   0x08002a60   0x000000e8   Code   RO         2954    i.utils_hmac_sha1   utils_hmac.o
    0x08002b48   0x08002b48   0x000000e8   Code   RO         3059    i.utils_sha1_finish  utils_sha1.o
    0x08002c30   0x08002c30   0x0000000e   Code   RO         3061    i.utils_sha1_init   utils_sha1.o
    0x08002c3e   0x08002c3e   0x00000002   PAD
    0x08002c40   0x08002c40   0x0000191c   Code   RO         3062    i.utils_sha1_process  utils_sha1.o
    0x0800455c   0x0800455c   0x0000002c   Code   RO         3063    i.utils_sha1_starts  utils_sha1.o
    0x08004588   0x08004588   0x0000007c   Code   RO         3064    i.utils_sha1_update  utils_sha1.o
    0x08004604   0x08004604   0x00000006   Code   RO          802    i.wizchip_bus_readbyte  wizchip_conf.o
    0x0800460a   0x0800460a   0x00000004   Code   RO          803    i.wizchip_bus_writebyte  wizchip_conf.o
    0x0800460e   0x0800460e   0x00000020   Code   RO          804    i.wizchip_clrinterrupt  wizchip_conf.o
    0x0800462e   0x0800462e   0x00000002   Code   RO          805    i.wizchip_cris_enter  wizchip_conf.o
    0x08004630   0x08004630   0x00000002   Code   RO          806    i.wizchip_cris_exit  wizchip_conf.o
    0x08004632   0x08004632   0x00000002   Code   RO          807    i.wizchip_cs_deselect  wizchip_conf.o
    0x08004634   0x08004634   0x00000002   Code   RO          808    i.wizchip_cs_select  wizchip_conf.o
    0x08004636   0x08004636   0x0000002a   Code   RO          809    i.wizchip_getinterrupt  wizchip_conf.o
    0x08004660   0x08004660   0x00000028   Code   RO          810    i.wizchip_getinterruptmask  wizchip_conf.o
    0x08004688   0x08004688   0x0000005c   Code   RO          811    i.wizchip_getnetinfo  wizchip_conf.o
    0x080046e4   0x080046e4   0x0000000a   Code   RO          812    i.wizchip_getnetmode  wizchip_conf.o
    0x080046ee   0x080046ee   0x00000028   Code   RO          813    i.wizchip_gettimeout  wizchip_conf.o
    0x08004716   0x08004716   0x00000090   Code   RO          814    i.wizchip_init      wizchip_conf.o
    0x080047a6   0x080047a6   0x0000001e   Code   RO          815    i.wizchip_setinterruptmask  wizchip_conf.o
    0x080047c4   0x080047c4   0x00000058   Code   RO          816    i.wizchip_setnetinfo  wizchip_conf.o
    0x0800481c   0x0800481c   0x00000026   Code   RO          817    i.wizchip_setnetmode  wizchip_conf.o
    0x08004842   0x08004842   0x00000026   Code   RO          818    i.wizchip_settimeout  wizchip_conf.o
    0x08004868   0x08004868   0x00000004   Code   RO          819    i.wizchip_spi_readbyte  wizchip_conf.o
    0x0800486c   0x0800486c   0x00000002   Code   RO          820    i.wizchip_spi_writebyte  wizchip_conf.o
    0x0800486e   0x0800486e   0x00000072   Code   RO          821    i.wizchip_sw_reset  wizchip_conf.o
    0x080048e0   0x080048e0   0x00000078   Code   RO          822    i.wizphy_getphyconf  wizchip_conf.o
    0x08004958   0x08004958   0x0000001a   Code   RO          823    i.wizphy_getphylink  wizchip_conf.o
    0x08004972   0x08004972   0x0000001c   Code   RO          824    i.wizphy_getphypmode  wizchip_conf.o
    0x0800498e   0x0800498e   0x00000034   Code   RO          826    i.wizphy_reset      wizchip_conf.o
    0x080049c2   0x080049c2   0x00000058   Code   RO          827    i.wizphy_setphyconf  wizchip_conf.o
    0x08004a1a   0x08004a1a   0x00000064   Code   RO          828    i.wizphy_setphypmode  wizchip_conf.o
    0x08004a7e   0x08004a7e   0x00000002   PAD
    0x08004a80   0x08004a80   0x00000010   Data   RO           14    .constdata          main.o
    0x08004a90   0x08004a90   0x00000030   Data   RO          625    .constdata          bsp_timer.o
    0x08004ac0   0x08004ac0   0x00000040   Data   RO         3066    .constdata          utils_sha1.o
    0x08004b00   0x08004b00   0x00000020   Data   RO         3514    Region$$Table       anon$$obj.o


    Execution Region ER_RW (Exec base: 0x20000000, Load base: 0x08004b20, Size: 0x0000019c, Max: 0xffffffff, ABSOLUTE, COMPRESSED[0x0000005c])

    Exec Addr    Load Addr    Size         Type   Attr      Idx    E Section Name        Object

    0x20000000   COMPRESSED   0x00000021   Data   RW           15    .data               main.o
    0x20000021   COMPRESSED   0x00000002   Data   RW          279    .data               stm32f10x_it.o
    0x20000023   COMPRESSED   0x00000001   PAD
    0x20000024   COMPRESSED   0x000000c0   Data   RW          404    .data               mqtt.o
    0x200000e4   COMPRESSED   0x00000009   Data   RW          502    .data               usart3.o
    0x200000ed   COMPRESSED   0x00000003   PAD
    0x200000f0   COMPRESSED   0x0000000d   Data   RW          626    .data               bsp_timer.o
    0x200000fd   COMPRESSED   0x00000003   PAD
    0x20000100   COMPRESSED   0x00000025   Data   RW          829    .data               wizchip_conf.o
    0x20000125   COMPRESSED   0x00000003   PAD
    0x20000128   COMPRESSED   0x0000004c   Data   RW         1090    .data               dhcp.o
    0x20000174   COMPRESSED   0x00000014   Data   RW         1303    .data               system_stm32f10x.o
    0x20000188   COMPRESSED   0x00000014   Data   RW         1408    .data               stm32f10x_rcc.o


    Execution Region ER_ZI (Exec base: 0x2000019c, Load base: 0x08004b7c, Size: 0x0000494c, Max: 0xffffffff, ABSOLUTE)

    Exec Addr    Load Addr    Size         Type   Attr      Idx    E Section Name        Object

    0x2000019c        -       0x00000817   Zero   RW           13    .bss                main.o
    0x200009b3   0x08004b7c   0x00000005   PAD
    0x200009b8        -       0x00000100   Zero   RW          238    .bss                usart1.o
    0x20000ab8        -       0x00003400   Zero   RW          403    .bss                mqtt.o
    0x20003eb8        -       0x00000800   Zero   RW          501    .bss                usart3.o
    0x200046b8        -       0x00000030   Zero   RW          624    .bss                bsp_timer.o
    0x200046e8        -       0x00000400   Zero   RW         1333    STACK               startup_stm32f10x_hd.o


==============================================================================

Image component sizes


      Code (inc. data)   RO Data    RW Data    ZI Data      Debug   Object Name

       602        122         48         13         48      21045   bsp_timer.o
         0          0          0          0          0         32   core_cm3.o
       540        118          0         76          0       8645   dhcp.o
         8          0          0          0          0        899   iwdg.o
       984        452         16         33       2071     289265   main.o
       712        188          0        192      13312       4806   mqtt.o
       504         50          0          0          0      19408   spi.o
        36          8        304          0       1024        768   startup_stm32f10x_hd.o
       104         18          0          0          0       3633   stm32f10x_dma.o
       430          6          0          0          0       3630   stm32f10x_gpio.o
       428         64          0          2          0       4937   stm32f10x_it.o
        16          6          0          0          0        429   stm32f10x_iwdg.o
       276         32          0         20          0       4222   stm32f10x_rcc.o
       108          0          0          0          0       2487   stm32f10x_spi.o
        44          0          0          0          0       2095   stm32f10x_tim.o
       324          6          0          0          0       3413   stm32f10x_usart.o
       492         50          0         20          0       2629   system_stm32f10x.o
       220         18          0          0        256       2366   usart1.o
         0          0          0          9       2048        815   usart3.o
       232          0          0          0          0       2718   utils_hmac.o
        24          0          0          0          0        491   utils_md5.o
      6842         40         64          0          0       5587   utils_sha1.o
       352         20          0          0          0       2854   w5500.o
      1638         84          0         37          0      20109   wizchip_conf.o

    ----------------------------------------------------------------------
     14928       1282        464        412      18764     407283   Object Totals
         0          0         32          0          0          0   (incl. Generated)
        12          0          0         10          5          0   (incl. Padding)

    ----------------------------------------------------------------------

      Code (inc. data)   RO Data    RW Data    ZI Data      Debug   Library Member Name

        86          0          0          0          0          0   __dczerorl2.o
         0          0          0          0          0          0   entry.o
         0          0          0          0          0          0   entry10a.o
         0          0          0          0          0          0   entry11a.o
         4          0          0          0          0          0   entry12b.o
         8          4          0          0          0          0   entry2.o
         4          0          0          0          0          0   entry5.o
         0          0          0          0          0          0   entry7b.o
         0          0          0          0          0          0   entry8b.o
         8          4          0          0          0          0   entry9a.o
        30          0          0          0          0          0   handlers.o
        36          8          0          0          0         68   init.o
         0          0          0          0          0          0   iusefp.o
        30          0          0          0          0         68   llshl.o
        36          0          0          0          0         68   llsshr.o
        32          0          0          0          0         68   llushr.o
        36          0          0          0          0         68   memcpya.o
        36          0          0          0          0        108   memseta.o
      2272         92          0          0          0        612   printfa.o
        14          0          0          0          0         68   strlen.o
        44          0          0          0          0         80   uidiv.o
        98          0          0          0          0         92   uldiv.o
        48          0          0          0          0         68   cdrcmple.o
       334          0          0          0          0        148   dadd.o
       222          0          0          0          0        100   ddiv.o
       186          0          0          0          0        176   depilogue.o
        48          0          0          0          0         68   dfixul.o
       228          0          0          0          0         96   dmul.o

    ----------------------------------------------------------------------
      3840        108          0          0          0       1956   Library Totals
         0          0          0          0          0          0   (incl. Padding)

    ----------------------------------------------------------------------

      Code (inc. data)   RO Data    RW Data    ZI Data      Debug   Library Name

      2774        108          0          0          0       1300   mc_w.l
      1066          0          0          0          0        656   mf_w.l

    ----------------------------------------------------------------------
      3840        108          0          0          0       1956   Library Totals

    ----------------------------------------------------------------------

==============================================================================


      Code (inc. data)   RO Data    RW Data    ZI Data      Debug   

     18768       1390        464        412      18764     402347   Grand Totals
     18768       1390        464         92      18764     402347   ELF Image Totals (compressed)
     18768       1390        464         92          0          0   ROM Totals

==============================================================================

    Total RO  Size (Code + RO Data)                19232 (  18.78kB)
    Total RW  Size (RW Data + ZI Data)             19176 (  18.73kB)
    Total ROM Size (Code + RO Data + RW Data)      19324 (  18.87kB)

==============================================================================

