<html>
<body>
<pre>
<h1>礦ision Build Log</h1>
<h2>Tool Versions:</h2>
IDE-Version: μVision V5.36.0.0
Copyright (C) 2021 ARM Ltd and ARM Germany GmbH. All rights reserved.
License Information: asdas 2223143694@qq.com, asdas, LIC=76F5U-SHTJ4-LQI0Q-NSZ3E-63JTY-6FMVD
 
Tool Versions:
Toolchain:       MDK-ARM Plus  Version: 5.36.0.0
Toolchain Path:  D:\ruanjian\MDK\ARM\ARMCC\Bin
C Compiler:      Armcc.exe V5.06 update 7 (build 960)
Assembler:       Armasm.exe V5.06 update 7 (build 960)
Linker/Locator:  ArmLink.exe V5.06 update 7 (build 960)
Library Manager: ArmAr.exe V5.06 update 7 (build 960)
Hex Converter:   FromElf.exe V5.06 update 7 (build 960)
CPU DLL:         SARMCM3.DLL V5.36.0.0
Dialog DLL:      DCM.DLL V1.17.3.0
Target DLL:      CMSIS_AGDI.dll V1.33.0.0
Dialog DLL:      TCM.DLL V1.53.0.0
 
<h2>Project:</h2>
C:\Users\22231\Desktop\4G\警报器\USER\工程文件.uvprojx
Project File Date:  05/30/2024

<h2>Output:</h2>
*** Using Compiler 'V5.06 update 7 (build 960)', folder: 'D:\ruanjian\MDK\ARM\ARMCC\Bin'
Rebuild target '工程'
compiling usart1.c...
compiling mqtt.c...
compiling cat1.c...
compiling main.c...
compiling led.c...
compiling usart3.c...
compiling iwdg.c...
compiling timer2.c...
compiling spi.c...
compiling stm32f10x_it.c...
compiling bsp_timer.c...
compiling w5500.c...
compiling wizchip_conf.c...
compiling socket.c...
compiling core_cm3.c...
assembling startup_stm32f10x_hd.s...
compiling dhcp.c...
compiling system_stm32f10x.c...
compiling misc.c...
compiling stm32f10x_rcc.c...
compiling utils_hmac.c...
compiling stm32f10x_usart.c...
compiling stm32f10x_exti.c...
compiling stm32f10x_gpio.c...
compiling utils_md5.c...
compiling stm32f10x_iwdg.c...
compiling stm32f10x_tim.c...
compiling stm32f10x_adc.c...
compiling utils_sha1.c...
compiling stm32f10x_dma.c...
compiling stm32f10x_spi.c...
linking...
Program Size: Code=18768 RO-data=464 RW-data=412 ZI-data=18764  
FromELF: creating hex file...
"..\OBJ\工程文件.axf" - 0 Error(s), 0 Warning(s).

<h2>Software Packages used:</h2>

Package Vendor: Keil
                https://www.keil.com/pack/Keil.STM32F1xx_DFP.2.4.1.pack
                Keil.STM32F1xx_DFP.2.4.1
                STMicroelectronics STM32F1 Series Device Support, Drivers and Examples

<h2>Collection of Component include folders:</h2>
  D:\ruanjian\MDK\Keil\STM32F1xx_DFP\2.4.1\Device\Include

<h2>Collection of Component Files used:</h2>
Build Time Elapsed:  00:00:02
</pre>
</body>
</html>
