<!doctype html public "-//w3c//dtd html 4.0 transitional//en">
<html><head>
<title>Static Call Graph - [..\OBJ\工程文件.axf]</title></head>
<body><HR>
<H1>Static Call Graph for image ..\OBJ\工程文件.axf</H1><HR>
<BR><P>#&#060CALLGRAPH&#062# ARM Linker, 5060960: Last Updated: Thu May 30 15:18:16 2024
<BR><P>
<H3>Maximum Stack Usage =        572 bytes + Unknown(Cycles, Untraceable Function Pointers)</H3><H3>
Call chain for Maximum Stack Depth:</H3>
main &rArr; IoT_Parameter_Init &rArr; utils_hmac_sha1 &rArr; utils_sha1_finish &rArr; utils_sha1_update &rArr; utils_sha1_process
<P>
<H3>
Mutually Recursive functions
</H3> <LI><a href="#[25]">ADC1_2_IRQHandler</a>&nbsp;&nbsp;&nbsp;&rArr;&nbsp;&nbsp;&nbsp;<a href="#[25]">ADC1_2_IRQHandler</a><BR>
</UL>
<P>
<H3>
Function Pointers
</H3><UL>
 <LI><a href="#[25]">ADC1_2_IRQHandler</a> from startup_stm32f10x_hd.o(.text) referenced from startup_stm32f10x_hd.o(RESET)
 <LI><a href="#[42]">ADC3_IRQHandler</a> from startup_stm32f10x_hd.o(.text) referenced from startup_stm32f10x_hd.o(RESET)
 <LI><a href="#[d]">BusFault_Handler</a> from stm32f10x_it.o(i.BusFault_Handler) referenced from startup_stm32f10x_hd.o(RESET)
 <LI><a href="#[28]">CAN1_RX1_IRQHandler</a> from startup_stm32f10x_hd.o(.text) referenced from startup_stm32f10x_hd.o(RESET)
 <LI><a href="#[29]">CAN1_SCE_IRQHandler</a> from startup_stm32f10x_hd.o(.text) referenced from startup_stm32f10x_hd.o(RESET)
 <LI><a href="#[1e]">DMA1_Channel1_IRQHandler</a> from startup_stm32f10x_hd.o(.text) referenced from startup_stm32f10x_hd.o(RESET)
 <LI><a href="#[1f]">DMA1_Channel2_IRQHandler</a> from stm32f10x_it.o(i.DMA1_Channel2_IRQHandler) referenced from startup_stm32f10x_hd.o(RESET)
 <LI><a href="#[20]">DMA1_Channel3_IRQHandler</a> from startup_stm32f10x_hd.o(.text) referenced from startup_stm32f10x_hd.o(RESET)
 <LI><a href="#[21]">DMA1_Channel4_IRQHandler</a> from startup_stm32f10x_hd.o(.text) referenced from startup_stm32f10x_hd.o(RESET)
 <LI><a href="#[22]">DMA1_Channel5_IRQHandler</a> from startup_stm32f10x_hd.o(.text) referenced from startup_stm32f10x_hd.o(RESET)
 <LI><a href="#[23]">DMA1_Channel6_IRQHandler</a> from startup_stm32f10x_hd.o(.text) referenced from startup_stm32f10x_hd.o(RESET)
 <LI><a href="#[24]">DMA1_Channel7_IRQHandler</a> from startup_stm32f10x_hd.o(.text) referenced from startup_stm32f10x_hd.o(RESET)
 <LI><a href="#[4b]">DMA2_Channel1_IRQHandler</a> from startup_stm32f10x_hd.o(.text) referenced from startup_stm32f10x_hd.o(RESET)
 <LI><a href="#[4c]">DMA2_Channel2_IRQHandler</a> from startup_stm32f10x_hd.o(.text) referenced from startup_stm32f10x_hd.o(RESET)
 <LI><a href="#[4d]">DMA2_Channel3_IRQHandler</a> from startup_stm32f10x_hd.o(.text) referenced from startup_stm32f10x_hd.o(RESET)
 <LI><a href="#[4e]">DMA2_Channel4_5_IRQHandler</a> from startup_stm32f10x_hd.o(.text) referenced from startup_stm32f10x_hd.o(RESET)
 <LI><a href="#[10]">DebugMon_Handler</a> from stm32f10x_it.o(i.DebugMon_Handler) referenced from startup_stm32f10x_hd.o(RESET)
 <LI><a href="#[19]">EXTI0_IRQHandler</a> from startup_stm32f10x_hd.o(.text) referenced from startup_stm32f10x_hd.o(RESET)
 <LI><a href="#[3b]">EXTI15_10_IRQHandler</a> from startup_stm32f10x_hd.o(.text) referenced from startup_stm32f10x_hd.o(RESET)
 <LI><a href="#[1a]">EXTI1_IRQHandler</a> from startup_stm32f10x_hd.o(.text) referenced from startup_stm32f10x_hd.o(RESET)
 <LI><a href="#[1b]">EXTI2_IRQHandler</a> from startup_stm32f10x_hd.o(.text) referenced from startup_stm32f10x_hd.o(RESET)
 <LI><a href="#[1c]">EXTI3_IRQHandler</a> from startup_stm32f10x_hd.o(.text) referenced from startup_stm32f10x_hd.o(RESET)
 <LI><a href="#[1d]">EXTI4_IRQHandler</a> from startup_stm32f10x_hd.o(.text) referenced from startup_stm32f10x_hd.o(RESET)
 <LI><a href="#[2a]">EXTI9_5_IRQHandler</a> from startup_stm32f10x_hd.o(.text) referenced from startup_stm32f10x_hd.o(RESET)
 <LI><a href="#[17]">FLASH_IRQHandler</a> from startup_stm32f10x_hd.o(.text) referenced from startup_stm32f10x_hd.o(RESET)
 <LI><a href="#[43]">FSMC_IRQHandler</a> from startup_stm32f10x_hd.o(.text) referenced from startup_stm32f10x_hd.o(RESET)
 <LI><a href="#[b]">HardFault_Handler</a> from stm32f10x_it.o(i.HardFault_Handler) referenced from startup_stm32f10x_hd.o(RESET)
 <LI><a href="#[33]">I2C1_ER_IRQHandler</a> from startup_stm32f10x_hd.o(.text) referenced from startup_stm32f10x_hd.o(RESET)
 <LI><a href="#[32]">I2C1_EV_IRQHandler</a> from startup_stm32f10x_hd.o(.text) referenced from startup_stm32f10x_hd.o(RESET)
 <LI><a href="#[35]">I2C2_ER_IRQHandler</a> from startup_stm32f10x_hd.o(.text) referenced from startup_stm32f10x_hd.o(RESET)
 <LI><a href="#[34]">I2C2_EV_IRQHandler</a> from startup_stm32f10x_hd.o(.text) referenced from startup_stm32f10x_hd.o(RESET)
 <LI><a href="#[c]">MemManage_Handler</a> from stm32f10x_it.o(i.MemManage_Handler) referenced from startup_stm32f10x_hd.o(RESET)
 <LI><a href="#[a]">NMI_Handler</a> from stm32f10x_it.o(i.NMI_Handler) referenced from startup_stm32f10x_hd.o(RESET)
 <LI><a href="#[14]">PVD_IRQHandler</a> from startup_stm32f10x_hd.o(.text) referenced from startup_stm32f10x_hd.o(RESET)
 <LI><a href="#[11]">PendSV_Handler</a> from stm32f10x_it.o(i.PendSV_Handler) referenced from startup_stm32f10x_hd.o(RESET)
 <LI><a href="#[18]">RCC_IRQHandler</a> from startup_stm32f10x_hd.o(.text) referenced from startup_stm32f10x_hd.o(RESET)
 <LI><a href="#[3c]">RTCAlarm_IRQHandler</a> from startup_stm32f10x_hd.o(.text) referenced from startup_stm32f10x_hd.o(RESET)
 <LI><a href="#[16]">RTC_IRQHandler</a> from startup_stm32f10x_hd.o(.text) referenced from startup_stm32f10x_hd.o(RESET)
 <LI><a href="#[5d]">Reset_Handler</a> from startup_stm32f10x_hd.o(.text) referenced from startup_stm32f10x_hd.o(RESET)
 <LI><a href="#[44]">SDIO_IRQHandler</a> from startup_stm32f10x_hd.o(.text) referenced from startup_stm32f10x_hd.o(RESET)
 <LI><a href="#[36]">SPI1_IRQHandler</a> from startup_stm32f10x_hd.o(.text) referenced from startup_stm32f10x_hd.o(RESET)
 <LI><a href="#[37]">SPI2_IRQHandler</a> from startup_stm32f10x_hd.o(.text) referenced from startup_stm32f10x_hd.o(RESET)
 <LI><a href="#[46]">SPI3_IRQHandler</a> from startup_stm32f10x_hd.o(.text) referenced from startup_stm32f10x_hd.o(RESET)
 <LI><a href="#[54]">SPI_CS_Deselect</a> from spi.o(i.SPI_CS_Deselect) referenced from main.o(i.W5500_init)
 <LI><a href="#[55]">SPI_CS_Select</a> from spi.o(i.SPI_CS_Select) referenced from main.o(i.W5500_init)
 <LI><a href="#[53]">SPI_CrisEnter</a> from spi.o(i.SPI_CrisEnter) referenced from main.o(i.W5500_init)
 <LI><a href="#[52]">SPI_CrisExit</a> from spi.o(i.SPI_CrisExit) referenced from main.o(i.W5500_init)
 <LI><a href="#[57]">SPI_ReadByte</a> from spi.o(i.SPI_ReadByte) referenced from main.o(i.W5500_init)
 <LI><a href="#[56]">SPI_WriteByte</a> from spi.o(i.SPI_WriteByte) referenced from main.o(i.W5500_init)
 <LI><a href="#[f]">SVC_Handler</a> from stm32f10x_it.o(i.SVC_Handler) referenced from startup_stm32f10x_hd.o(RESET)
 <LI><a href="#[12]">SysTick_Handler</a> from bsp_timer.o(i.SysTick_Handler) referenced from startup_stm32f10x_hd.o(RESET)
 <LI><a href="#[50]">SystemInit</a> from system_stm32f10x.o(i.SystemInit) referenced from startup_stm32f10x_hd.o(.text)
 <LI><a href="#[15]">TAMPER_IRQHandler</a> from startup_stm32f10x_hd.o(.text) referenced from startup_stm32f10x_hd.o(RESET)
 <LI><a href="#[2b]">TIM1_BRK_IRQHandler</a> from startup_stm32f10x_hd.o(.text) referenced from startup_stm32f10x_hd.o(RESET)
 <LI><a href="#[2e]">TIM1_CC_IRQHandler</a> from startup_stm32f10x_hd.o(.text) referenced from startup_stm32f10x_hd.o(RESET)
 <LI><a href="#[2d]">TIM1_TRG_COM_IRQHandler</a> from startup_stm32f10x_hd.o(.text) referenced from startup_stm32f10x_hd.o(RESET)
 <LI><a href="#[2c]">TIM1_UP_IRQHandler</a> from startup_stm32f10x_hd.o(.text) referenced from startup_stm32f10x_hd.o(RESET)
 <LI><a href="#[2f]">TIM2_IRQHandler</a> from stm32f10x_it.o(i.TIM2_IRQHandler) referenced from startup_stm32f10x_hd.o(RESET)
 <LI><a href="#[30]">TIM3_IRQHandler</a> from startup_stm32f10x_hd.o(.text) referenced from startup_stm32f10x_hd.o(RESET)
 <LI><a href="#[31]">TIM4_IRQHandler</a> from startup_stm32f10x_hd.o(.text) referenced from startup_stm32f10x_hd.o(RESET)
 <LI><a href="#[45]">TIM5_IRQHandler</a> from startup_stm32f10x_hd.o(.text) referenced from startup_stm32f10x_hd.o(RESET)
 <LI><a href="#[49]">TIM6_IRQHandler</a> from startup_stm32f10x_hd.o(.text) referenced from startup_stm32f10x_hd.o(RESET)
 <LI><a href="#[4a]">TIM7_IRQHandler</a> from startup_stm32f10x_hd.o(.text) referenced from startup_stm32f10x_hd.o(RESET)
 <LI><a href="#[3e]">TIM8_BRK_IRQHandler</a> from startup_stm32f10x_hd.o(.text) referenced from startup_stm32f10x_hd.o(RESET)
 <LI><a href="#[41]">TIM8_CC_IRQHandler</a> from startup_stm32f10x_hd.o(.text) referenced from startup_stm32f10x_hd.o(RESET)
 <LI><a href="#[40]">TIM8_TRG_COM_IRQHandler</a> from startup_stm32f10x_hd.o(.text) referenced from startup_stm32f10x_hd.o(RESET)
 <LI><a href="#[3f]">TIM8_UP_IRQHandler</a> from startup_stm32f10x_hd.o(.text) referenced from startup_stm32f10x_hd.o(RESET)
 <LI><a href="#[47]">UART4_IRQHandler</a> from startup_stm32f10x_hd.o(.text) referenced from startup_stm32f10x_hd.o(RESET)
 <LI><a href="#[48]">UART5_IRQHandler</a> from startup_stm32f10x_hd.o(.text) referenced from startup_stm32f10x_hd.o(RESET)
 <LI><a href="#[38]">USART1_IRQHandler</a> from startup_stm32f10x_hd.o(.text) referenced from startup_stm32f10x_hd.o(RESET)
 <LI><a href="#[39]">USART2_IRQHandler</a> from startup_stm32f10x_hd.o(.text) referenced from startup_stm32f10x_hd.o(RESET)
 <LI><a href="#[3a]">USART3_IRQHandler</a> from stm32f10x_it.o(i.USART3_IRQHandler) referenced from startup_stm32f10x_hd.o(RESET)
 <LI><a href="#[3d]">USBWakeUp_IRQHandler</a> from startup_stm32f10x_hd.o(.text) referenced from startup_stm32f10x_hd.o(RESET)
 <LI><a href="#[26]">USB_HP_CAN1_TX_IRQHandler</a> from startup_stm32f10x_hd.o(.text) referenced from startup_stm32f10x_hd.o(RESET)
 <LI><a href="#[27]">USB_LP_CAN1_RX0_IRQHandler</a> from startup_stm32f10x_hd.o(.text) referenced from startup_stm32f10x_hd.o(RESET)
 <LI><a href="#[e]">UsageFault_Handler</a> from stm32f10x_it.o(i.UsageFault_Handler) referenced from startup_stm32f10x_hd.o(RESET)
 <LI><a href="#[13]">WWDG_IRQHandler</a> from startup_stm32f10x_hd.o(.text) referenced from startup_stm32f10x_hd.o(RESET)
 <LI><a href="#[51]">__main</a> from entry.o(.ARM.Collect$$$$00000000) referenced from startup_stm32f10x_hd.o(.text)
 <LI><a href="#[5a]">_sputc</a> from printfa.o(i._sputc) referenced from printfa.o(i.__0sprintf)
 <LI><a href="#[5a]">_sputc</a> from printfa.o(i._sputc) referenced from printfa.o(i.__0vsprintf)
 <LI><a href="#[6]">default_ip_assign</a> from dhcp.o(i.default_ip_assign) referenced 2 times from dhcp.o(.data)
 <LI><a href="#[6]">default_ip_assign</a> from dhcp.o(i.default_ip_assign) referenced from dhcp.o(i.reg_dhcp_cbfunc)
 <LI><a href="#[8]">default_ip_conflict</a> from dhcp.o(i.default_ip_conflict) referenced 2 times from dhcp.o(.data)
 <LI><a href="#[8]">default_ip_conflict</a> from dhcp.o(i.default_ip_conflict) referenced from dhcp.o(i.reg_dhcp_cbfunc)
 <LI><a href="#[7]">default_ip_update</a> from dhcp.o(i.default_ip_update) referenced 2 times from dhcp.o(.data)
 <LI><a href="#[7]">default_ip_update</a> from dhcp.o(i.default_ip_update) referenced from dhcp.o(i.reg_dhcp_cbfunc)
 <LI><a href="#[4f]">main</a> from main.o(i.main) referenced from entry9a.o(.ARM.Collect$$$$0000000B)
 <LI><a href="#[59]">my_ip_assign</a> from main.o(i.my_ip_assign) referenced from main.o(i.W5500_init)
 <LI><a href="#[58]">my_ip_conflict</a> from main.o(i.my_ip_conflict) referenced from main.o(i.W5500_init)
 <LI><a href="#[4]">wizchip_bus_readbyte</a> from wizchip_conf.o(i.wizchip_bus_readbyte) referenced 2 times from wizchip_conf.o(.data)
 <LI><a href="#[5]">wizchip_bus_writebyte</a> from wizchip_conf.o(i.wizchip_bus_writebyte) referenced 2 times from wizchip_conf.o(.data)
 <LI><a href="#[0]">wizchip_cris_enter</a> from wizchip_conf.o(i.wizchip_cris_enter) referenced 2 times from wizchip_conf.o(.data)
 <LI><a href="#[0]">wizchip_cris_enter</a> from wizchip_conf.o(i.wizchip_cris_enter) referenced from wizchip_conf.o(i.reg_wizchip_cris_cbfunc)
 <LI><a href="#[1]">wizchip_cris_exit</a> from wizchip_conf.o(i.wizchip_cris_exit) referenced 2 times from wizchip_conf.o(.data)
 <LI><a href="#[1]">wizchip_cris_exit</a> from wizchip_conf.o(i.wizchip_cris_exit) referenced from wizchip_conf.o(i.reg_wizchip_cris_cbfunc)
 <LI><a href="#[3]">wizchip_cs_deselect</a> from wizchip_conf.o(i.wizchip_cs_deselect) referenced 2 times from wizchip_conf.o(.data)
 <LI><a href="#[3]">wizchip_cs_deselect</a> from wizchip_conf.o(i.wizchip_cs_deselect) referenced from wizchip_conf.o(i.reg_wizchip_cs_cbfunc)
 <LI><a href="#[2]">wizchip_cs_select</a> from wizchip_conf.o(i.wizchip_cs_select) referenced 2 times from wizchip_conf.o(.data)
 <LI><a href="#[2]">wizchip_cs_select</a> from wizchip_conf.o(i.wizchip_cs_select) referenced from wizchip_conf.o(i.reg_wizchip_cs_cbfunc)
 <LI><a href="#[5b]">wizchip_spi_readbyte</a> from wizchip_conf.o(i.wizchip_spi_readbyte) referenced from wizchip_conf.o(i.reg_wizchip_spi_cbfunc)
 <LI><a href="#[5c]">wizchip_spi_writebyte</a> from wizchip_conf.o(i.wizchip_spi_writebyte) referenced from wizchip_conf.o(i.reg_wizchip_spi_cbfunc)
</UL>
<P>
<H3>
Global Symbols
</H3>
<P><STRONG><a name="[51]"></a>__main</STRONG> (Thumb, 0 bytes, Stack size unknown bytes, entry.o(.ARM.Collect$$$$00000000))
<BR>[Address Reference Count : 1]<UL><LI> startup_stm32f10x_hd.o(.text)
</UL>
<P><STRONG><a name="[d6]"></a>_main_stk</STRONG> (Thumb, 0 bytes, Stack size unknown bytes, entry2.o(.ARM.Collect$$$$00000001))

<P><STRONG><a name="[5e]"></a>_main_scatterload</STRONG> (Thumb, 0 bytes, Stack size unknown bytes, entry5.o(.ARM.Collect$$$$00000004))
<BR><BR>[Calls]<UL><LI><a href="#[5f]">&gt;&gt;</a>&nbsp;&nbsp;&nbsp;__scatterload
</UL>

<P><STRONG><a name="[6f]"></a>__main_after_scatterload</STRONG> (Thumb, 0 bytes, Stack size unknown bytes, entry5.o(.ARM.Collect$$$$00000004))
<BR><BR>[Called By]<UL><LI><a href="#[5f]">&gt;&gt;</a>&nbsp;&nbsp;&nbsp;__scatterload
</UL>

<P><STRONG><a name="[d7]"></a>_main_clock</STRONG> (Thumb, 0 bytes, Stack size unknown bytes, entry7b.o(.ARM.Collect$$$$00000008))

<P><STRONG><a name="[d8]"></a>_main_cpp_init</STRONG> (Thumb, 0 bytes, Stack size unknown bytes, entry8b.o(.ARM.Collect$$$$0000000A))

<P><STRONG><a name="[d9]"></a>_main_init</STRONG> (Thumb, 0 bytes, Stack size unknown bytes, entry9a.o(.ARM.Collect$$$$0000000B))

<P><STRONG><a name="[da]"></a>__rt_lib_shutdown_fini</STRONG> (Thumb, 0 bytes, Stack size unknown bytes, entry12b.o(.ARM.Collect$$$$0000000E))

<P><STRONG><a name="[db]"></a>__rt_final_cpp</STRONG> (Thumb, 0 bytes, Stack size unknown bytes, entry10a.o(.ARM.Collect$$$$0000000F))

<P><STRONG><a name="[dc]"></a>__rt_final_exit</STRONG> (Thumb, 0 bytes, Stack size unknown bytes, entry11a.o(.ARM.Collect$$$$00000011))

<P><STRONG><a name="[5d]"></a>Reset_Handler</STRONG> (Thumb, 8 bytes, Stack size 0 bytes, startup_stm32f10x_hd.o(.text))

<P><STRONG><a name="[25]"></a>ADC1_2_IRQHandler</STRONG> (Thumb, 0 bytes, Stack size 0 bytes, startup_stm32f10x_hd.o(.text))
<BR><BR>[Calls]<UL><LI><a href="#[25]">&gt;&gt;</a>&nbsp;&nbsp;&nbsp;ADC1_2_IRQHandler
</UL>
<BR>[Called By]<UL><LI><a href="#[25]">&gt;&gt;</a>&nbsp;&nbsp;&nbsp;ADC1_2_IRQHandler
</UL>
<BR>[Address Reference Count : 1]<UL><LI> startup_stm32f10x_hd.o(RESET)
</UL>
<P><STRONG><a name="[42]"></a>ADC3_IRQHandler</STRONG> (Thumb, 0 bytes, Stack size 0 bytes, startup_stm32f10x_hd.o(.text))
<BR>[Address Reference Count : 1]<UL><LI> startup_stm32f10x_hd.o(RESET)
</UL>
<P><STRONG><a name="[28]"></a>CAN1_RX1_IRQHandler</STRONG> (Thumb, 0 bytes, Stack size 0 bytes, startup_stm32f10x_hd.o(.text))
<BR>[Address Reference Count : 1]<UL><LI> startup_stm32f10x_hd.o(RESET)
</UL>
<P><STRONG><a name="[29]"></a>CAN1_SCE_IRQHandler</STRONG> (Thumb, 0 bytes, Stack size 0 bytes, startup_stm32f10x_hd.o(.text))
<BR>[Address Reference Count : 1]<UL><LI> startup_stm32f10x_hd.o(RESET)
</UL>
<P><STRONG><a name="[1e]"></a>DMA1_Channel1_IRQHandler</STRONG> (Thumb, 0 bytes, Stack size 0 bytes, startup_stm32f10x_hd.o(.text))
<BR>[Address Reference Count : 1]<UL><LI> startup_stm32f10x_hd.o(RESET)
</UL>
<P><STRONG><a name="[20]"></a>DMA1_Channel3_IRQHandler</STRONG> (Thumb, 0 bytes, Stack size 0 bytes, startup_stm32f10x_hd.o(.text))
<BR>[Address Reference Count : 1]<UL><LI> startup_stm32f10x_hd.o(RESET)
</UL>
<P><STRONG><a name="[21]"></a>DMA1_Channel4_IRQHandler</STRONG> (Thumb, 0 bytes, Stack size 0 bytes, startup_stm32f10x_hd.o(.text))
<BR>[Address Reference Count : 1]<UL><LI> startup_stm32f10x_hd.o(RESET)
</UL>
<P><STRONG><a name="[22]"></a>DMA1_Channel5_IRQHandler</STRONG> (Thumb, 0 bytes, Stack size 0 bytes, startup_stm32f10x_hd.o(.text))
<BR>[Address Reference Count : 1]<UL><LI> startup_stm32f10x_hd.o(RESET)
</UL>
<P><STRONG><a name="[23]"></a>DMA1_Channel6_IRQHandler</STRONG> (Thumb, 0 bytes, Stack size 0 bytes, startup_stm32f10x_hd.o(.text))
<BR>[Address Reference Count : 1]<UL><LI> startup_stm32f10x_hd.o(RESET)
</UL>
<P><STRONG><a name="[24]"></a>DMA1_Channel7_IRQHandler</STRONG> (Thumb, 0 bytes, Stack size 0 bytes, startup_stm32f10x_hd.o(.text))
<BR>[Address Reference Count : 1]<UL><LI> startup_stm32f10x_hd.o(RESET)
</UL>
<P><STRONG><a name="[4b]"></a>DMA2_Channel1_IRQHandler</STRONG> (Thumb, 0 bytes, Stack size 0 bytes, startup_stm32f10x_hd.o(.text))
<BR>[Address Reference Count : 1]<UL><LI> startup_stm32f10x_hd.o(RESET)
</UL>
<P><STRONG><a name="[4c]"></a>DMA2_Channel2_IRQHandler</STRONG> (Thumb, 0 bytes, Stack size 0 bytes, startup_stm32f10x_hd.o(.text))
<BR>[Address Reference Count : 1]<UL><LI> startup_stm32f10x_hd.o(RESET)
</UL>
<P><STRONG><a name="[4d]"></a>DMA2_Channel3_IRQHandler</STRONG> (Thumb, 0 bytes, Stack size 0 bytes, startup_stm32f10x_hd.o(.text))
<BR>[Address Reference Count : 1]<UL><LI> startup_stm32f10x_hd.o(RESET)
</UL>
<P><STRONG><a name="[4e]"></a>DMA2_Channel4_5_IRQHandler</STRONG> (Thumb, 0 bytes, Stack size 0 bytes, startup_stm32f10x_hd.o(.text))
<BR>[Address Reference Count : 1]<UL><LI> startup_stm32f10x_hd.o(RESET)
</UL>
<P><STRONG><a name="[19]"></a>EXTI0_IRQHandler</STRONG> (Thumb, 0 bytes, Stack size 0 bytes, startup_stm32f10x_hd.o(.text))
<BR>[Address Reference Count : 1]<UL><LI> startup_stm32f10x_hd.o(RESET)
</UL>
<P><STRONG><a name="[3b]"></a>EXTI15_10_IRQHandler</STRONG> (Thumb, 0 bytes, Stack size 0 bytes, startup_stm32f10x_hd.o(.text))
<BR>[Address Reference Count : 1]<UL><LI> startup_stm32f10x_hd.o(RESET)
</UL>
<P><STRONG><a name="[1a]"></a>EXTI1_IRQHandler</STRONG> (Thumb, 0 bytes, Stack size 0 bytes, startup_stm32f10x_hd.o(.text))
<BR>[Address Reference Count : 1]<UL><LI> startup_stm32f10x_hd.o(RESET)
</UL>
<P><STRONG><a name="[1b]"></a>EXTI2_IRQHandler</STRONG> (Thumb, 0 bytes, Stack size 0 bytes, startup_stm32f10x_hd.o(.text))
<BR>[Address Reference Count : 1]<UL><LI> startup_stm32f10x_hd.o(RESET)
</UL>
<P><STRONG><a name="[1c]"></a>EXTI3_IRQHandler</STRONG> (Thumb, 0 bytes, Stack size 0 bytes, startup_stm32f10x_hd.o(.text))
<BR>[Address Reference Count : 1]<UL><LI> startup_stm32f10x_hd.o(RESET)
</UL>
<P><STRONG><a name="[1d]"></a>EXTI4_IRQHandler</STRONG> (Thumb, 0 bytes, Stack size 0 bytes, startup_stm32f10x_hd.o(.text))
<BR>[Address Reference Count : 1]<UL><LI> startup_stm32f10x_hd.o(RESET)
</UL>
<P><STRONG><a name="[2a]"></a>EXTI9_5_IRQHandler</STRONG> (Thumb, 0 bytes, Stack size 0 bytes, startup_stm32f10x_hd.o(.text))
<BR>[Address Reference Count : 1]<UL><LI> startup_stm32f10x_hd.o(RESET)
</UL>
<P><STRONG><a name="[17]"></a>FLASH_IRQHandler</STRONG> (Thumb, 0 bytes, Stack size 0 bytes, startup_stm32f10x_hd.o(.text))
<BR>[Address Reference Count : 1]<UL><LI> startup_stm32f10x_hd.o(RESET)
</UL>
<P><STRONG><a name="[43]"></a>FSMC_IRQHandler</STRONG> (Thumb, 0 bytes, Stack size 0 bytes, startup_stm32f10x_hd.o(.text))
<BR>[Address Reference Count : 1]<UL><LI> startup_stm32f10x_hd.o(RESET)
</UL>
<P><STRONG><a name="[33]"></a>I2C1_ER_IRQHandler</STRONG> (Thumb, 0 bytes, Stack size 0 bytes, startup_stm32f10x_hd.o(.text))
<BR>[Address Reference Count : 1]<UL><LI> startup_stm32f10x_hd.o(RESET)
</UL>
<P><STRONG><a name="[32]"></a>I2C1_EV_IRQHandler</STRONG> (Thumb, 0 bytes, Stack size 0 bytes, startup_stm32f10x_hd.o(.text))
<BR>[Address Reference Count : 1]<UL><LI> startup_stm32f10x_hd.o(RESET)
</UL>
<P><STRONG><a name="[35]"></a>I2C2_ER_IRQHandler</STRONG> (Thumb, 0 bytes, Stack size 0 bytes, startup_stm32f10x_hd.o(.text))
<BR>[Address Reference Count : 1]<UL><LI> startup_stm32f10x_hd.o(RESET)
</UL>
<P><STRONG><a name="[34]"></a>I2C2_EV_IRQHandler</STRONG> (Thumb, 0 bytes, Stack size 0 bytes, startup_stm32f10x_hd.o(.text))
<BR>[Address Reference Count : 1]<UL><LI> startup_stm32f10x_hd.o(RESET)
</UL>
<P><STRONG><a name="[14]"></a>PVD_IRQHandler</STRONG> (Thumb, 0 bytes, Stack size 0 bytes, startup_stm32f10x_hd.o(.text))
<BR>[Address Reference Count : 1]<UL><LI> startup_stm32f10x_hd.o(RESET)
</UL>
<P><STRONG><a name="[18]"></a>RCC_IRQHandler</STRONG> (Thumb, 0 bytes, Stack size 0 bytes, startup_stm32f10x_hd.o(.text))
<BR>[Address Reference Count : 1]<UL><LI> startup_stm32f10x_hd.o(RESET)
</UL>
<P><STRONG><a name="[3c]"></a>RTCAlarm_IRQHandler</STRONG> (Thumb, 0 bytes, Stack size 0 bytes, startup_stm32f10x_hd.o(.text))
<BR>[Address Reference Count : 1]<UL><LI> startup_stm32f10x_hd.o(RESET)
</UL>
<P><STRONG><a name="[16]"></a>RTC_IRQHandler</STRONG> (Thumb, 0 bytes, Stack size 0 bytes, startup_stm32f10x_hd.o(.text))
<BR>[Address Reference Count : 1]<UL><LI> startup_stm32f10x_hd.o(RESET)
</UL>
<P><STRONG><a name="[44]"></a>SDIO_IRQHandler</STRONG> (Thumb, 0 bytes, Stack size 0 bytes, startup_stm32f10x_hd.o(.text))
<BR>[Address Reference Count : 1]<UL><LI> startup_stm32f10x_hd.o(RESET)
</UL>
<P><STRONG><a name="[36]"></a>SPI1_IRQHandler</STRONG> (Thumb, 0 bytes, Stack size 0 bytes, startup_stm32f10x_hd.o(.text))
<BR>[Address Reference Count : 1]<UL><LI> startup_stm32f10x_hd.o(RESET)
</UL>
<P><STRONG><a name="[37]"></a>SPI2_IRQHandler</STRONG> (Thumb, 0 bytes, Stack size 0 bytes, startup_stm32f10x_hd.o(.text))
<BR>[Address Reference Count : 1]<UL><LI> startup_stm32f10x_hd.o(RESET)
</UL>
<P><STRONG><a name="[46]"></a>SPI3_IRQHandler</STRONG> (Thumb, 0 bytes, Stack size 0 bytes, startup_stm32f10x_hd.o(.text))
<BR>[Address Reference Count : 1]<UL><LI> startup_stm32f10x_hd.o(RESET)
</UL>
<P><STRONG><a name="[15]"></a>TAMPER_IRQHandler</STRONG> (Thumb, 0 bytes, Stack size 0 bytes, startup_stm32f10x_hd.o(.text))
<BR>[Address Reference Count : 1]<UL><LI> startup_stm32f10x_hd.o(RESET)
</UL>
<P><STRONG><a name="[2b]"></a>TIM1_BRK_IRQHandler</STRONG> (Thumb, 0 bytes, Stack size 0 bytes, startup_stm32f10x_hd.o(.text))
<BR>[Address Reference Count : 1]<UL><LI> startup_stm32f10x_hd.o(RESET)
</UL>
<P><STRONG><a name="[2e]"></a>TIM1_CC_IRQHandler</STRONG> (Thumb, 0 bytes, Stack size 0 bytes, startup_stm32f10x_hd.o(.text))
<BR>[Address Reference Count : 1]<UL><LI> startup_stm32f10x_hd.o(RESET)
</UL>
<P><STRONG><a name="[2d]"></a>TIM1_TRG_COM_IRQHandler</STRONG> (Thumb, 0 bytes, Stack size 0 bytes, startup_stm32f10x_hd.o(.text))
<BR>[Address Reference Count : 1]<UL><LI> startup_stm32f10x_hd.o(RESET)
</UL>
<P><STRONG><a name="[2c]"></a>TIM1_UP_IRQHandler</STRONG> (Thumb, 0 bytes, Stack size 0 bytes, startup_stm32f10x_hd.o(.text))
<BR>[Address Reference Count : 1]<UL><LI> startup_stm32f10x_hd.o(RESET)
</UL>
<P><STRONG><a name="[30]"></a>TIM3_IRQHandler</STRONG> (Thumb, 0 bytes, Stack size 0 bytes, startup_stm32f10x_hd.o(.text))
<BR>[Address Reference Count : 1]<UL><LI> startup_stm32f10x_hd.o(RESET)
</UL>
<P><STRONG><a name="[31]"></a>TIM4_IRQHandler</STRONG> (Thumb, 0 bytes, Stack size 0 bytes, startup_stm32f10x_hd.o(.text))
<BR>[Address Reference Count : 1]<UL><LI> startup_stm32f10x_hd.o(RESET)
</UL>
<P><STRONG><a name="[45]"></a>TIM5_IRQHandler</STRONG> (Thumb, 0 bytes, Stack size 0 bytes, startup_stm32f10x_hd.o(.text))
<BR>[Address Reference Count : 1]<UL><LI> startup_stm32f10x_hd.o(RESET)
</UL>
<P><STRONG><a name="[49]"></a>TIM6_IRQHandler</STRONG> (Thumb, 0 bytes, Stack size 0 bytes, startup_stm32f10x_hd.o(.text))
<BR>[Address Reference Count : 1]<UL><LI> startup_stm32f10x_hd.o(RESET)
</UL>
<P><STRONG><a name="[4a]"></a>TIM7_IRQHandler</STRONG> (Thumb, 0 bytes, Stack size 0 bytes, startup_stm32f10x_hd.o(.text))
<BR>[Address Reference Count : 1]<UL><LI> startup_stm32f10x_hd.o(RESET)
</UL>
<P><STRONG><a name="[3e]"></a>TIM8_BRK_IRQHandler</STRONG> (Thumb, 0 bytes, Stack size 0 bytes, startup_stm32f10x_hd.o(.text))
<BR>[Address Reference Count : 1]<UL><LI> startup_stm32f10x_hd.o(RESET)
</UL>
<P><STRONG><a name="[41]"></a>TIM8_CC_IRQHandler</STRONG> (Thumb, 0 bytes, Stack size 0 bytes, startup_stm32f10x_hd.o(.text))
<BR>[Address Reference Count : 1]<UL><LI> startup_stm32f10x_hd.o(RESET)
</UL>
<P><STRONG><a name="[40]"></a>TIM8_TRG_COM_IRQHandler</STRONG> (Thumb, 0 bytes, Stack size 0 bytes, startup_stm32f10x_hd.o(.text))
<BR>[Address Reference Count : 1]<UL><LI> startup_stm32f10x_hd.o(RESET)
</UL>
<P><STRONG><a name="[3f]"></a>TIM8_UP_IRQHandler</STRONG> (Thumb, 0 bytes, Stack size 0 bytes, startup_stm32f10x_hd.o(.text))
<BR>[Address Reference Count : 1]<UL><LI> startup_stm32f10x_hd.o(RESET)
</UL>
<P><STRONG><a name="[47]"></a>UART4_IRQHandler</STRONG> (Thumb, 0 bytes, Stack size 0 bytes, startup_stm32f10x_hd.o(.text))
<BR>[Address Reference Count : 1]<UL><LI> startup_stm32f10x_hd.o(RESET)
</UL>
<P><STRONG><a name="[48]"></a>UART5_IRQHandler</STRONG> (Thumb, 0 bytes, Stack size 0 bytes, startup_stm32f10x_hd.o(.text))
<BR>[Address Reference Count : 1]<UL><LI> startup_stm32f10x_hd.o(RESET)
</UL>
<P><STRONG><a name="[38]"></a>USART1_IRQHandler</STRONG> (Thumb, 0 bytes, Stack size 0 bytes, startup_stm32f10x_hd.o(.text))
<BR>[Address Reference Count : 1]<UL><LI> startup_stm32f10x_hd.o(RESET)
</UL>
<P><STRONG><a name="[39]"></a>USART2_IRQHandler</STRONG> (Thumb, 0 bytes, Stack size 0 bytes, startup_stm32f10x_hd.o(.text))
<BR>[Address Reference Count : 1]<UL><LI> startup_stm32f10x_hd.o(RESET)
</UL>
<P><STRONG><a name="[3d]"></a>USBWakeUp_IRQHandler</STRONG> (Thumb, 0 bytes, Stack size 0 bytes, startup_stm32f10x_hd.o(.text))
<BR>[Address Reference Count : 1]<UL><LI> startup_stm32f10x_hd.o(RESET)
</UL>
<P><STRONG><a name="[26]"></a>USB_HP_CAN1_TX_IRQHandler</STRONG> (Thumb, 0 bytes, Stack size 0 bytes, startup_stm32f10x_hd.o(.text))
<BR>[Address Reference Count : 1]<UL><LI> startup_stm32f10x_hd.o(RESET)
</UL>
<P><STRONG><a name="[27]"></a>USB_LP_CAN1_RX0_IRQHandler</STRONG> (Thumb, 0 bytes, Stack size 0 bytes, startup_stm32f10x_hd.o(.text))
<BR>[Address Reference Count : 1]<UL><LI> startup_stm32f10x_hd.o(RESET)
</UL>
<P><STRONG><a name="[13]"></a>WWDG_IRQHandler</STRONG> (Thumb, 0 bytes, Stack size 0 bytes, startup_stm32f10x_hd.o(.text))
<BR>[Address Reference Count : 1]<UL><LI> startup_stm32f10x_hd.o(RESET)
</UL>
<P><STRONG><a name="[97]"></a>__aeabi_memcpy</STRONG> (Thumb, 36 bytes, Stack size 0 bytes, memcpya.o(.text))
<BR><BR>[Called By]<UL><LI><a href="#[7f]">&gt;&gt;</a>&nbsp;&nbsp;&nbsp;utils_hmac_sha1
<LI><a href="#[86]">&gt;&gt;</a>&nbsp;&nbsp;&nbsp;TxDataBuf_Deal
<LI><a href="#[3a]">&gt;&gt;</a>&nbsp;&nbsp;&nbsp;USART3_IRQHandler
<LI><a href="#[d2]">&gt;&gt;</a>&nbsp;&nbsp;&nbsp;utils_sha1_update
</UL>

<P><STRONG><a name="[dd]"></a>__aeabi_memcpy4</STRONG> (Thumb, 0 bytes, Stack size 0 bytes, memcpya.o(.text), UNUSED)

<P><STRONG><a name="[de]"></a>__aeabi_memcpy8</STRONG> (Thumb, 0 bytes, Stack size 0 bytes, memcpya.o(.text), UNUSED)

<P><STRONG><a name="[61]"></a>__aeabi_memset</STRONG> (Thumb, 14 bytes, Stack size 0 bytes, memseta.o(.text))
<BR><BR>[Called By]<UL><LI><a href="#[62]">&gt;&gt;</a>&nbsp;&nbsp;&nbsp;_memset$wrapper
<LI><a href="#[60]">&gt;&gt;</a>&nbsp;&nbsp;&nbsp;__aeabi_memclr
</UL>

<P><STRONG><a name="[df]"></a>__aeabi_memset4</STRONG> (Thumb, 0 bytes, Stack size 0 bytes, memseta.o(.text), UNUSED)

<P><STRONG><a name="[e0]"></a>__aeabi_memset8</STRONG> (Thumb, 0 bytes, Stack size 0 bytes, memseta.o(.text), UNUSED)

<P><STRONG><a name="[60]"></a>__aeabi_memclr</STRONG> (Thumb, 4 bytes, Stack size 0 bytes, memseta.o(.text))
<BR><BR>[Calls]<UL><LI><a href="#[61]">&gt;&gt;</a>&nbsp;&nbsp;&nbsp;__aeabi_memset
</UL>
<BR>[Called By]<UL><LI><a href="#[7b]">&gt;&gt;</a>&nbsp;&nbsp;&nbsp;IoT_Parameter_Init
</UL>

<P><STRONG><a name="[7e]"></a>__aeabi_memclr4</STRONG> (Thumb, 0 bytes, Stack size 0 bytes, memseta.o(.text))
<BR><BR>[Called By]<UL><LI><a href="#[7f]">&gt;&gt;</a>&nbsp;&nbsp;&nbsp;utils_hmac_sha1
<LI><a href="#[7b]">&gt;&gt;</a>&nbsp;&nbsp;&nbsp;IoT_Parameter_Init
<LI><a href="#[d0]">&gt;&gt;</a>&nbsp;&nbsp;&nbsp;utils_sha1_init
</UL>

<P><STRONG><a name="[e1]"></a>__aeabi_memclr8</STRONG> (Thumb, 0 bytes, Stack size 0 bytes, memseta.o(.text), UNUSED)

<P><STRONG><a name="[62]"></a>_memset$wrapper</STRONG> (Thumb, 18 bytes, Stack size 8 bytes, memseta.o(.text), UNUSED)
<BR><BR>[Calls]<UL><LI><a href="#[61]">&gt;&gt;</a>&nbsp;&nbsp;&nbsp;__aeabi_memset
</UL>

<P><STRONG><a name="[7d]"></a>strlen</STRONG> (Thumb, 14 bytes, Stack size 0 bytes, strlen.o(.text))
<BR><BR>[Called By]<UL><LI><a href="#[80]">&gt;&gt;</a>&nbsp;&nbsp;&nbsp;u1_printf
<LI><a href="#[7b]">&gt;&gt;</a>&nbsp;&nbsp;&nbsp;IoT_Parameter_Init
</UL>

<P><STRONG><a name="[e2]"></a>__aeabi_uidiv</STRONG> (Thumb, 0 bytes, Stack size 12 bytes, uidiv.o(.text), UNUSED)

<P><STRONG><a name="[ae]"></a>__aeabi_uidivmod</STRONG> (Thumb, 44 bytes, Stack size 12 bytes, uidiv.o(.text), UNUSED)
<BR><BR>[Called By]<UL><LI><a href="#[a8]">&gt;&gt;</a>&nbsp;&nbsp;&nbsp;_printf_core
</UL>

<P><STRONG><a name="[63]"></a>__aeabi_uldivmod</STRONG> (Thumb, 98 bytes, Stack size 40 bytes, uldiv.o(.text), UNUSED)
<BR><BR>[Calls]<UL><LI><a href="#[65]">&gt;&gt;</a>&nbsp;&nbsp;&nbsp;__aeabi_llsl
<LI><a href="#[64]">&gt;&gt;</a>&nbsp;&nbsp;&nbsp;__aeabi_llsr
</UL>
<BR>[Called By]<UL><LI><a href="#[a8]">&gt;&gt;</a>&nbsp;&nbsp;&nbsp;_printf_core
<LI><a href="#[aa]">&gt;&gt;</a>&nbsp;&nbsp;&nbsp;_fp_digits
</UL>

<P><STRONG><a name="[64]"></a>__aeabi_llsr</STRONG> (Thumb, 32 bytes, Stack size 0 bytes, llushr.o(.text), UNUSED)
<BR><BR>[Called By]<UL><LI><a href="#[68]">&gt;&gt;</a>&nbsp;&nbsp;&nbsp;_double_epilogue
<LI><a href="#[63]">&gt;&gt;</a>&nbsp;&nbsp;&nbsp;__aeabi_uldivmod
<LI><a href="#[6e]">&gt;&gt;</a>&nbsp;&nbsp;&nbsp;__aeabi_d2ulz
</UL>

<P><STRONG><a name="[e3]"></a>_ll_ushift_r</STRONG> (Thumb, 0 bytes, Stack size 0 bytes, llushr.o(.text), UNUSED)

<P><STRONG><a name="[e4]"></a>__I$use$fp</STRONG> (Thumb, 0 bytes, Stack size 48 bytes, iusefp.o(.text), UNUSED)

<P><STRONG><a name="[66]"></a>__aeabi_dadd</STRONG> (Thumb, 322 bytes, Stack size 48 bytes, dadd.o(.text), UNUSED)
<BR><BR>[Calls]<UL><LI><a href="#[67]">&gt;&gt;</a>&nbsp;&nbsp;&nbsp;__aeabi_lasr
<LI><a href="#[65]">&gt;&gt;</a>&nbsp;&nbsp;&nbsp;__aeabi_llsl
<LI><a href="#[69]">&gt;&gt;</a>&nbsp;&nbsp;&nbsp;_double_round
<LI><a href="#[68]">&gt;&gt;</a>&nbsp;&nbsp;&nbsp;_double_epilogue
</UL>
<BR>[Called By]<UL><LI><a href="#[6b]">&gt;&gt;</a>&nbsp;&nbsp;&nbsp;__aeabi_drsub
<LI><a href="#[6a]">&gt;&gt;</a>&nbsp;&nbsp;&nbsp;__aeabi_dsub
<LI><a href="#[aa]">&gt;&gt;</a>&nbsp;&nbsp;&nbsp;_fp_digits
</UL>

<P><STRONG><a name="[6a]"></a>__aeabi_dsub</STRONG> (Thumb, 6 bytes, Stack size 0 bytes, dadd.o(.text), UNUSED)
<BR><BR>[Calls]<UL><LI><a href="#[66]">&gt;&gt;</a>&nbsp;&nbsp;&nbsp;__aeabi_dadd
</UL>

<P><STRONG><a name="[6b]"></a>__aeabi_drsub</STRONG> (Thumb, 6 bytes, Stack size 0 bytes, dadd.o(.text), UNUSED)
<BR><BR>[Calls]<UL><LI><a href="#[66]">&gt;&gt;</a>&nbsp;&nbsp;&nbsp;__aeabi_dadd
</UL>

<P><STRONG><a name="[6c]"></a>__aeabi_dmul</STRONG> (Thumb, 228 bytes, Stack size 48 bytes, dmul.o(.text), UNUSED)
<BR><BR>[Calls]<UL><LI><a href="#[68]">&gt;&gt;</a>&nbsp;&nbsp;&nbsp;_double_epilogue
</UL>
<BR>[Called By]<UL><LI><a href="#[aa]">&gt;&gt;</a>&nbsp;&nbsp;&nbsp;_fp_digits
</UL>

<P><STRONG><a name="[6d]"></a>__aeabi_ddiv</STRONG> (Thumb, 222 bytes, Stack size 32 bytes, ddiv.o(.text), UNUSED)
<BR><BR>[Calls]<UL><LI><a href="#[69]">&gt;&gt;</a>&nbsp;&nbsp;&nbsp;_double_round
</UL>
<BR>[Called By]<UL><LI><a href="#[aa]">&gt;&gt;</a>&nbsp;&nbsp;&nbsp;_fp_digits
</UL>

<P><STRONG><a name="[6e]"></a>__aeabi_d2ulz</STRONG> (Thumb, 48 bytes, Stack size 0 bytes, dfixul.o(.text), UNUSED)
<BR><BR>[Calls]<UL><LI><a href="#[65]">&gt;&gt;</a>&nbsp;&nbsp;&nbsp;__aeabi_llsl
<LI><a href="#[64]">&gt;&gt;</a>&nbsp;&nbsp;&nbsp;__aeabi_llsr
</UL>
<BR>[Called By]<UL><LI><a href="#[aa]">&gt;&gt;</a>&nbsp;&nbsp;&nbsp;_fp_digits
</UL>

<P><STRONG><a name="[ab]"></a>__aeabi_cdrcmple</STRONG> (Thumb, 48 bytes, Stack size 0 bytes, cdrcmple.o(.text), UNUSED)
<BR><BR>[Called By]<UL><LI><a href="#[aa]">&gt;&gt;</a>&nbsp;&nbsp;&nbsp;_fp_digits
</UL>

<P><STRONG><a name="[5f]"></a>__scatterload</STRONG> (Thumb, 28 bytes, Stack size 0 bytes, init.o(.text))
<BR><BR>[Calls]<UL><LI><a href="#[6f]">&gt;&gt;</a>&nbsp;&nbsp;&nbsp;__main_after_scatterload
</UL>
<BR>[Called By]<UL><LI><a href="#[5e]">&gt;&gt;</a>&nbsp;&nbsp;&nbsp;_main_scatterload
</UL>

<P><STRONG><a name="[e5]"></a>__scatterload_rt2</STRONG> (Thumb, 0 bytes, Stack size 0 bytes, init.o(.text), UNUSED)

<P><STRONG><a name="[65]"></a>__aeabi_llsl</STRONG> (Thumb, 30 bytes, Stack size 0 bytes, llshl.o(.text), UNUSED)
<BR><BR>[Called By]<UL><LI><a href="#[68]">&gt;&gt;</a>&nbsp;&nbsp;&nbsp;_double_epilogue
<LI><a href="#[63]">&gt;&gt;</a>&nbsp;&nbsp;&nbsp;__aeabi_uldivmod
<LI><a href="#[66]">&gt;&gt;</a>&nbsp;&nbsp;&nbsp;__aeabi_dadd
<LI><a href="#[6e]">&gt;&gt;</a>&nbsp;&nbsp;&nbsp;__aeabi_d2ulz
</UL>

<P><STRONG><a name="[e6]"></a>_ll_shift_l</STRONG> (Thumb, 0 bytes, Stack size 0 bytes, llshl.o(.text), UNUSED)

<P><STRONG><a name="[67]"></a>__aeabi_lasr</STRONG> (Thumb, 36 bytes, Stack size 0 bytes, llsshr.o(.text), UNUSED)
<BR><BR>[Called By]<UL><LI><a href="#[66]">&gt;&gt;</a>&nbsp;&nbsp;&nbsp;__aeabi_dadd
</UL>

<P><STRONG><a name="[e7]"></a>_ll_sshift_r</STRONG> (Thumb, 0 bytes, Stack size 0 bytes, llsshr.o(.text), UNUSED)

<P><STRONG><a name="[69]"></a>_double_round</STRONG> (Thumb, 30 bytes, Stack size 8 bytes, depilogue.o(.text), UNUSED)
<BR><BR>[Called By]<UL><LI><a href="#[68]">&gt;&gt;</a>&nbsp;&nbsp;&nbsp;_double_epilogue
<LI><a href="#[6d]">&gt;&gt;</a>&nbsp;&nbsp;&nbsp;__aeabi_ddiv
<LI><a href="#[66]">&gt;&gt;</a>&nbsp;&nbsp;&nbsp;__aeabi_dadd
</UL>

<P><STRONG><a name="[68]"></a>_double_epilogue</STRONG> (Thumb, 156 bytes, Stack size 32 bytes, depilogue.o(.text), UNUSED)
<BR><BR>[Calls]<UL><LI><a href="#[65]">&gt;&gt;</a>&nbsp;&nbsp;&nbsp;__aeabi_llsl
<LI><a href="#[69]">&gt;&gt;</a>&nbsp;&nbsp;&nbsp;_double_round
<LI><a href="#[64]">&gt;&gt;</a>&nbsp;&nbsp;&nbsp;__aeabi_llsr
</UL>
<BR>[Called By]<UL><LI><a href="#[6c]">&gt;&gt;</a>&nbsp;&nbsp;&nbsp;__aeabi_dmul
<LI><a href="#[66]">&gt;&gt;</a>&nbsp;&nbsp;&nbsp;__aeabi_dadd
</UL>

<P><STRONG><a name="[e8]"></a>__decompress</STRONG> (Thumb, 0 bytes, Stack size unknown bytes, __dczerorl2.o(.text), UNUSED)

<P><STRONG><a name="[e9]"></a>__decompress1</STRONG> (Thumb, 86 bytes, Stack size unknown bytes, __dczerorl2.o(.text), UNUSED)

<P><STRONG><a name="[d]"></a>BusFault_Handler</STRONG> (Thumb, 2 bytes, Stack size 0 bytes, stm32f10x_it.o(i.BusFault_Handler))
<BR>[Address Reference Count : 1]<UL><LI> startup_stm32f10x_hd.o(RESET)
</UL>
<P><STRONG><a name="[70]"></a>CreateSysMAC</STRONG> (Thumb, 108 bytes, Stack size 32 bytes, mqtt.o(i.CreateSysMAC))
<BR><BR>[Stack]<UL><LI>Max Depth = 48<LI>Call Chain = CreateSysMAC &rArr; Get_MCU_ID
</UL>
<BR>[Calls]<UL><LI><a href="#[71]">&gt;&gt;</a>&nbsp;&nbsp;&nbsp;Get_MCU_ID
</UL>
<BR>[Called By]<UL><LI><a href="#[7b]">&gt;&gt;</a>&nbsp;&nbsp;&nbsp;IoT_Parameter_Init
<LI><a href="#[9f]">&gt;&gt;</a>&nbsp;&nbsp;&nbsp;W5500_init
</UL>

<P><STRONG><a name="[72]"></a>DHCP_init</STRONG> (Thumb, 150 bytes, Stack size 16 bytes, dhcp.o(i.DHCP_init))
<BR><BR>[Stack]<UL><LI>Max Depth = 40<LI>Call Chain = DHCP_init &rArr; WIZCHIP_WRITE_BUF
</UL>
<BR>[Calls]<UL><LI><a href="#[74]">&gt;&gt;</a>&nbsp;&nbsp;&nbsp;WIZCHIP_WRITE_BUF
<LI><a href="#[75]">&gt;&gt;</a>&nbsp;&nbsp;&nbsp;reset_DHCP_timeout
<LI><a href="#[73]">&gt;&gt;</a>&nbsp;&nbsp;&nbsp;WIZCHIP_READ_BUF
</UL>
<BR>[Called By]<UL><LI><a href="#[9f]">&gt;&gt;</a>&nbsp;&nbsp;&nbsp;W5500_init
</UL>

<P><STRONG><a name="[1f]"></a>DMA1_Channel2_IRQHandler</STRONG> (Thumb, 32 bytes, Stack size 8 bytes, stm32f10x_it.o(i.DMA1_Channel2_IRQHandler))
<BR><BR>[Stack]<UL><LI>Max Depth = 8<LI>Call Chain = DMA1_Channel2_IRQHandler
</UL>
<BR>[Calls]<UL><LI><a href="#[76]">&gt;&gt;</a>&nbsp;&nbsp;&nbsp;DMA_GetITStatus
<LI><a href="#[78]">&gt;&gt;</a>&nbsp;&nbsp;&nbsp;DMA_Cmd
<LI><a href="#[77]">&gt;&gt;</a>&nbsp;&nbsp;&nbsp;DMA_ClearITPendingBit
</UL>
<BR>[Address Reference Count : 1]<UL><LI> startup_stm32f10x_hd.o(RESET)
</UL>
<P><STRONG><a name="[77]"></a>DMA_ClearITPendingBit</STRONG> (Thumb, 18 bytes, Stack size 0 bytes, stm32f10x_dma.o(i.DMA_ClearITPendingBit))
<BR><BR>[Called By]<UL><LI><a href="#[1f]">&gt;&gt;</a>&nbsp;&nbsp;&nbsp;DMA1_Channel2_IRQHandler
</UL>

<P><STRONG><a name="[78]"></a>DMA_Cmd</STRONG> (Thumb, 24 bytes, Stack size 0 bytes, stm32f10x_dma.o(i.DMA_Cmd))
<BR><BR>[Called By]<UL><LI><a href="#[3a]">&gt;&gt;</a>&nbsp;&nbsp;&nbsp;USART3_IRQHandler
<LI><a href="#[1f]">&gt;&gt;</a>&nbsp;&nbsp;&nbsp;DMA1_Channel2_IRQHandler
</UL>

<P><STRONG><a name="[99]"></a>DMA_GetCurrDataCounter</STRONG> (Thumb, 8 bytes, Stack size 0 bytes, stm32f10x_dma.o(i.DMA_GetCurrDataCounter))
<BR><BR>[Called By]<UL><LI><a href="#[3a]">&gt;&gt;</a>&nbsp;&nbsp;&nbsp;USART3_IRQHandler
</UL>

<P><STRONG><a name="[76]"></a>DMA_GetITStatus</STRONG> (Thumb, 36 bytes, Stack size 0 bytes, stm32f10x_dma.o(i.DMA_GetITStatus))
<BR><BR>[Called By]<UL><LI><a href="#[1f]">&gt;&gt;</a>&nbsp;&nbsp;&nbsp;DMA1_Channel2_IRQHandler
</UL>

<P><STRONG><a name="[10]"></a>DebugMon_Handler</STRONG> (Thumb, 2 bytes, Stack size 0 bytes, stm32f10x_it.o(i.DebugMon_Handler))
<BR>[Address Reference Count : 1]<UL><LI> startup_stm32f10x_hd.o(RESET)
</UL>
<P><STRONG><a name="[84]"></a>GPIO_Init</STRONG> (Thumb, 278 bytes, Stack size 24 bytes, stm32f10x_gpio.o(i.GPIO_Init))
<BR><BR>[Stack]<UL><LI>Max Depth = 24<LI>Call Chain = GPIO_Init
</UL>
<BR>[Called By]<UL><LI><a href="#[9d]">&gt;&gt;</a>&nbsp;&nbsp;&nbsp;Usart1_Init
<LI><a href="#[8a]">&gt;&gt;</a>&nbsp;&nbsp;&nbsp;SPI_GPIO_Configuration
<LI><a href="#[81]">&gt;&gt;</a>&nbsp;&nbsp;&nbsp;JTAGRemapGPIOInit
</UL>

<P><STRONG><a name="[83]"></a>GPIO_PinRemapConfig</STRONG> (Thumb, 138 bytes, Stack size 20 bytes, stm32f10x_gpio.o(i.GPIO_PinRemapConfig))
<BR><BR>[Stack]<UL><LI>Max Depth = 20<LI>Call Chain = GPIO_PinRemapConfig
</UL>
<BR>[Called By]<UL><LI><a href="#[81]">&gt;&gt;</a>&nbsp;&nbsp;&nbsp;JTAGRemapGPIOInit
</UL>

<P><STRONG><a name="[88]"></a>GPIO_ResetBits</STRONG> (Thumb, 4 bytes, Stack size 0 bytes, stm32f10x_gpio.o(i.GPIO_ResetBits))
<BR><BR>[Called By]<UL><LI><a href="#[55]">&gt;&gt;</a>&nbsp;&nbsp;&nbsp;SPI_CS_Select
</UL>

<P><STRONG><a name="[87]"></a>GPIO_SetBits</STRONG> (Thumb, 4 bytes, Stack size 0 bytes, stm32f10x_gpio.o(i.GPIO_SetBits))
<BR><BR>[Called By]<UL><LI><a href="#[54]">&gt;&gt;</a>&nbsp;&nbsp;&nbsp;SPI_CS_Deselect
<LI><a href="#[8a]">&gt;&gt;</a>&nbsp;&nbsp;&nbsp;SPI_GPIO_Configuration
</UL>

<P><STRONG><a name="[71]"></a>Get_MCU_ID</STRONG> (Thumb, 118 bytes, Stack size 16 bytes, mqtt.o(i.Get_MCU_ID))
<BR><BR>[Stack]<UL><LI>Max Depth = 16<LI>Call Chain = Get_MCU_ID
</UL>
<BR>[Called By]<UL><LI><a href="#[70]">&gt;&gt;</a>&nbsp;&nbsp;&nbsp;CreateSysMAC
</UL>

<P><STRONG><a name="[b]"></a>HardFault_Handler</STRONG> (Thumb, 2 bytes, Stack size 0 bytes, stm32f10x_it.o(i.HardFault_Handler))
<BR>[Address Reference Count : 1]<UL><LI> startup_stm32f10x_hd.o(RESET)
</UL>
<P><STRONG><a name="[79]"></a>IWDG_FeedDog</STRONG> (Thumb, 8 bytes, Stack size 8 bytes, iwdg.o(i.IWDG_FeedDog))
<BR><BR>[Stack]<UL><LI>Max Depth = 8<LI>Call Chain = IWDG_FeedDog
</UL>
<BR>[Calls]<UL><LI><a href="#[7a]">&gt;&gt;</a>&nbsp;&nbsp;&nbsp;IWDG_ReloadCounter
</UL>
<BR>[Called By]<UL><LI><a href="#[2f]">&gt;&gt;</a>&nbsp;&nbsp;&nbsp;TIM2_IRQHandler
</UL>

<P><STRONG><a name="[7a]"></a>IWDG_ReloadCounter</STRONG> (Thumb, 10 bytes, Stack size 0 bytes, stm32f10x_iwdg.o(i.IWDG_ReloadCounter))
<BR><BR>[Called By]<UL><LI><a href="#[79]">&gt;&gt;</a>&nbsp;&nbsp;&nbsp;IWDG_FeedDog
</UL>

<P><STRONG><a name="[7b]"></a>IoT_Parameter_Init</STRONG> (Thumb, 190 bytes, Stack size 144 bytes, mqtt.o(i.IoT_Parameter_Init))
<BR><BR>[Stack]<UL><LI>Max Depth = 572<LI>Call Chain = IoT_Parameter_Init &rArr; utils_hmac_sha1 &rArr; utils_sha1_finish &rArr; utils_sha1_update &rArr; utils_sha1_process
</UL>
<BR>[Calls]<UL><LI><a href="#[7f]">&gt;&gt;</a>&nbsp;&nbsp;&nbsp;utils_hmac_sha1
<LI><a href="#[80]">&gt;&gt;</a>&nbsp;&nbsp;&nbsp;u1_printf
<LI><a href="#[70]">&gt;&gt;</a>&nbsp;&nbsp;&nbsp;CreateSysMAC
<LI><a href="#[7d]">&gt;&gt;</a>&nbsp;&nbsp;&nbsp;strlen
<LI><a href="#[7e]">&gt;&gt;</a>&nbsp;&nbsp;&nbsp;__aeabi_memclr4
<LI><a href="#[60]">&gt;&gt;</a>&nbsp;&nbsp;&nbsp;__aeabi_memclr
<LI><a href="#[7c]">&gt;&gt;</a>&nbsp;&nbsp;&nbsp;__2sprintf
</UL>
<BR>[Called By]<UL><LI><a href="#[4f]">&gt;&gt;</a>&nbsp;&nbsp;&nbsp;main
</UL>

<P><STRONG><a name="[81]"></a>JTAGRemapGPIOInit</STRONG> (Thumb, 74 bytes, Stack size 8 bytes, spi.o(i.JTAGRemapGPIOInit))
<BR><BR>[Stack]<UL><LI>Max Depth = 32<LI>Call Chain = JTAGRemapGPIOInit &rArr; GPIO_Init
</UL>
<BR>[Calls]<UL><LI><a href="#[82]">&gt;&gt;</a>&nbsp;&nbsp;&nbsp;RCC_APB2PeriphClockCmd
<LI><a href="#[84]">&gt;&gt;</a>&nbsp;&nbsp;&nbsp;GPIO_Init
<LI><a href="#[83]">&gt;&gt;</a>&nbsp;&nbsp;&nbsp;GPIO_PinRemapConfig
</UL>
<BR>[Called By]<UL><LI><a href="#[8a]">&gt;&gt;</a>&nbsp;&nbsp;&nbsp;SPI_GPIO_Configuration
</UL>

<P><STRONG><a name="[85]"></a>MQTT_PingREQ</STRONG> (Thumb, 22 bytes, Stack size 8 bytes, mqtt.o(i.MQTT_PingREQ))
<BR><BR>[Stack]<UL><LI>Max Depth = 24<LI>Call Chain = MQTT_PingREQ &rArr; TxDataBuf_Deal
</UL>
<BR>[Calls]<UL><LI><a href="#[86]">&gt;&gt;</a>&nbsp;&nbsp;&nbsp;TxDataBuf_Deal
</UL>
<BR>[Called By]<UL><LI><a href="#[2f]">&gt;&gt;</a>&nbsp;&nbsp;&nbsp;TIM2_IRQHandler
</UL>

<P><STRONG><a name="[c]"></a>MemManage_Handler</STRONG> (Thumb, 2 bytes, Stack size 0 bytes, stm32f10x_it.o(i.MemManage_Handler))
<BR>[Address Reference Count : 1]<UL><LI> startup_stm32f10x_hd.o(RESET)
</UL>
<P><STRONG><a name="[a]"></a>NMI_Handler</STRONG> (Thumb, 2 bytes, Stack size 0 bytes, stm32f10x_it.o(i.NMI_Handler))
<BR>[Address Reference Count : 1]<UL><LI> startup_stm32f10x_hd.o(RESET)
</UL>
<P><STRONG><a name="[11]"></a>PendSV_Handler</STRONG> (Thumb, 2 bytes, Stack size 0 bytes, stm32f10x_it.o(i.PendSV_Handler))
<BR>[Address Reference Count : 1]<UL><LI> startup_stm32f10x_hd.o(RESET)
</UL>
<P><STRONG><a name="[8e]"></a>RCC_APB1PeriphClockCmd</STRONG> (Thumb, 26 bytes, Stack size 0 bytes, stm32f10x_rcc.o(i.RCC_APB1PeriphClockCmd))
<BR><BR>[Called By]<UL><LI><a href="#[8a]">&gt;&gt;</a>&nbsp;&nbsp;&nbsp;SPI_GPIO_Configuration
</UL>

<P><STRONG><a name="[82]"></a>RCC_APB2PeriphClockCmd</STRONG> (Thumb, 26 bytes, Stack size 0 bytes, stm32f10x_rcc.o(i.RCC_APB2PeriphClockCmd))
<BR><BR>[Called By]<UL><LI><a href="#[9d]">&gt;&gt;</a>&nbsp;&nbsp;&nbsp;Usart1_Init
<LI><a href="#[8a]">&gt;&gt;</a>&nbsp;&nbsp;&nbsp;SPI_GPIO_Configuration
<LI><a href="#[81]">&gt;&gt;</a>&nbsp;&nbsp;&nbsp;JTAGRemapGPIOInit
</UL>

<P><STRONG><a name="[9c]"></a>RCC_GetClocksFreq</STRONG> (Thumb, 192 bytes, Stack size 12 bytes, stm32f10x_rcc.o(i.RCC_GetClocksFreq))
<BR><BR>[Stack]<UL><LI>Max Depth = 12<LI>Call Chain = RCC_GetClocksFreq
</UL>
<BR>[Called By]<UL><LI><a href="#[9b]">&gt;&gt;</a>&nbsp;&nbsp;&nbsp;USART_Init
</UL>

<P><STRONG><a name="[54]"></a>SPI_CS_Deselect</STRONG> (Thumb, 14 bytes, Stack size 8 bytes, spi.o(i.SPI_CS_Deselect))
<BR><BR>[Stack]<UL><LI>Max Depth = 8<LI>Call Chain = SPI_CS_Deselect
</UL>
<BR>[Calls]<UL><LI><a href="#[87]">&gt;&gt;</a>&nbsp;&nbsp;&nbsp;GPIO_SetBits
</UL>
<BR>[Address Reference Count : 1]<UL><LI> main.o(i.W5500_init)
</UL>
<P><STRONG><a name="[55]"></a>SPI_CS_Select</STRONG> (Thumb, 14 bytes, Stack size 8 bytes, spi.o(i.SPI_CS_Select))
<BR><BR>[Stack]<UL><LI>Max Depth = 8<LI>Call Chain = SPI_CS_Select
</UL>
<BR>[Calls]<UL><LI><a href="#[88]">&gt;&gt;</a>&nbsp;&nbsp;&nbsp;GPIO_ResetBits
</UL>
<BR>[Address Reference Count : 1]<UL><LI> main.o(i.W5500_init)
</UL>
<P><STRONG><a name="[8d]"></a>SPI_Cmd</STRONG> (Thumb, 24 bytes, Stack size 0 bytes, stm32f10x_spi.o(i.SPI_Cmd))
<BR><BR>[Called By]<UL><LI><a href="#[89]">&gt;&gt;</a>&nbsp;&nbsp;&nbsp;SPI_Configuration
</UL>

<P><STRONG><a name="[89]"></a>SPI_Configuration</STRONG> (Thumb, 88 bytes, Stack size 24 bytes, spi.o(i.SPI_Configuration))
<BR><BR>[Stack]<UL><LI>Max Depth = 64<LI>Call Chain = SPI_Configuration &rArr; SPI_GPIO_Configuration &rArr; JTAGRemapGPIOInit &rArr; GPIO_Init
</UL>
<BR>[Calls]<UL><LI><a href="#[8c]">&gt;&gt;</a>&nbsp;&nbsp;&nbsp;SPI_SSOutputCmd
<LI><a href="#[8b]">&gt;&gt;</a>&nbsp;&nbsp;&nbsp;SPI_Init
<LI><a href="#[8d]">&gt;&gt;</a>&nbsp;&nbsp;&nbsp;SPI_Cmd
<LI><a href="#[8a]">&gt;&gt;</a>&nbsp;&nbsp;&nbsp;SPI_GPIO_Configuration
</UL>
<BR>[Called By]<UL><LI><a href="#[9f]">&gt;&gt;</a>&nbsp;&nbsp;&nbsp;W5500_init
</UL>

<P><STRONG><a name="[53]"></a>SPI_CrisEnter</STRONG> (Thumb, 10 bytes, Stack size 0 bytes, spi.o(i.SPI_CrisEnter))
<BR>[Address Reference Count : 1]<UL><LI> main.o(i.W5500_init)
</UL>
<P><STRONG><a name="[52]"></a>SPI_CrisExit</STRONG> (Thumb, 10 bytes, Stack size 0 bytes, spi.o(i.SPI_CrisExit))
<BR>[Address Reference Count : 1]<UL><LI> main.o(i.W5500_init)
</UL>
<P><STRONG><a name="[8a]"></a>SPI_GPIO_Configuration</STRONG> (Thumb, 156 bytes, Stack size 8 bytes, spi.o(i.SPI_GPIO_Configuration))
<BR><BR>[Stack]<UL><LI>Max Depth = 40<LI>Call Chain = SPI_GPIO_Configuration &rArr; JTAGRemapGPIOInit &rArr; GPIO_Init
</UL>
<BR>[Calls]<UL><LI><a href="#[8e]">&gt;&gt;</a>&nbsp;&nbsp;&nbsp;RCC_APB1PeriphClockCmd
<LI><a href="#[87]">&gt;&gt;</a>&nbsp;&nbsp;&nbsp;GPIO_SetBits
<LI><a href="#[82]">&gt;&gt;</a>&nbsp;&nbsp;&nbsp;RCC_APB2PeriphClockCmd
<LI><a href="#[84]">&gt;&gt;</a>&nbsp;&nbsp;&nbsp;GPIO_Init
<LI><a href="#[81]">&gt;&gt;</a>&nbsp;&nbsp;&nbsp;JTAGRemapGPIOInit
</UL>
<BR>[Called By]<UL><LI><a href="#[89]">&gt;&gt;</a>&nbsp;&nbsp;&nbsp;SPI_Configuration
</UL>

<P><STRONG><a name="[8b]"></a>SPI_Init</STRONG> (Thumb, 60 bytes, Stack size 8 bytes, stm32f10x_spi.o(i.SPI_Init))
<BR><BR>[Stack]<UL><LI>Max Depth = 8<LI>Call Chain = SPI_Init
</UL>
<BR>[Called By]<UL><LI><a href="#[89]">&gt;&gt;</a>&nbsp;&nbsp;&nbsp;SPI_Configuration
</UL>

<P><STRONG><a name="[57]"></a>SPI_ReadByte</STRONG> (Thumb, 46 bytes, Stack size 0 bytes, spi.o(i.SPI_ReadByte))
<BR>[Address Reference Count : 1]<UL><LI> main.o(i.W5500_init)
</UL>
<P><STRONG><a name="[8c]"></a>SPI_SSOutputCmd</STRONG> (Thumb, 24 bytes, Stack size 0 bytes, stm32f10x_spi.o(i.SPI_SSOutputCmd))
<BR><BR>[Called By]<UL><LI><a href="#[89]">&gt;&gt;</a>&nbsp;&nbsp;&nbsp;SPI_Configuration
</UL>

<P><STRONG><a name="[56]"></a>SPI_WriteByte</STRONG> (Thumb, 42 bytes, Stack size 0 bytes, spi.o(i.SPI_WriteByte))
<BR>[Address Reference Count : 1]<UL><LI> main.o(i.W5500_init)
</UL>
<P><STRONG><a name="[f]"></a>SVC_Handler</STRONG> (Thumb, 2 bytes, Stack size 0 bytes, stm32f10x_it.o(i.SVC_Handler))
<BR>[Address Reference Count : 1]<UL><LI> startup_stm32f10x_hd.o(RESET)
</UL>
<P><STRONG><a name="[12]"></a>SysTick_Handler</STRONG> (Thumb, 8 bytes, Stack size 8 bytes, bsp_timer.o(i.SysTick_Handler))
<BR><BR>[Stack]<UL><LI>Max Depth = 16<LI>Call Chain = SysTick_Handler &rArr; SysTick_ISR
</UL>
<BR>[Calls]<UL><LI><a href="#[91]">&gt;&gt;</a>&nbsp;&nbsp;&nbsp;SysTick_ISR
</UL>
<BR>[Address Reference Count : 1]<UL><LI> startup_stm32f10x_hd.o(RESET)
</UL>
<P><STRONG><a name="[91]"></a>SysTick_ISR</STRONG> (Thumb, 110 bytes, Stack size 8 bytes, bsp_timer.o(i.SysTick_ISR))
<BR><BR>[Stack]<UL><LI>Max Depth = 8<LI>Call Chain = SysTick_ISR
</UL>
<BR>[Calls]<UL><LI><a href="#[92]">&gt;&gt;</a>&nbsp;&nbsp;&nbsp;bsp_SoftTimerDec
<LI><a href="#[93]">&gt;&gt;</a>&nbsp;&nbsp;&nbsp;bsp_RunPer1ms
<LI><a href="#[94]">&gt;&gt;</a>&nbsp;&nbsp;&nbsp;bsp_RunPer10ms
</UL>
<BR>[Called By]<UL><LI><a href="#[12]">&gt;&gt;</a>&nbsp;&nbsp;&nbsp;SysTick_Handler
</UL>

<P><STRONG><a name="[b1]"></a>SystemCoreClockUpdate</STRONG> (Thumb, 142 bytes, Stack size 8 bytes, system_stm32f10x.o(i.SystemCoreClockUpdate))
<BR><BR>[Stack]<UL><LI>Max Depth = 8<LI>Call Chain = SystemCoreClockUpdate
</UL>
<BR>[Called By]<UL><LI><a href="#[b0]">&gt;&gt;</a>&nbsp;&nbsp;&nbsp;bsp_InitTimer
</UL>

<P><STRONG><a name="[50]"></a>SystemInit</STRONG> (Thumb, 78 bytes, Stack size 8 bytes, system_stm32f10x.o(i.SystemInit))
<BR><BR>[Stack]<UL><LI>Max Depth = 28<LI>Call Chain = SystemInit &rArr; SetSysClock &rArr; SetSysClockTo72
</UL>
<BR>[Calls]<UL><LI><a href="#[8f]">&gt;&gt;</a>&nbsp;&nbsp;&nbsp;SetSysClock
</UL>
<BR>[Address Reference Count : 1]<UL><LI> startup_stm32f10x_hd.o(.text)
</UL>
<P><STRONG><a name="[2f]"></a>TIM2_IRQHandler</STRONG> (Thumb, 116 bytes, Stack size 8 bytes, stm32f10x_it.o(i.TIM2_IRQHandler))
<BR><BR>[Stack]<UL><LI>Max Depth = 32<LI>Call Chain = TIM2_IRQHandler &rArr; MQTT_PingREQ &rArr; TxDataBuf_Deal
</UL>
<BR>[Calls]<UL><LI><a href="#[95]">&gt;&gt;</a>&nbsp;&nbsp;&nbsp;TIM_GetITStatus
<LI><a href="#[96]">&gt;&gt;</a>&nbsp;&nbsp;&nbsp;TIM_ClearITPendingBit
<LI><a href="#[85]">&gt;&gt;</a>&nbsp;&nbsp;&nbsp;MQTT_PingREQ
<LI><a href="#[79]">&gt;&gt;</a>&nbsp;&nbsp;&nbsp;IWDG_FeedDog
</UL>
<BR>[Address Reference Count : 1]<UL><LI> startup_stm32f10x_hd.o(RESET)
</UL>
<P><STRONG><a name="[96]"></a>TIM_ClearITPendingBit</STRONG> (Thumb, 6 bytes, Stack size 0 bytes, stm32f10x_tim.o(i.TIM_ClearITPendingBit))
<BR><BR>[Called By]<UL><LI><a href="#[2f]">&gt;&gt;</a>&nbsp;&nbsp;&nbsp;TIM2_IRQHandler
</UL>

<P><STRONG><a name="[95]"></a>TIM_GetITStatus</STRONG> (Thumb, 34 bytes, Stack size 12 bytes, stm32f10x_tim.o(i.TIM_GetITStatus))
<BR><BR>[Stack]<UL><LI>Max Depth = 12<LI>Call Chain = TIM_GetITStatus
</UL>
<BR>[Called By]<UL><LI><a href="#[2f]">&gt;&gt;</a>&nbsp;&nbsp;&nbsp;TIM2_IRQHandler
</UL>

<P><STRONG><a name="[9a]"></a>TIM_SetCounter</STRONG> (Thumb, 4 bytes, Stack size 0 bytes, stm32f10x_tim.o(i.TIM_SetCounter))
<BR><BR>[Called By]<UL><LI><a href="#[3a]">&gt;&gt;</a>&nbsp;&nbsp;&nbsp;USART3_IRQHandler
</UL>

<P><STRONG><a name="[86]"></a>TxDataBuf_Deal</STRONG> (Thumb, 86 bytes, Stack size 16 bytes, mqtt.o(i.TxDataBuf_Deal))
<BR><BR>[Stack]<UL><LI>Max Depth = 16<LI>Call Chain = TxDataBuf_Deal
</UL>
<BR>[Calls]<UL><LI><a href="#[97]">&gt;&gt;</a>&nbsp;&nbsp;&nbsp;__aeabi_memcpy
</UL>
<BR>[Called By]<UL><LI><a href="#[85]">&gt;&gt;</a>&nbsp;&nbsp;&nbsp;MQTT_PingREQ
</UL>

<P><STRONG><a name="[3a]"></a>USART3_IRQHandler</STRONG> (Thumb, 200 bytes, Stack size 8 bytes, stm32f10x_it.o(i.USART3_IRQHandler))
<BR><BR>[Stack]<UL><LI>Max Depth = 24<LI>Call Chain = USART3_IRQHandler &rArr; USART_GetITStatus
</UL>
<BR>[Calls]<UL><LI><a href="#[98]">&gt;&gt;</a>&nbsp;&nbsp;&nbsp;USART_GetITStatus
<LI><a href="#[9a]">&gt;&gt;</a>&nbsp;&nbsp;&nbsp;TIM_SetCounter
<LI><a href="#[99]">&gt;&gt;</a>&nbsp;&nbsp;&nbsp;DMA_GetCurrDataCounter
<LI><a href="#[78]">&gt;&gt;</a>&nbsp;&nbsp;&nbsp;DMA_Cmd
<LI><a href="#[97]">&gt;&gt;</a>&nbsp;&nbsp;&nbsp;__aeabi_memcpy
</UL>
<BR>[Address Reference Count : 1]<UL><LI> startup_stm32f10x_hd.o(RESET)
</UL>
<P><STRONG><a name="[9e]"></a>USART_Cmd</STRONG> (Thumb, 24 bytes, Stack size 0 bytes, stm32f10x_usart.o(i.USART_Cmd))
<BR><BR>[Called By]<UL><LI><a href="#[9d]">&gt;&gt;</a>&nbsp;&nbsp;&nbsp;Usart1_Init
</UL>

<P><STRONG><a name="[98]"></a>USART_GetITStatus</STRONG> (Thumb, 84 bytes, Stack size 16 bytes, stm32f10x_usart.o(i.USART_GetITStatus))
<BR><BR>[Stack]<UL><LI>Max Depth = 16<LI>Call Chain = USART_GetITStatus
</UL>
<BR>[Called By]<UL><LI><a href="#[3a]">&gt;&gt;</a>&nbsp;&nbsp;&nbsp;USART3_IRQHandler
</UL>

<P><STRONG><a name="[9b]"></a>USART_Init</STRONG> (Thumb, 210 bytes, Stack size 56 bytes, stm32f10x_usart.o(i.USART_Init))
<BR><BR>[Stack]<UL><LI>Max Depth = 68<LI>Call Chain = USART_Init &rArr; RCC_GetClocksFreq
</UL>
<BR>[Calls]<UL><LI><a href="#[9c]">&gt;&gt;</a>&nbsp;&nbsp;&nbsp;RCC_GetClocksFreq
</UL>
<BR>[Called By]<UL><LI><a href="#[9d]">&gt;&gt;</a>&nbsp;&nbsp;&nbsp;Usart1_Init
</UL>

<P><STRONG><a name="[e]"></a>UsageFault_Handler</STRONG> (Thumb, 2 bytes, Stack size 0 bytes, stm32f10x_it.o(i.UsageFault_Handler))
<BR>[Address Reference Count : 1]<UL><LI> startup_stm32f10x_hd.o(RESET)
</UL>
<P><STRONG><a name="[9d]"></a>Usart1_Init</STRONG> (Thumb, 118 bytes, Stack size 32 bytes, usart1.o(i.Usart1_Init))
<BR><BR>[Stack]<UL><LI>Max Depth = 100<LI>Call Chain = Usart1_Init &rArr; USART_Init &rArr; RCC_GetClocksFreq
</UL>
<BR>[Calls]<UL><LI><a href="#[9b]">&gt;&gt;</a>&nbsp;&nbsp;&nbsp;USART_Init
<LI><a href="#[9e]">&gt;&gt;</a>&nbsp;&nbsp;&nbsp;USART_Cmd
<LI><a href="#[82]">&gt;&gt;</a>&nbsp;&nbsp;&nbsp;RCC_APB2PeriphClockCmd
<LI><a href="#[84]">&gt;&gt;</a>&nbsp;&nbsp;&nbsp;GPIO_Init
</UL>
<BR>[Called By]<UL><LI><a href="#[4f]">&gt;&gt;</a>&nbsp;&nbsp;&nbsp;main
</UL>

<P><STRONG><a name="[9f]"></a>W5500_init</STRONG> (Thumb, 178 bytes, Stack size 24 bytes, main.o(i.W5500_init))
<BR><BR>[Stack]<UL><LI>Max Depth = 128<LI>Call Chain = W5500_init &rArr; ctlwizchip &rArr; wizchip_init &rArr; wizchip_sw_reset &rArr; WIZCHIP_WRITE_BUF
</UL>
<BR>[Calls]<UL><LI><a href="#[80]">&gt;&gt;</a>&nbsp;&nbsp;&nbsp;u1_printf
<LI><a href="#[a2]">&gt;&gt;</a>&nbsp;&nbsp;&nbsp;reg_wizchip_spi_cbfunc
<LI><a href="#[a1]">&gt;&gt;</a>&nbsp;&nbsp;&nbsp;reg_wizchip_cs_cbfunc
<LI><a href="#[a0]">&gt;&gt;</a>&nbsp;&nbsp;&nbsp;reg_wizchip_cris_cbfunc
<LI><a href="#[a6]">&gt;&gt;</a>&nbsp;&nbsp;&nbsp;reg_dhcp_cbfunc
<LI><a href="#[a3]">&gt;&gt;</a>&nbsp;&nbsp;&nbsp;ctlwizchip
<LI><a href="#[a5]">&gt;&gt;</a>&nbsp;&nbsp;&nbsp;bsp_DelayMS
<LI><a href="#[74]">&gt;&gt;</a>&nbsp;&nbsp;&nbsp;WIZCHIP_WRITE_BUF
<LI><a href="#[89]">&gt;&gt;</a>&nbsp;&nbsp;&nbsp;SPI_Configuration
<LI><a href="#[72]">&gt;&gt;</a>&nbsp;&nbsp;&nbsp;DHCP_init
<LI><a href="#[70]">&gt;&gt;</a>&nbsp;&nbsp;&nbsp;CreateSysMAC
<LI><a href="#[a4]">&gt;&gt;</a>&nbsp;&nbsp;&nbsp;NVIC_SystemReset
</UL>
<BR>[Called By]<UL><LI><a href="#[4f]">&gt;&gt;</a>&nbsp;&nbsp;&nbsp;main
</UL>

<P><STRONG><a name="[c1]"></a>WIZCHIP_READ</STRONG> (Thumb, 70 bytes, Stack size 16 bytes, w5500.o(i.WIZCHIP_READ))
<BR><BR>[Stack]<UL><LI>Max Depth = 16<LI>Call Chain = WIZCHIP_READ
</UL>
<BR>[Called By]<UL><LI><a href="#[a3]">&gt;&gt;</a>&nbsp;&nbsp;&nbsp;ctlwizchip
<LI><a href="#[7]">&gt;&gt;</a>&nbsp;&nbsp;&nbsp;default_ip_update
<LI><a href="#[8]">&gt;&gt;</a>&nbsp;&nbsp;&nbsp;default_ip_conflict
<LI><a href="#[c5]">&gt;&gt;</a>&nbsp;&nbsp;&nbsp;wizphy_setphypmode
<LI><a href="#[c2]">&gt;&gt;</a>&nbsp;&nbsp;&nbsp;wizphy_reset
<LI><a href="#[c6]">&gt;&gt;</a>&nbsp;&nbsp;&nbsp;wizphy_getphypmode
<LI><a href="#[c7]">&gt;&gt;</a>&nbsp;&nbsp;&nbsp;wizphy_getphylink
<LI><a href="#[c4]">&gt;&gt;</a>&nbsp;&nbsp;&nbsp;wizphy_getphyconf
<LI><a href="#[ba]">&gt;&gt;</a>&nbsp;&nbsp;&nbsp;wizchip_sw_reset
<LI><a href="#[b6]">&gt;&gt;</a>&nbsp;&nbsp;&nbsp;wizchip_setnetmode
<LI><a href="#[b9]">&gt;&gt;</a>&nbsp;&nbsp;&nbsp;wizchip_gettimeout
<LI><a href="#[b7]">&gt;&gt;</a>&nbsp;&nbsp;&nbsp;wizchip_getnetmode
<LI><a href="#[bf]">&gt;&gt;</a>&nbsp;&nbsp;&nbsp;wizchip_getinterruptmask
<LI><a href="#[bd]">&gt;&gt;</a>&nbsp;&nbsp;&nbsp;wizchip_getinterrupt
</UL>

<P><STRONG><a name="[73]"></a>WIZCHIP_READ_BUF</STRONG> (Thumb, 94 bytes, Stack size 24 bytes, w5500.o(i.WIZCHIP_READ_BUF))
<BR><BR>[Stack]<UL><LI>Max Depth = 24<LI>Call Chain = WIZCHIP_READ_BUF
</UL>
<BR>[Called By]<UL><LI><a href="#[72]">&gt;&gt;</a>&nbsp;&nbsp;&nbsp;DHCP_init
<LI><a href="#[ba]">&gt;&gt;</a>&nbsp;&nbsp;&nbsp;wizchip_sw_reset
<LI><a href="#[b5]">&gt;&gt;</a>&nbsp;&nbsp;&nbsp;wizchip_getnetinfo
</UL>

<P><STRONG><a name="[c0]"></a>WIZCHIP_WRITE</STRONG> (Thumb, 72 bytes, Stack size 16 bytes, w5500.o(i.WIZCHIP_WRITE))
<BR><BR>[Stack]<UL><LI>Max Depth = 16<LI>Call Chain = WIZCHIP_WRITE
</UL>
<BR>[Called By]<UL><LI><a href="#[a3]">&gt;&gt;</a>&nbsp;&nbsp;&nbsp;ctlwizchip
<LI><a href="#[7]">&gt;&gt;</a>&nbsp;&nbsp;&nbsp;default_ip_update
<LI><a href="#[8]">&gt;&gt;</a>&nbsp;&nbsp;&nbsp;default_ip_conflict
<LI><a href="#[c5]">&gt;&gt;</a>&nbsp;&nbsp;&nbsp;wizphy_setphypmode
<LI><a href="#[c3]">&gt;&gt;</a>&nbsp;&nbsp;&nbsp;wizphy_setphyconf
<LI><a href="#[c2]">&gt;&gt;</a>&nbsp;&nbsp;&nbsp;wizphy_reset
<LI><a href="#[ba]">&gt;&gt;</a>&nbsp;&nbsp;&nbsp;wizchip_sw_reset
<LI><a href="#[b8]">&gt;&gt;</a>&nbsp;&nbsp;&nbsp;wizchip_settimeout
<LI><a href="#[b6]">&gt;&gt;</a>&nbsp;&nbsp;&nbsp;wizchip_setnetmode
<LI><a href="#[be]">&gt;&gt;</a>&nbsp;&nbsp;&nbsp;wizchip_setinterruptmask
<LI><a href="#[bb]">&gt;&gt;</a>&nbsp;&nbsp;&nbsp;wizchip_init
<LI><a href="#[bc]">&gt;&gt;</a>&nbsp;&nbsp;&nbsp;wizchip_clrinterrupt
</UL>

<P><STRONG><a name="[74]"></a>WIZCHIP_WRITE_BUF</STRONG> (Thumb, 96 bytes, Stack size 24 bytes, w5500.o(i.WIZCHIP_WRITE_BUF))
<BR><BR>[Stack]<UL><LI>Max Depth = 24<LI>Call Chain = WIZCHIP_WRITE_BUF
</UL>
<BR>[Called By]<UL><LI><a href="#[72]">&gt;&gt;</a>&nbsp;&nbsp;&nbsp;DHCP_init
<LI><a href="#[9f]">&gt;&gt;</a>&nbsp;&nbsp;&nbsp;W5500_init
<LI><a href="#[7]">&gt;&gt;</a>&nbsp;&nbsp;&nbsp;default_ip_update
<LI><a href="#[8]">&gt;&gt;</a>&nbsp;&nbsp;&nbsp;default_ip_conflict
<LI><a href="#[6]">&gt;&gt;</a>&nbsp;&nbsp;&nbsp;default_ip_assign
<LI><a href="#[ba]">&gt;&gt;</a>&nbsp;&nbsp;&nbsp;wizchip_sw_reset
<LI><a href="#[b4]">&gt;&gt;</a>&nbsp;&nbsp;&nbsp;wizchip_setnetinfo
</UL>

<P><STRONG><a name="[a7]"></a>__0sprintf</STRONG> (Thumb, 34 bytes, Stack size 24 bytes, printfa.o(i.__0sprintf), UNUSED)
<BR><BR>[Calls]<UL><LI><a href="#[5a]">&gt;&gt;</a>&nbsp;&nbsp;&nbsp;_sputc
<LI><a href="#[a8]">&gt;&gt;</a>&nbsp;&nbsp;&nbsp;_printf_core
</UL>

<P><STRONG><a name="[ea]"></a>__1sprintf</STRONG> (Thumb, 0 bytes, Stack size 24 bytes, printfa.o(i.__0sprintf), UNUSED)

<P><STRONG><a name="[7c]"></a>__2sprintf</STRONG> (Thumb, 0 bytes, Stack size 24 bytes, printfa.o(i.__0sprintf))
<BR><BR>[Stack]<UL><LI>Max Depth = 24<LI>Call Chain = __2sprintf
</UL>
<BR>[Called By]<UL><LI><a href="#[7b]">&gt;&gt;</a>&nbsp;&nbsp;&nbsp;IoT_Parameter_Init
</UL>

<P><STRONG><a name="[eb]"></a>__c89sprintf</STRONG> (Thumb, 0 bytes, Stack size 24 bytes, printfa.o(i.__0sprintf), UNUSED)

<P><STRONG><a name="[ec]"></a>sprintf</STRONG> (Thumb, 0 bytes, Stack size 24 bytes, printfa.o(i.__0sprintf), UNUSED)

<P><STRONG><a name="[a9]"></a>__0vsprintf</STRONG> (Thumb, 30 bytes, Stack size 24 bytes, printfa.o(i.__0vsprintf), UNUSED)
<BR><BR>[Calls]<UL><LI><a href="#[5a]">&gt;&gt;</a>&nbsp;&nbsp;&nbsp;_sputc
<LI><a href="#[a8]">&gt;&gt;</a>&nbsp;&nbsp;&nbsp;_printf_core
</UL>

<P><STRONG><a name="[ed]"></a>__1vsprintf</STRONG> (Thumb, 0 bytes, Stack size 24 bytes, printfa.o(i.__0vsprintf), UNUSED)

<P><STRONG><a name="[ee]"></a>__2vsprintf</STRONG> (Thumb, 0 bytes, Stack size 24 bytes, printfa.o(i.__0vsprintf), UNUSED)

<P><STRONG><a name="[ef]"></a>__c89vsprintf</STRONG> (Thumb, 0 bytes, Stack size 24 bytes, printfa.o(i.__0vsprintf), UNUSED)

<P><STRONG><a name="[cf]"></a>vsprintf</STRONG> (Thumb, 0 bytes, Stack size 24 bytes, printfa.o(i.__0vsprintf))
<BR><BR>[Stack]<UL><LI>Max Depth = 24<LI>Call Chain = vsprintf
</UL>
<BR>[Called By]<UL><LI><a href="#[80]">&gt;&gt;</a>&nbsp;&nbsp;&nbsp;u1_printf
</UL>

<P><STRONG><a name="[f0]"></a>__scatterload_copy</STRONG> (Thumb, 14 bytes, Stack size unknown bytes, handlers.o(i.__scatterload_copy), UNUSED)

<P><STRONG><a name="[f1]"></a>__scatterload_null</STRONG> (Thumb, 2 bytes, Stack size unknown bytes, handlers.o(i.__scatterload_null), UNUSED)

<P><STRONG><a name="[f2]"></a>__scatterload_zeroinit</STRONG> (Thumb, 14 bytes, Stack size unknown bytes, handlers.o(i.__scatterload_zeroinit), UNUSED)

<P><STRONG><a name="[c8]"></a>bsp_CheckTimer</STRONG> (Thumb, 48 bytes, Stack size 0 bytes, bsp_timer.o(i.bsp_CheckTimer))
<BR><BR>[Called By]<UL><LI><a href="#[4f]">&gt;&gt;</a>&nbsp;&nbsp;&nbsp;main
</UL>

<P><STRONG><a name="[a5]"></a>bsp_DelayMS</STRONG> (Thumb, 54 bytes, Stack size 8 bytes, bsp_timer.o(i.bsp_DelayMS))
<BR><BR>[Stack]<UL><LI>Max Depth = 8<LI>Call Chain = bsp_DelayMS
</UL>
<BR>[Calls]<UL><LI><a href="#[af]">&gt;&gt;</a>&nbsp;&nbsp;&nbsp;__set_PRIMASK
</UL>
<BR>[Called By]<UL><LI><a href="#[9f]">&gt;&gt;</a>&nbsp;&nbsp;&nbsp;W5500_init
</UL>

<P><STRONG><a name="[b0]"></a>bsp_InitTimer</STRONG> (Thumb, 142 bytes, Stack size 16 bytes, bsp_timer.o(i.bsp_InitTimer))
<BR><BR>[Stack]<UL><LI>Max Depth = 24<LI>Call Chain = bsp_InitTimer &rArr; SystemCoreClockUpdate
</UL>
<BR>[Calls]<UL><LI><a href="#[b1]">&gt;&gt;</a>&nbsp;&nbsp;&nbsp;SystemCoreClockUpdate
</UL>
<BR>[Called By]<UL><LI><a href="#[4f]">&gt;&gt;</a>&nbsp;&nbsp;&nbsp;main
</UL>

<P><STRONG><a name="[94]"></a>bsp_RunPer10ms</STRONG> (Thumb, 2 bytes, Stack size 0 bytes, main.o(i.bsp_RunPer10ms))
<BR><BR>[Called By]<UL><LI><a href="#[91]">&gt;&gt;</a>&nbsp;&nbsp;&nbsp;SysTick_ISR
</UL>

<P><STRONG><a name="[93]"></a>bsp_RunPer1ms</STRONG> (Thumb, 2 bytes, Stack size 0 bytes, main.o(i.bsp_RunPer1ms))
<BR><BR>[Called By]<UL><LI><a href="#[91]">&gt;&gt;</a>&nbsp;&nbsp;&nbsp;SysTick_ISR
</UL>

<P><STRONG><a name="[b2]"></a>bsp_StartAutoTimer</STRONG> (Thumb, 84 bytes, Stack size 16 bytes, bsp_timer.o(i.bsp_StartAutoTimer))
<BR><BR>[Stack]<UL><LI>Max Depth = 72<LI>Call Chain = bsp_StartAutoTimer &rArr; u1_printf &rArr; vsprintf
</UL>
<BR>[Calls]<UL><LI><a href="#[af]">&gt;&gt;</a>&nbsp;&nbsp;&nbsp;__set_PRIMASK
<LI><a href="#[80]">&gt;&gt;</a>&nbsp;&nbsp;&nbsp;u1_printf
</UL>
<BR>[Called By]<UL><LI><a href="#[4f]">&gt;&gt;</a>&nbsp;&nbsp;&nbsp;main
</UL>

<P><STRONG><a name="[b3]"></a>ctlnetwork</STRONG> (Thumb, 80 bytes, Stack size 16 bytes, wizchip_conf.o(i.ctlnetwork))
<BR><BR>[Stack]<UL><LI>Max Depth = 48<LI>Call Chain = ctlnetwork &rArr; wizchip_setnetmode &rArr; WIZCHIP_WRITE
</UL>
<BR>[Calls]<UL><LI><a href="#[b8]">&gt;&gt;</a>&nbsp;&nbsp;&nbsp;wizchip_settimeout
<LI><a href="#[b6]">&gt;&gt;</a>&nbsp;&nbsp;&nbsp;wizchip_setnetmode
<LI><a href="#[b4]">&gt;&gt;</a>&nbsp;&nbsp;&nbsp;wizchip_setnetinfo
<LI><a href="#[b9]">&gt;&gt;</a>&nbsp;&nbsp;&nbsp;wizchip_gettimeout
<LI><a href="#[b7]">&gt;&gt;</a>&nbsp;&nbsp;&nbsp;wizchip_getnetmode
<LI><a href="#[b5]">&gt;&gt;</a>&nbsp;&nbsp;&nbsp;wizchip_getnetinfo
</UL>
<BR>[Called By]<UL><LI><a href="#[cd]">&gt;&gt;</a>&nbsp;&nbsp;&nbsp;network_init
</UL>

<P><STRONG><a name="[a3]"></a>ctlwizchip</STRONG> (Thumb, 276 bytes, Stack size 32 bytes, wizchip_conf.o(i.ctlwizchip))
<BR><BR>[Stack]<UL><LI>Max Depth = 104<LI>Call Chain = ctlwizchip &rArr; wizchip_init &rArr; wizchip_sw_reset &rArr; WIZCHIP_WRITE_BUF
</UL>
<BR>[Calls]<UL><LI><a href="#[c0]">&gt;&gt;</a>&nbsp;&nbsp;&nbsp;WIZCHIP_WRITE
<LI><a href="#[c1]">&gt;&gt;</a>&nbsp;&nbsp;&nbsp;WIZCHIP_READ
<LI><a href="#[c5]">&gt;&gt;</a>&nbsp;&nbsp;&nbsp;wizphy_setphypmode
<LI><a href="#[c3]">&gt;&gt;</a>&nbsp;&nbsp;&nbsp;wizphy_setphyconf
<LI><a href="#[c2]">&gt;&gt;</a>&nbsp;&nbsp;&nbsp;wizphy_reset
<LI><a href="#[c6]">&gt;&gt;</a>&nbsp;&nbsp;&nbsp;wizphy_getphypmode
<LI><a href="#[c7]">&gt;&gt;</a>&nbsp;&nbsp;&nbsp;wizphy_getphylink
<LI><a href="#[c4]">&gt;&gt;</a>&nbsp;&nbsp;&nbsp;wizphy_getphyconf
<LI><a href="#[ba]">&gt;&gt;</a>&nbsp;&nbsp;&nbsp;wizchip_sw_reset
<LI><a href="#[be]">&gt;&gt;</a>&nbsp;&nbsp;&nbsp;wizchip_setinterruptmask
<LI><a href="#[bb]">&gt;&gt;</a>&nbsp;&nbsp;&nbsp;wizchip_init
<LI><a href="#[bf]">&gt;&gt;</a>&nbsp;&nbsp;&nbsp;wizchip_getinterruptmask
<LI><a href="#[bd]">&gt;&gt;</a>&nbsp;&nbsp;&nbsp;wizchip_getinterrupt
<LI><a href="#[bc]">&gt;&gt;</a>&nbsp;&nbsp;&nbsp;wizchip_clrinterrupt
</UL>
<BR>[Called By]<UL><LI><a href="#[cd]">&gt;&gt;</a>&nbsp;&nbsp;&nbsp;network_init
<LI><a href="#[9f]">&gt;&gt;</a>&nbsp;&nbsp;&nbsp;W5500_init
</UL>

<P><STRONG><a name="[6]"></a>default_ip_assign</STRONG> (Thumb, 38 bytes, Stack size 8 bytes, dhcp.o(i.default_ip_assign))
<BR><BR>[Stack]<UL><LI>Max Depth = 32<LI>Call Chain = default_ip_assign &rArr; WIZCHIP_WRITE_BUF
</UL>
<BR>[Calls]<UL><LI><a href="#[74]">&gt;&gt;</a>&nbsp;&nbsp;&nbsp;WIZCHIP_WRITE_BUF
</UL>
<BR>[Called By]<UL><LI><a href="#[7]">&gt;&gt;</a>&nbsp;&nbsp;&nbsp;default_ip_update
</UL>
<BR>[Address Reference Count : 2]<UL><LI> dhcp.o(i.reg_dhcp_cbfunc)
<LI> dhcp.o(.data)
</UL>
<P><STRONG><a name="[8]"></a>default_ip_conflict</STRONG> (Thumb, 30 bytes, Stack size 8 bytes, dhcp.o(i.default_ip_conflict))
<BR><BR>[Stack]<UL><LI>Max Depth = 32<LI>Call Chain = default_ip_conflict &rArr; WIZCHIP_WRITE_BUF
</UL>
<BR>[Calls]<UL><LI><a href="#[74]">&gt;&gt;</a>&nbsp;&nbsp;&nbsp;WIZCHIP_WRITE_BUF
<LI><a href="#[c0]">&gt;&gt;</a>&nbsp;&nbsp;&nbsp;WIZCHIP_WRITE
<LI><a href="#[c1]">&gt;&gt;</a>&nbsp;&nbsp;&nbsp;WIZCHIP_READ
</UL>
<BR>[Address Reference Count : 2]<UL><LI> dhcp.o(i.reg_dhcp_cbfunc)
<LI> dhcp.o(.data)
</UL>
<P><STRONG><a name="[7]"></a>default_ip_update</STRONG> (Thumb, 34 bytes, Stack size 8 bytes, dhcp.o(i.default_ip_update))
<BR><BR>[Stack]<UL><LI>Max Depth = 40<LI>Call Chain = default_ip_update &rArr; default_ip_assign &rArr; WIZCHIP_WRITE_BUF
</UL>
<BR>[Calls]<UL><LI><a href="#[74]">&gt;&gt;</a>&nbsp;&nbsp;&nbsp;WIZCHIP_WRITE_BUF
<LI><a href="#[6]">&gt;&gt;</a>&nbsp;&nbsp;&nbsp;default_ip_assign
<LI><a href="#[c0]">&gt;&gt;</a>&nbsp;&nbsp;&nbsp;WIZCHIP_WRITE
<LI><a href="#[c1]">&gt;&gt;</a>&nbsp;&nbsp;&nbsp;WIZCHIP_READ
</UL>
<BR>[Address Reference Count : 2]<UL><LI> dhcp.o(i.reg_dhcp_cbfunc)
<LI> dhcp.o(.data)
</UL>
<P><STRONG><a name="[ce]"></a>getDHCPLeasetime</STRONG> (Thumb, 6 bytes, Stack size 0 bytes, dhcp.o(i.getDHCPLeasetime))
<BR><BR>[Called By]<UL><LI><a href="#[59]">&gt;&gt;</a>&nbsp;&nbsp;&nbsp;my_ip_assign
</UL>

<P><STRONG><a name="[cc]"></a>getDNSfromDHCP</STRONG> (Thumb, 26 bytes, Stack size 0 bytes, dhcp.o(i.getDNSfromDHCP))
<BR><BR>[Called By]<UL><LI><a href="#[59]">&gt;&gt;</a>&nbsp;&nbsp;&nbsp;my_ip_assign
</UL>

<P><STRONG><a name="[ca]"></a>getGWfromDHCP</STRONG> (Thumb, 26 bytes, Stack size 0 bytes, dhcp.o(i.getGWfromDHCP))
<BR><BR>[Called By]<UL><LI><a href="#[59]">&gt;&gt;</a>&nbsp;&nbsp;&nbsp;my_ip_assign
</UL>

<P><STRONG><a name="[c9]"></a>getIPfromDHCP</STRONG> (Thumb, 26 bytes, Stack size 0 bytes, dhcp.o(i.getIPfromDHCP))
<BR><BR>[Called By]<UL><LI><a href="#[59]">&gt;&gt;</a>&nbsp;&nbsp;&nbsp;my_ip_assign
</UL>

<P><STRONG><a name="[cb]"></a>getSNfromDHCP</STRONG> (Thumb, 26 bytes, Stack size 0 bytes, dhcp.o(i.getSNfromDHCP))
<BR><BR>[Called By]<UL><LI><a href="#[59]">&gt;&gt;</a>&nbsp;&nbsp;&nbsp;my_ip_assign
</UL>

<P><STRONG><a name="[4f]"></a>main</STRONG> (Thumb, 48 bytes, Stack size 0 bytes, main.o(i.main))
<BR><BR>[Stack]<UL><LI>Max Depth = 572<LI>Call Chain = main &rArr; IoT_Parameter_Init &rArr; utils_hmac_sha1 &rArr; utils_sha1_finish &rArr; utils_sha1_update &rArr; utils_sha1_process
</UL>
<BR>[Calls]<UL><LI><a href="#[80]">&gt;&gt;</a>&nbsp;&nbsp;&nbsp;u1_printf
<LI><a href="#[b2]">&gt;&gt;</a>&nbsp;&nbsp;&nbsp;bsp_StartAutoTimer
<LI><a href="#[b0]">&gt;&gt;</a>&nbsp;&nbsp;&nbsp;bsp_InitTimer
<LI><a href="#[c8]">&gt;&gt;</a>&nbsp;&nbsp;&nbsp;bsp_CheckTimer
<LI><a href="#[9d]">&gt;&gt;</a>&nbsp;&nbsp;&nbsp;Usart1_Init
<LI><a href="#[7b]">&gt;&gt;</a>&nbsp;&nbsp;&nbsp;IoT_Parameter_Init
<LI><a href="#[9f]">&gt;&gt;</a>&nbsp;&nbsp;&nbsp;W5500_init
</UL>
<BR>[Address Reference Count : 1]<UL><LI> entry9a.o(.ARM.Collect$$$$0000000B)
</UL>
<P><STRONG><a name="[59]"></a>my_ip_assign</STRONG> (Thumb, 60 bytes, Stack size 8 bytes, main.o(i.my_ip_assign))
<BR><BR>[Stack]<UL><LI>Max Depth = 160<LI>Call Chain = my_ip_assign &rArr; network_init &rArr; ctlwizchip &rArr; wizchip_init &rArr; wizchip_sw_reset &rArr; WIZCHIP_WRITE_BUF
</UL>
<BR>[Calls]<UL><LI><a href="#[80]">&gt;&gt;</a>&nbsp;&nbsp;&nbsp;u1_printf
<LI><a href="#[cb]">&gt;&gt;</a>&nbsp;&nbsp;&nbsp;getSNfromDHCP
<LI><a href="#[c9]">&gt;&gt;</a>&nbsp;&nbsp;&nbsp;getIPfromDHCP
<LI><a href="#[ca]">&gt;&gt;</a>&nbsp;&nbsp;&nbsp;getGWfromDHCP
<LI><a href="#[cc]">&gt;&gt;</a>&nbsp;&nbsp;&nbsp;getDNSfromDHCP
<LI><a href="#[ce]">&gt;&gt;</a>&nbsp;&nbsp;&nbsp;getDHCPLeasetime
<LI><a href="#[cd]">&gt;&gt;</a>&nbsp;&nbsp;&nbsp;network_init
</UL>
<BR>[Address Reference Count : 1]<UL><LI> main.o(i.W5500_init)
</UL>
<P><STRONG><a name="[58]"></a>my_ip_conflict</STRONG> (Thumb, 10 bytes, Stack size 0 bytes, main.o(i.my_ip_conflict))
<BR><BR>[Stack]<UL><LI>Max Depth = 56<LI>Call Chain = my_ip_conflict &rArr; u1_printf &rArr; vsprintf
</UL>
<BR>[Calls]<UL><LI><a href="#[80]">&gt;&gt;</a>&nbsp;&nbsp;&nbsp;u1_printf
<LI><a href="#[a4]">&gt;&gt;</a>&nbsp;&nbsp;&nbsp;NVIC_SystemReset
</UL>
<BR>[Address Reference Count : 1]<UL><LI> main.o(i.W5500_init)
</UL>
<P><STRONG><a name="[cd]"></a>network_init</STRONG> (Thumb, 206 bytes, Stack size 48 bytes, main.o(i.network_init))
<BR><BR>[Stack]<UL><LI>Max Depth = 152<LI>Call Chain = network_init &rArr; ctlwizchip &rArr; wizchip_init &rArr; wizchip_sw_reset &rArr; WIZCHIP_WRITE_BUF
</UL>
<BR>[Calls]<UL><LI><a href="#[80]">&gt;&gt;</a>&nbsp;&nbsp;&nbsp;u1_printf
<LI><a href="#[a3]">&gt;&gt;</a>&nbsp;&nbsp;&nbsp;ctlwizchip
<LI><a href="#[b3]">&gt;&gt;</a>&nbsp;&nbsp;&nbsp;ctlnetwork
</UL>
<BR>[Called By]<UL><LI><a href="#[59]">&gt;&gt;</a>&nbsp;&nbsp;&nbsp;my_ip_assign
</UL>

<P><STRONG><a name="[a6]"></a>reg_dhcp_cbfunc</STRONG> (Thumb, 40 bytes, Stack size 8 bytes, dhcp.o(i.reg_dhcp_cbfunc))
<BR><BR>[Stack]<UL><LI>Max Depth = 8<LI>Call Chain = reg_dhcp_cbfunc
</UL>
<BR>[Called By]<UL><LI><a href="#[9f]">&gt;&gt;</a>&nbsp;&nbsp;&nbsp;W5500_init
</UL>

<P><STRONG><a name="[a0]"></a>reg_wizchip_cris_cbfunc</STRONG> (Thumb, 26 bytes, Stack size 0 bytes, wizchip_conf.o(i.reg_wizchip_cris_cbfunc))
<BR><BR>[Called By]<UL><LI><a href="#[9f]">&gt;&gt;</a>&nbsp;&nbsp;&nbsp;W5500_init
</UL>

<P><STRONG><a name="[a1]"></a>reg_wizchip_cs_cbfunc</STRONG> (Thumb, 26 bytes, Stack size 0 bytes, wizchip_conf.o(i.reg_wizchip_cs_cbfunc))
<BR><BR>[Called By]<UL><LI><a href="#[9f]">&gt;&gt;</a>&nbsp;&nbsp;&nbsp;W5500_init
</UL>

<P><STRONG><a name="[a2]"></a>reg_wizchip_spi_cbfunc</STRONG> (Thumb, 40 bytes, Stack size 0 bytes, wizchip_conf.o(i.reg_wizchip_spi_cbfunc))
<BR><BR>[Called By]<UL><LI><a href="#[9f]">&gt;&gt;</a>&nbsp;&nbsp;&nbsp;W5500_init
</UL>

<P><STRONG><a name="[75]"></a>reset_DHCP_timeout</STRONG> (Thumb, 20 bytes, Stack size 0 bytes, dhcp.o(i.reset_DHCP_timeout))
<BR><BR>[Called By]<UL><LI><a href="#[72]">&gt;&gt;</a>&nbsp;&nbsp;&nbsp;DHCP_init
</UL>

<P><STRONG><a name="[80]"></a>u1_printf</STRONG> (Thumb, 84 bytes, Stack size 32 bytes, usart1.o(i.u1_printf))
<BR><BR>[Stack]<UL><LI>Max Depth = 56<LI>Call Chain = u1_printf &rArr; vsprintf
</UL>
<BR>[Calls]<UL><LI><a href="#[7d]">&gt;&gt;</a>&nbsp;&nbsp;&nbsp;strlen
<LI><a href="#[cf]">&gt;&gt;</a>&nbsp;&nbsp;&nbsp;vsprintf
</UL>
<BR>[Called By]<UL><LI><a href="#[b2]">&gt;&gt;</a>&nbsp;&nbsp;&nbsp;bsp_StartAutoTimer
<LI><a href="#[7b]">&gt;&gt;</a>&nbsp;&nbsp;&nbsp;IoT_Parameter_Init
<LI><a href="#[cd]">&gt;&gt;</a>&nbsp;&nbsp;&nbsp;network_init
<LI><a href="#[58]">&gt;&gt;</a>&nbsp;&nbsp;&nbsp;my_ip_conflict
<LI><a href="#[59]">&gt;&gt;</a>&nbsp;&nbsp;&nbsp;my_ip_assign
<LI><a href="#[4f]">&gt;&gt;</a>&nbsp;&nbsp;&nbsp;main
<LI><a href="#[9f]">&gt;&gt;</a>&nbsp;&nbsp;&nbsp;W5500_init
</UL>

<P><STRONG><a name="[d4]"></a>utils_hb2hex</STRONG> (Thumb, 24 bytes, Stack size 0 bytes, utils_md5.o(i.utils_hb2hex))
<BR><BR>[Called By]<UL><LI><a href="#[7f]">&gt;&gt;</a>&nbsp;&nbsp;&nbsp;utils_hmac_sha1
</UL>

<P><STRONG><a name="[7f]"></a>utils_hmac_sha1</STRONG> (Thumb, 232 bytes, Stack size 272 bytes, utils_hmac.o(i.utils_hmac_sha1))
<BR><BR>[Stack]<UL><LI>Max Depth = 428<LI>Call Chain = utils_hmac_sha1 &rArr; utils_sha1_finish &rArr; utils_sha1_update &rArr; utils_sha1_process
</UL>
<BR>[Calls]<UL><LI><a href="#[7e]">&gt;&gt;</a>&nbsp;&nbsp;&nbsp;__aeabi_memclr4
<LI><a href="#[97]">&gt;&gt;</a>&nbsp;&nbsp;&nbsp;__aeabi_memcpy
<LI><a href="#[d2]">&gt;&gt;</a>&nbsp;&nbsp;&nbsp;utils_sha1_update
<LI><a href="#[d1]">&gt;&gt;</a>&nbsp;&nbsp;&nbsp;utils_sha1_starts
<LI><a href="#[d0]">&gt;&gt;</a>&nbsp;&nbsp;&nbsp;utils_sha1_init
<LI><a href="#[d3]">&gt;&gt;</a>&nbsp;&nbsp;&nbsp;utils_sha1_finish
<LI><a href="#[d4]">&gt;&gt;</a>&nbsp;&nbsp;&nbsp;utils_hb2hex
</UL>
<BR>[Called By]<UL><LI><a href="#[7b]">&gt;&gt;</a>&nbsp;&nbsp;&nbsp;IoT_Parameter_Init
</UL>

<P><STRONG><a name="[d3]"></a>utils_sha1_finish</STRONG> (Thumb, 228 bytes, Stack size 40 bytes, utils_sha1.o(i.utils_sha1_finish))
<BR><BR>[Stack]<UL><LI>Max Depth = 156<LI>Call Chain = utils_sha1_finish &rArr; utils_sha1_update &rArr; utils_sha1_process
</UL>
<BR>[Calls]<UL><LI><a href="#[d2]">&gt;&gt;</a>&nbsp;&nbsp;&nbsp;utils_sha1_update
</UL>
<BR>[Called By]<UL><LI><a href="#[7f]">&gt;&gt;</a>&nbsp;&nbsp;&nbsp;utils_hmac_sha1
</UL>

<P><STRONG><a name="[d0]"></a>utils_sha1_init</STRONG> (Thumb, 14 bytes, Stack size 8 bytes, utils_sha1.o(i.utils_sha1_init))
<BR><BR>[Stack]<UL><LI>Max Depth = 8<LI>Call Chain = utils_sha1_init
</UL>
<BR>[Calls]<UL><LI><a href="#[7e]">&gt;&gt;</a>&nbsp;&nbsp;&nbsp;__aeabi_memclr4
</UL>
<BR>[Called By]<UL><LI><a href="#[7f]">&gt;&gt;</a>&nbsp;&nbsp;&nbsp;utils_hmac_sha1
</UL>

<P><STRONG><a name="[d5]"></a>utils_sha1_process</STRONG> (Thumb, 6420 bytes, Stack size 92 bytes, utils_sha1.o(i.utils_sha1_process))
<BR><BR>[Stack]<UL><LI>Max Depth = 92<LI>Call Chain = utils_sha1_process
</UL>
<BR>[Called By]<UL><LI><a href="#[d2]">&gt;&gt;</a>&nbsp;&nbsp;&nbsp;utils_sha1_update
</UL>

<P><STRONG><a name="[d1]"></a>utils_sha1_starts</STRONG> (Thumb, 30 bytes, Stack size 0 bytes, utils_sha1.o(i.utils_sha1_starts))
<BR><BR>[Called By]<UL><LI><a href="#[7f]">&gt;&gt;</a>&nbsp;&nbsp;&nbsp;utils_hmac_sha1
</UL>

<P><STRONG><a name="[d2]"></a>utils_sha1_update</STRONG> (Thumb, 124 bytes, Stack size 24 bytes, utils_sha1.o(i.utils_sha1_update))
<BR><BR>[Stack]<UL><LI>Max Depth = 116<LI>Call Chain = utils_sha1_update &rArr; utils_sha1_process
</UL>
<BR>[Calls]<UL><LI><a href="#[97]">&gt;&gt;</a>&nbsp;&nbsp;&nbsp;__aeabi_memcpy
<LI><a href="#[d5]">&gt;&gt;</a>&nbsp;&nbsp;&nbsp;utils_sha1_process
</UL>
<BR>[Called By]<UL><LI><a href="#[7f]">&gt;&gt;</a>&nbsp;&nbsp;&nbsp;utils_hmac_sha1
<LI><a href="#[d3]">&gt;&gt;</a>&nbsp;&nbsp;&nbsp;utils_sha1_finish
</UL>

<P><STRONG><a name="[4]"></a>wizchip_bus_readbyte</STRONG> (Thumb, 6 bytes, Stack size 0 bytes, wizchip_conf.o(i.wizchip_bus_readbyte))
<BR>[Address Reference Count : 1]<UL><LI> wizchip_conf.o(.data)
</UL>
<P><STRONG><a name="[5]"></a>wizchip_bus_writebyte</STRONG> (Thumb, 4 bytes, Stack size 0 bytes, wizchip_conf.o(i.wizchip_bus_writebyte))
<BR>[Address Reference Count : 1]<UL><LI> wizchip_conf.o(.data)
</UL>
<P><STRONG><a name="[bc]"></a>wizchip_clrinterrupt</STRONG> (Thumb, 32 bytes, Stack size 16 bytes, wizchip_conf.o(i.wizchip_clrinterrupt))
<BR><BR>[Stack]<UL><LI>Max Depth = 32<LI>Call Chain = wizchip_clrinterrupt &rArr; WIZCHIP_WRITE
</UL>
<BR>[Calls]<UL><LI><a href="#[c0]">&gt;&gt;</a>&nbsp;&nbsp;&nbsp;WIZCHIP_WRITE
</UL>
<BR>[Called By]<UL><LI><a href="#[a3]">&gt;&gt;</a>&nbsp;&nbsp;&nbsp;ctlwizchip
</UL>

<P><STRONG><a name="[0]"></a>wizchip_cris_enter</STRONG> (Thumb, 2 bytes, Stack size 0 bytes, wizchip_conf.o(i.wizchip_cris_enter))
<BR>[Address Reference Count : 2]<UL><LI> wizchip_conf.o(i.reg_wizchip_cris_cbfunc)
<LI> wizchip_conf.o(.data)
</UL>
<P><STRONG><a name="[1]"></a>wizchip_cris_exit</STRONG> (Thumb, 2 bytes, Stack size 0 bytes, wizchip_conf.o(i.wizchip_cris_exit))
<BR>[Address Reference Count : 2]<UL><LI> wizchip_conf.o(i.reg_wizchip_cris_cbfunc)
<LI> wizchip_conf.o(.data)
</UL>
<P><STRONG><a name="[3]"></a>wizchip_cs_deselect</STRONG> (Thumb, 2 bytes, Stack size 0 bytes, wizchip_conf.o(i.wizchip_cs_deselect))
<BR>[Address Reference Count : 2]<UL><LI> wizchip_conf.o(i.reg_wizchip_cs_cbfunc)
<LI> wizchip_conf.o(.data)
</UL>
<P><STRONG><a name="[2]"></a>wizchip_cs_select</STRONG> (Thumb, 2 bytes, Stack size 0 bytes, wizchip_conf.o(i.wizchip_cs_select))
<BR>[Address Reference Count : 2]<UL><LI> wizchip_conf.o(i.reg_wizchip_cs_cbfunc)
<LI> wizchip_conf.o(.data)
</UL>
<P><STRONG><a name="[bd]"></a>wizchip_getinterrupt</STRONG> (Thumb, 42 bytes, Stack size 16 bytes, wizchip_conf.o(i.wizchip_getinterrupt))
<BR><BR>[Stack]<UL><LI>Max Depth = 32<LI>Call Chain = wizchip_getinterrupt &rArr; WIZCHIP_READ
</UL>
<BR>[Calls]<UL><LI><a href="#[c1]">&gt;&gt;</a>&nbsp;&nbsp;&nbsp;WIZCHIP_READ
</UL>
<BR>[Called By]<UL><LI><a href="#[a3]">&gt;&gt;</a>&nbsp;&nbsp;&nbsp;ctlwizchip
</UL>

<P><STRONG><a name="[bf]"></a>wizchip_getinterruptmask</STRONG> (Thumb, 40 bytes, Stack size 16 bytes, wizchip_conf.o(i.wizchip_getinterruptmask))
<BR><BR>[Stack]<UL><LI>Max Depth = 32<LI>Call Chain = wizchip_getinterruptmask &rArr; WIZCHIP_READ
</UL>
<BR>[Calls]<UL><LI><a href="#[c1]">&gt;&gt;</a>&nbsp;&nbsp;&nbsp;WIZCHIP_READ
</UL>
<BR>[Called By]<UL><LI><a href="#[a3]">&gt;&gt;</a>&nbsp;&nbsp;&nbsp;ctlwizchip
</UL>

<P><STRONG><a name="[b5]"></a>wizchip_getnetinfo</STRONG> (Thumb, 82 bytes, Stack size 8 bytes, wizchip_conf.o(i.wizchip_getnetinfo))
<BR><BR>[Stack]<UL><LI>Max Depth = 32<LI>Call Chain = wizchip_getnetinfo &rArr; WIZCHIP_READ_BUF
</UL>
<BR>[Calls]<UL><LI><a href="#[73]">&gt;&gt;</a>&nbsp;&nbsp;&nbsp;WIZCHIP_READ_BUF
</UL>
<BR>[Called By]<UL><LI><a href="#[b3]">&gt;&gt;</a>&nbsp;&nbsp;&nbsp;ctlnetwork
</UL>

<P><STRONG><a name="[b7]"></a>wizchip_getnetmode</STRONG> (Thumb, 10 bytes, Stack size 8 bytes, wizchip_conf.o(i.wizchip_getnetmode))
<BR><BR>[Stack]<UL><LI>Max Depth = 24<LI>Call Chain = wizchip_getnetmode &rArr; WIZCHIP_READ
</UL>
<BR>[Calls]<UL><LI><a href="#[c1]">&gt;&gt;</a>&nbsp;&nbsp;&nbsp;WIZCHIP_READ
</UL>
<BR>[Called By]<UL><LI><a href="#[b3]">&gt;&gt;</a>&nbsp;&nbsp;&nbsp;ctlnetwork
</UL>

<P><STRONG><a name="[b9]"></a>wizchip_gettimeout</STRONG> (Thumb, 40 bytes, Stack size 16 bytes, wizchip_conf.o(i.wizchip_gettimeout))
<BR><BR>[Stack]<UL><LI>Max Depth = 32<LI>Call Chain = wizchip_gettimeout &rArr; WIZCHIP_READ
</UL>
<BR>[Calls]<UL><LI><a href="#[c1]">&gt;&gt;</a>&nbsp;&nbsp;&nbsp;WIZCHIP_READ
</UL>
<BR>[Called By]<UL><LI><a href="#[b3]">&gt;&gt;</a>&nbsp;&nbsp;&nbsp;ctlnetwork
</UL>

<P><STRONG><a name="[bb]"></a>wizchip_init</STRONG> (Thumb, 144 bytes, Stack size 24 bytes, wizchip_conf.o(i.wizchip_init))
<BR><BR>[Stack]<UL><LI>Max Depth = 72<LI>Call Chain = wizchip_init &rArr; wizchip_sw_reset &rArr; WIZCHIP_WRITE_BUF
</UL>
<BR>[Calls]<UL><LI><a href="#[c0]">&gt;&gt;</a>&nbsp;&nbsp;&nbsp;WIZCHIP_WRITE
<LI><a href="#[ba]">&gt;&gt;</a>&nbsp;&nbsp;&nbsp;wizchip_sw_reset
</UL>
<BR>[Called By]<UL><LI><a href="#[a3]">&gt;&gt;</a>&nbsp;&nbsp;&nbsp;ctlwizchip
</UL>

<P><STRONG><a name="[be]"></a>wizchip_setinterruptmask</STRONG> (Thumb, 30 bytes, Stack size 16 bytes, wizchip_conf.o(i.wizchip_setinterruptmask))
<BR><BR>[Stack]<UL><LI>Max Depth = 32<LI>Call Chain = wizchip_setinterruptmask &rArr; WIZCHIP_WRITE
</UL>
<BR>[Calls]<UL><LI><a href="#[c0]">&gt;&gt;</a>&nbsp;&nbsp;&nbsp;WIZCHIP_WRITE
</UL>
<BR>[Called By]<UL><LI><a href="#[a3]">&gt;&gt;</a>&nbsp;&nbsp;&nbsp;ctlwizchip
</UL>

<P><STRONG><a name="[b4]"></a>wizchip_setnetinfo</STRONG> (Thumb, 80 bytes, Stack size 8 bytes, wizchip_conf.o(i.wizchip_setnetinfo))
<BR><BR>[Stack]<UL><LI>Max Depth = 32<LI>Call Chain = wizchip_setnetinfo &rArr; WIZCHIP_WRITE_BUF
</UL>
<BR>[Calls]<UL><LI><a href="#[74]">&gt;&gt;</a>&nbsp;&nbsp;&nbsp;WIZCHIP_WRITE_BUF
</UL>
<BR>[Called By]<UL><LI><a href="#[b3]">&gt;&gt;</a>&nbsp;&nbsp;&nbsp;ctlnetwork
</UL>

<P><STRONG><a name="[b6]"></a>wizchip_setnetmode</STRONG> (Thumb, 38 bytes, Stack size 16 bytes, wizchip_conf.o(i.wizchip_setnetmode))
<BR><BR>[Stack]<UL><LI>Max Depth = 32<LI>Call Chain = wizchip_setnetmode &rArr; WIZCHIP_WRITE
</UL>
<BR>[Calls]<UL><LI><a href="#[c0]">&gt;&gt;</a>&nbsp;&nbsp;&nbsp;WIZCHIP_WRITE
<LI><a href="#[c1]">&gt;&gt;</a>&nbsp;&nbsp;&nbsp;WIZCHIP_READ
</UL>
<BR>[Called By]<UL><LI><a href="#[b3]">&gt;&gt;</a>&nbsp;&nbsp;&nbsp;ctlnetwork
</UL>

<P><STRONG><a name="[b8]"></a>wizchip_settimeout</STRONG> (Thumb, 38 bytes, Stack size 8 bytes, wizchip_conf.o(i.wizchip_settimeout))
<BR><BR>[Stack]<UL><LI>Max Depth = 24<LI>Call Chain = wizchip_settimeout &rArr; WIZCHIP_WRITE
</UL>
<BR>[Calls]<UL><LI><a href="#[c0]">&gt;&gt;</a>&nbsp;&nbsp;&nbsp;WIZCHIP_WRITE
</UL>
<BR>[Called By]<UL><LI><a href="#[b3]">&gt;&gt;</a>&nbsp;&nbsp;&nbsp;ctlnetwork
</UL>

<P><STRONG><a name="[5b]"></a>wizchip_spi_readbyte</STRONG> (Thumb, 4 bytes, Stack size 0 bytes, wizchip_conf.o(i.wizchip_spi_readbyte))
<BR>[Address Reference Count : 1]<UL><LI> wizchip_conf.o(i.reg_wizchip_spi_cbfunc)
</UL>
<P><STRONG><a name="[5c]"></a>wizchip_spi_writebyte</STRONG> (Thumb, 2 bytes, Stack size 0 bytes, wizchip_conf.o(i.wizchip_spi_writebyte))
<BR>[Address Reference Count : 1]<UL><LI> wizchip_conf.o(i.reg_wizchip_spi_cbfunc)
</UL>
<P><STRONG><a name="[ba]"></a>wizchip_sw_reset</STRONG> (Thumb, 114 bytes, Stack size 24 bytes, wizchip_conf.o(i.wizchip_sw_reset))
<BR><BR>[Stack]<UL><LI>Max Depth = 48<LI>Call Chain = wizchip_sw_reset &rArr; WIZCHIP_WRITE_BUF
</UL>
<BR>[Calls]<UL><LI><a href="#[74]">&gt;&gt;</a>&nbsp;&nbsp;&nbsp;WIZCHIP_WRITE_BUF
<LI><a href="#[c0]">&gt;&gt;</a>&nbsp;&nbsp;&nbsp;WIZCHIP_WRITE
<LI><a href="#[73]">&gt;&gt;</a>&nbsp;&nbsp;&nbsp;WIZCHIP_READ_BUF
<LI><a href="#[c1]">&gt;&gt;</a>&nbsp;&nbsp;&nbsp;WIZCHIP_READ
</UL>
<BR>[Called By]<UL><LI><a href="#[a3]">&gt;&gt;</a>&nbsp;&nbsp;&nbsp;ctlwizchip
<LI><a href="#[bb]">&gt;&gt;</a>&nbsp;&nbsp;&nbsp;wizchip_init
</UL>

<P><STRONG><a name="[c4]"></a>wizphy_getphyconf</STRONG> (Thumb, 120 bytes, Stack size 16 bytes, wizchip_conf.o(i.wizphy_getphyconf))
<BR><BR>[Stack]<UL><LI>Max Depth = 32<LI>Call Chain = wizphy_getphyconf &rArr; WIZCHIP_READ
</UL>
<BR>[Calls]<UL><LI><a href="#[c1]">&gt;&gt;</a>&nbsp;&nbsp;&nbsp;WIZCHIP_READ
</UL>
<BR>[Called By]<UL><LI><a href="#[a3]">&gt;&gt;</a>&nbsp;&nbsp;&nbsp;ctlwizchip
</UL>

<P><STRONG><a name="[c7]"></a>wizphy_getphylink</STRONG> (Thumb, 26 bytes, Stack size 8 bytes, wizchip_conf.o(i.wizphy_getphylink))
<BR><BR>[Stack]<UL><LI>Max Depth = 24<LI>Call Chain = wizphy_getphylink &rArr; WIZCHIP_READ
</UL>
<BR>[Calls]<UL><LI><a href="#[c1]">&gt;&gt;</a>&nbsp;&nbsp;&nbsp;WIZCHIP_READ
</UL>
<BR>[Called By]<UL><LI><a href="#[a3]">&gt;&gt;</a>&nbsp;&nbsp;&nbsp;ctlwizchip
</UL>

<P><STRONG><a name="[c6]"></a>wizphy_getphypmode</STRONG> (Thumb, 28 bytes, Stack size 8 bytes, wizchip_conf.o(i.wizphy_getphypmode))
<BR><BR>[Stack]<UL><LI>Max Depth = 24<LI>Call Chain = wizphy_getphypmode &rArr; WIZCHIP_READ
</UL>
<BR>[Calls]<UL><LI><a href="#[c1]">&gt;&gt;</a>&nbsp;&nbsp;&nbsp;WIZCHIP_READ
</UL>
<BR>[Called By]<UL><LI><a href="#[a3]">&gt;&gt;</a>&nbsp;&nbsp;&nbsp;ctlwizchip
</UL>

<P><STRONG><a name="[c2]"></a>wizphy_reset</STRONG> (Thumb, 52 bytes, Stack size 8 bytes, wizchip_conf.o(i.wizphy_reset))
<BR><BR>[Stack]<UL><LI>Max Depth = 24<LI>Call Chain = wizphy_reset &rArr; WIZCHIP_WRITE
</UL>
<BR>[Calls]<UL><LI><a href="#[c0]">&gt;&gt;</a>&nbsp;&nbsp;&nbsp;WIZCHIP_WRITE
<LI><a href="#[c1]">&gt;&gt;</a>&nbsp;&nbsp;&nbsp;WIZCHIP_READ
</UL>
<BR>[Called By]<UL><LI><a href="#[a3]">&gt;&gt;</a>&nbsp;&nbsp;&nbsp;ctlwizchip
<LI><a href="#[c5]">&gt;&gt;</a>&nbsp;&nbsp;&nbsp;wizphy_setphypmode
<LI><a href="#[c3]">&gt;&gt;</a>&nbsp;&nbsp;&nbsp;wizphy_setphyconf
</UL>

<P><STRONG><a name="[c3]"></a>wizphy_setphyconf</STRONG> (Thumb, 88 bytes, Stack size 16 bytes, wizchip_conf.o(i.wizphy_setphyconf))
<BR><BR>[Stack]<UL><LI>Max Depth = 40<LI>Call Chain = wizphy_setphyconf &rArr; wizphy_reset &rArr; WIZCHIP_WRITE
</UL>
<BR>[Calls]<UL><LI><a href="#[c0]">&gt;&gt;</a>&nbsp;&nbsp;&nbsp;WIZCHIP_WRITE
<LI><a href="#[c2]">&gt;&gt;</a>&nbsp;&nbsp;&nbsp;wizphy_reset
</UL>
<BR>[Called By]<UL><LI><a href="#[a3]">&gt;&gt;</a>&nbsp;&nbsp;&nbsp;ctlwizchip
</UL>

<P><STRONG><a name="[c5]"></a>wizphy_setphypmode</STRONG> (Thumb, 100 bytes, Stack size 16 bytes, wizchip_conf.o(i.wizphy_setphypmode))
<BR><BR>[Stack]<UL><LI>Max Depth = 40<LI>Call Chain = wizphy_setphypmode &rArr; wizphy_reset &rArr; WIZCHIP_WRITE
</UL>
<BR>[Calls]<UL><LI><a href="#[c0]">&gt;&gt;</a>&nbsp;&nbsp;&nbsp;WIZCHIP_WRITE
<LI><a href="#[c1]">&gt;&gt;</a>&nbsp;&nbsp;&nbsp;WIZCHIP_READ
<LI><a href="#[c2]">&gt;&gt;</a>&nbsp;&nbsp;&nbsp;wizphy_reset
</UL>
<BR>[Called By]<UL><LI><a href="#[a3]">&gt;&gt;</a>&nbsp;&nbsp;&nbsp;ctlwizchip
</UL>
<P>
<H3>
Local Symbols
</H3>
<P><STRONG><a name="[a4]"></a>NVIC_SystemReset</STRONG> (Thumb, 26 bytes, Stack size 0 bytes, main.o(i.NVIC_SystemReset))
<BR><BR>[Called By]<UL><LI><a href="#[58]">&gt;&gt;</a>&nbsp;&nbsp;&nbsp;my_ip_conflict
<LI><a href="#[9f]">&gt;&gt;</a>&nbsp;&nbsp;&nbsp;W5500_init
</UL>

<P><STRONG><a name="[af]"></a>__set_PRIMASK</STRONG> (Thumb, 6 bytes, Stack size 0 bytes, bsp_timer.o(i.__set_PRIMASK))
<BR><BR>[Called By]<UL><LI><a href="#[b2]">&gt;&gt;</a>&nbsp;&nbsp;&nbsp;bsp_StartAutoTimer
<LI><a href="#[a5]">&gt;&gt;</a>&nbsp;&nbsp;&nbsp;bsp_DelayMS
</UL>

<P><STRONG><a name="[92]"></a>bsp_SoftTimerDec</STRONG> (Thumb, 28 bytes, Stack size 0 bytes, bsp_timer.o(i.bsp_SoftTimerDec))
<BR><BR>[Called By]<UL><LI><a href="#[91]">&gt;&gt;</a>&nbsp;&nbsp;&nbsp;SysTick_ISR
</UL>

<P><STRONG><a name="[8f]"></a>SetSysClock</STRONG> (Thumb, 8 bytes, Stack size 8 bytes, system_stm32f10x.o(i.SetSysClock))
<BR><BR>[Stack]<UL><LI>Max Depth = 20<LI>Call Chain = SetSysClock &rArr; SetSysClockTo72
</UL>
<BR>[Calls]<UL><LI><a href="#[90]">&gt;&gt;</a>&nbsp;&nbsp;&nbsp;SetSysClockTo72
</UL>
<BR>[Called By]<UL><LI><a href="#[50]">&gt;&gt;</a>&nbsp;&nbsp;&nbsp;SystemInit
</UL>

<P><STRONG><a name="[90]"></a>SetSysClockTo72</STRONG> (Thumb, 214 bytes, Stack size 12 bytes, system_stm32f10x.o(i.SetSysClockTo72))
<BR><BR>[Stack]<UL><LI>Max Depth = 12<LI>Call Chain = SetSysClockTo72
</UL>
<BR>[Called By]<UL><LI><a href="#[8f]">&gt;&gt;</a>&nbsp;&nbsp;&nbsp;SetSysClock
</UL>

<P><STRONG><a name="[aa]"></a>_fp_digits</STRONG> (Thumb, 366 bytes, Stack size 64 bytes, printfa.o(i._fp_digits), UNUSED)
<BR><BR>[Calls]<UL><LI><a href="#[63]">&gt;&gt;</a>&nbsp;&nbsp;&nbsp;__aeabi_uldivmod
<LI><a href="#[6c]">&gt;&gt;</a>&nbsp;&nbsp;&nbsp;__aeabi_dmul
<LI><a href="#[6d]">&gt;&gt;</a>&nbsp;&nbsp;&nbsp;__aeabi_ddiv
<LI><a href="#[66]">&gt;&gt;</a>&nbsp;&nbsp;&nbsp;__aeabi_dadd
<LI><a href="#[6e]">&gt;&gt;</a>&nbsp;&nbsp;&nbsp;__aeabi_d2ulz
<LI><a href="#[ab]">&gt;&gt;</a>&nbsp;&nbsp;&nbsp;__aeabi_cdrcmple
</UL>
<BR>[Called By]<UL><LI><a href="#[a8]">&gt;&gt;</a>&nbsp;&nbsp;&nbsp;_printf_core
</UL>

<P><STRONG><a name="[a8]"></a>_printf_core</STRONG> (Thumb, 1704 bytes, Stack size 136 bytes, printfa.o(i._printf_core), UNUSED)
<BR><BR>[Calls]<UL><LI><a href="#[63]">&gt;&gt;</a>&nbsp;&nbsp;&nbsp;__aeabi_uldivmod
<LI><a href="#[ae]">&gt;&gt;</a>&nbsp;&nbsp;&nbsp;__aeabi_uidivmod
<LI><a href="#[ac]">&gt;&gt;</a>&nbsp;&nbsp;&nbsp;_printf_pre_padding
<LI><a href="#[ad]">&gt;&gt;</a>&nbsp;&nbsp;&nbsp;_printf_post_padding
<LI><a href="#[aa]">&gt;&gt;</a>&nbsp;&nbsp;&nbsp;_fp_digits
</UL>
<BR>[Called By]<UL><LI><a href="#[a9]">&gt;&gt;</a>&nbsp;&nbsp;&nbsp;__0vsprintf
<LI><a href="#[a7]">&gt;&gt;</a>&nbsp;&nbsp;&nbsp;__0sprintf
</UL>

<P><STRONG><a name="[ad]"></a>_printf_post_padding</STRONG> (Thumb, 36 bytes, Stack size 24 bytes, printfa.o(i._printf_post_padding), UNUSED)
<BR><BR>[Called By]<UL><LI><a href="#[a8]">&gt;&gt;</a>&nbsp;&nbsp;&nbsp;_printf_core
</UL>

<P><STRONG><a name="[ac]"></a>_printf_pre_padding</STRONG> (Thumb, 46 bytes, Stack size 24 bytes, printfa.o(i._printf_pre_padding), UNUSED)
<BR><BR>[Called By]<UL><LI><a href="#[a8]">&gt;&gt;</a>&nbsp;&nbsp;&nbsp;_printf_core
</UL>

<P><STRONG><a name="[5a]"></a>_sputc</STRONG> (Thumb, 10 bytes, Stack size 0 bytes, printfa.o(i._sputc))
<BR><BR>[Called By]<UL><LI><a href="#[a9]">&gt;&gt;</a>&nbsp;&nbsp;&nbsp;__0vsprintf
<LI><a href="#[a7]">&gt;&gt;</a>&nbsp;&nbsp;&nbsp;__0sprintf
</UL>
<BR>[Address Reference Count : 2]<UL><LI> printfa.o(i.__0sprintf)
<LI> printfa.o(i.__0vsprintf)
</UL><P>
<H3>
Undefined Global Symbols
</H3><HR></body></html>
